[2024-10-12T11:15:36.638+0800][info] Using G1
[2024-10-12T11:15:36.640+0800][info] Version: 17.0.11-internal+0-adhoc.cxl.TencentKona-17-TencentKona-17.0.11 (release)
[2024-10-12T11:15:36.640+0800][info] CPUs: 72 total, 72 available
[2024-10-12T11:15:36.640+0800][info] Memory: 125G
[2024-10-12T11:15:36.640+0800][info] Large Page Support: Disabled
[2024-10-12T11:15:36.640+0800][info] NUMA Support: Disabled
[2024-10-12T11:15:36.640+0800][info] Compressed Oops: Enabled (32-bit)
[2024-10-12T11:15:36.640+0800][info] Heap Region Size: 2M
[2024-10-12T11:15:36.640+0800][info] Heap Min Capacity: 128M
[2024-10-12T11:15:36.641+0800][info] Heap Initial Capacity: 128M
[2024-10-12T11:15:36.641+0800][info] Heap Max Capacity: 128M
[2024-10-12T11:15:36.641+0800][info] Pre-touch: Disabled
[2024-10-12T11:15:36.641+0800][info] Parallel Workers: 48
[2024-10-12T11:15:36.641+0800][info] Concurrent Workers: 12
[2024-10-12T11:15:36.641+0800][info] Concurrent Refinement Workers: 48
[2024-10-12T11:15:36.641+0800][info] Periodic GC: Disabled
[2024-10-12T11:15:36.652+0800][info] CDS archive(s) mapped at: [0x00007029fb000000-0x00007029fbbc7000-0x00007029fbbc7000), size 12349440, SharedBaseAddress: 0x00007029fb000000, ArchiveRelocationMode: 1.
[2024-10-12T11:15:36.652+0800][info] Compressed class space mapped at: 0x00007029fc000000-0x0000702a3c000000, reserved size: 1073741824
[2024-10-12T11:15:36.652+0800][info] Narrow klass base: 0x00007029fb000000, Narrow klass shift: 0, Narrow klass range: 0x100000000
[2024-10-12T11:15:36.849+0800][info] GC(0) Pause Young (Normal) (G1 Evacuation Pause)
[2024-10-12T11:15:36.849+0800][info] GC(0) Using 3 workers of 48 for evacuation
[2024-10-12T11:15:36.853+0800][info] GC(0)   Pre Evacuate Collection Set: 0.0ms
[2024-10-12T11:15:36.853+0800][info] GC(0)   Merge Heap Roots: 0.0ms
[2024-10-12T11:15:36.853+0800][info] GC(0)   Evacuate Collection Set: 2.9ms
[2024-10-12T11:15:36.853+0800][info] GC(0)   Post Evacuate Collection Set: 0.6ms
[2024-10-12T11:15:36.853+0800][info] GC(0)   Other: 0.7ms
[2024-10-12T11:15:36.853+0800][info] GC(0) Eden regions: 3->0(2)
[2024-10-12T11:15:36.853+0800][info] GC(0) Survivor regions: 0->1(1)
[2024-10-12T11:15:36.853+0800][info] GC(0) Old regions: 0->2
[2024-10-12T11:15:36.853+0800][info] GC(0) Archive regions: 2->2
[2024-10-12T11:15:36.853+0800][info] GC(0) Humongous regions: 1->1
[2024-10-12T11:15:36.853+0800][info] GC(0) Metaspace: 1150K(1280K)->1150K(1280K) NonClass: 1032K(1088K)->1032K(1088K) Class: 118K(192K)->118K(192K)
[2024-10-12T11:15:36.853+0800][info] GC(0) Pause Young (Normal) (G1 Evacuation Pause) 9M->8M(128M) 4.371ms
[2024-10-12T11:15:36.853+0800][info] GC(0) User=0.01s Sys=0.01s Real=0.01s
[2024-10-12T11:15:36.961+0800][info] GC(1) Pause Young (Normal) (G1 Evacuation Pause)
[2024-10-12T11:15:36.961+0800][info] GC(1) Using 3 workers of 48 for evacuation
[2024-10-12T11:15:36.965+0800][info] GC(1)   Pre Evacuate Collection Set: 0.1ms
[2024-10-12T11:15:36.965+0800][info] GC(1)   Merge Heap Roots: 0.0ms
[2024-10-12T11:15:36.965+0800][info] GC(1)   Evacuate Collection Set: 3.6ms
[2024-10-12T11:15:36.965+0800][info] GC(1)   Post Evacuate Collection Set: 0.2ms
[2024-10-12T11:15:36.965+0800][info] GC(1)   Other: 0.2ms
[2024-10-12T11:15:36.965+0800][info] GC(1) Eden regions: 2->0(2)
[2024-10-12T11:15:36.965+0800][info] GC(1) Survivor regions: 1->1(1)
[2024-10-12T11:15:36.965+0800][info] GC(1) Old regions: 2->4
[2024-10-12T11:15:36.965+0800][info] GC(1) Archive regions: 2->2
[2024-10-12T11:15:36.965+0800][info] GC(1) Humongous regions: 1->1
[2024-10-12T11:15:36.965+0800][info] GC(1) Metaspace: 1237K(1344K)->1237K(1344K) NonClass: 1110K(1152K)->1110K(1152K) Class: 127K(192K)->127K(192K)
[2024-10-12T11:15:36.965+0800][info] GC(1) Pause Young (Normal) (G1 Evacuation Pause) 12M->12M(128M) 4.160ms
[2024-10-12T11:15:36.965+0800][info] GC(1) User=0.01s Sys=0.00s Real=0.00s
[2024-10-12T11:15:37.092+0800][info] GC(2) Pause Young (Normal) (G1 Evacuation Pause)
[2024-10-12T11:15:37.092+0800][info] GC(2) Using 3 workers of 48 for evacuation
[2024-10-12T11:15:37.096+0800][info] GC(2)   Pre Evacuate Collection Set: 0.1ms
[2024-10-12T11:15:37.097+0800][info] GC(2)   Merge Heap Roots: 0.0ms
[2024-10-12T11:15:37.097+0800][info] GC(2)   Evacuate Collection Set: 3.1ms
[2024-10-12T11:15:37.097+0800][info] GC(2)   Post Evacuate Collection Set: 0.7ms
[2024-10-12T11:15:37.097+0800][info] GC(2)   Other: 0.2ms
[2024-10-12T11:15:37.097+0800][info] GC(2) Eden regions: 2->0(2)
[2024-10-12T11:15:37.097+0800][info] GC(2) Survivor regions: 1->1(1)
[2024-10-12T11:15:37.097+0800][info] GC(2) Old regions: 4->5
[2024-10-12T11:15:37.097+0800][info] GC(2) Archive regions: 2->2
[2024-10-12T11:15:37.097+0800][info] GC(2) Humongous regions: 1->1
[2024-10-12T11:15:37.097+0800][info] GC(2) Metaspace: 1364K(1472K)->1364K(1472K) NonClass: 1228K(1280K)->1228K(1280K) Class: 135K(192K)->135K(192K)
[2024-10-12T11:15:37.097+0800][info] GC(2) Pause Young (Normal) (G1 Evacuation Pause) 16M->15M(128M) 4.225ms
[2024-10-12T11:15:37.097+0800][info] GC(2) User=0.00s Sys=0.01s Real=0.01s
[2024-10-12T11:15:37.200+0800][info] GC(3) Pause Young (Normal) (G1 Evacuation Pause)
[2024-10-12T11:15:37.200+0800][info] GC(3) Using 3 workers of 48 for evacuation
[2024-10-12T11:15:37.204+0800][info] GC(3)   Pre Evacuate Collection Set: 0.1ms
[2024-10-12T11:15:37.204+0800][info] GC(3)   Merge Heap Roots: 0.0ms
[2024-10-12T11:15:37.204+0800][info] GC(3)   Evacuate Collection Set: 3.0ms
[2024-10-12T11:15:37.204+0800][info] GC(3)   Post Evacuate Collection Set: 0.2ms
[2024-10-12T11:15:37.204+0800][info] GC(3)   Other: 0.2ms
[2024-10-12T11:15:37.204+0800][info] GC(3) Eden regions: 2->0(4)
[2024-10-12T11:15:37.204+0800][info] GC(3) Survivor regions: 1->1(1)
[2024-10-12T11:15:37.204+0800][info] GC(3) Old regions: 5->7
[2024-10-12T11:15:37.204+0800][info] GC(3) Archive regions: 2->2
[2024-10-12T11:15:37.204+0800][info] GC(3) Humongous regions: 1->1
[2024-10-12T11:15:37.204+0800][info] GC(3) Metaspace: 1364K(1472K)->1364K(1472K) NonClass: 1228K(1280K)->1228K(1280K) Class: 135K(192K)->135K(192K)
[2024-10-12T11:15:37.204+0800][info] GC(3) Pause Young (Normal) (G1 Evacuation Pause) 19M->19M(128M) 3.643ms
[2024-10-12T11:15:37.204+0800][info] GC(3) User=0.00s Sys=0.01s Real=0.00s
[2024-10-12T11:15:37.436+0800][info] GC(4) Pause Young (Normal) (G1 Evacuation Pause)
[2024-10-12T11:15:37.436+0800][info] GC(4) Using 3 workers of 48 for evacuation
[2024-10-12T11:15:37.442+0800][info] GC(4)   Pre Evacuate Collection Set: 0.1ms
[2024-10-12T11:15:37.442+0800][info] GC(4)   Merge Heap Roots: 0.0ms
[2024-10-12T11:15:37.442+0800][info] GC(4)   Evacuate Collection Set: 5.9ms
[2024-10-12T11:15:37.442+0800][info] GC(4)   Post Evacuate Collection Set: 0.2ms
[2024-10-12T11:15:37.442+0800][info] GC(4)   Other: 0.2ms
[2024-10-12T11:15:37.442+0800][info] GC(4) Eden regions: 4->0(5)
[2024-10-12T11:15:37.442+0800][info] GC(4) Survivor regions: 1->1(1)
[2024-10-12T11:15:37.442+0800][info] GC(4) Old regions: 7->11
[2024-10-12T11:15:37.442+0800][info] GC(4) Archive regions: 2->2
[2024-10-12T11:15:37.442+0800][info] GC(4) Humongous regions: 1->1
[2024-10-12T11:15:37.442+0800][info] GC(4) Metaspace: 1371K(1536K)->1371K(1536K) NonClass: 1235K(1344K)->1235K(1344K) Class: 135K(192K)->135K(192K)
[2024-10-12T11:15:37.442+0800][info] GC(4) Pause Young (Normal) (G1 Evacuation Pause) 27M->26M(128M) 6.582ms
[2024-10-12T11:15:37.442+0800][info] GC(4) User=0.00s Sys=0.01s Real=0.00s
[2024-10-12T11:15:37.712+0800][info] GC(5) Pause Young (Normal) (G1 Evacuation Pause)
[2024-10-12T11:15:37.712+0800][info] GC(5) Using 3 workers of 48 for evacuation
[2024-10-12T11:15:37.719+0800][info] GC(5)   Pre Evacuate Collection Set: 0.1ms
[2024-10-12T11:15:37.719+0800][info] GC(5)   Merge Heap Roots: 0.0ms
[2024-10-12T11:15:37.719+0800][info] GC(5)   Evacuate Collection Set: 6.7ms
[2024-10-12T11:15:37.719+0800][info] GC(5)   Post Evacuate Collection Set: 0.2ms
[2024-10-12T11:15:37.719+0800][info] GC(5)   Other: 0.2ms
[2024-10-12T11:15:37.719+0800][info] GC(5) Eden regions: 5->0(6)
[2024-10-12T11:15:37.719+0800][info] GC(5) Survivor regions: 1->1(1)
[2024-10-12T11:15:37.719+0800][info] GC(5) Old regions: 11->15
[2024-10-12T11:15:37.719+0800][info] GC(5) Archive regions: 2->2
[2024-10-12T11:15:37.719+0800][info] GC(5) Humongous regions: 1->1
[2024-10-12T11:15:37.719+0800][info] GC(5) Metaspace: 1380K(1536K)->1380K(1536K) NonClass: 1245K(1344K)->1245K(1344K) Class: 135K(192K)->135K(192K)
[2024-10-12T11:15:37.719+0800][info] GC(5) Pause Young (Normal) (G1 Evacuation Pause) 36M->35M(128M) 7.385ms
[2024-10-12T11:15:37.719+0800][info] GC(5) User=0.00s Sys=0.02s Real=0.01s
[2024-10-12T11:15:38.051+0800][info] GC(6) Pause Young (Normal) (G1 Evacuation Pause)
[2024-10-12T11:15:38.051+0800][info] GC(6) Using 3 workers of 48 for evacuation
[2024-10-12T11:15:38.059+0800][info] GC(6)   Pre Evacuate Collection Set: 0.1ms
[2024-10-12T11:15:38.059+0800][info] GC(6)   Merge Heap Roots: 0.0ms
[2024-10-12T11:15:38.059+0800][info] GC(6)   Evacuate Collection Set: 7.6ms
[2024-10-12T11:15:38.059+0800][info] GC(6)   Post Evacuate Collection Set: 0.2ms
[2024-10-12T11:15:38.059+0800][info] GC(6)   Other: 0.2ms
[2024-10-12T11:15:38.059+0800][info] GC(6) Eden regions: 6->0(8)
[2024-10-12T11:15:38.059+0800][info] GC(6) Survivor regions: 1->1(1)
[2024-10-12T11:15:38.059+0800][info] GC(6) Old regions: 15->21
[2024-10-12T11:15:38.059+0800][info] GC(6) Archive regions: 2->2
[2024-10-12T11:15:38.059+0800][info] GC(6) Humongous regions: 1->1
[2024-10-12T11:15:38.059+0800][info] GC(6) Metaspace: 1388K(1536K)->1388K(1536K) NonClass: 1252K(1344K)->1252K(1344K) Class: 135K(192K)->135K(192K)
[2024-10-12T11:15:38.059+0800][info] GC(6) Pause Young (Normal) (G1 Evacuation Pause) 47M->47M(128M) 8.237ms
[2024-10-12T11:15:38.059+0800][info] GC(6) User=0.02s Sys=0.01s Real=0.01s
[2024-10-12T11:15:38.500+0800][info] GC(7) Pause Young (Normal) (G1 Evacuation Pause)
[2024-10-12T11:15:38.500+0800][info] GC(7) Using 3 workers of 48 for evacuation
[2024-10-12T11:15:38.509+0800][info] GC(7)   Pre Evacuate Collection Set: 0.1ms
[2024-10-12T11:15:38.509+0800][info] GC(7)   Merge Heap Roots: 0.1ms
[2024-10-12T11:15:38.509+0800][info] GC(7)   Evacuate Collection Set: 8.9ms
[2024-10-12T11:15:38.509+0800][info] GC(7)   Post Evacuate Collection Set: 0.2ms
[2024-10-12T11:15:38.509+0800][info] GC(7)   Other: 0.2ms
[2024-10-12T11:15:38.509+0800][info] GC(7) Eden regions: 8->0(7)
[2024-10-12T11:15:38.509+0800][info] GC(7) Survivor regions: 1->2(2)
[2024-10-12T11:15:38.509+0800][info] GC(7) Old regions: 21->27
[2024-10-12T11:15:38.509+0800][info] GC(7) Archive regions: 2->2
[2024-10-12T11:15:38.509+0800][info] GC(7) Humongous regions: 1->1
[2024-10-12T11:15:38.509+0800][info] GC(7) Metaspace: 1399K(1536K)->1399K(1536K) NonClass: 1263K(1344K)->1263K(1344K) Class: 135K(192K)->135K(192K)
[2024-10-12T11:15:38.509+0800][info] GC(7) Pause Young (Normal) (G1 Evacuation Pause) 62M->60M(128M) 9.580ms
[2024-10-12T11:15:38.509+0800][info] GC(7) User=0.00s Sys=0.02s Real=0.01s
[2024-10-12T11:15:38.903+0800][info] GC(8) Pause Young (Concurrent Start) (G1 Evacuation Pause)
[2024-10-12T11:15:38.903+0800][info] GC(8) Using 3 workers of 48 for evacuation
[2024-10-12T11:15:38.912+0800][info] GC(8)   Pre Evacuate Collection Set: 0.1ms
[2024-10-12T11:15:38.913+0800][info] GC(8)   Merge Heap Roots: 0.1ms
[2024-10-12T11:15:38.913+0800][info] GC(8)   Evacuate Collection Set: 7.7ms
[2024-10-12T11:15:38.913+0800][info] GC(8)   Post Evacuate Collection Set: 0.2ms
[2024-10-12T11:15:38.913+0800][info] GC(8)   Other: 1.3ms
[2024-10-12T11:15:38.913+0800][info] GC(8) Eden regions: 7->0(6)
[2024-10-12T11:15:38.913+0800][info] GC(8) Survivor regions: 2->2(2)
[2024-10-12T11:15:38.913+0800][info] GC(8) Old regions: 27->32
[2024-10-12T11:15:38.913+0800][info] GC(8) Archive regions: 2->2
[2024-10-12T11:15:38.913+0800][info] GC(8) Humongous regions: 1->1
[2024-10-12T11:15:38.913+0800][info] GC(8) Metaspace: 1410K(1536K)->1410K(1536K) NonClass: 1274K(1344K)->1274K(1344K) Class: 135K(192K)->135K(192K)
[2024-10-12T11:15:38.913+0800][info] GC(8) Pause Young (Concurrent Start) (G1 Evacuation Pause) 74M->71M(128M) 9.568ms
[2024-10-12T11:15:38.913+0800][info] GC(8) User=0.01s Sys=0.01s Real=0.01s
[2024-10-12T11:15:38.913+0800][info] GC(9) Concurrent Mark Cycle
[2024-10-12T11:15:38.913+0800][info] GC(9) Concurrent Clear Claimed Marks
[2024-10-12T11:15:38.913+0800][info] GC(9) Concurrent Clear Claimed Marks 0.025ms
[2024-10-12T11:15:38.913+0800][info] GC(9) Concurrent Scan Root Regions
[2024-10-12T11:15:38.915+0800][info] GC(9) Concurrent Scan Root Regions 1.977ms
[2024-10-12T11:15:38.915+0800][info] GC(9) Concurrent Mark
[2024-10-12T11:15:38.915+0800][info] GC(9) Concurrent Mark From Roots
[2024-10-12T11:15:38.916+0800][info] GC(9) Using 12 workers of 12 for marking
[2024-10-12T11:15:38.919+0800][info] GC(9) Concurrent Mark From Roots 3.841ms
[2024-10-12T11:15:38.919+0800][info] GC(9) Concurrent Preclean
[2024-10-12T11:15:38.920+0800][info] GC(9) Concurrent Preclean 0.843ms
[2024-10-12T11:15:38.920+0800][info] GC(9) Pause Remark
[2024-10-12T11:15:38.921+0800][info] GC(9) Pause Remark 74M->72M(128M) 1.071ms
[2024-10-12T11:15:38.921+0800][info] GC(9) User=0.01s Sys=0.00s Real=0.00s
[2024-10-12T11:15:38.921+0800][info] GC(9) Concurrent Mark 6.049ms
[2024-10-12T11:15:38.921+0800][info] GC(9) Concurrent Rebuild Remembered Sets
[2024-10-12T11:15:38.922+0800][info] GC(9) Concurrent Rebuild Remembered Sets 0.870ms
[2024-10-12T11:15:38.922+0800][info] GC(9) Pause Cleanup
[2024-10-12T11:15:38.922+0800][info] GC(9) Pause Cleanup 72M->72M(128M) 0.120ms
[2024-10-12T11:15:38.922+0800][info] GC(9) User=0.00s Sys=0.00s Real=0.00s
[2024-10-12T11:15:38.922+0800][info] GC(9) Concurrent Cleanup for Next Mark
[2024-10-12T11:15:38.923+0800][info] GC(9) Concurrent Cleanup for Next Mark 1.186ms
[2024-10-12T11:15:38.923+0800][info] GC(9) Concurrent Mark Cycle 10.730ms
[2024-10-12T11:15:39.284+0800][info] GC(10) Pause Young (Prepare Mixed) (G1 Evacuation Pause)
[2024-10-12T11:15:39.284+0800][info] GC(10) Using 3 workers of 48 for evacuation
[2024-10-12T11:15:39.292+0800][info] GC(10)   Pre Evacuate Collection Set: 0.1ms
[2024-10-12T11:15:39.292+0800][info] GC(10)   Merge Heap Roots: 0.0ms
[2024-10-12T11:15:39.292+0800][info] GC(10)   Evacuate Collection Set: 7.4ms
[2024-10-12T11:15:39.292+0800][info] GC(10)   Post Evacuate Collection Set: 0.2ms
[2024-10-12T11:15:39.292+0800][info] GC(10)   Other: 0.2ms
[2024-10-12T11:15:39.292+0800][info] GC(10) Eden regions: 6->0(2)
[2024-10-12T11:15:39.292+0800][info] GC(10) Survivor regions: 2->1(1)
[2024-10-12T11:15:39.292+0800][info] GC(10) Old regions: 31->38
[2024-10-12T11:15:39.292+0800][info] GC(10) Archive regions: 2->2
[2024-10-12T11:15:39.292+0800][info] GC(10) Humongous regions: 2->1
[2024-10-12T11:15:39.292+0800][info] GC(10) Metaspace: 1440K(1600K)->1440K(1600K) NonClass: 1305K(1408K)->1305K(1408K) Class: 135K(192K)->135K(192K)
[2024-10-12T11:15:39.292+0800][info] GC(10) Pause Young (Prepare Mixed) (G1 Evacuation Pause) 83M->80M(128M) 8.032ms
[2024-10-12T11:15:39.292+0800][info] GC(10) User=0.00s Sys=0.02s Real=0.01s
[2024-10-12T11:15:39.395+0800][info] GC(11) Pause Young (Mixed) (G1 Evacuation Pause)
[2024-10-12T11:15:39.396+0800][info] GC(11) Using 3 workers of 48 for evacuation
[2024-10-12T11:15:39.399+0800][info] GC(11)   Pre Evacuate Collection Set: 0.1ms
[2024-10-12T11:15:39.399+0800][info] GC(11)   Merge Heap Roots: 0.0ms
[2024-10-12T11:15:39.399+0800][info] GC(11)   Evacuate Collection Set: 3.0ms
[2024-10-12T11:15:39.399+0800][info] GC(11)   Post Evacuate Collection Set: 0.2ms
[2024-10-12T11:15:39.399+0800][info] GC(11)   Other: 0.2ms
[2024-10-12T11:15:39.399+0800][info] GC(11) Eden regions: 2->0(2)
[2024-10-12T11:15:39.399+0800][info] GC(11) Survivor regions: 1->1(1)
[2024-10-12T11:15:39.399+0800][info] GC(11) Old regions: 38->34
[2024-10-12T11:15:39.399+0800][info] GC(11) Archive regions: 2->2
[2024-10-12T11:15:39.399+0800][info] GC(11) Humongous regions: 1->1
[2024-10-12T11:15:39.399+0800][info] GC(11) Metaspace: 1444K(1600K)->1444K(1600K) NonClass: 1308K(1408K)->1308K(1408K) Class: 135K(192K)->135K(192K)
[2024-10-12T11:15:39.399+0800][info] GC(11) Pause Young (Mixed) (G1 Evacuation Pause) 84M->72M(128M) 3.732ms
[2024-10-12T11:15:39.399+0800][info] GC(11) User=0.00s Sys=0.01s Real=0.00s
[2024-10-12T11:15:39.504+0800][info] GC(12) Pause Young (Mixed) (G1 Evacuation Pause)
[2024-10-12T11:15:39.504+0800][info] GC(12) Using 3 workers of 48 for evacuation
[2024-10-12T11:15:39.507+0800][info] GC(12)   Pre Evacuate Collection Set: 0.2ms
[2024-10-12T11:15:39.507+0800][info] GC(12)   Merge Heap Roots: 0.1ms
[2024-10-12T11:15:39.507+0800][info] GC(12)   Evacuate Collection Set: 2.1ms
[2024-10-12T11:15:39.507+0800][info] GC(12)   Post Evacuate Collection Set: 0.2ms
[2024-10-12T11:15:39.507+0800][info] GC(12)   Other: 0.2ms
[2024-10-12T11:15:39.507+0800][info] GC(12) Eden regions: 2->0(2)
[2024-10-12T11:15:39.507+0800][info] GC(12) Survivor regions: 1->1(1)
[2024-10-12T11:15:39.507+0800][info] GC(12) Old regions: 34->31
[2024-10-12T11:15:39.507+0800][info] GC(12) Archive regions: 2->2
[2024-10-12T11:15:39.507+0800][info] GC(12) Humongous regions: 1->1
[2024-10-12T11:15:39.507+0800][info] GC(12) Metaspace: 1469K(1600K)->1469K(1600K) NonClass: 1333K(1408K)->1333K(1408K) Class: 135K(192K)->135K(192K)
[2024-10-12T11:15:39.507+0800][info] GC(12) Pause Young (Mixed) (G1 Evacuation Pause) 76M->66M(128M) 2.793ms
[2024-10-12T11:15:39.507+0800][info] GC(12) User=0.00s Sys=0.00s Real=0.01s
[2024-10-12T11:15:39.611+0800][info] GC(13) Pause Young (Mixed) (G1 Evacuation Pause)
[2024-10-12T11:15:39.611+0800][info] GC(13) Using 3 workers of 48 for evacuation
[2024-10-12T11:15:39.613+0800][info] GC(13)   Pre Evacuate Collection Set: 0.2ms
[2024-10-12T11:15:39.613+0800][info] GC(13)   Merge Heap Roots: 0.0ms
[2024-10-12T11:15:39.613+0800][info] GC(13)   Evacuate Collection Set: 1.1ms
[2024-10-12T11:15:39.613+0800][info] GC(13)   Post Evacuate Collection Set: 0.2ms
[2024-10-12T11:15:39.613+0800][info] GC(13)   Other: 0.2ms
[2024-10-12T11:15:39.613+0800][info] GC(13) Eden regions: 2->0(7)
[2024-10-12T11:15:39.613+0800][info] GC(13) Survivor regions: 1->1(1)
[2024-10-12T11:15:39.613+0800][info] GC(13) Old regions: 31->30
[2024-10-12T11:15:39.613+0800][info] GC(13) Archive regions: 2->2
[2024-10-12T11:15:39.613+0800][info] GC(13) Humongous regions: 1->1
[2024-10-12T11:15:39.613+0800][info] GC(13) Metaspace: 1508K(1664K)->1508K(1664K) NonClass: 1372K(1472K)->1372K(1472K) Class: 135K(192K)->135K(192K)
[2024-10-12T11:15:39.613+0800][info] GC(13) Pause Young (Mixed) (G1 Evacuation Pause) 69M->64M(128M) 1.795ms
[2024-10-12T11:15:39.613+0800][info] GC(13) User=0.00s Sys=0.00s Real=0.00s
[2024-10-12T11:15:40.006+0800][info] GC(14) Pause Young (Concurrent Start) (G1 Evacuation Pause)
[2024-10-12T11:15:40.006+0800][info] GC(14) Using 3 workers of 48 for evacuation
[2024-10-12T11:15:40.009+0800][info] GC(14)   Pre Evacuate Collection Set: 0.1ms
[2024-10-12T11:15:40.009+0800][info] GC(14)   Merge Heap Roots: 0.0ms
[2024-10-12T11:15:40.009+0800][info] GC(14)   Evacuate Collection Set: 2.5ms
[2024-10-12T11:15:40.009+0800][info] GC(14)   Post Evacuate Collection Set: 0.2ms
[2024-10-12T11:15:40.009+0800][info] GC(14)   Other: 0.4ms
[2024-10-12T11:15:40.009+0800][info] GC(14) Eden regions: 7->0(5)
[2024-10-12T11:15:40.009+0800][info] GC(14) Survivor regions: 1->1(1)
[2024-10-12T11:15:40.009+0800][info] GC(14) Old regions: 30->36
[2024-10-12T11:15:40.009+0800][info] GC(14) Archive regions: 2->2
[2024-10-12T11:15:40.009+0800][info] GC(14) Humongous regions: 1->1
[2024-10-12T11:15:40.009+0800][info] GC(14) Metaspace: 1514K(1664K)->1514K(1664K) NonClass: 1378K(1472K)->1378K(1472K) Class: 135K(192K)->135K(192K)
[2024-10-12T11:15:40.009+0800][info] GC(14) Pause Young (Concurrent Start) (G1 Evacuation Pause) 78M->77M(128M) 3.308ms
[2024-10-12T11:15:40.009+0800][info] GC(14) User=0.00s Sys=0.00s Real=0.00s
[2024-10-12T11:15:40.009+0800][info] GC(15) Concurrent Mark Cycle
[2024-10-12T11:15:40.009+0800][info] GC(15) Concurrent Clear Claimed Marks
[2024-10-12T11:15:40.009+0800][info] GC(15) Concurrent Clear Claimed Marks 0.063ms
[2024-10-12T11:15:40.009+0800][info] GC(15) Concurrent Scan Root Regions
[2024-10-12T11:15:40.009+0800][info] GC(15) Concurrent Scan Root Regions 0.127ms
[2024-10-12T11:15:40.009+0800][info] GC(15) Concurrent Mark
[2024-10-12T11:15:40.009+0800][info] GC(15) Concurrent Mark From Roots
[2024-10-12T11:15:40.009+0800][info] GC(15) Using 12 workers of 12 for marking
[2024-10-12T11:15:40.012+0800][info] GC(15) Concurrent Mark From Roots 2.499ms
[2024-10-12T11:15:40.012+0800][info] GC(15) Concurrent Preclean
[2024-10-12T11:15:40.014+0800][info] GC(15) Concurrent Preclean 1.685ms
[2024-10-12T11:15:40.014+0800][info] GC(15) Pause Remark
[2024-10-12T11:15:40.015+0800][info] GC(15) Pause Remark 78M->78M(128M) 1.238ms
[2024-10-12T11:15:40.015+0800][info] GC(15) User=0.00s Sys=0.00s Real=0.00s
[2024-10-12T11:15:40.015+0800][info] GC(15) Concurrent Mark 5.612ms
[2024-10-12T11:15:40.015+0800][info] GC(15) Concurrent Rebuild Remembered Sets
[2024-10-12T11:15:40.017+0800][info] GC(15) Concurrent Rebuild Remembered Sets 1.663ms
[2024-10-12T11:15:40.017+0800][info] GC(15) Pause Cleanup
[2024-10-12T11:15:40.017+0800][info] GC(15) Pause Cleanup 78M->78M(128M) 0.151ms
[2024-10-12T11:15:40.017+0800][info] GC(15) User=0.00s Sys=0.00s Real=0.00s
[2024-10-12T11:15:40.017+0800][info] GC(15) Concurrent Cleanup for Next Mark
[2024-10-12T11:15:40.019+0800][info] GC(15) Concurrent Cleanup for Next Mark 2.179ms
[2024-10-12T11:15:40.019+0800][info] GC(15) Concurrent Mark Cycle 10.078ms
[2024-10-12T11:15:40.330+0800][info] GC(16) Pause Young (Prepare Mixed) (G1 Evacuation Pause)
[2024-10-12T11:15:40.330+0800][info] GC(16) Using 3 workers of 48 for evacuation
[2024-10-12T11:15:40.333+0800][info] GC(16)   Pre Evacuate Collection Set: 0.1ms
[2024-10-12T11:15:40.333+0800][info] GC(16)   Merge Heap Roots: 0.0ms
[2024-10-12T11:15:40.333+0800][info] GC(16)   Evacuate Collection Set: 2.0ms
[2024-10-12T11:15:40.333+0800][info] GC(16)   Post Evacuate Collection Set: 0.2ms
[2024-10-12T11:15:40.333+0800][info] GC(16)   Other: 0.2ms
[2024-10-12T11:15:40.333+0800][info] GC(16) Eden regions: 5->0(2)
[2024-10-12T11:15:40.333+0800][info] GC(16) Survivor regions: 1->1(1)
[2024-10-12T11:15:40.333+0800][info] GC(16) Old regions: 36->41
[2024-10-12T11:15:40.333+0800][info] GC(16) Archive regions: 2->2
[2024-10-12T11:15:40.333+0800][info] GC(16) Humongous regions: 1->1
[2024-10-12T11:15:40.333+0800][info] GC(16) Metaspace: 1519K(1664K)->1519K(1664K) NonClass: 1383K(1472K)->1383K(1472K) Class: 135K(192K)->135K(192K)
[2024-10-12T11:15:40.333+0800][info] GC(16) Pause Young (Prepare Mixed) (G1 Evacuation Pause) 87M->87M(128M) 2.693ms
[2024-10-12T11:15:40.333+0800][info] GC(16) User=0.01s Sys=0.00s Real=0.00s
[2024-10-12T11:15:40.436+0800][info] GC(17) Pause Young (Mixed) (G1 Evacuation Pause)
[2024-10-12T11:15:40.436+0800][info] GC(17) Using 3 workers of 48 for evacuation
[2024-10-12T11:15:40.442+0800][info] GC(17)   Pre Evacuate Collection Set: 0.2ms
[2024-10-12T11:15:40.442+0800][info] GC(17)   Merge Heap Roots: 0.0ms
[2024-10-12T11:15:40.442+0800][info] GC(17)   Evacuate Collection Set: 5.8ms
[2024-10-12T11:15:40.442+0800][info] GC(17)   Post Evacuate Collection Set: 0.2ms
[2024-10-12T11:15:40.442+0800][info] GC(17)   Other: 0.2ms
[2024-10-12T11:15:40.442+0800][info] GC(17) Eden regions: 2->0(2)
[2024-10-12T11:15:40.442+0800][info] GC(17) Survivor regions: 1->1(1)
[2024-10-12T11:15:40.442+0800][info] GC(17) Old regions: 41->39
[2024-10-12T11:15:40.442+0800][info] GC(17) Archive regions: 2->2
[2024-10-12T11:15:40.442+0800][info] GC(17) Humongous regions: 1->1
[2024-10-12T11:15:40.442+0800][info] GC(17) Metaspace: 1524K(1664K)->1524K(1664K) NonClass: 1388K(1472K)->1388K(1472K) Class: 135K(192K)->135K(192K)
[2024-10-12T11:15:40.442+0800][info] GC(17) Pause Young (Mixed) (G1 Evacuation Pause) 91M->82M(128M) 6.567ms
[2024-10-12T11:15:40.442+0800][info] GC(17) User=0.01s Sys=0.01s Real=0.00s
[2024-10-12T11:15:40.546+0800][info] GC(18) Pause Young (Mixed) (G1 Evacuation Pause)
[2024-10-12T11:15:40.546+0800][info] GC(18) Using 3 workers of 48 for evacuation
[2024-10-12T11:15:40.549+0800][info] GC(18)   Pre Evacuate Collection Set: 0.2ms
[2024-10-12T11:15:40.549+0800][info] GC(18)   Merge Heap Roots: 0.0ms
[2024-10-12T11:15:40.549+0800][info] GC(18)   Evacuate Collection Set: 2.2ms
[2024-10-12T11:15:40.549+0800][info] GC(18)   Post Evacuate Collection Set: 0.2ms
[2024-10-12T11:15:40.549+0800][info] GC(18)   Other: 0.1ms
[2024-10-12T11:15:40.549+0800][info] GC(18) Eden regions: 2->0(2)
[2024-10-12T11:15:40.549+0800][info] GC(18) Survivor regions: 1->1(1)
[2024-10-12T11:15:40.549+0800][info] GC(18) Old regions: 39->38
[2024-10-12T11:15:40.549+0800][info] GC(18) Archive regions: 2->2
[2024-10-12T11:15:40.549+0800][info] GC(18) Humongous regions: 1->1
[2024-10-12T11:15:40.549+0800][info] GC(18) Metaspace: 1524K(1664K)->1524K(1664K) NonClass: 1388K(1472K)->1388K(1472K) Class: 135K(192K)->135K(192K)
[2024-10-12T11:15:40.549+0800][info] GC(18) Pause Young (Mixed) (G1 Evacuation Pause) 86M->80M(128M) 2.935ms
[2024-10-12T11:15:40.549+0800][info] GC(18) User=0.01s Sys=0.01s Real=0.00s
[2024-10-12T11:15:40.652+0800][info] GC(19) Pause Young (Mixed) (G1 Evacuation Pause)
[2024-10-12T11:15:40.652+0800][info] GC(19) Using 3 workers of 48 for evacuation
[2024-10-12T11:15:40.654+0800][info] GC(19)   Pre Evacuate Collection Set: 0.2ms
[2024-10-12T11:15:40.654+0800][info] GC(19)   Merge Heap Roots: 0.0ms
[2024-10-12T11:15:40.654+0800][info] GC(19)   Evacuate Collection Set: 1.3ms
[2024-10-12T11:15:40.654+0800][info] GC(19)   Post Evacuate Collection Set: 0.2ms
[2024-10-12T11:15:40.654+0800][info] GC(19)   Other: 0.1ms
[2024-10-12T11:15:40.654+0800][info] GC(19) Eden regions: 2->0(4)
[2024-10-12T11:15:40.654+0800][info] GC(19) Survivor regions: 1->1(1)
[2024-10-12T11:15:40.654+0800][info] GC(19) Old regions: 38->39
[2024-10-12T11:15:40.654+0800][info] GC(19) Archive regions: 2->2
[2024-10-12T11:15:40.654+0800][info] GC(19) Humongous regions: 1->1
[2024-10-12T11:15:40.654+0800][info] GC(19) Metaspace: 1524K(1664K)->1524K(1664K) NonClass: 1388K(1472K)->1388K(1472K) Class: 135K(192K)->135K(192K)
[2024-10-12T11:15:40.654+0800][info] GC(19) Pause Young (Mixed) (G1 Evacuation Pause) 84M->82M(128M) 1.957ms
[2024-10-12T11:15:40.654+0800][info] GC(19) User=0.00s Sys=0.00s Real=0.01s
[2024-10-12T11:15:40.881+0800][info] GC(20) Pause Young (Concurrent Start) (G1 Evacuation Pause)
[2024-10-12T11:15:40.881+0800][info] GC(20) Using 3 workers of 48 for evacuation
[2024-10-12T11:15:40.883+0800][info] GC(20)   Pre Evacuate Collection Set: 0.1ms
[2024-10-12T11:15:40.883+0800][info] GC(20)   Merge Heap Roots: 0.1ms
[2024-10-12T11:15:40.883+0800][info] GC(20)   Evacuate Collection Set: 1.2ms
[2024-10-12T11:15:40.883+0800][info] GC(20)   Post Evacuate Collection Set: 0.2ms
[2024-10-12T11:15:40.883+0800][info] GC(20)   Other: 0.4ms
[2024-10-12T11:15:40.883+0800][info] GC(20) Eden regions: 4->0(2)
[2024-10-12T11:15:40.883+0800][info] GC(20) Survivor regions: 1->1(1)
[2024-10-12T11:15:40.883+0800][info] GC(20) Old regions: 39->43
[2024-10-12T11:15:40.883+0800][info] GC(20) Archive regions: 2->2
[2024-10-12T11:15:40.883+0800][info] GC(20) Humongous regions: 1->1
[2024-10-12T11:15:40.883+0800][info] GC(20) Metaspace: 1528K(1664K)->1528K(1664K) NonClass: 1392K(1472K)->1392K(1472K) Class: 135K(192K)->135K(192K)
[2024-10-12T11:15:40.883+0800][info] GC(20) Pause Young (Concurrent Start) (G1 Evacuation Pause) 90M->90M(128M) 2.056ms
[2024-10-12T11:15:40.883+0800][info] GC(20) User=0.01s Sys=0.00s Real=0.00s
[2024-10-12T11:15:40.883+0800][info] GC(21) Concurrent Mark Cycle
[2024-10-12T11:15:40.883+0800][info] GC(21) Concurrent Clear Claimed Marks
[2024-10-12T11:15:40.883+0800][info] GC(21) Concurrent Clear Claimed Marks 0.017ms
[2024-10-12T11:15:40.883+0800][info] GC(21) Concurrent Scan Root Regions
[2024-10-12T11:15:40.883+0800][info] GC(21) Concurrent Scan Root Regions 0.168ms
[2024-10-12T11:15:40.883+0800][info] GC(21) Concurrent Mark
[2024-10-12T11:15:40.883+0800][info] GC(21) Concurrent Mark From Roots
[2024-10-12T11:15:40.883+0800][info] GC(21) Using 12 workers of 12 for marking
[2024-10-12T11:15:40.887+0800][info] GC(21) Concurrent Mark From Roots 3.575ms
[2024-10-12T11:15:40.887+0800][info] GC(21) Concurrent Preclean
[2024-10-12T11:15:40.888+0800][info] GC(21) Concurrent Preclean 1.663ms
[2024-10-12T11:15:40.888+0800][info] GC(21) Pause Remark
[2024-10-12T11:15:40.890+0800][info] GC(21) Pause Remark 91M->91M(128M) 1.334ms
[2024-10-12T11:15:40.890+0800][info] GC(21) User=0.00s Sys=0.00s Real=0.00s
[2024-10-12T11:15:40.890+0800][info] GC(21) Concurrent Mark 6.798ms
[2024-10-12T11:15:40.890+0800][info] GC(21) Concurrent Rebuild Remembered Sets
[2024-10-12T11:15:40.892+0800][info] GC(21) Concurrent Rebuild Remembered Sets 1.660ms
[2024-10-12T11:15:40.892+0800][info] GC(21) Pause Cleanup
[2024-10-12T11:15:40.892+0800][info] GC(21) Pause Cleanup 91M->91M(128M) 0.155ms
[2024-10-12T11:15:40.892+0800][info] GC(21) User=0.00s Sys=0.00s Real=0.00s
[2024-10-12T11:15:40.892+0800][info] GC(21) Concurrent Cleanup for Next Mark
[2024-10-12T11:15:40.892+0800][info] GC(21) Concurrent Cleanup for Next Mark 0.351ms
[2024-10-12T11:15:40.892+0800][info] GC(21) Concurrent Mark Cycle 9.374ms
[2024-10-12T11:15:41.039+0800][info] GC(22) Pause Young (Prepare Mixed) (G1 Evacuation Pause)
[2024-10-12T11:15:41.039+0800][info] GC(22) Using 3 workers of 48 for evacuation
[2024-10-12T11:15:41.040+0800][info] GC(22)   Pre Evacuate Collection Set: 0.1ms
[2024-10-12T11:15:41.040+0800][info] GC(22)   Merge Heap Roots: 0.1ms
[2024-10-12T11:15:41.040+0800][info] GC(22)   Evacuate Collection Set: 0.9ms
[2024-10-12T11:15:41.040+0800][info] GC(22)   Post Evacuate Collection Set: 0.2ms
[2024-10-12T11:15:41.040+0800][info] GC(22)   Other: 0.2ms
[2024-10-12T11:15:41.040+0800][info] GC(22) Eden regions: 2->0(2)
[2024-10-12T11:15:41.040+0800][info] GC(22) Survivor regions: 1->1(1)
[2024-10-12T11:15:41.040+0800][info] GC(22) Old regions: 43->45
[2024-10-12T11:15:41.040+0800][info] GC(22) Archive regions: 2->2
[2024-10-12T11:15:41.040+0800][info] GC(22) Humongous regions: 1->1
[2024-10-12T11:15:41.040+0800][info] GC(22) Metaspace: 1559K(1664K)->1559K(1664K) NonClass: 1424K(1472K)->1424K(1472K) Class: 135K(192K)->135K(192K)
[2024-10-12T11:15:41.040+0800][info] GC(22) Pause Young (Prepare Mixed) (G1 Evacuation Pause) 94M->94M(128M) 1.564ms
[2024-10-12T11:15:41.040+0800][info] GC(22) User=0.00s Sys=0.00s Real=0.00s
[2024-10-12T11:15:41.143+0800][info] GC(23) Pause Young (Mixed) (G1 Evacuation Pause)
[2024-10-12T11:15:41.143+0800][info] GC(23) Using 3 workers of 48 for evacuation
[2024-10-12T11:15:41.149+0800][info] GC(23)   Pre Evacuate Collection Set: 0.2ms
[2024-10-12T11:15:41.149+0800][info] GC(23)   Merge Heap Roots: 0.1ms
[2024-10-12T11:15:41.149+0800][info] GC(23)   Evacuate Collection Set: 5.4ms
[2024-10-12T11:15:41.149+0800][info] GC(23)   Post Evacuate Collection Set: 0.2ms
[2024-10-12T11:15:41.149+0800][info] GC(23)   Other: 0.2ms
[2024-10-12T11:15:41.149+0800][info] GC(23) Eden regions: 2->0(2)
[2024-10-12T11:15:41.149+0800][info] GC(23) Survivor regions: 1->1(1)
[2024-10-12T11:15:41.149+0800][info] GC(23) Old regions: 45->43
[2024-10-12T11:15:41.149+0800][info] GC(23) Archive regions: 2->2
[2024-10-12T11:15:41.149+0800][info] GC(23) Humongous regions: 1->1
[2024-10-12T11:15:41.149+0800][info] GC(23) Metaspace: 1559K(1664K)->1559K(1664K) NonClass: 1424K(1472K)->1424K(1472K) Class: 135K(192K)->135K(192K)
[2024-10-12T11:15:41.149+0800][info] GC(23) Pause Young (Mixed) (G1 Evacuation Pause) 98M->91M(128M) 6.198ms
[2024-10-12T11:15:41.149+0800][info] GC(23) User=0.01s Sys=0.01s Real=0.01s
[2024-10-12T11:15:41.253+0800][info] GC(24) Pause Young (Mixed) (G1 Evacuation Pause)
[2024-10-12T11:15:41.253+0800][info] GC(24) Using 3 workers of 48 for evacuation
[2024-10-12T11:15:41.256+0800][info] GC(24)   Pre Evacuate Collection Set: 0.2ms
[2024-10-12T11:15:41.256+0800][info] GC(24)   Merge Heap Roots: 0.1ms
[2024-10-12T11:15:41.256+0800][info] GC(24)   Evacuate Collection Set: 2.3ms
[2024-10-12T11:15:41.256+0800][info] GC(24)   Post Evacuate Collection Set: 0.2ms
[2024-10-12T11:15:41.256+0800][info] GC(24)   Other: 0.1ms
[2024-10-12T11:15:41.256+0800][info] GC(24) Eden regions: 2->0(2)
[2024-10-12T11:15:41.256+0800][info] GC(24) Survivor regions: 1->1(1)
[2024-10-12T11:15:41.256+0800][info] GC(24) Old regions: 43->43
[2024-10-12T11:15:41.256+0800][info] GC(24) Archive regions: 2->2
[2024-10-12T11:15:41.256+0800][info] GC(24) Humongous regions: 2->2
[2024-10-12T11:15:41.256+0800][info] GC(24) Metaspace: 1560K(1664K)->1560K(1664K) NonClass: 1424K(1472K)->1424K(1472K) Class: 135K(192K)->135K(192K)
[2024-10-12T11:15:41.256+0800][info] GC(24) Pause Young (Mixed) (G1 Evacuation Pause) 96M->92M(128M) 3.021ms
[2024-10-12T11:15:41.256+0800][info] GC(24) User=0.01s Sys=0.00s Real=0.00s
[2024-10-12T11:15:41.359+0800][info] GC(25) Pause Young (Mixed) (G1 Evacuation Pause)
[2024-10-12T11:15:41.359+0800][info] GC(25) Using 3 workers of 48 for evacuation
[2024-10-12T11:15:41.361+0800][info] GC(25)   Pre Evacuate Collection Set: 0.2ms
[2024-10-12T11:15:41.361+0800][info] GC(25)   Merge Heap Roots: 0.1ms
[2024-10-12T11:15:41.361+0800][info] GC(25)   Evacuate Collection Set: 1.6ms
[2024-10-12T11:15:41.361+0800][info] GC(25)   Post Evacuate Collection Set: 0.2ms
[2024-10-12T11:15:41.361+0800][info] GC(25)   Other: 0.1ms
[2024-10-12T11:15:41.361+0800][info] GC(25) Eden regions: 2->0(2)
[2024-10-12T11:15:41.361+0800][info] GC(25) Survivor regions: 1->1(1)
[2024-10-12T11:15:41.361+0800][info] GC(25) Old regions: 43->43
[2024-10-12T11:15:41.361+0800][info] GC(25) Archive regions: 2->2
[2024-10-12T11:15:41.361+0800][info] GC(25) Humongous regions: 2->2
[2024-10-12T11:15:41.361+0800][info] GC(25) Metaspace: 1560K(1664K)->1560K(1664K) NonClass: 1424K(1472K)->1424K(1472K) Class: 135K(192K)->135K(192K)
[2024-10-12T11:15:41.361+0800][info] GC(25) Pause Young (Mixed) (G1 Evacuation Pause) 96M->93M(128M) 2.317ms
[2024-10-12T11:15:41.361+0800][info] GC(25) User=0.00s Sys=0.00s Real=0.00s
[2024-10-12T11:15:41.464+0800][info] GC(26) Pause Young (Normal) (G1 Evacuation Pause)
[2024-10-12T11:15:41.464+0800][info] GC(26) Using 3 workers of 48 for evacuation
[2024-10-12T11:15:41.466+0800][info] GC(26)   Pre Evacuate Collection Set: 0.1ms
[2024-10-12T11:15:41.466+0800][info] GC(26)   Merge Heap Roots: 0.0ms
[2024-10-12T11:15:41.466+0800][info] GC(26)   Evacuate Collection Set: 0.8ms
[2024-10-12T11:15:41.466+0800][info] GC(26)   Post Evacuate Collection Set: 0.2ms
[2024-10-12T11:15:41.466+0800][info] GC(26)   Other: 0.2ms
[2024-10-12T11:15:41.466+0800][info] GC(26) Eden regions: 2->0(2)
[2024-10-12T11:15:41.466+0800][info] GC(26) Survivor regions: 1->1(1)
[2024-10-12T11:15:41.466+0800][info] GC(26) Old regions: 43->45
[2024-10-12T11:15:41.466+0800][info] GC(26) Archive regions: 2->2
[2024-10-12T11:15:41.466+0800][info] GC(26) Humongous regions: 2->2
[2024-10-12T11:15:41.466+0800][info] GC(26) Metaspace: 1560K(1664K)->1560K(1664K) NonClass: 1424K(1472K)->1424K(1472K) Class: 135K(192K)->135K(192K)
[2024-10-12T11:15:41.466+0800][info] GC(26) Pause Young (Normal) (G1 Evacuation Pause) 96M->97M(128M) 1.375ms
[2024-10-12T11:15:41.466+0800][info] GC(26) User=0.00s Sys=0.00s Real=0.01s
[2024-10-12T11:15:41.568+0800][info] GC(27) Pause Young (Normal) (G1 Evacuation Pause)
[2024-10-12T11:15:41.568+0800][info] GC(27) Using 3 workers of 48 for evacuation
[2024-10-12T11:15:41.570+0800][info] GC(27)   Pre Evacuate Collection Set: 0.1ms
[2024-10-12T11:15:41.570+0800][info] GC(27)   Merge Heap Roots: 0.0ms
[2024-10-12T11:15:41.570+0800][info] GC(27)   Evacuate Collection Set: 0.7ms
[2024-10-12T11:15:41.570+0800][info] GC(27)   Post Evacuate Collection Set: 0.2ms
[2024-10-12T11:15:41.570+0800][info] GC(27)   Other: 0.2ms
[2024-10-12T11:15:41.570+0800][info] GC(27) Eden regions: 2->0(2)
[2024-10-12T11:15:41.570+0800][info] GC(27) Survivor regions: 1->1(1)
[2024-10-12T11:15:41.570+0800][info] GC(27) Old regions: 45->47
[2024-10-12T11:15:41.570+0800][info] GC(27) Archive regions: 2->2
[2024-10-12T11:15:41.570+0800][info] GC(27) Humongous regions: 2->2
[2024-10-12T11:15:41.570+0800][info] GC(27) Metaspace: 1560K(1664K)->1560K(1664K) NonClass: 1424K(1472K)->1424K(1472K) Class: 135K(192K)->135K(192K)
[2024-10-12T11:15:41.570+0800][info] GC(27) Pause Young (Normal) (G1 Evacuation Pause) 100M->100M(128M) 1.333ms
[2024-10-12T11:15:41.570+0800][info] GC(27) User=0.00s Sys=0.00s Real=0.00s
[2024-10-12T11:15:41.673+0800][info] GC(28) Pause Young (Concurrent Start) (G1 Evacuation Pause)
[2024-10-12T11:15:41.673+0800][info] GC(28) Using 3 workers of 48 for evacuation
[2024-10-12T11:15:41.675+0800][info] GC(28)   Pre Evacuate Collection Set: 0.1ms
[2024-10-12T11:15:41.675+0800][info] GC(28)   Merge Heap Roots: 0.0ms
[2024-10-12T11:15:41.675+0800][info] GC(28)   Evacuate Collection Set: 0.8ms
[2024-10-12T11:15:41.675+0800][info] GC(28)   Post Evacuate Collection Set: 0.2ms
[2024-10-12T11:15:41.675+0800][info] GC(28)   Other: 0.4ms
[2024-10-12T11:15:41.675+0800][info] GC(28) Eden regions: 2->0(2)
[2024-10-12T11:15:41.675+0800][info] GC(28) Survivor regions: 1->1(1)
[2024-10-12T11:15:41.675+0800][info] GC(28) Old regions: 47->49
[2024-10-12T11:15:41.675+0800][info] GC(28) Archive regions: 2->2
[2024-10-12T11:15:41.675+0800][info] GC(28) Humongous regions: 2->2
[2024-10-12T11:15:41.675+0800][info] GC(28) Metaspace: 1560K(1664K)->1560K(1664K) NonClass: 1424K(1472K)->1424K(1472K) Class: 135K(192K)->135K(192K)
[2024-10-12T11:15:41.675+0800][info] GC(28) Pause Young (Concurrent Start) (G1 Evacuation Pause) 104M->104M(128M) 1.662ms
[2024-10-12T11:15:41.675+0800][info] GC(28) User=0.01s Sys=0.00s Real=0.01s
[2024-10-12T11:15:41.675+0800][info] GC(29) Concurrent Mark Cycle
[2024-10-12T11:15:41.675+0800][info] GC(29) Concurrent Clear Claimed Marks
[2024-10-12T11:15:41.675+0800][info] GC(29) Concurrent Clear Claimed Marks 0.016ms
[2024-10-12T11:15:41.675+0800][info] GC(29) Concurrent Scan Root Regions
[2024-10-12T11:15:41.675+0800][info] GC(29) Concurrent Scan Root Regions 0.162ms
[2024-10-12T11:15:41.675+0800][info] GC(29) Concurrent Mark
[2024-10-12T11:15:41.675+0800][info] GC(29) Concurrent Mark From Roots
[2024-10-12T11:15:41.675+0800][info] GC(29) Using 12 workers of 12 for marking
[2024-10-12T11:15:41.679+0800][info] GC(29) Concurrent Mark From Roots 3.638ms
[2024-10-12T11:15:41.679+0800][info] GC(29) Concurrent Preclean
[2024-10-12T11:15:41.680+0800][info] GC(29) Concurrent Preclean 1.665ms
[2024-10-12T11:15:41.680+0800][info] GC(29) Pause Remark
[2024-10-12T11:15:41.682+0800][info] GC(29) Pause Remark 105M->105M(128M) 1.357ms
[2024-10-12T11:15:41.682+0800][info] GC(29) User=0.01s Sys=0.00s Real=0.00s
[2024-10-12T11:15:41.682+0800][info] GC(29) Concurrent Mark 6.860ms
[2024-10-12T11:15:41.682+0800][info] GC(29) Concurrent Rebuild Remembered Sets
[2024-10-12T11:15:41.684+0800][info] GC(29) Concurrent Rebuild Remembered Sets 1.651ms
[2024-10-12T11:15:41.684+0800][info] GC(29) Pause Cleanup
[2024-10-12T11:15:41.684+0800][info] GC(29) Pause Cleanup 105M->105M(128M) 0.165ms
[2024-10-12T11:15:41.684+0800][info] GC(29) User=0.00s Sys=0.00s Real=0.00s
[2024-10-12T11:15:41.684+0800][info] GC(29) Concurrent Cleanup for Next Mark
[2024-10-12T11:15:41.684+0800][info] GC(29) Concurrent Cleanup for Next Mark 0.352ms
[2024-10-12T11:15:41.684+0800][info] GC(29) Concurrent Mark Cycle 9.436ms
[2024-10-12T11:15:41.829+0800][info] GC(30) Pause Young (Prepare Mixed) (G1 Evacuation Pause)
[2024-10-12T11:15:41.829+0800][info] GC(30) Using 3 workers of 48 for evacuation
[2024-10-12T11:15:41.831+0800][info] GC(30)   Pre Evacuate Collection Set: 0.1ms
[2024-10-12T11:15:41.831+0800][info] GC(30)   Merge Heap Roots: 0.1ms
[2024-10-12T11:15:41.831+0800][info] GC(30)   Evacuate Collection Set: 0.9ms
[2024-10-12T11:15:41.831+0800][info] GC(30)   Post Evacuate Collection Set: 0.2ms
[2024-10-12T11:15:41.831+0800][info] GC(30)   Other: 0.3ms
[2024-10-12T11:15:41.831+0800][info] GC(30) Eden regions: 2->0(2)
[2024-10-12T11:15:41.831+0800][info] GC(30) Survivor regions: 1->1(1)
[2024-10-12T11:15:41.831+0800][info] GC(30) Old regions: 49->51
[2024-10-12T11:15:41.831+0800][info] GC(30) Archive regions: 2->2
[2024-10-12T11:15:41.831+0800][info] GC(30) Humongous regions: 2->2
[2024-10-12T11:15:41.831+0800][info] GC(30) Metaspace: 1562K(1664K)->1562K(1664K) NonClass: 1426K(1472K)->1426K(1472K) Class: 135K(192K)->135K(192K)
[2024-10-12T11:15:41.831+0800][info] GC(30) Pause Young (Prepare Mixed) (G1 Evacuation Pause) 108M->108M(128M) 1.532ms
[2024-10-12T11:15:41.831+0800][info] GC(30) User=0.00s Sys=0.00s Real=0.00s
[2024-10-12T11:15:41.934+0800][info] GC(31) Pause Young (Mixed) (G1 Evacuation Pause)
[2024-10-12T11:15:41.934+0800][info] GC(31) Using 3 workers of 48 for evacuation
[2024-10-12T11:15:41.936+0800][info] GC(31)   Pre Evacuate Collection Set: 0.2ms
[2024-10-12T11:15:41.936+0800][info] GC(31)   Merge Heap Roots: 0.1ms
[2024-10-12T11:15:41.936+0800][info] GC(31)   Evacuate Collection Set: 1.5ms
[2024-10-12T11:15:41.936+0800][info] GC(31)   Post Evacuate Collection Set: 0.2ms
[2024-10-12T11:15:41.936+0800][info] GC(31)   Other: 0.2ms
[2024-10-12T11:15:41.936+0800][info] GC(31) Eden regions: 2->0(2)
[2024-10-12T11:15:41.936+0800][info] GC(31) Survivor regions: 1->1(1)
[2024-10-12T11:15:41.936+0800][info] GC(31) Old regions: 51->45
[2024-10-12T11:15:41.936+0800][info] GC(31) Archive regions: 2->2
[2024-10-12T11:15:41.936+0800][info] GC(31) Humongous regions: 2->2
[2024-10-12T11:15:41.936+0800][info] GC(31) Metaspace: 1564K(1664K)->1564K(1664K) NonClass: 1428K(1472K)->1428K(1472K) Class: 135K(192K)->135K(192K)
[2024-10-12T11:15:41.936+0800][info] GC(31) Pause Young (Mixed) (G1 Evacuation Pause) 111M->97M(128M) 2.215ms
[2024-10-12T11:15:41.936+0800][info] GC(31) User=0.01s Sys=0.00s Real=0.00s
[2024-10-12T11:15:42.039+0800][info] GC(32) Pause Young (Mixed) (G1 Evacuation Pause)
[2024-10-12T11:15:42.039+0800][info] GC(32) Using 3 workers of 48 for evacuation
[2024-10-12T11:15:42.042+0800][info] GC(32)   Pre Evacuate Collection Set: 0.2ms
[2024-10-12T11:15:42.042+0800][info] GC(32)   Merge Heap Roots: 0.0ms
[2024-10-12T11:15:42.042+0800][info] GC(32)   Evacuate Collection Set: 2.6ms
[2024-10-12T11:15:42.042+0800][info] GC(32)   Post Evacuate Collection Set: 0.2ms
[2024-10-12T11:15:42.042+0800][info] GC(32)   Other: 0.1ms
[2024-10-12T11:15:42.042+0800][info] GC(32) Eden regions: 2->0(2)
[2024-10-12T11:15:42.042+0800][info] GC(32) Survivor regions: 1->1(1)
[2024-10-12T11:15:42.042+0800][info] GC(32) Old regions: 45->43
[2024-10-12T11:15:42.042+0800][info] GC(32) Archive regions: 2->2
[2024-10-12T11:15:42.042+0800][info] GC(32) Humongous regions: 2->2
[2024-10-12T11:15:42.042+0800][info] GC(32) Metaspace: 1564K(1664K)->1564K(1664K) NonClass: 1428K(1472K)->1428K(1472K) Class: 135K(192K)->135K(192K)
[2024-10-12T11:15:42.042+0800][info] GC(32) Pause Young (Mixed) (G1 Evacuation Pause) 100M->92M(128M) 3.289ms
[2024-10-12T11:15:42.042+0800][info] GC(32) User=0.01s Sys=0.00s Real=0.00s
[2024-10-12T11:15:42.146+0800][info] GC(33) Pause Young (Mixed) (G1 Evacuation Pause)
[2024-10-12T11:15:42.146+0800][info] GC(33) Using 3 workers of 48 for evacuation
[2024-10-12T11:15:42.147+0800][info] GC(33)   Pre Evacuate Collection Set: 0.2ms
[2024-10-12T11:15:42.147+0800][info] GC(33)   Merge Heap Roots: 0.0ms
[2024-10-12T11:15:42.147+0800][info] GC(33)   Evacuate Collection Set: 1.2ms
[2024-10-12T11:15:42.147+0800][info] GC(33)   Post Evacuate Collection Set: 0.2ms
[2024-10-12T11:15:42.147+0800][info] GC(33)   Other: 0.1ms
[2024-10-12T11:15:42.147+0800][info] GC(33) Eden regions: 2->0(2)
[2024-10-12T11:15:42.147+0800][info] GC(33) Survivor regions: 1->1(1)
[2024-10-12T11:15:42.147+0800][info] GC(33) Old regions: 43->44
[2024-10-12T11:15:42.147+0800][info] GC(33) Archive regions: 2->2
[2024-10-12T11:15:42.147+0800][info] GC(33) Humongous regions: 2->2
[2024-10-12T11:15:42.147+0800][info] GC(33) Metaspace: 1566K(1664K)->1566K(1664K) NonClass: 1430K(1472K)->1430K(1472K) Class: 135K(192K)->135K(192K)
[2024-10-12T11:15:42.147+0800][info] GC(33) Pause Young (Mixed) (G1 Evacuation Pause) 95M->94M(128M) 1.792ms
[2024-10-12T11:15:42.147+0800][info] GC(33) User=0.00s Sys=0.00s Real=0.00s
[2024-10-12T11:15:42.250+0800][info] GC(34) Pause Young (Normal) (G1 Evacuation Pause)
[2024-10-12T11:15:42.250+0800][info] GC(34) Using 3 workers of 48 for evacuation
[2024-10-12T11:15:42.251+0800][info] GC(34)   Pre Evacuate Collection Set: 0.1ms
[2024-10-12T11:15:42.251+0800][info] GC(34)   Merge Heap Roots: 0.0ms
[2024-10-12T11:15:42.251+0800][info] GC(34)   Evacuate Collection Set: 0.7ms
[2024-10-12T11:15:42.251+0800][info] GC(34)   Post Evacuate Collection Set: 0.2ms
[2024-10-12T11:15:42.251+0800][info] GC(34)   Other: 0.2ms
[2024-10-12T11:15:42.251+0800][info] GC(34) Eden regions: 2->0(2)
[2024-10-12T11:15:42.251+0800][info] GC(34) Survivor regions: 1->1(1)
[2024-10-12T11:15:42.251+0800][info] GC(34) Old regions: 44->46
[2024-10-12T11:15:42.251+0800][info] GC(34) Archive regions: 2->2
[2024-10-12T11:15:42.251+0800][info] GC(34) Humongous regions: 2->2
[2024-10-12T11:15:42.251+0800][info] GC(34) Metaspace: 1566K(1664K)->1566K(1664K) NonClass: 1430K(1472K)->1430K(1472K) Class: 135K(192K)->135K(192K)
[2024-10-12T11:15:42.251+0800][info] GC(34) Pause Young (Normal) (G1 Evacuation Pause) 98M->98M(128M) 1.327ms
[2024-10-12T11:15:42.251+0800][info] GC(34) User=0.00s Sys=0.00s Real=0.00s
[2024-10-12T11:15:42.355+0800][info] GC(35) Pause Young (Normal) (G1 Evacuation Pause)
[2024-10-12T11:15:42.355+0800][info] GC(35) Using 3 workers of 48 for evacuation
[2024-10-12T11:15:42.356+0800][info] GC(35)   Pre Evacuate Collection Set: 0.1ms
[2024-10-12T11:15:42.356+0800][info] GC(35)   Merge Heap Roots: 0.0ms
[2024-10-12T11:15:42.356+0800][info] GC(35)   Evacuate Collection Set: 0.6ms
[2024-10-12T11:15:42.356+0800][info] GC(35)   Post Evacuate Collection Set: 0.2ms
[2024-10-12T11:15:42.356+0800][info] GC(35)   Other: 0.2ms
[2024-10-12T11:15:42.356+0800][info] GC(35) Eden regions: 2->0(2)
[2024-10-12T11:15:42.356+0800][info] GC(35) Survivor regions: 1->1(1)
[2024-10-12T11:15:42.356+0800][info] GC(35) Old regions: 46->47
[2024-10-12T11:15:42.356+0800][info] GC(35) Archive regions: 2->2
[2024-10-12T11:15:42.356+0800][info] GC(35) Humongous regions: 2->2
[2024-10-12T11:15:42.356+0800][info] GC(35) Metaspace: 1567K(1728K)->1567K(1728K) NonClass: 1432K(1536K)->1432K(1536K) Class: 135K(192K)->135K(192K)
[2024-10-12T11:15:42.356+0800][info] GC(35) Pause Young (Normal) (G1 Evacuation Pause) 101M->101M(128M) 1.259ms
[2024-10-12T11:15:42.356+0800][info] GC(35) User=0.01s Sys=0.00s Real=0.00s
[2024-10-12T11:15:42.459+0800][info] GC(36) Pause Young (Concurrent Start) (G1 Evacuation Pause)
[2024-10-12T11:15:42.459+0800][info] GC(36) Using 3 workers of 48 for evacuation
[2024-10-12T11:15:42.461+0800][info] GC(36)   Pre Evacuate Collection Set: 0.1ms
[2024-10-12T11:15:42.461+0800][info] GC(36)   Merge Heap Roots: 0.0ms
[2024-10-12T11:15:42.461+0800][info] GC(36)   Evacuate Collection Set: 0.8ms
[2024-10-12T11:15:42.461+0800][info] GC(36)   Post Evacuate Collection Set: 0.2ms
[2024-10-12T11:15:42.461+0800][info] GC(36)   Other: 0.3ms
[2024-10-12T11:15:42.461+0800][info] GC(36) Eden regions: 2->0(2)
[2024-10-12T11:15:42.461+0800][info] GC(36) Survivor regions: 1->1(1)
[2024-10-12T11:15:42.461+0800][info] GC(36) Old regions: 47->49
[2024-10-12T11:15:42.461+0800][info] GC(36) Archive regions: 2->2
[2024-10-12T11:15:42.461+0800][info] GC(36) Humongous regions: 2->2
[2024-10-12T11:15:42.461+0800][info] GC(36) Metaspace: 1580K(1728K)->1580K(1728K) NonClass: 1444K(1536K)->1444K(1536K) Class: 135K(192K)->135K(192K)
[2024-10-12T11:15:42.461+0800][info] GC(36) Pause Young (Concurrent Start) (G1 Evacuation Pause) 105M->105M(128M) 1.558ms
[2024-10-12T11:15:42.461+0800][info] GC(36) User=0.00s Sys=0.01s Real=0.00s
[2024-10-12T11:15:42.461+0800][info] GC(37) Concurrent Mark Cycle
[2024-10-12T11:15:42.461+0800][info] GC(37) Concurrent Clear Claimed Marks
[2024-10-12T11:15:42.461+0800][info] GC(37) Concurrent Clear Claimed Marks 0.016ms
[2024-10-12T11:15:42.461+0800][info] GC(37) Concurrent Scan Root Regions
[2024-10-12T11:15:42.461+0800][info] GC(37) Concurrent Scan Root Regions 0.152ms
[2024-10-12T11:15:42.461+0800][info] GC(37) Concurrent Mark
[2024-10-12T11:15:42.461+0800][info] GC(37) Concurrent Mark From Roots
[2024-10-12T11:15:42.461+0800][info] GC(37) Using 12 workers of 12 for marking
[2024-10-12T11:15:42.465+0800][info] GC(37) Concurrent Mark From Roots 3.726ms
[2024-10-12T11:15:42.465+0800][info] GC(37) Concurrent Preclean
[2024-10-12T11:15:42.467+0800][info] GC(37) Concurrent Preclean 1.681ms
[2024-10-12T11:15:42.467+0800][info] GC(37) Pause Remark
[2024-10-12T11:15:42.468+0800][info] GC(37) Pause Remark 105M->105M(128M) 1.313ms
[2024-10-12T11:15:42.468+0800][info] GC(37) User=0.00s Sys=0.00s Real=0.00s
[2024-10-12T11:15:42.468+0800][info] GC(37) Concurrent Mark 6.980ms
[2024-10-12T11:15:42.468+0800][info] GC(37) Concurrent Rebuild Remembered Sets
[2024-10-12T11:15:42.470+0800][info] GC(37) Concurrent Rebuild Remembered Sets 2.001ms
[2024-10-12T11:15:42.470+0800][info] GC(37) Pause Cleanup
[2024-10-12T11:15:42.470+0800][info] GC(37) Pause Cleanup 105M->105M(128M) 0.169ms
[2024-10-12T11:15:42.470+0800][info] GC(37) User=0.00s Sys=0.00s Real=0.00s
[2024-10-12T11:15:42.470+0800][info] GC(37) Concurrent Cleanup for Next Mark
[2024-10-12T11:15:42.471+0800][info] GC(37) Concurrent Cleanup for Next Mark 0.354ms
[2024-10-12T11:15:42.471+0800][info] GC(37) Concurrent Mark Cycle 10.008ms
[2024-10-12T11:15:42.616+0800][info] GC(38) Pause Young (Prepare Mixed) (G1 Evacuation Pause)
[2024-10-12T11:15:42.616+0800][info] GC(38) Using 3 workers of 48 for evacuation
[2024-10-12T11:15:42.618+0800][info] GC(38)   Pre Evacuate Collection Set: 0.1ms
[2024-10-12T11:15:42.618+0800][info] GC(38)   Merge Heap Roots: 0.1ms
[2024-10-12T11:15:42.618+0800][info] GC(38)   Evacuate Collection Set: 0.8ms
[2024-10-12T11:15:42.618+0800][info] GC(38)   Post Evacuate Collection Set: 0.2ms
[2024-10-12T11:15:42.618+0800][info] GC(38)   Other: 0.7ms
[2024-10-12T11:15:42.618+0800][info] GC(38) Eden regions: 2->0(2)
[2024-10-12T11:15:42.618+0800][info] GC(38) Survivor regions: 1->1(1)
[2024-10-12T11:15:42.618+0800][info] GC(38) Old regions: 49->51
[2024-10-12T11:15:42.618+0800][info] GC(38) Archive regions: 2->2
[2024-10-12T11:15:42.618+0800][info] GC(38) Humongous regions: 2->2
[2024-10-12T11:15:42.618+0800][info] GC(38) Metaspace: 1599K(1728K)->1599K(1728K) NonClass: 1463K(1536K)->1463K(1536K) Class: 135K(192K)->135K(192K)
[2024-10-12T11:15:42.618+0800][info] GC(38) Pause Young (Prepare Mixed) (G1 Evacuation Pause) 109M->109M(128M) 1.988ms
[2024-10-12T11:15:42.618+0800][info] GC(38) User=0.00s Sys=0.00s Real=0.00s
[2024-10-12T11:15:42.720+0800][info] GC(39) Pause Young (Mixed) (G1 Preventive Collection)
[2024-10-12T11:15:42.720+0800][info] GC(39) Using 3 workers of 48 for evacuation
[2024-10-12T11:15:42.723+0800][info] GC(39) To-space exhausted
[2024-10-12T11:15:42.723+0800][info] GC(39)   Pre Evacuate Collection Set: 0.2ms
[2024-10-12T11:15:42.723+0800][info] GC(39)   Merge Heap Roots: 0.1ms
[2024-10-12T11:15:42.723+0800][info] GC(39)   Evacuate Collection Set: 2.0ms
[2024-10-12T11:15:42.723+0800][info] GC(39)   Post Evacuate Collection Set: 0.4ms
[2024-10-12T11:15:42.723+0800][info] GC(39)   Other: 0.2ms
[2024-10-12T11:15:42.723+0800][info] GC(39) Eden regions: 2->0(2)
[2024-10-12T11:15:42.723+0800][info] GC(39) Survivor regions: 1->1(1)
[2024-10-12T11:15:42.723+0800][info] GC(39) Old regions: 51->55
[2024-10-12T11:15:42.723+0800][info] GC(39) Archive regions: 2->2
[2024-10-12T11:15:42.723+0800][info] GC(39) Humongous regions: 2->2
[2024-10-12T11:15:42.723+0800][info] GC(39) Metaspace: 1599K(1728K)->1599K(1728K) NonClass: 1463K(1536K)->1463K(1536K) Class: 135K(192K)->135K(192K)
[2024-10-12T11:15:42.723+0800][info] GC(39) Pause Young (Mixed) (G1 Preventive Collection) 112M->117M(128M) 2.944ms
[2024-10-12T11:15:42.723+0800][info] GC(39) User=0.01s Sys=0.00s Real=0.00s
[2024-10-12T11:15:42.785+0800][info] GC(40) Pause Young (Mixed) (G1 Preventive Collection)
[2024-10-12T11:15:42.785+0800][info] GC(40) Using 3 workers of 48 for evacuation
[2024-10-12T11:15:42.787+0800][info] GC(40) To-space exhausted
[2024-10-12T11:15:42.787+0800][info] GC(40)   Pre Evacuate Collection Set: 0.2ms
[2024-10-12T11:15:42.787+0800][info] GC(40)   Merge Heap Roots: 0.1ms
[2024-10-12T11:15:42.787+0800][info] GC(40)   Evacuate Collection Set: 0.9ms
[2024-10-12T11:15:42.787+0800][info] GC(40)   Post Evacuate Collection Set: 0.3ms
[2024-10-12T11:15:42.787+0800][info] GC(40)   Other: 0.2ms
[2024-10-12T11:15:42.787+0800][info] GC(40) Eden regions: 1->0(2)
[2024-10-12T11:15:42.787+0800][info] GC(40) Survivor regions: 1->1(1)
[2024-10-12T11:15:42.787+0800][info] GC(40) Old regions: 55->57
[2024-10-12T11:15:42.787+0800][info] GC(40) Archive regions: 2->2
[2024-10-12T11:15:42.787+0800][info] GC(40) Humongous regions: 2->2
[2024-10-12T11:15:42.787+0800][info] GC(40) Metaspace: 1599K(1728K)->1599K(1728K) NonClass: 1463K(1536K)->1463K(1536K) Class: 135K(192K)->135K(192K)
[2024-10-12T11:15:42.787+0800][info] GC(40) Pause Young (Mixed) (G1 Preventive Collection) 119M->121M(128M) 1.779ms
[2024-10-12T11:15:42.787+0800][info] GC(40) User=0.01s Sys=0.00s Real=0.01s
[2024-10-12T11:15:42.828+0800][info] GC(41) Pause Young (Concurrent Start) (G1 Preventive Collection)
[2024-10-12T11:15:42.828+0800][info] GC(41) Using 3 workers of 48 for evacuation
[2024-10-12T11:15:42.829+0800][info] GC(41) To-space exhausted
[2024-10-12T11:15:42.829+0800][info] GC(41)   Pre Evacuate Collection Set: 0.1ms
[2024-10-12T11:15:42.829+0800][info] GC(41)   Merge Heap Roots: 0.0ms
[2024-10-12T11:15:42.829+0800][info] GC(41)   Evacuate Collection Set: 0.5ms
[2024-10-12T11:15:42.829+0800][info] GC(41)   Post Evacuate Collection Set: 0.2ms
[2024-10-12T11:15:42.829+0800][info] GC(41)   Other: 0.4ms
[2024-10-12T11:15:42.829+0800][info] GC(41) Eden regions: 1->0(2)
[2024-10-12T11:15:42.829+0800][info] GC(41) Survivor regions: 1->1(1)
[2024-10-12T11:15:42.829+0800][info] GC(41) Old regions: 57->58
[2024-10-12T11:15:42.829+0800][info] GC(41) Archive regions: 2->2
[2024-10-12T11:15:42.829+0800][info] GC(41) Humongous regions: 2->2
[2024-10-12T11:15:42.829+0800][info] GC(41) Metaspace: 1599K(1728K)->1599K(1728K) NonClass: 1463K(1536K)->1463K(1536K) Class: 135K(192K)->135K(192K)
[2024-10-12T11:15:42.829+0800][info] GC(41) Pause Young (Concurrent Start) (G1 Preventive Collection) 123M->123M(128M) 1.378ms
[2024-10-12T11:15:42.829+0800][info] GC(41) User=0.00s Sys=0.01s Real=0.00s
[2024-10-12T11:15:42.829+0800][info] GC(42) Concurrent Mark Cycle
[2024-10-12T11:15:42.829+0800][info] GC(42) Concurrent Clear Claimed Marks
[2024-10-12T11:15:42.829+0800][info] GC(42) Concurrent Clear Claimed Marks 0.017ms
[2024-10-12T11:15:42.829+0800][info] GC(42) Concurrent Scan Root Regions
[2024-10-12T11:15:42.830+0800][info] GC(42) Concurrent Scan Root Regions 0.147ms
[2024-10-12T11:15:42.830+0800][info] GC(42) Concurrent Mark
[2024-10-12T11:15:42.830+0800][info] GC(42) Concurrent Mark From Roots
[2024-10-12T11:15:42.830+0800][info] GC(42) Using 12 workers of 12 for marking
[2024-10-12T11:15:42.833+0800][info] GC(42) Concurrent Mark From Roots 3.488ms
[2024-10-12T11:15:42.833+0800][info] GC(42) Concurrent Preclean
[2024-10-12T11:15:42.835+0800][info] GC(42) Concurrent Preclean 1.688ms
[2024-10-12T11:15:42.835+0800][info] GC(42) Pause Remark
[2024-10-12T11:15:42.838+0800][info] GC(42) Pause Remark 123M->119M(128M) 2.797ms
[2024-10-12T11:15:42.838+0800][info] GC(42) User=0.00s Sys=0.00s Real=0.00s
[2024-10-12T11:15:42.838+0800][info] GC(42) Concurrent Mark 8.170ms
[2024-10-12T11:15:42.838+0800][info] GC(42) Concurrent Rebuild Remembered Sets
[2024-10-12T11:15:42.839+0800][info] GC(42) Concurrent Rebuild Remembered Sets 1.671ms
[2024-10-12T11:15:42.840+0800][info] GC(42) Pause Cleanup
[2024-10-12T11:15:42.840+0800][info] GC(42) Pause Cleanup 119M->119M(128M) 0.174ms
[2024-10-12T11:15:42.840+0800][info] GC(42) User=0.00s Sys=0.00s Real=0.00s
[2024-10-12T11:15:42.840+0800][info] GC(42) Concurrent Cleanup for Next Mark
[2024-10-12T11:15:42.840+0800][info] GC(42) Concurrent Cleanup for Next Mark 0.359ms
[2024-10-12T11:15:42.840+0800][info] GC(42) Concurrent Mark Cycle 10.883ms
[2024-10-12T11:15:42.942+0800][info] GC(43) Pause Young (Prepare Mixed) (G1 Preventive Collection)
[2024-10-12T11:15:42.942+0800][info] GC(43) Using 3 workers of 48 for evacuation
[2024-10-12T11:15:42.944+0800][info] GC(43)   Pre Evacuate Collection Set: 0.1ms
[2024-10-12T11:15:42.944+0800][info] GC(43)   Merge Heap Roots: 0.1ms
[2024-10-12T11:15:42.944+0800][info] GC(43)   Evacuate Collection Set: 0.8ms
[2024-10-12T11:15:42.944+0800][info] GC(43)   Post Evacuate Collection Set: 0.2ms
[2024-10-12T11:15:42.944+0800][info] GC(43)   Other: 0.2ms
[2024-10-12T11:15:42.944+0800][info] GC(43) Eden regions: 1->0(2)
[2024-10-12T11:15:42.944+0800][info] GC(43) Survivor regions: 1->1(1)
[2024-10-12T11:15:42.944+0800][info] GC(43) Old regions: 56->57
[2024-10-12T11:15:42.944+0800][info] GC(43) Archive regions: 2->2
[2024-10-12T11:15:42.944+0800][info] GC(43) Humongous regions: 2->2
[2024-10-12T11:15:42.944+0800][info] GC(43) Metaspace: 1550K(1728K)->1550K(1728K) NonClass: 1426K(1536K)->1426K(1536K) Class: 124K(192K)->124K(192K)
[2024-10-12T11:15:42.944+0800][info] GC(43) Pause Young (Prepare Mixed) (G1 Preventive Collection) 121M->121M(128M) 1.520ms
[2024-10-12T11:15:42.944+0800][info] GC(43) User=0.01s Sys=0.00s Real=0.00s
[2024-10-12T11:15:42.985+0800][info] GC(44) Pause Young (Mixed) (G1 Preventive Collection)
[2024-10-12T11:15:42.985+0800][info] GC(44) Using 3 workers of 48 for evacuation
[2024-10-12T11:15:42.992+0800][info] GC(44) To-space exhausted
[2024-10-12T11:15:42.992+0800][info] GC(44)   Pre Evacuate Collection Set: 0.2ms
[2024-10-12T11:15:42.992+0800][info] GC(44)   Merge Heap Roots: 0.1ms
[2024-10-12T11:15:42.992+0800][info] GC(44)   Evacuate Collection Set: 2.9ms
[2024-10-12T11:15:42.992+0800][info] GC(44)   Post Evacuate Collection Set: 3.1ms
[2024-10-12T11:15:42.992+0800][info] GC(44)   Other: 0.3ms
[2024-10-12T11:15:42.992+0800][info] GC(44) Eden regions: 1->0(2)
[2024-10-12T11:15:42.992+0800][info] GC(44) Survivor regions: 1->1(1)
[2024-10-12T11:15:42.992+0800][info] GC(44) Old regions: 57->57
[2024-10-12T11:15:42.992+0800][info] GC(44) Archive regions: 2->2
[2024-10-12T11:15:42.992+0800][info] GC(44) Humongous regions: 2->2
[2024-10-12T11:15:42.992+0800][info] GC(44) Metaspace: 1550K(1728K)->1550K(1728K) NonClass: 1426K(1536K)->1426K(1536K) Class: 124K(192K)->124K(192K)
[2024-10-12T11:15:42.992+0800][info] GC(44) Pause Young (Mixed) (G1 Preventive Collection) 122M->121M(128M) 6.565ms
[2024-10-12T11:15:42.992+0800][info] GC(44) User=0.01s Sys=0.00s Real=0.00s
[2024-10-12T11:15:43.054+0800][info] GC(45) Pause Young (Concurrent Start) (G1 Preventive Collection)
[2024-10-12T11:15:43.054+0800][info] GC(45) Using 3 workers of 48 for evacuation
[2024-10-12T11:15:43.056+0800][info] GC(45) To-space exhausted
[2024-10-12T11:15:43.056+0800][info] GC(45)   Pre Evacuate Collection Set: 0.1ms
[2024-10-12T11:15:43.056+0800][info] GC(45)   Merge Heap Roots: 0.1ms
[2024-10-12T11:15:43.056+0800][info] GC(45)   Evacuate Collection Set: 1.2ms
[2024-10-12T11:15:43.056+0800][info] GC(45)   Post Evacuate Collection Set: 0.2ms
[2024-10-12T11:15:43.056+0800][info] GC(45)   Other: 0.4ms
[2024-10-12T11:15:43.056+0800][info] GC(45) Eden regions: 1->0(2)
[2024-10-12T11:15:43.056+0800][info] GC(45) Survivor regions: 1->1(1)
[2024-10-12T11:15:43.056+0800][info] GC(45) Old regions: 57->58
[2024-10-12T11:15:43.056+0800][info] GC(45) Archive regions: 2->2
[2024-10-12T11:15:43.056+0800][info] GC(45) Humongous regions: 2->2
[2024-10-12T11:15:43.056+0800][info] GC(45) Metaspace: 1550K(1728K)->1550K(1728K) NonClass: 1426K(1536K)->1426K(1536K) Class: 124K(192K)->124K(192K)
[2024-10-12T11:15:43.056+0800][info] GC(45) Pause Young (Concurrent Start) (G1 Preventive Collection) 122M->122M(128M) 2.054ms
[2024-10-12T11:15:43.056+0800][info] GC(45) User=0.01s Sys=0.00s Real=0.00s
[2024-10-12T11:15:43.056+0800][info] GC(46) Concurrent Mark Cycle
[2024-10-12T11:15:43.056+0800][info] GC(46) Concurrent Clear Claimed Marks
[2024-10-12T11:15:43.056+0800][info] GC(46) Concurrent Clear Claimed Marks 0.015ms
[2024-10-12T11:15:43.056+0800][info] GC(46) Concurrent Scan Root Regions
[2024-10-12T11:15:43.056+0800][info] GC(46) Concurrent Scan Root Regions 0.142ms
[2024-10-12T11:15:43.056+0800][info] GC(46) Concurrent Mark
[2024-10-12T11:15:43.056+0800][info] GC(46) Concurrent Mark From Roots
[2024-10-12T11:15:43.056+0800][info] GC(46) Using 12 workers of 12 for marking
[2024-10-12T11:15:43.059+0800][info] GC(46) Concurrent Mark From Roots 3.245ms
[2024-10-12T11:15:43.060+0800][info] GC(46) Concurrent Preclean
[2024-10-12T11:15:43.062+0800][info] GC(46) Concurrent Preclean 2.066ms
[2024-10-12T11:15:43.062+0800][info] GC(46) Pause Remark
[2024-10-12T11:15:43.063+0800][info] GC(46) Pause Remark 123M->123M(128M) 1.234ms
[2024-10-12T11:15:43.063+0800][info] GC(46) User=0.01s Sys=0.00s Real=0.00s
[2024-10-12T11:15:43.063+0800][info] GC(46) Concurrent Mark 6.806ms
[2024-10-12T11:15:43.063+0800][info] GC(46) Concurrent Rebuild Remembered Sets
[2024-10-12T11:15:43.065+0800][info] GC(46) Concurrent Rebuild Remembered Sets 1.831ms
[2024-10-12T11:15:43.065+0800][info] GC(46) Pause Cleanup
[2024-10-12T11:15:43.065+0800][info] GC(46) Pause Cleanup 123M->123M(128M) 0.168ms
[2024-10-12T11:15:43.065+0800][info] GC(46) User=0.00s Sys=0.00s Real=0.01s
[2024-10-12T11:15:43.065+0800][info] GC(46) Concurrent Cleanup for Next Mark
[2024-10-12T11:15:43.066+0800][info] GC(46) Concurrent Cleanup for Next Mark 0.322ms
[2024-10-12T11:15:43.066+0800][info] GC(46) Concurrent Mark Cycle 9.551ms
[2024-10-12T11:15:43.149+0800][info] GC(47) Pause Young (Prepare Mixed) (G1 Evacuation Pause)
[2024-10-12T11:15:43.149+0800][info] GC(47) Using 3 workers of 48 for evacuation
[2024-10-12T11:15:43.150+0800][info] GC(47) To-space exhausted
[2024-10-12T11:15:43.150+0800][info] GC(47)   Pre Evacuate Collection Set: 0.1ms
[2024-10-12T11:15:43.150+0800][info] GC(47)   Merge Heap Roots: 0.1ms
[2024-10-12T11:15:43.150+0800][info] GC(47)   Evacuate Collection Set: 0.2ms
[2024-10-12T11:15:43.150+0800][info] GC(47)   Post Evacuate Collection Set: 0.2ms
[2024-10-12T11:15:43.150+0800][info] GC(47)   Other: 0.2ms
[2024-10-12T11:15:43.150+0800][info] GC(47) Eden regions: 1->0(3)
[2024-10-12T11:15:43.150+0800][info] GC(47) Survivor regions: 1->0(0)
[2024-10-12T11:15:43.150+0800][info] GC(47) Old regions: 58->60
[2024-10-12T11:15:43.150+0800][info] GC(47) Archive regions: 2->2
[2024-10-12T11:15:43.150+0800][info] GC(47) Humongous regions: 2->2
[2024-10-12T11:15:43.150+0800][info] GC(47) Metaspace: 1556K(1728K)->1556K(1728K) NonClass: 1432K(1536K)->1432K(1536K) Class: 124K(192K)->124K(192K)
[2024-10-12T11:15:43.150+0800][info] GC(47) Pause Young (Prepare Mixed) (G1 Evacuation Pause) 124M->124M(128M) 0.884ms
[2024-10-12T11:15:43.150+0800][info] GC(47) User=0.00s Sys=0.00s Real=0.00s
[2024-10-12T11:15:43.150+0800][info] Attempting full compaction
[2024-10-12T11:15:43.150+0800][info] GC(48) Using 3 workers of 48 for full compaction
[2024-10-12T11:15:43.150+0800][info] GC(48) Pause Full (G1 Compaction Pause)
[2024-10-12T11:15:43.150+0800][info] GC(48) Phase 1: Mark live objects
[2024-10-12T11:15:43.153+0800][info] GC(48) Phase 1: Mark live objects 2.680ms
[2024-10-12T11:15:43.153+0800][info] GC(48) Phase 2: Prepare for compaction
[2024-10-12T11:15:43.154+0800][info] GC(48) Phase 2: Prepare for compaction 0.809ms
[2024-10-12T11:15:43.154+0800][info] GC(48) Phase 3: Adjust pointers
[2024-10-12T11:15:43.155+0800][info] GC(48) Phase 3: Adjust pointers 1.392ms
[2024-10-12T11:15:43.155+0800][info] GC(48) Phase 4: Compact heap
[2024-10-12T11:15:43.168+0800][info] GC(48) Phase 4: Compact heap 13.028ms
[2024-10-12T11:15:43.170+0800][info] GC(48) Eden regions: 0->0(4)
[2024-10-12T11:15:43.170+0800][info] GC(48) Survivor regions: 0->0(0)
[2024-10-12T11:15:43.170+0800][info] GC(48) Old regions: 60->39
[2024-10-12T11:15:43.170+0800][info] GC(48) Archive regions: 2->2
[2024-10-12T11:15:43.170+0800][info] GC(48) Humongous regions: 2->2
[2024-10-12T11:15:43.170+0800][info] GC(48) Metaspace: 1556K(1728K)->1556K(1728K) NonClass: 1432K(1536K)->1432K(1536K) Class: 124K(192K)->124K(192K)
[2024-10-12T11:15:43.170+0800][info] GC(48) Pause Full (G1 Compaction Pause) 124M->69M(128M) 19.503ms
[2024-10-12T11:15:43.170+0800][info] GC(48) User=0.03s Sys=0.01s Real=0.02s
[2024-10-12T11:15:43.396+0800][info] GC(49) Pause Young (Normal) (G1 Evacuation Pause)
[2024-10-12T11:15:43.396+0800][info] GC(49) Using 3 workers of 48 for evacuation
[2024-10-12T11:15:43.397+0800][info] GC(49)   Pre Evacuate Collection Set: 0.1ms
[2024-10-12T11:15:43.397+0800][info] GC(49)   Merge Heap Roots: 0.0ms
[2024-10-12T11:15:43.397+0800][info] GC(49)   Evacuate Collection Set: 1.1ms
[2024-10-12T11:15:43.397+0800][info] GC(49)   Post Evacuate Collection Set: 0.2ms
[2024-10-12T11:15:43.397+0800][info] GC(49)   Other: 0.3ms
[2024-10-12T11:15:43.397+0800][info] GC(49) Eden regions: 4->0(2)
[2024-10-12T11:15:43.397+0800][info] GC(49) Survivor regions: 0->1(1)
[2024-10-12T11:15:43.397+0800][info] GC(49) Old regions: 39->43
[2024-10-12T11:15:43.397+0800][info] GC(49) Archive regions: 2->2
[2024-10-12T11:15:43.397+0800][info] GC(49) Humongous regions: 2->2
[2024-10-12T11:15:43.397+0800][info] GC(49) Metaspace: 1556K(1728K)->1556K(1728K) NonClass: 1432K(1536K)->1432K(1536K) Class: 124K(192K)->124K(192K)
[2024-10-12T11:15:43.397+0800][info] GC(49) Pause Young (Normal) (G1 Evacuation Pause) 77M->78M(128M) 1.851ms
[2024-10-12T11:15:43.397+0800][info] GC(49) User=0.00s Sys=0.01s Real=0.00s
[2024-10-12T11:15:43.500+0800][info] GC(50) Pause Young (Normal) (G1 Evacuation Pause)
[2024-10-12T11:15:43.500+0800][info] GC(50) Using 3 workers of 48 for evacuation
[2024-10-12T11:15:43.501+0800][info] GC(50)   Pre Evacuate Collection Set: 0.1ms
[2024-10-12T11:15:43.501+0800][info] GC(50)   Merge Heap Roots: 0.1ms
[2024-10-12T11:15:43.501+0800][info] GC(50)   Evacuate Collection Set: 0.6ms
[2024-10-12T11:15:43.501+0800][info] GC(50)   Post Evacuate Collection Set: 0.2ms
[2024-10-12T11:15:43.501+0800][info] GC(50)   Other: 0.2ms
[2024-10-12T11:15:43.501+0800][info] GC(50) Eden regions: 2->0(2)
[2024-10-12T11:15:43.501+0800][info] GC(50) Survivor regions: 1->1(1)
[2024-10-12T11:15:43.501+0800][info] GC(50) Old regions: 43->45
[2024-10-12T11:15:43.501+0800][info] GC(50) Archive regions: 2->2
[2024-10-12T11:15:43.501+0800][info] GC(50) Humongous regions: 2->2
[2024-10-12T11:15:43.501+0800][info] GC(50) Metaspace: 1556K(1728K)->1556K(1728K) NonClass: 1432K(1536K)->1432K(1536K) Class: 124K(192K)->124K(192K)
[2024-10-12T11:15:43.501+0800][info] GC(50) Pause Young (Normal) (G1 Evacuation Pause) 81M->82M(128M) 1.276ms
[2024-10-12T11:15:43.501+0800][info] GC(50) User=0.00s Sys=0.00s Real=0.00s
[2024-10-12T11:15:43.522+0800][info] GC(51) Pause Young (Concurrent Start) (G1 Humongous Allocation)
[2024-10-12T11:15:43.522+0800][info] GC(51) Using 3 workers of 48 for evacuation
[2024-10-12T11:15:43.523+0800][info] GC(51)   Pre Evacuate Collection Set: 0.1ms
[2024-10-12T11:15:43.523+0800][info] GC(51)   Merge Heap Roots: 0.0ms
[2024-10-12T11:15:43.523+0800][info] GC(51)   Evacuate Collection Set: 0.5ms
[2024-10-12T11:15:43.523+0800][info] GC(51)   Post Evacuate Collection Set: 0.2ms
[2024-10-12T11:15:43.523+0800][info] GC(51)   Other: 0.3ms
[2024-10-12T11:15:43.523+0800][info] GC(51) Eden regions: 1->0(2)
[2024-10-12T11:15:43.523+0800][info] GC(51) Survivor regions: 1->1(1)
[2024-10-12T11:15:43.523+0800][info] GC(51) Old regions: 45->46
[2024-10-12T11:15:43.523+0800][info] GC(51) Archive regions: 2->2
[2024-10-12T11:15:43.523+0800][info] GC(51) Humongous regions: 2->2
[2024-10-12T11:15:43.523+0800][info] GC(51) Metaspace: 1556K(1728K)->1556K(1728K) NonClass: 1432K(1536K)->1432K(1536K) Class: 124K(192K)->124K(192K)
[2024-10-12T11:15:43.523+0800][info] GC(51) Pause Young (Concurrent Start) (G1 Humongous Allocation) 83M->83M(128M) 1.198ms
[2024-10-12T11:15:43.523+0800][info] GC(51) User=0.00s Sys=0.00s Real=0.00s
[2024-10-12T11:15:43.523+0800][info] GC(52) Concurrent Mark Cycle
[2024-10-12T11:15:43.523+0800][info] GC(52) Concurrent Clear Claimed Marks
[2024-10-12T11:15:43.523+0800][info] GC(52) Concurrent Clear Claimed Marks 0.016ms
[2024-10-12T11:15:43.523+0800][info] GC(52) Concurrent Scan Root Regions
[2024-10-12T11:15:43.523+0800][info] GC(52) Concurrent Scan Root Regions 0.154ms
[2024-10-12T11:15:43.523+0800][info] GC(52) Concurrent Mark
[2024-10-12T11:15:43.523+0800][info] GC(52) Concurrent Mark From Roots
[2024-10-12T11:15:43.523+0800][info] GC(52) Using 12 workers of 12 for marking
[2024-10-12T11:15:43.526+0800][info] GC(52) Concurrent Mark From Roots 3.099ms
[2024-10-12T11:15:43.526+0800][info] GC(52) Concurrent Preclean
[2024-10-12T11:15:43.528+0800][info] GC(52) Concurrent Preclean 1.654ms
[2024-10-12T11:15:43.528+0800][info] GC(52) Pause Remark
[2024-10-12T11:15:43.529+0800][info] GC(52) Pause Remark 85M->85M(128M) 1.277ms
[2024-10-12T11:15:43.529+0800][info] GC(52) User=0.01s Sys=0.00s Real=0.00s
[2024-10-12T11:15:43.529+0800][info] GC(52) Concurrent Mark 6.197ms
[2024-10-12T11:15:43.529+0800][info] GC(52) Concurrent Rebuild Remembered Sets
[2024-10-12T11:15:43.531+0800][info] GC(52) Concurrent Rebuild Remembered Sets 1.822ms
[2024-10-12T11:15:43.531+0800][info] GC(52) Pause Cleanup
[2024-10-12T11:15:43.531+0800][info] GC(52) Pause Cleanup 85M->85M(128M) 0.132ms
[2024-10-12T11:15:43.531+0800][info] GC(52) User=0.00s Sys=0.00s Real=0.00s
[2024-10-12T11:15:43.531+0800][info] GC(52) Concurrent Cleanup for Next Mark
[2024-10-12T11:15:43.532+0800][info] GC(52) Concurrent Cleanup for Next Mark 0.387ms
[2024-10-12T11:15:43.532+0800][info] GC(52) Concurrent Mark Cycle 8.957ms
[2024-10-12T11:15:43.698+0800][info] GC(53) Pause Young (Prepare Mixed) (G1 Evacuation Pause)
[2024-10-12T11:15:43.698+0800][info] GC(53) Using 3 workers of 48 for evacuation
[2024-10-12T11:15:43.700+0800][info] GC(53)   Pre Evacuate Collection Set: 0.1ms
[2024-10-12T11:15:43.700+0800][info] GC(53)   Merge Heap Roots: 0.1ms
[2024-10-12T11:15:43.700+0800][info] GC(53)   Evacuate Collection Set: 1.1ms
[2024-10-12T11:15:43.700+0800][info] GC(53)   Post Evacuate Collection Set: 0.2ms
[2024-10-12T11:15:43.700+0800][info] GC(53)   Other: 0.2ms
[2024-10-12T11:15:43.700+0800][info] GC(53) Eden regions: 2->0(2)
[2024-10-12T11:15:43.700+0800][info] GC(53) Survivor regions: 1->1(1)
[2024-10-12T11:15:43.700+0800][info] GC(53) Old regions: 46->47
[2024-10-12T11:15:43.700+0800][info] GC(53) Archive regions: 2->2
[2024-10-12T11:15:43.700+0800][info] GC(53) Humongous regions: 3->2
[2024-10-12T11:15:43.700+0800][info] GC(53) Metaspace: 1556K(1728K)->1556K(1728K) NonClass: 1432K(1536K)->1432K(1536K) Class: 124K(192K)->124K(192K)
[2024-10-12T11:15:43.700+0800][info] GC(53) Pause Young (Prepare Mixed) (G1 Evacuation Pause) 89M->87M(128M) 1.771ms
[2024-10-12T11:15:43.700+0800][info] GC(53) User=0.00s Sys=0.00s Real=0.00s
[2024-10-12T11:15:43.803+0800][info] GC(54) Pause Young (Mixed) (G1 Evacuation Pause)
[2024-10-12T11:15:43.803+0800][info] GC(54) Using 3 workers of 48 for evacuation
[2024-10-12T11:15:43.810+0800][info] GC(54) To-space exhausted
[2024-10-12T11:15:43.810+0800][info] GC(54)   Pre Evacuate Collection Set: 0.1ms
[2024-10-12T11:15:43.810+0800][info] GC(54)   Merge Heap Roots: 0.1ms
[2024-10-12T11:15:43.810+0800][info] GC(54)   Evacuate Collection Set: 4.5ms
[2024-10-12T11:15:43.810+0800][info] GC(54)   Post Evacuate Collection Set: 2.0ms
[2024-10-12T11:15:43.810+0800][info] GC(54)   Other: 0.2ms
[2024-10-12T11:15:43.810+0800][info] GC(54) Eden regions: 2->0(2)
[2024-10-12T11:15:43.810+0800][info] GC(54) Survivor regions: 1->1(1)
[2024-10-12T11:15:43.810+0800][info] GC(54) Old regions: 47->55
[2024-10-12T11:15:43.810+0800][info] GC(54) Archive regions: 2->2
[2024-10-12T11:15:43.810+0800][info] GC(54) Humongous regions: 2->2
[2024-10-12T11:15:43.810+0800][info] GC(54) Metaspace: 1557K(1728K)->1557K(1728K) NonClass: 1433K(1536K)->1433K(1536K) Class: 124K(192K)->124K(192K)
[2024-10-12T11:15:43.810+0800][info] GC(54) Pause Young (Mixed) (G1 Evacuation Pause) 90M->105M(128M) 7.037ms
[2024-10-12T11:15:43.810+0800][info] GC(54) User=0.02s Sys=0.00s Real=0.01s
[2024-10-12T11:15:43.872+0800][info] GC(55) Pause Young (Concurrent Start) (G1 Preventive Collection)
[2024-10-12T11:15:43.872+0800][info] GC(55) Using 3 workers of 48 for evacuation
[2024-10-12T11:15:43.873+0800][info] GC(55)   Pre Evacuate Collection Set: 0.1ms
[2024-10-12T11:15:43.873+0800][info] GC(55)   Merge Heap Roots: 0.1ms
[2024-10-12T11:15:43.873+0800][info] GC(55)   Evacuate Collection Set: 1.0ms
[2024-10-12T11:15:43.873+0800][info] GC(55)   Post Evacuate Collection Set: 0.2ms
[2024-10-12T11:15:43.873+0800][info] GC(55)   Other: 0.4ms
[2024-10-12T11:15:43.873+0800][info] GC(55) Eden regions: 1->0(2)
[2024-10-12T11:15:43.873+0800][info] GC(55) Survivor regions: 1->1(1)
[2024-10-12T11:15:43.873+0800][info] GC(55) Old regions: 55->56
[2024-10-12T11:15:43.873+0800][info] GC(55) Archive regions: 2->2
[2024-10-12T11:15:43.874+0800][info] GC(55) Humongous regions: 2->2
[2024-10-12T11:15:43.874+0800][info] GC(55) Metaspace: 1560K(1728K)->1560K(1728K) NonClass: 1436K(1536K)->1436K(1536K) Class: 124K(192K)->124K(192K)
[2024-10-12T11:15:43.874+0800][info] GC(55) Pause Young (Concurrent Start) (G1 Preventive Collection) 107M->106M(128M) 1.862ms
[2024-10-12T11:15:43.874+0800][info] GC(55) User=0.00s Sys=0.01s Real=0.01s
[2024-10-12T11:15:43.874+0800][info] GC(56) Concurrent Mark Cycle
[2024-10-12T11:15:43.874+0800][info] GC(56) Concurrent Clear Claimed Marks
[2024-10-12T11:15:43.874+0800][info] GC(56) Concurrent Clear Claimed Marks 0.015ms
[2024-10-12T11:15:43.874+0800][info] GC(56) Concurrent Scan Root Regions
[2024-10-12T11:15:43.874+0800][info] GC(56) Concurrent Scan Root Regions 0.142ms
[2024-10-12T11:15:43.874+0800][info] GC(56) Concurrent Mark
[2024-10-12T11:15:43.874+0800][info] GC(56) Concurrent Mark From Roots
[2024-10-12T11:15:43.874+0800][info] GC(56) Using 12 workers of 12 for marking
[2024-10-12T11:15:43.878+0800][info] GC(56) Concurrent Mark From Roots 3.702ms
[2024-10-12T11:15:43.878+0800][info] GC(56) Concurrent Preclean
[2024-10-12T11:15:43.879+0800][info] GC(56) Concurrent Preclean 1.660ms
[2024-10-12T11:15:43.879+0800][info] GC(56) Pause Remark
[2024-10-12T11:15:43.881+0800][info] GC(56) Pause Remark 107M->107M(128M) 1.384ms
[2024-10-12T11:15:43.881+0800][info] GC(56) User=0.00s Sys=0.00s Real=0.00s
[2024-10-12T11:15:43.881+0800][info] GC(56) Concurrent Mark 6.986ms
[2024-10-12T11:15:43.881+0800][info] GC(56) Concurrent Rebuild Remembered Sets
[2024-10-12T11:15:43.882+0800][info] GC(56) Concurrent Rebuild Remembered Sets 0.998ms
[2024-10-12T11:15:43.882+0800][info] GC(56) Pause Cleanup
[2024-10-12T11:15:43.882+0800][info] GC(56) Pause Cleanup 107M->107M(128M) 0.172ms
[2024-10-12T11:15:43.882+0800][info] GC(56) User=0.00s Sys=0.00s Real=0.00s
[2024-10-12T11:15:43.882+0800][info] GC(56) Concurrent Cleanup for Next Mark
[2024-10-12T11:15:43.883+0800][info] GC(56) Concurrent Cleanup for Next Mark 0.335ms
[2024-10-12T11:15:43.883+0800][info] GC(56) Concurrent Mark Cycle 8.988ms
[2024-10-12T11:15:43.966+0800][info] GC(57) Pause Young (Prepare Mixed) (G1 Preventive Collection)
[2024-10-12T11:15:43.967+0800][info] GC(57) Using 3 workers of 48 for evacuation
[2024-10-12T11:15:43.968+0800][info] GC(57)   Pre Evacuate Collection Set: 0.1ms
[2024-10-12T11:15:43.968+0800][info] GC(57)   Merge Heap Roots: 0.0ms
[2024-10-12T11:15:43.968+0800][info] GC(57)   Evacuate Collection Set: 0.5ms
[2024-10-12T11:15:43.968+0800][info] GC(57)   Post Evacuate Collection Set: 0.2ms
[2024-10-12T11:15:43.968+0800][info] GC(57)   Other: 0.8ms
[2024-10-12T11:15:43.968+0800][info] GC(57) Eden regions: 1->0(2)
[2024-10-12T11:15:43.968+0800][info] GC(57) Survivor regions: 1->1(1)
[2024-10-12T11:15:43.968+0800][info] GC(57) Old regions: 56->57
[2024-10-12T11:15:43.968+0800][info] GC(57) Archive regions: 2->2
[2024-10-12T11:15:43.968+0800][info] GC(57) Humongous regions: 2->2
[2024-10-12T11:15:43.968+0800][info] GC(57) Metaspace: 1560K(1728K)->1560K(1728K) NonClass: 1436K(1536K)->1436K(1536K) Class: 124K(192K)->124K(192K)
[2024-10-12T11:15:43.968+0800][info] GC(57) Pause Young (Prepare Mixed) (G1 Preventive Collection) 108M->108M(128M) 1.756ms
[2024-10-12T11:15:43.968+0800][info] GC(57) User=0.00s Sys=0.00s Real=0.00s
[2024-10-12T11:15:44.030+0800][info] GC(58) Pause Young (Mixed) (G1 Preventive Collection)
[2024-10-12T11:15:44.030+0800][info] GC(58) Using 3 workers of 48 for evacuation
[2024-10-12T11:15:44.033+0800][info] GC(58) To-space exhausted
[2024-10-12T11:15:44.033+0800][info] GC(58)   Pre Evacuate Collection Set: 0.2ms
[2024-10-12T11:15:44.033+0800][info] GC(58)   Merge Heap Roots: 0.1ms
[2024-10-12T11:15:44.033+0800][info] GC(58)   Evacuate Collection Set: 1.5ms
[2024-10-12T11:15:44.033+0800][info] GC(58)   Post Evacuate Collection Set: 1.4ms
[2024-10-12T11:15:44.033+0800][info] GC(58)   Other: 0.2ms
[2024-10-12T11:15:44.033+0800][info] GC(58) Eden regions: 1->0(2)
[2024-10-12T11:15:44.033+0800][info] GC(58) Survivor regions: 1->1(1)
[2024-10-12T11:15:44.033+0800][info] GC(58) Old regions: 57->57
[2024-10-12T11:15:44.033+0800][info] GC(58) Archive regions: 2->2
[2024-10-12T11:15:44.033+0800][info] GC(58) Humongous regions: 2->2
[2024-10-12T11:15:44.033+0800][info] GC(58) Metaspace: 1560K(1728K)->1560K(1728K) NonClass: 1436K(1536K)->1436K(1536K) Class: 124K(192K)->124K(192K)
[2024-10-12T11:15:44.033+0800][info] GC(58) Pause Young (Mixed) (G1 Preventive Collection) 110M->108M(128M) 3.481ms
[2024-10-12T11:15:44.033+0800][info] GC(58) User=0.01s Sys=0.00s Real=0.01s
[2024-10-12T11:15:44.075+0800][info] GC(59) Pause Young (Concurrent Start) (G1 Preventive Collection)
[2024-10-12T11:15:44.075+0800][info] GC(59) Using 3 workers of 48 for evacuation
[2024-10-12T11:15:44.077+0800][info] GC(59) To-space exhausted
[2024-10-12T11:15:44.077+0800][info] GC(59)   Pre Evacuate Collection Set: 0.1ms
[2024-10-12T11:15:44.077+0800][info] GC(59)   Merge Heap Roots: 0.1ms
[2024-10-12T11:15:44.077+0800][info] GC(59)   Evacuate Collection Set: 0.9ms
[2024-10-12T11:15:44.077+0800][info] GC(59)   Post Evacuate Collection Set: 0.2ms
[2024-10-12T11:15:44.077+0800][info] GC(59)   Other: 0.4ms
[2024-10-12T11:15:44.077+0800][info] GC(59) Eden regions: 1->0(2)
[2024-10-12T11:15:44.077+0800][info] GC(59) Survivor regions: 1->1(1)
[2024-10-12T11:15:44.077+0800][info] GC(59) Old regions: 57->58
[2024-10-12T11:15:44.077+0800][info] GC(59) Archive regions: 2->2
[2024-10-12T11:15:44.077+0800][info] GC(59) Humongous regions: 2->2
[2024-10-12T11:15:44.077+0800][info] GC(59) Metaspace: 1560K(1728K)->1560K(1728K) NonClass: 1436K(1536K)->1436K(1536K) Class: 124K(192K)->124K(192K)
[2024-10-12T11:15:44.077+0800][info] GC(59) Pause Young (Concurrent Start) (G1 Preventive Collection) 110M->110M(128M) 1.763ms
[2024-10-12T11:15:44.077+0800][info] GC(59) User=0.01s Sys=0.00s Real=0.00s
[2024-10-12T11:15:44.077+0800][info] GC(60) Concurrent Mark Cycle
[2024-10-12T11:15:44.077+0800][info] GC(60) Concurrent Clear Claimed Marks
[2024-10-12T11:15:44.077+0800][info] GC(60) Concurrent Clear Claimed Marks 0.014ms
[2024-10-12T11:15:44.077+0800][info] GC(60) Concurrent Scan Root Regions
[2024-10-12T11:15:44.077+0800][info] GC(60) Concurrent Scan Root Regions 0.158ms
[2024-10-12T11:15:44.077+0800][info] GC(60) Concurrent Mark
[2024-10-12T11:15:44.077+0800][info] GC(60) Concurrent Mark From Roots
[2024-10-12T11:15:44.077+0800][info] GC(60) Using 12 workers of 12 for marking
[2024-10-12T11:15:44.081+0800][info] GC(60) Concurrent Mark From Roots 3.559ms
[2024-10-12T11:15:44.081+0800][info] GC(60) Concurrent Preclean
[2024-10-12T11:15:44.082+0800][info] GC(60) Concurrent Preclean 1.672ms
[2024-10-12T11:15:44.083+0800][info] GC(60) Pause Remark
[2024-10-12T11:15:44.084+0800][info] GC(60) Pause Remark 110M->109M(128M) 1.248ms
[2024-10-12T11:15:44.084+0800][info] GC(60) User=0.01s Sys=0.00s Real=0.00s
[2024-10-12T11:15:44.084+0800][info] GC(60) Concurrent Mark 6.718ms
[2024-10-12T11:15:44.084+0800][info] GC(60) Concurrent Rebuild Remembered Sets
[2024-10-12T11:15:44.085+0800][info] GC(60) Concurrent Rebuild Remembered Sets 1.067ms
[2024-10-12T11:15:44.085+0800][info] GC(60) Pause Cleanup
[2024-10-12T11:15:44.085+0800][info] GC(60) Pause Cleanup 109M->109M(128M) 0.172ms
[2024-10-12T11:15:44.085+0800][info] GC(60) User=0.00s Sys=0.00s Real=0.01s
[2024-10-12T11:15:44.085+0800][info] GC(60) Concurrent Cleanup for Next Mark
[2024-10-12T11:15:44.085+0800][info] GC(60) Concurrent Cleanup for Next Mark 0.281ms
[2024-10-12T11:15:44.086+0800][info] GC(60) Concurrent Mark Cycle 8.665ms
[2024-10-12T11:15:44.190+0800][info] GC(61) Pause Young (Prepare Mixed) (G1 Preventive Collection)
[2024-10-12T11:15:44.190+0800][info] GC(61) Using 3 workers of 48 for evacuation
[2024-10-12T11:15:44.191+0800][info] GC(61) To-space exhausted
[2024-10-12T11:15:44.191+0800][info] GC(61)   Pre Evacuate Collection Set: 0.1ms
[2024-10-12T11:15:44.191+0800][info] GC(61)   Merge Heap Roots: 0.0ms
[2024-10-12T11:15:44.191+0800][info] GC(61)   Evacuate Collection Set: 0.4ms
[2024-10-12T11:15:44.191+0800][info] GC(61)   Post Evacuate Collection Set: 0.2ms
[2024-10-12T11:15:44.191+0800][info] GC(61)   Other: 0.2ms
[2024-10-12T11:15:44.191+0800][info] GC(61) Eden regions: 1->0(2)
[2024-10-12T11:15:44.191+0800][info] GC(61) Survivor regions: 1->1(1)
[2024-10-12T11:15:44.191+0800][info] GC(61) Old regions: 57->58
[2024-10-12T11:15:44.191+0800][info] GC(61) Archive regions: 2->2
[2024-10-12T11:15:44.191+0800][info] GC(61) Humongous regions: 2->2
[2024-10-12T11:15:44.191+0800][info] GC(61) Metaspace: 1560K(1728K)->1560K(1728K) NonClass: 1436K(1536K)->1436K(1536K) Class: 124K(192K)->124K(192K)
[2024-10-12T11:15:44.191+0800][info] GC(61) Pause Young (Prepare Mixed) (G1 Preventive Collection) 110M->110M(128M) 1.071ms
[2024-10-12T11:15:44.191+0800][info] GC(61) User=0.00s Sys=0.00s Real=0.00s
[2024-10-12T11:15:44.232+0800][info] GC(62) Pause Young (Mixed) (G1 Evacuation Pause)
[2024-10-12T11:15:44.232+0800][info] GC(62) Using 3 workers of 48 for evacuation
[2024-10-12T11:15:44.236+0800][info] GC(62) To-space exhausted
[2024-10-12T11:15:44.236+0800][info] GC(62)   Pre Evacuate Collection Set: 0.2ms
[2024-10-12T11:15:44.236+0800][info] GC(62)   Merge Heap Roots: 0.1ms
[2024-10-12T11:15:44.236+0800][info] GC(62)   Evacuate Collection Set: 2.2ms
[2024-10-12T11:15:44.236+0800][info] GC(62)   Post Evacuate Collection Set: 1.5ms
[2024-10-12T11:15:44.236+0800][info] GC(62)   Other: 0.2ms
[2024-10-12T11:15:44.236+0800][info] GC(62) Eden regions: 1->0(3)
[2024-10-12T11:15:44.236+0800][info] GC(62) Survivor regions: 1->0(0)
[2024-10-12T11:15:44.236+0800][info] GC(62) Old regions: 58->60
[2024-10-12T11:15:44.236+0800][info] GC(62) Archive regions: 2->2
[2024-10-12T11:15:44.236+0800][info] GC(62) Humongous regions: 2->2
[2024-10-12T11:15:44.236+0800][info] GC(62) Metaspace: 1560K(1728K)->1560K(1728K) NonClass: 1436K(1536K)->1436K(1536K) Class: 124K(192K)->124K(192K)
[2024-10-12T11:15:44.236+0800][info] GC(62) Pause Young (Mixed) (G1 Evacuation Pause) 112M->112M(128M) 4.227ms
[2024-10-12T11:15:44.236+0800][info] GC(62) User=0.01s Sys=0.00s Real=0.01s
[2024-10-12T11:15:44.236+0800][info] Attempting full compaction
[2024-10-12T11:15:44.236+0800][info] GC(63) Using 3 workers of 48 for full compaction
[2024-10-12T11:15:44.236+0800][info] GC(63) Pause Full (G1 Compaction Pause)
[2024-10-12T11:15:44.237+0800][info] GC(63) Phase 1: Mark live objects
[2024-10-12T11:15:44.239+0800][info] GC(63) Phase 1: Mark live objects 2.806ms
[2024-10-12T11:15:44.239+0800][info] GC(63) Phase 2: Prepare for compaction
[2024-10-12T11:15:44.240+0800][info] GC(63) Phase 2: Prepare for compaction 0.502ms
[2024-10-12T11:15:44.240+0800][info] GC(63) Phase 3: Adjust pointers
[2024-10-12T11:15:44.241+0800][info] GC(63) Phase 3: Adjust pointers 1.300ms
[2024-10-12T11:15:44.241+0800][info] GC(63) Phase 4: Compact heap
[2024-10-12T11:15:44.252+0800][info] GC(63) Phase 4: Compact heap 11.058ms
[2024-10-12T11:15:44.254+0800][info] GC(63) Eden regions: 0->0(4)
[2024-10-12T11:15:44.254+0800][info] GC(63) Survivor regions: 0->0(0)
[2024-10-12T11:15:44.254+0800][info] GC(63) Old regions: 60->39
[2024-10-12T11:15:44.254+0800][info] GC(63) Archive regions: 2->2
[2024-10-12T11:15:44.254+0800][info] GC(63) Humongous regions: 2->2
[2024-10-12T11:15:44.254+0800][info] GC(63) Metaspace: 1560K(1728K)->1560K(1728K) NonClass: 1436K(1536K)->1436K(1536K) Class: 124K(192K)->124K(192K)
[2024-10-12T11:15:44.254+0800][info] GC(63) Pause Full (G1 Compaction Pause) 112M->69M(128M) 17.233ms
[2024-10-12T11:15:44.254+0800][info] GC(63) User=0.04s Sys=0.00s Real=0.02s
[2024-10-12T11:15:44.479+0800][info] GC(64) Pause Young (Normal) (G1 Evacuation Pause)
[2024-10-12T11:15:44.479+0800][info] GC(64) Using 3 workers of 48 for evacuation
[2024-10-12T11:15:44.481+0800][info] GC(64)   Pre Evacuate Collection Set: 0.1ms
[2024-10-12T11:15:44.481+0800][info] GC(64)   Merge Heap Roots: 0.1ms
[2024-10-12T11:15:44.481+0800][info] GC(64)   Evacuate Collection Set: 1.4ms
[2024-10-12T11:15:44.481+0800][info] GC(64)   Post Evacuate Collection Set: 0.2ms
[2024-10-12T11:15:44.481+0800][info] GC(64)   Other: 0.2ms
[2024-10-12T11:15:44.481+0800][info] GC(64) Eden regions: 4->0(2)
[2024-10-12T11:15:44.481+0800][info] GC(64) Survivor regions: 0->1(1)
[2024-10-12T11:15:44.481+0800][info] GC(64) Old regions: 39->43
[2024-10-12T11:15:44.481+0800][info] GC(64) Archive regions: 2->2
[2024-10-12T11:15:44.481+0800][info] GC(64) Humongous regions: 2->2
[2024-10-12T11:15:44.481+0800][info] GC(64) Metaspace: 1560K(1728K)->1560K(1728K) NonClass: 1436K(1536K)->1436K(1536K) Class: 124K(192K)->124K(192K)
[2024-10-12T11:15:44.482+0800][info] GC(64) Pause Young (Normal) (G1 Evacuation Pause) 77M->77M(128M) 2.205ms
[2024-10-12T11:15:44.482+0800][info] GC(64) User=0.00s Sys=0.00s Real=0.00s
[2024-10-12T11:15:44.584+0800][info] GC(65) Pause Young (Normal) (G1 Evacuation Pause)
[2024-10-12T11:15:44.584+0800][info] GC(65) Using 3 workers of 48 for evacuation
[2024-10-12T11:15:44.586+0800][info] GC(65)   Pre Evacuate Collection Set: 0.1ms
[2024-10-12T11:15:44.586+0800][info] GC(65)   Merge Heap Roots: 0.1ms
[2024-10-12T11:15:44.586+0800][info] GC(65)   Evacuate Collection Set: 0.7ms
[2024-10-12T11:15:44.586+0800][info] GC(65)   Post Evacuate Collection Set: 0.2ms
[2024-10-12T11:15:44.586+0800][info] GC(65)   Other: 0.2ms
[2024-10-12T11:15:44.586+0800][info] GC(65) Eden regions: 2->0(2)
[2024-10-12T11:15:44.586+0800][info] GC(65) Survivor regions: 1->1(1)
[2024-10-12T11:15:44.586+0800][info] GC(65) Old regions: 43->45
[2024-10-12T11:15:44.586+0800][info] GC(65) Archive regions: 2->2
[2024-10-12T11:15:44.586+0800][info] GC(65) Humongous regions: 2->2
[2024-10-12T11:15:44.586+0800][info] GC(65) Metaspace: 1560K(1728K)->1560K(1728K) NonClass: 1436K(1536K)->1436K(1536K) Class: 124K(192K)->124K(192K)
[2024-10-12T11:15:44.586+0800][info] GC(65) Pause Young (Normal) (G1 Evacuation Pause) 81M->82M(128M) 1.397ms
[2024-10-12T11:15:44.586+0800][info] GC(65) User=0.00s Sys=0.00s Real=0.01s
[2024-10-12T11:15:44.688+0800][info] GC(66) Pause Young (Normal) (G1 Evacuation Pause)
[2024-10-12T11:15:44.688+0800][info] GC(66) Using 3 workers of 48 for evacuation
[2024-10-12T11:15:44.689+0800][info] GC(66)   Pre Evacuate Collection Set: 0.1ms
[2024-10-12T11:15:44.689+0800][info] GC(66)   Merge Heap Roots: 0.0ms
[2024-10-12T11:15:44.689+0800][info] GC(66)   Evacuate Collection Set: 0.7ms
[2024-10-12T11:15:44.689+0800][info] GC(66)   Post Evacuate Collection Set: 0.2ms
[2024-10-12T11:15:44.689+0800][info] GC(66)   Other: 0.2ms
[2024-10-12T11:15:44.689+0800][info] GC(66) Eden regions: 2->0(2)
[2024-10-12T11:15:44.689+0800][info] GC(66) Survivor regions: 1->1(1)
[2024-10-12T11:15:44.689+0800][info] GC(66) Old regions: 45->47
[2024-10-12T11:15:44.689+0800][info] GC(66) Archive regions: 2->2
[2024-10-12T11:15:44.689+0800][info] GC(66) Humongous regions: 2->2
[2024-10-12T11:15:44.689+0800][info] GC(66) Metaspace: 1560K(1728K)->1560K(1728K) NonClass: 1436K(1536K)->1436K(1536K) Class: 124K(192K)->124K(192K)
[2024-10-12T11:15:44.689+0800][info] GC(66) Pause Young (Normal) (G1 Evacuation Pause) 85M->85M(128M) 1.389ms
[2024-10-12T11:15:44.689+0800][info] GC(66) User=0.00s Sys=0.00s Real=0.00s
[2024-10-12T11:15:44.792+0800][info] GC(67) Pause Young (Concurrent Start) (G1 Evacuation Pause)
[2024-10-12T11:15:44.792+0800][info] GC(67) Using 3 workers of 48 for evacuation
[2024-10-12T11:15:44.793+0800][info] GC(67)   Pre Evacuate Collection Set: 0.1ms
[2024-10-12T11:15:44.793+0800][info] GC(67)   Merge Heap Roots: 0.0ms
[2024-10-12T11:15:44.794+0800][info] GC(67)   Evacuate Collection Set: 0.9ms
[2024-10-12T11:15:44.794+0800][info] GC(67)   Post Evacuate Collection Set: 0.2ms
[2024-10-12T11:15:44.794+0800][info] GC(67)   Other: 0.3ms
[2024-10-12T11:15:44.794+0800][info] GC(67) Eden regions: 2->0(2)
[2024-10-12T11:15:44.794+0800][info] GC(67) Survivor regions: 1->1(1)
[2024-10-12T11:15:44.794+0800][info] GC(67) Old regions: 47->49
[2024-10-12T11:15:44.794+0800][info] GC(67) Archive regions: 2->2
[2024-10-12T11:15:44.794+0800][info] GC(67) Humongous regions: 2->2
[2024-10-12T11:15:44.794+0800][info] GC(67) Metaspace: 1560K(1728K)->1560K(1728K) NonClass: 1436K(1536K)->1436K(1536K) Class: 124K(192K)->124K(192K)
[2024-10-12T11:15:44.794+0800][info] GC(67) Pause Young (Concurrent Start) (G1 Evacuation Pause) 89M->89M(128M) 1.678ms
[2024-10-12T11:15:44.794+0800][info] GC(67) User=0.00s Sys=0.00s Real=0.01s
[2024-10-12T11:15:44.794+0800][info] GC(68) Concurrent Mark Cycle
[2024-10-12T11:15:44.794+0800][info] GC(68) Concurrent Clear Claimed Marks
[2024-10-12T11:15:44.794+0800][info] GC(68) Concurrent Clear Claimed Marks 0.016ms
[2024-10-12T11:15:44.794+0800][info] GC(68) Concurrent Scan Root Regions
[2024-10-12T11:15:44.794+0800][info] GC(68) Concurrent Scan Root Regions 0.149ms
[2024-10-12T11:15:44.794+0800][info] GC(68) Concurrent Mark
[2024-10-12T11:15:44.794+0800][info] GC(68) Concurrent Mark From Roots
[2024-10-12T11:15:44.794+0800][info] GC(68) Using 12 workers of 12 for marking
[2024-10-12T11:15:44.797+0800][info] GC(68) Concurrent Mark From Roots 3.159ms
[2024-10-12T11:15:44.797+0800][info] GC(68) Concurrent Preclean
[2024-10-12T11:15:44.799+0800][info] GC(68) Concurrent Preclean 1.659ms
[2024-10-12T11:15:44.799+0800][info] GC(68) Pause Remark
[2024-10-12T11:15:44.800+0800][info] GC(68) Pause Remark 90M->90M(128M) 1.299ms
[2024-10-12T11:15:44.800+0800][info] GC(68) User=0.00s Sys=0.00s Real=0.00s
[2024-10-12T11:15:44.800+0800][info] GC(68) Concurrent Mark 6.358ms
[2024-10-12T11:15:44.800+0800][info] GC(68) Concurrent Rebuild Remembered Sets
[2024-10-12T11:15:44.801+0800][info] GC(68) Concurrent Rebuild Remembered Sets 1.094ms
[2024-10-12T11:15:44.801+0800][info] GC(68) Pause Cleanup
[2024-10-12T11:15:44.802+0800][info] GC(68) Pause Cleanup 90M->90M(128M) 0.141ms
[2024-10-12T11:15:44.802+0800][info] GC(68) User=0.00s Sys=0.00s Real=0.00s
[2024-10-12T11:15:44.802+0800][info] GC(68) Concurrent Cleanup for Next Mark
[2024-10-12T11:15:44.802+0800][info] GC(68) Concurrent Cleanup for Next Mark 0.355ms
[2024-10-12T11:15:44.802+0800][info] GC(68) Concurrent Mark Cycle 8.368ms
[2024-10-12T11:15:44.947+0800][info] GC(69) Pause Young (Prepare Mixed) (G1 Evacuation Pause)
[2024-10-12T11:15:44.947+0800][info] GC(69) Using 3 workers of 48 for evacuation
[2024-10-12T11:15:44.949+0800][info] GC(69)   Pre Evacuate Collection Set: 0.1ms
[2024-10-12T11:15:44.949+0800][info] GC(69)   Merge Heap Roots: 0.1ms
[2024-10-12T11:15:44.949+0800][info] GC(69)   Evacuate Collection Set: 0.8ms
[2024-10-12T11:15:44.949+0800][info] GC(69)   Post Evacuate Collection Set: 0.2ms
[2024-10-12T11:15:44.949+0800][info] GC(69)   Other: 0.2ms
[2024-10-12T11:15:44.949+0800][info] GC(69) Eden regions: 2->0(2)
[2024-10-12T11:15:44.949+0800][info] GC(69) Survivor regions: 1->1(1)
[2024-10-12T11:15:44.949+0800][info] GC(69) Old regions: 49->51
[2024-10-12T11:15:44.949+0800][info] GC(69) Archive regions: 2->2
[2024-10-12T11:15:44.949+0800][info] GC(69) Humongous regions: 2->2
[2024-10-12T11:15:44.949+0800][info] GC(69) Metaspace: 1560K(1728K)->1560K(1728K) NonClass: 1436K(1536K)->1436K(1536K) Class: 124K(192K)->124K(192K)
[2024-10-12T11:15:44.949+0800][info] GC(69) Pause Young (Prepare Mixed) (G1 Evacuation Pause) 93M->93M(128M) 1.488ms
[2024-10-12T11:15:44.949+0800][info] GC(69) User=0.00s Sys=0.00s Real=0.00s
[2024-10-12T11:15:45.052+0800][info] GC(70) Pause Young (Mixed) (G1 Evacuation Pause)
[2024-10-12T11:15:45.052+0800][info] GC(70) Using 3 workers of 48 for evacuation
[2024-10-12T11:15:45.056+0800][info] GC(70) To-space exhausted
[2024-10-12T11:15:45.056+0800][info] GC(70)   Pre Evacuate Collection Set: 0.2ms
[2024-10-12T11:15:45.056+0800][info] GC(70)   Merge Heap Roots: 0.1ms
[2024-10-12T11:15:45.056+0800][info] GC(70)   Evacuate Collection Set: 3.2ms
[2024-10-12T11:15:45.056+0800][info] GC(70)   Post Evacuate Collection Set: 0.8ms
[2024-10-12T11:15:45.056+0800][info] GC(70)   Other: 0.2ms
[2024-10-12T11:15:45.056+0800][info] GC(70) Eden regions: 2->0(2)
[2024-10-12T11:15:45.056+0800][info] GC(70) Survivor regions: 1->1(1)
[2024-10-12T11:15:45.056+0800][info] GC(70) Old regions: 51->59
[2024-10-12T11:15:45.056+0800][info] GC(70) Archive regions: 2->2
[2024-10-12T11:15:45.056+0800][info] GC(70) Humongous regions: 2->2
[2024-10-12T11:15:45.056+0800][info] GC(70) Metaspace: 1560K(1728K)->1560K(1728K) NonClass: 1436K(1536K)->1436K(1536K) Class: 124K(192K)->124K(192K)
[2024-10-12T11:15:45.056+0800][info] GC(70) Pause Young (Mixed) (G1 Evacuation Pause) 97M->110M(128M) 4.504ms
[2024-10-12T11:15:45.056+0800][info] GC(70) User=0.01s Sys=0.01s Real=0.01s
[2024-10-12T11:15:45.056+0800][info] Attempting full compaction
[2024-10-12T11:15:45.056+0800][info] GC(71) Using 3 workers of 48 for full compaction
[2024-10-12T11:15:45.056+0800][info] GC(71) Pause Full (G1 Compaction Pause)
[2024-10-12T11:15:45.056+0800][info] GC(71) Phase 1: Mark live objects
[2024-10-12T11:15:45.059+0800][info] GC(71) Phase 1: Mark live objects 3.301ms
[2024-10-12T11:15:45.060+0800][info] GC(71) Phase 2: Prepare for compaction
[2024-10-12T11:15:45.060+0800][info] GC(71) Phase 2: Prepare for compaction 0.324ms
[2024-10-12T11:15:45.060+0800][info] GC(71) Phase 3: Adjust pointers
[2024-10-12T11:15:45.061+0800][info] GC(71) Phase 3: Adjust pointers 1.274ms
[2024-10-12T11:15:45.061+0800][info] GC(71) Phase 4: Compact heap
[2024-10-12T11:15:45.072+0800][info] GC(71) Phase 4: Compact heap 10.352ms
[2024-10-12T11:15:45.073+0800][info] GC(71) Eden regions: 0->0(4)
[2024-10-12T11:15:45.073+0800][info] GC(71) Survivor regions: 1->0(1)
[2024-10-12T11:15:45.073+0800][info] GC(71) Old regions: 59->38
[2024-10-12T11:15:45.073+0800][info] GC(71) Archive regions: 2->2
[2024-10-12T11:15:45.073+0800][info] GC(71) Humongous regions: 2->2
[2024-10-12T11:15:45.073+0800][info] GC(71) Metaspace: 1560K(1728K)->1560K(1728K) NonClass: 1436K(1536K)->1436K(1536K) Class: 124K(192K)->124K(192K)
[2024-10-12T11:15:45.073+0800][info] GC(71) Pause Full (G1 Compaction Pause) 110M->69M(128M) 16.676ms
[2024-10-12T11:15:45.073+0800][info] GC(71) User=0.03s Sys=0.00s Real=0.01s
[2024-10-12T11:15:45.299+0800][info] GC(72) Pause Young (Normal) (G1 Evacuation Pause)
[2024-10-12T11:15:45.299+0800][info] GC(72) Using 3 workers of 48 for evacuation
[2024-10-12T11:15:45.300+0800][info] GC(72)   Pre Evacuate Collection Set: 0.1ms
[2024-10-12T11:15:45.300+0800][info] GC(72)   Merge Heap Roots: 0.0ms
[2024-10-12T11:15:45.300+0800][info] GC(72)   Evacuate Collection Set: 1.0ms
[2024-10-12T11:15:45.300+0800][info] GC(72)   Post Evacuate Collection Set: 0.2ms
[2024-10-12T11:15:45.300+0800][info] GC(72)   Other: 0.2ms
[2024-10-12T11:15:45.300+0800][info] GC(72) Eden regions: 4->0(3)
[2024-10-12T11:15:45.300+0800][info] GC(72) Survivor regions: 0->1(1)
[2024-10-12T11:15:45.300+0800][info] GC(72) Old regions: 38->41
[2024-10-12T11:15:45.300+0800][info] GC(72) Archive regions: 2->2
[2024-10-12T11:15:45.300+0800][info] GC(72) Humongous regions: 2->2
[2024-10-12T11:15:45.300+0800][info] GC(72) Metaspace: 1560K(1728K)->1560K(1728K) NonClass: 1436K(1536K)->1436K(1536K) Class: 124K(192K)->124K(192K)
[2024-10-12T11:15:45.300+0800][info] GC(72) Pause Young (Normal) (G1 Evacuation Pause) 77M->77M(128M) 1.753ms
[2024-10-12T11:15:45.300+0800][info] GC(72) User=0.00s Sys=0.00s Real=0.00s
[2024-10-12T11:15:45.464+0800][info] GC(73) Pause Young (Normal) (G1 Evacuation Pause)
[2024-10-12T11:15:45.464+0800][info] GC(73) Using 3 workers of 48 for evacuation
[2024-10-12T11:15:45.466+0800][info] GC(73)   Pre Evacuate Collection Set: 0.1ms
[2024-10-12T11:15:45.466+0800][info] GC(73)   Merge Heap Roots: 0.0ms
[2024-10-12T11:15:45.466+0800][info] GC(73)   Evacuate Collection Set: 1.0ms
[2024-10-12T11:15:45.466+0800][info] GC(73)   Post Evacuate Collection Set: 0.2ms
[2024-10-12T11:15:45.466+0800][info] GC(73)   Other: 0.2ms
[2024-10-12T11:15:45.466+0800][info] GC(73) Eden regions: 3->0(2)
[2024-10-12T11:15:45.466+0800][info] GC(73) Survivor regions: 1->1(1)
[2024-10-12T11:15:45.466+0800][info] GC(73) Old regions: 41->45
[2024-10-12T11:15:45.466+0800][info] GC(73) Archive regions: 2->2
[2024-10-12T11:15:45.466+0800][info] GC(73) Humongous regions: 2->2
[2024-10-12T11:15:45.466+0800][info] GC(73) Metaspace: 1560K(1728K)->1560K(1728K) NonClass: 1436K(1536K)->1436K(1536K) Class: 124K(192K)->124K(192K)
[2024-10-12T11:15:45.466+0800][info] GC(73) Pause Young (Normal) (G1 Evacuation Pause) 83M->83M(128M) 1.603ms
[2024-10-12T11:15:45.466+0800][info] GC(73) User=0.00s Sys=0.00s Real=0.01s
[2024-10-12T11:15:45.568+0800][info] GC(74) Pause Young (Concurrent Start) (G1 Evacuation Pause)
[2024-10-12T11:15:45.568+0800][info] GC(74) Using 3 workers of 48 for evacuation
[2024-10-12T11:15:45.570+0800][info] GC(74)   Pre Evacuate Collection Set: 0.1ms
[2024-10-12T11:15:45.570+0800][info] GC(74)   Merge Heap Roots: 0.0ms
[2024-10-12T11:15:45.570+0800][info] GC(74)   Evacuate Collection Set: 0.9ms
[2024-10-12T11:15:45.570+0800][info] GC(74)   Post Evacuate Collection Set: 0.2ms
[2024-10-12T11:15:45.570+0800][info] GC(74)   Other: 0.4ms
[2024-10-12T11:15:45.570+0800][info] GC(74) Eden regions: 2->0(2)
[2024-10-12T11:15:45.570+0800][info] GC(74) Survivor regions: 1->1(1)
[2024-10-12T11:15:45.570+0800][info] GC(74) Old regions: 45->47
[2024-10-12T11:15:45.570+0800][info] GC(74) Archive regions: 2->2
[2024-10-12T11:15:45.570+0800][info] GC(74) Humongous regions: 2->2
[2024-10-12T11:15:45.570+0800][info] GC(74) Metaspace: 1560K(1728K)->1560K(1728K) NonClass: 1436K(1536K)->1436K(1536K) Class: 124K(192K)->124K(192K)
[2024-10-12T11:15:45.570+0800][info] GC(74) Pause Young (Concurrent Start) (G1 Evacuation Pause) 87M->87M(128M) 1.706ms
[2024-10-12T11:15:45.570+0800][info] GC(74) User=0.01s Sys=0.00s Real=0.00s
[2024-10-12T11:15:45.570+0800][info] GC(75) Concurrent Mark Cycle
[2024-10-12T11:15:45.570+0800][info] GC(75) Concurrent Clear Claimed Marks
[2024-10-12T11:15:45.570+0800][info] GC(75) Concurrent Clear Claimed Marks 0.015ms
[2024-10-12T11:15:45.570+0800][info] GC(75) Concurrent Scan Root Regions
[2024-10-12T11:15:45.570+0800][info] GC(75) Concurrent Scan Root Regions 0.151ms
[2024-10-12T11:15:45.570+0800][info] GC(75) Concurrent Mark
[2024-10-12T11:15:45.570+0800][info] GC(75) Concurrent Mark From Roots
[2024-10-12T11:15:45.570+0800][info] GC(75) Using 12 workers of 12 for marking
[2024-10-12T11:15:45.574+0800][info] GC(75) Concurrent Mark From Roots 3.521ms
[2024-10-12T11:15:45.574+0800][info] GC(75) Concurrent Preclean
[2024-10-12T11:15:45.575+0800][info] GC(75) Concurrent Preclean 1.660ms
[2024-10-12T11:15:45.575+0800][info] GC(75) Pause Remark
[2024-10-12T11:15:45.577+0800][info] GC(75) Pause Remark 88M->88M(128M) 1.317ms
[2024-10-12T11:15:45.577+0800][info] GC(75) User=0.00s Sys=0.00s Real=0.00s
[2024-10-12T11:15:45.577+0800][info] GC(75) Concurrent Mark 6.750ms
[2024-10-12T11:15:45.577+0800][info] GC(75) Concurrent Rebuild Remembered Sets
[2024-10-12T11:15:45.578+0800][info] GC(75) Concurrent Rebuild Remembered Sets 1.473ms
[2024-10-12T11:15:45.578+0800][info] GC(75) Pause Cleanup
[2024-10-12T11:15:45.579+0800][info] GC(75) Pause Cleanup 88M->88M(128M) 0.176ms
[2024-10-12T11:15:45.579+0800][info] GC(75) User=0.00s Sys=0.00s Real=0.00s
[2024-10-12T11:15:45.579+0800][info] GC(75) Concurrent Cleanup for Next Mark
[2024-10-12T11:15:45.579+0800][info] GC(75) Concurrent Cleanup for Next Mark 0.358ms
[2024-10-12T11:15:45.579+0800][info] GC(75) Concurrent Mark Cycle 9.254ms
[2024-10-12T11:15:45.724+0800][info] GC(76) Pause Young (Prepare Mixed) (G1 Evacuation Pause)
[2024-10-12T11:15:45.724+0800][info] GC(76) Using 3 workers of 48 for evacuation
[2024-10-12T11:15:45.726+0800][info] GC(76)   Pre Evacuate Collection Set: 0.1ms
[2024-10-12T11:15:45.726+0800][info] GC(76)   Merge Heap Roots: 0.1ms
[2024-10-12T11:15:45.726+0800][info] GC(76)   Evacuate Collection Set: 1.0ms
[2024-10-12T11:15:45.726+0800][info] GC(76)   Post Evacuate Collection Set: 0.2ms
[2024-10-12T11:15:45.726+0800][info] GC(76)   Other: 0.2ms
[2024-10-12T11:15:45.726+0800][info] GC(76) Eden regions: 2->0(2)
[2024-10-12T11:15:45.726+0800][info] GC(76) Survivor regions: 1->1(1)
[2024-10-12T11:15:45.726+0800][info] GC(76) Old regions: 46->48
[2024-10-12T11:15:45.726+0800][info] GC(76) Archive regions: 2->2
[2024-10-12T11:15:45.726+0800][info] GC(76) Humongous regions: 2->2
[2024-10-12T11:15:45.726+0800][info] GC(76) Metaspace: 1563K(1728K)->1563K(1728K) NonClass: 1439K(1536K)->1439K(1536K) Class: 124K(192K)->124K(192K)
[2024-10-12T11:15:45.726+0800][info] GC(76) Pause Young (Prepare Mixed) (G1 Evacuation Pause) 91M->91M(128M) 1.694ms
[2024-10-12T11:15:45.726+0800][info] GC(76) User=0.01s Sys=0.00s Real=0.01s
[2024-10-12T11:15:45.828+0800][info] GC(77) Pause Young (Mixed) (G1 Evacuation Pause)
[2024-10-12T11:15:45.828+0800][info] GC(77) Using 3 workers of 48 for evacuation
[2024-10-12T11:15:45.834+0800][info] GC(77) To-space exhausted
[2024-10-12T11:15:45.834+0800][info] GC(77)   Pre Evacuate Collection Set: 0.2ms
[2024-10-12T11:15:45.834+0800][info] GC(77)   Merge Heap Roots: 0.1ms
[2024-10-12T11:15:45.834+0800][info] GC(77)   Evacuate Collection Set: 4.1ms
[2024-10-12T11:15:45.834+0800][info] GC(77)   Post Evacuate Collection Set: 1.8ms
[2024-10-12T11:15:45.834+0800][info] GC(77)   Other: 0.2ms
[2024-10-12T11:15:45.834+0800][info] GC(77) Eden regions: 2->0(2)
[2024-10-12T11:15:45.834+0800][info] GC(77) Survivor regions: 1->1(1)
[2024-10-12T11:15:45.834+0800][info] GC(77) Old regions: 48->55
[2024-10-12T11:15:45.834+0800][info] GC(77) Archive regions: 2->2
[2024-10-12T11:15:45.834+0800][info] GC(77) Humongous regions: 2->2
[2024-10-12T11:15:45.834+0800][info] GC(77) Metaspace: 1563K(1728K)->1563K(1728K) NonClass: 1439K(1536K)->1439K(1536K) Class: 124K(192K)->124K(192K)
[2024-10-12T11:15:45.834+0800][info] GC(77) Pause Young (Mixed) (G1 Evacuation Pause) 95M->107M(128M) 6.476ms
[2024-10-12T11:15:45.834+0800][info] GC(77) User=0.01s Sys=0.00s Real=0.01s
[2024-10-12T11:15:45.896+0800][info] GC(78) Pause Young (Concurrent Start) (G1 Preventive Collection)
[2024-10-12T11:15:45.896+0800][info] GC(78) Using 3 workers of 48 for evacuation
[2024-10-12T11:15:45.898+0800][info] GC(78)   Pre Evacuate Collection Set: 0.1ms
[2024-10-12T11:15:45.898+0800][info] GC(78)   Merge Heap Roots: 0.1ms
[2024-10-12T11:15:45.898+0800][info] GC(78)   Evacuate Collection Set: 1.1ms
[2024-10-12T11:15:45.898+0800][info] GC(78)   Post Evacuate Collection Set: 0.2ms
[2024-10-12T11:15:45.898+0800][info] GC(78)   Other: 0.4ms
[2024-10-12T11:15:45.898+0800][info] GC(78) Eden regions: 1->0(2)
[2024-10-12T11:15:45.898+0800][info] GC(78) Survivor regions: 1->1(1)
[2024-10-12T11:15:45.898+0800][info] GC(78) Old regions: 55->56
[2024-10-12T11:15:45.898+0800][info] GC(78) Archive regions: 2->2
[2024-10-12T11:15:45.898+0800][info] GC(78) Humongous regions: 2->2
[2024-10-12T11:15:45.898+0800][info] GC(78) Metaspace: 1563K(1728K)->1563K(1728K) NonClass: 1439K(1536K)->1439K(1536K) Class: 124K(192K)->124K(192K)
[2024-10-12T11:15:45.898+0800][info] GC(78) Pause Young (Concurrent Start) (G1 Preventive Collection) 109M->108M(128M) 1.935ms
[2024-10-12T11:15:45.898+0800][info] GC(78) User=0.01s Sys=0.00s Real=0.00s
[2024-10-12T11:15:45.898+0800][info] GC(79) Concurrent Mark Cycle
[2024-10-12T11:15:45.898+0800][info] GC(79) Concurrent Clear Claimed Marks
[2024-10-12T11:15:45.898+0800][info] GC(79) Concurrent Clear Claimed Marks 0.015ms
[2024-10-12T11:15:45.898+0800][info] GC(79) Concurrent Scan Root Regions
[2024-10-12T11:15:45.898+0800][info] GC(79) Concurrent Scan Root Regions 0.104ms
[2024-10-12T11:15:45.898+0800][info] GC(79) Concurrent Mark
[2024-10-12T11:15:45.898+0800][info] GC(79) Concurrent Mark From Roots
[2024-10-12T11:15:45.898+0800][info] GC(79) Using 12 workers of 12 for marking
[2024-10-12T11:15:45.902+0800][info] GC(79) Concurrent Mark From Roots 3.325ms
[2024-10-12T11:15:45.902+0800][info] GC(79) Concurrent Preclean
[2024-10-12T11:15:45.903+0800][info] GC(79) Concurrent Preclean 1.670ms
[2024-10-12T11:15:45.903+0800][info] GC(79) Pause Remark
[2024-10-12T11:15:45.905+0800][info] GC(79) Pause Remark 109M->109M(128M) 1.375ms
[2024-10-12T11:15:45.905+0800][info] GC(79) User=0.01s Sys=0.01s Real=0.00s
[2024-10-12T11:15:45.905+0800][info] GC(79) Concurrent Mark 6.558ms
[2024-10-12T11:15:45.905+0800][info] GC(79) Concurrent Rebuild Remembered Sets
[2024-10-12T11:15:45.906+0800][info] GC(79) Concurrent Rebuild Remembered Sets 1.056ms
[2024-10-12T11:15:45.906+0800][info] GC(79) Pause Cleanup
[2024-10-12T11:15:45.906+0800][info] GC(79) Pause Cleanup 109M->109M(128M) 0.155ms
[2024-10-12T11:15:45.906+0800][info] GC(79) User=0.00s Sys=0.00s Real=0.00s
[2024-10-12T11:15:45.906+0800][info] GC(79) Concurrent Cleanup for Next Mark
[2024-10-12T11:15:45.907+0800][info] GC(79) Concurrent Cleanup for Next Mark 0.337ms
[2024-10-12T11:15:45.907+0800][info] GC(79) Concurrent Mark Cycle 8.486ms
[2024-10-12T11:15:45.970+0800][info] GC(80) Pause Young (Prepare Mixed) (G1 Preventive Collection)
[2024-10-12T11:15:45.971+0800][info] GC(80) Using 3 workers of 48 for evacuation
[2024-10-12T11:15:45.971+0800][info] GC(80)   Pre Evacuate Collection Set: 0.1ms
[2024-10-12T11:15:45.971+0800][info] GC(80)   Merge Heap Roots: 0.0ms
[2024-10-12T11:15:45.971+0800][info] GC(80)   Evacuate Collection Set: 0.5ms
[2024-10-12T11:15:45.971+0800][info] GC(80)   Post Evacuate Collection Set: 0.2ms
[2024-10-12T11:15:45.972+0800][info] GC(80)   Other: 0.2ms
[2024-10-12T11:15:45.972+0800][info] GC(80) Eden regions: 1->0(2)
[2024-10-12T11:15:45.972+0800][info] GC(80) Survivor regions: 1->1(1)
[2024-10-12T11:15:45.972+0800][info] GC(80) Old regions: 56->57
[2024-10-12T11:15:45.972+0800][info] GC(80) Archive regions: 2->2
[2024-10-12T11:15:45.972+0800][info] GC(80) Humongous regions: 2->2
[2024-10-12T11:15:45.972+0800][info] GC(80) Metaspace: 1563K(1728K)->1563K(1728K) NonClass: 1439K(1536K)->1439K(1536K) Class: 124K(192K)->124K(192K)
[2024-10-12T11:15:45.972+0800][info] GC(80) Pause Young (Prepare Mixed) (G1 Preventive Collection) 110M->109M(128M) 1.116ms
[2024-10-12T11:15:45.972+0800][info] GC(80) User=0.00s Sys=0.00s Real=0.00s
[2024-10-12T11:15:45.972+0800][info] GC(81) Pause Young (Mixed) (G1 Preventive Collection)
[2024-10-12T11:15:45.972+0800][info] GC(81) Using 3 workers of 48 for evacuation
[2024-10-12T11:15:45.975+0800][info] GC(81) To-space exhausted
[2024-10-12T11:15:45.975+0800][info] GC(81)   Pre Evacuate Collection Set: 0.1ms
[2024-10-12T11:15:45.975+0800][info] GC(81)   Merge Heap Roots: 0.1ms
[2024-10-12T11:15:45.975+0800][info] GC(81)   Evacuate Collection Set: 1.5ms
[2024-10-12T11:15:45.975+0800][info] GC(81)   Post Evacuate Collection Set: 1.1ms
[2024-10-12T11:15:45.975+0800][info] GC(81)   Other: 0.2ms
[2024-10-12T11:15:45.975+0800][info] GC(81) Eden regions: 0->0(3)
[2024-10-12T11:15:45.975+0800][info] GC(81) Survivor regions: 1->0(1)
[2024-10-12T11:15:45.975+0800][info] GC(81) Old regions: 57->57
[2024-10-12T11:15:45.975+0800][info] GC(81) Archive regions: 2->2
[2024-10-12T11:15:45.975+0800][info] GC(81) Humongous regions: 3->3
[2024-10-12T11:15:45.975+0800][info] GC(81) Metaspace: 1563K(1728K)->1563K(1728K) NonClass: 1439K(1536K)->1439K(1536K) Class: 124K(192K)->124K(192K)
[2024-10-12T11:15:45.975+0800][info] GC(81) Pause Young (Mixed) (G1 Preventive Collection) 111M->111M(128M) 3.052ms
[2024-10-12T11:15:45.975+0800][info] GC(81) User=0.00s Sys=0.00s Real=0.01s
[2024-10-12T11:15:46.037+0800][info] GC(82) Pause Young (Concurrent Start) (G1 Preventive Collection)
[2024-10-12T11:15:46.037+0800][info] GC(82) Using 3 workers of 48 for evacuation
[2024-10-12T11:15:46.039+0800][info] GC(82)   Pre Evacuate Collection Set: 0.1ms
[2024-10-12T11:15:46.039+0800][info] GC(82)   Merge Heap Roots: 0.1ms
[2024-10-12T11:15:46.039+0800][info] GC(82)   Evacuate Collection Set: 0.8ms
[2024-10-12T11:15:46.039+0800][info] GC(82)   Post Evacuate Collection Set: 0.2ms
[2024-10-12T11:15:46.039+0800][info] GC(82)   Other: 0.4ms
[2024-10-12T11:15:46.039+0800][info] GC(82) Eden regions: 1->0(2)
[2024-10-12T11:15:46.039+0800][info] GC(82) Survivor regions: 0->1(1)
[2024-10-12T11:15:46.039+0800][info] GC(82) Old regions: 57->57
[2024-10-12T11:15:46.039+0800][info] GC(82) Archive regions: 2->2
[2024-10-12T11:15:46.039+0800][info] GC(82) Humongous regions: 3->3
[2024-10-12T11:15:46.039+0800][info] GC(82) Metaspace: 1563K(1728K)->1563K(1728K) NonClass: 1439K(1536K)->1439K(1536K) Class: 124K(192K)->124K(192K)
[2024-10-12T11:15:46.039+0800][info] GC(82) Pause Young (Concurrent Start) (G1 Preventive Collection) 112M->112M(128M) 1.677ms
[2024-10-12T11:15:46.039+0800][info] GC(82) User=0.00s Sys=0.00s Real=0.00s
[2024-10-12T11:15:46.039+0800][info] GC(83) Concurrent Mark Cycle
[2024-10-12T11:15:46.039+0800][info] GC(83) Concurrent Clear Claimed Marks
[2024-10-12T11:15:46.039+0800][info] GC(83) Concurrent Clear Claimed Marks 0.015ms
[2024-10-12T11:15:46.039+0800][info] GC(83) Concurrent Scan Root Regions
[2024-10-12T11:15:46.039+0800][info] GC(83) Concurrent Scan Root Regions 0.150ms
[2024-10-12T11:15:46.039+0800][info] GC(83) Concurrent Mark
[2024-10-12T11:15:46.039+0800][info] GC(83) Concurrent Mark From Roots
[2024-10-12T11:15:46.039+0800][info] GC(83) Using 12 workers of 12 for marking
[2024-10-12T11:15:46.043+0800][info] GC(83) Concurrent Mark From Roots 3.288ms
[2024-10-12T11:15:46.043+0800][info] GC(83) Concurrent Preclean
[2024-10-12T11:15:46.044+0800][info] GC(83) Concurrent Preclean 1.666ms
[2024-10-12T11:15:46.044+0800][info] GC(83) Pause Remark
[2024-10-12T11:15:46.046+0800][info] GC(83) Pause Remark 113M->113M(128M) 1.266ms
[2024-10-12T11:15:46.046+0800][info] GC(83) User=0.00s Sys=0.00s Real=0.01s
[2024-10-12T11:15:46.046+0800][info] GC(83) Concurrent Mark 6.411ms
[2024-10-12T11:15:46.046+0800][info] GC(83) Concurrent Rebuild Remembered Sets
[2024-10-12T11:15:46.047+0800][info] GC(83) Concurrent Rebuild Remembered Sets 1.040ms
[2024-10-12T11:15:46.047+0800][info] GC(83) Pause Cleanup
[2024-10-12T11:15:46.047+0800][info] GC(83) Pause Cleanup 113M->113M(128M) 0.146ms
[2024-10-12T11:15:46.047+0800][info] GC(83) User=0.00s Sys=0.00s Real=0.00s
[2024-10-12T11:15:46.047+0800][info] GC(83) Concurrent Cleanup for Next Mark
[2024-10-12T11:15:46.047+0800][info] GC(83) Concurrent Cleanup for Next Mark 0.330ms
[2024-10-12T11:15:46.048+0800][info] GC(83) Concurrent Mark Cycle 8.370ms
[2024-10-12T11:15:46.152+0800][info] GC(84) Pause Young (Prepare Mixed) (G1 Evacuation Pause)
[2024-10-12T11:15:46.152+0800][info] GC(84) Using 3 workers of 48 for evacuation
[2024-10-12T11:15:46.153+0800][info] GC(84) To-space exhausted
[2024-10-12T11:15:46.153+0800][info] GC(84)   Pre Evacuate Collection Set: 0.1ms
[2024-10-12T11:15:46.153+0800][info] GC(84)   Merge Heap Roots: 0.1ms
[2024-10-12T11:15:46.153+0800][info] GC(84)   Evacuate Collection Set: 0.1ms
[2024-10-12T11:15:46.153+0800][info] GC(84)   Post Evacuate Collection Set: 0.2ms
[2024-10-12T11:15:46.153+0800][info] GC(84)   Other: 0.2ms
[2024-10-12T11:15:46.153+0800][info] GC(84) Eden regions: 1->0(3)
[2024-10-12T11:15:46.153+0800][info] GC(84) Survivor regions: 1->0(0)
[2024-10-12T11:15:46.153+0800][info] GC(84) Old regions: 57->59
[2024-10-12T11:15:46.153+0800][info] GC(84) Archive regions: 2->2
[2024-10-12T11:15:46.153+0800][info] GC(84) Humongous regions: 3->3
[2024-10-12T11:15:46.153+0800][info] GC(84) Metaspace: 1563K(1728K)->1563K(1728K) NonClass: 1439K(1536K)->1439K(1536K) Class: 124K(192K)->124K(192K)
[2024-10-12T11:15:46.153+0800][info] GC(84) Pause Young (Prepare Mixed) (G1 Evacuation Pause) 114M->114M(128M) 0.803ms
[2024-10-12T11:15:46.153+0800][info] GC(84) User=0.00s Sys=0.00s Real=0.00s
[2024-10-12T11:15:46.153+0800][info] Attempting full compaction
[2024-10-12T11:15:46.153+0800][info] GC(85) Using 3 workers of 48 for full compaction
[2024-10-12T11:15:46.153+0800][info] GC(85) Pause Full (G1 Compaction Pause)
[2024-10-12T11:15:46.153+0800][info] GC(85) Phase 1: Mark live objects
[2024-10-12T11:15:46.156+0800][info] GC(85) Phase 1: Mark live objects 2.584ms
[2024-10-12T11:15:46.156+0800][info] GC(85) Phase 2: Prepare for compaction
[2024-10-12T11:15:46.156+0800][info] GC(85) Phase 2: Prepare for compaction 0.463ms
[2024-10-12T11:15:46.156+0800][info] GC(85) Phase 3: Adjust pointers
[2024-10-12T11:15:46.157+0800][info] GC(85) Phase 3: Adjust pointers 1.382ms
[2024-10-12T11:15:46.158+0800][info] GC(85) Phase 4: Compact heap
[2024-10-12T11:15:46.167+0800][info] GC(85) Phase 4: Compact heap 9.049ms
[2024-10-12T11:15:46.168+0800][info] GC(85) Eden regions: 0->0(5)
[2024-10-12T11:15:46.168+0800][info] GC(85) Survivor regions: 0->0(0)
[2024-10-12T11:15:46.168+0800][info] GC(85) Old regions: 59->37
[2024-10-12T11:15:46.168+0800][info] GC(85) Archive regions: 2->2
[2024-10-12T11:15:46.168+0800][info] GC(85) Humongous regions: 3->3
[2024-10-12T11:15:46.168+0800][info] GC(85) Metaspace: 1563K(1728K)->1563K(1728K) NonClass: 1439K(1536K)->1439K(1536K) Class: 124K(192K)->124K(192K)
[2024-10-12T11:15:46.168+0800][info] GC(85) Pause Full (G1 Compaction Pause) 114M->71M(128M) 14.949ms
[2024-10-12T11:15:46.168+0800][info] GC(85) User=0.04s Sys=0.00s Real=0.02s
[2024-10-12T11:15:46.435+0800][info] GC(86) Pause Young (Normal) (G1 Evacuation Pause)
[2024-10-12T11:15:46.435+0800][info] GC(86) Using 3 workers of 48 for evacuation
[2024-10-12T11:15:46.437+0800][info] GC(86)   Pre Evacuate Collection Set: 0.1ms
[2024-10-12T11:15:46.437+0800][info] GC(86)   Merge Heap Roots: 0.1ms
[2024-10-12T11:15:46.437+0800][info] GC(86)   Evacuate Collection Set: 1.3ms
[2024-10-12T11:15:46.437+0800][info] GC(86)   Post Evacuate Collection Set: 0.2ms
[2024-10-12T11:15:46.437+0800][info] GC(86)   Other: 0.2ms
[2024-10-12T11:15:46.437+0800][info] GC(86) Eden regions: 5->0(2)
[2024-10-12T11:15:46.437+0800][info] GC(86) Survivor regions: 0->1(1)
[2024-10-12T11:15:46.437+0800][info] GC(86) Old regions: 37->41
[2024-10-12T11:15:46.437+0800][info] GC(86) Archive regions: 2->2
[2024-10-12T11:15:46.437+0800][info] GC(86) Humongous regions: 3->3
[2024-10-12T11:15:46.437+0800][info] GC(86) Metaspace: 1563K(1728K)->1563K(1728K) NonClass: 1439K(1536K)->1439K(1536K) Class: 124K(192K)->124K(192K)
[2024-10-12T11:15:46.437+0800][info] GC(86) Pause Young (Normal) (G1 Evacuation Pause) 81M->80M(128M) 1.985ms
[2024-10-12T11:15:46.437+0800][info] GC(86) User=0.01s Sys=0.00s Real=0.00s
[2024-10-12T11:15:46.540+0800][info] GC(87) Pause Young (Normal) (G1 Evacuation Pause)
[2024-10-12T11:15:46.540+0800][info] GC(87) Using 3 workers of 48 for evacuation
[2024-10-12T11:15:46.541+0800][info] GC(87)   Pre Evacuate Collection Set: 0.1ms
[2024-10-12T11:15:46.541+0800][info] GC(87)   Merge Heap Roots: 0.0ms
[2024-10-12T11:15:46.541+0800][info] GC(87)   Evacuate Collection Set: 0.7ms
[2024-10-12T11:15:46.541+0800][info] GC(87)   Post Evacuate Collection Set: 0.2ms
[2024-10-12T11:15:46.541+0800][info] GC(87)   Other: 0.2ms
[2024-10-12T11:15:46.541+0800][info] GC(87) Eden regions: 2->0(2)
[2024-10-12T11:15:46.541+0800][info] GC(87) Survivor regions: 1->1(1)
[2024-10-12T11:15:46.541+0800][info] GC(87) Old regions: 41->43
[2024-10-12T11:15:46.541+0800][info] GC(87) Archive regions: 2->2
[2024-10-12T11:15:46.541+0800][info] GC(87) Humongous regions: 3->3
[2024-10-12T11:15:46.541+0800][info] GC(87) Metaspace: 1566K(1728K)->1566K(1728K) NonClass: 1441K(1536K)->1441K(1536K) Class: 124K(192K)->124K(192K)
[2024-10-12T11:15:46.541+0800][info] GC(87) Pause Young (Normal) (G1 Evacuation Pause) 84M->84M(128M) 1.417ms
[2024-10-12T11:15:46.541+0800][info] GC(87) User=0.00s Sys=0.00s Real=0.00s
[2024-10-12T11:15:46.643+0800][info] GC(88) Pause Young (Normal) (G1 Evacuation Pause)
[2024-10-12T11:15:46.643+0800][info] GC(88) Using 3 workers of 48 for evacuation
[2024-10-12T11:15:46.645+0800][info] GC(88)   Pre Evacuate Collection Set: 0.1ms
[2024-10-12T11:15:46.645+0800][info] GC(88)   Merge Heap Roots: 0.0ms
[2024-10-12T11:15:46.645+0800][info] GC(88)   Evacuate Collection Set: 0.8ms
[2024-10-12T11:15:46.645+0800][info] GC(88)   Post Evacuate Collection Set: 0.2ms
[2024-10-12T11:15:46.645+0800][info] GC(88)   Other: 0.2ms
[2024-10-12T11:15:46.645+0800][info] GC(88) Eden regions: 2->0(2)
[2024-10-12T11:15:46.645+0800][info] GC(88) Survivor regions: 1->1(1)
[2024-10-12T11:15:46.645+0800][info] GC(88) Old regions: 43->45
[2024-10-12T11:15:46.645+0800][info] GC(88) Archive regions: 2->2
[2024-10-12T11:15:46.645+0800][info] GC(88) Humongous regions: 3->3
[2024-10-12T11:15:46.645+0800][info] GC(88) Metaspace: 1566K(1728K)->1566K(1728K) NonClass: 1441K(1536K)->1441K(1536K) Class: 124K(192K)->124K(192K)
[2024-10-12T11:15:46.645+0800][info] GC(88) Pause Young (Normal) (G1 Evacuation Pause) 88M->88M(128M) 1.448ms
[2024-10-12T11:15:46.645+0800][info] GC(88) User=0.01s Sys=0.00s Real=0.00s
[2024-10-12T11:15:46.747+0800][info] GC(89) Pause Young (Concurrent Start) (G1 Evacuation Pause)
[2024-10-12T11:15:46.747+0800][info] GC(89) Using 3 workers of 48 for evacuation
[2024-10-12T11:15:46.749+0800][info] GC(89)   Pre Evacuate Collection Set: 0.1ms
[2024-10-12T11:15:46.749+0800][info] GC(89)   Merge Heap Roots: 0.0ms
[2024-10-12T11:15:46.749+0800][info] GC(89)   Evacuate Collection Set: 0.8ms
[2024-10-12T11:15:46.749+0800][info] GC(89)   Post Evacuate Collection Set: 0.2ms
[2024-10-12T11:15:46.749+0800][info] GC(89)   Other: 0.4ms
[2024-10-12T11:15:46.749+0800][info] GC(89) Eden regions: 2->0(2)
[2024-10-12T11:15:46.749+0800][info] GC(89) Survivor regions: 1->1(1)
[2024-10-12T11:15:46.749+0800][info] GC(89) Old regions: 45->47
[2024-10-12T11:15:46.749+0800][info] GC(89) Archive regions: 2->2
[2024-10-12T11:15:46.749+0800][info] GC(89) Humongous regions: 3->3
[2024-10-12T11:15:46.749+0800][info] GC(89) Metaspace: 1566K(1728K)->1566K(1728K) NonClass: 1441K(1536K)->1441K(1536K) Class: 124K(192K)->124K(192K)
[2024-10-12T11:15:46.749+0800][info] GC(89) Pause Young (Concurrent Start) (G1 Evacuation Pause) 92M->92M(128M) 1.630ms
[2024-10-12T11:15:46.749+0800][info] GC(89) User=0.00s Sys=0.00s Real=0.00s
[2024-10-12T11:15:46.749+0800][info] GC(90) Concurrent Mark Cycle
[2024-10-12T11:15:46.749+0800][info] GC(90) Concurrent Clear Claimed Marks
[2024-10-12T11:15:46.749+0800][info] GC(90) Concurrent Clear Claimed Marks 0.015ms
[2024-10-12T11:15:46.749+0800][info] GC(90) Concurrent Scan Root Regions
[2024-10-12T11:15:46.749+0800][info] GC(90) Concurrent Scan Root Regions 0.153ms
[2024-10-12T11:15:46.749+0800][info] GC(90) Concurrent Mark
[2024-10-12T11:15:46.749+0800][info] GC(90) Concurrent Mark From Roots
[2024-10-12T11:15:46.749+0800][info] GC(90) Using 12 workers of 12 for marking
[2024-10-12T11:15:46.753+0800][info] GC(90) Concurrent Mark From Roots 3.536ms
[2024-10-12T11:15:46.753+0800][info] GC(90) Concurrent Preclean
[2024-10-12T11:15:46.755+0800][info] GC(90) Concurrent Preclean 1.696ms
[2024-10-12T11:15:46.755+0800][info] GC(90) Pause Remark
[2024-10-12T11:15:46.756+0800][info] GC(90) Pause Remark 92M->92M(128M) 1.303ms
[2024-10-12T11:15:46.756+0800][info] GC(90) User=0.00s Sys=0.00s Real=0.00s
[2024-10-12T11:15:46.756+0800][info] GC(90) Concurrent Mark 6.717ms
[2024-10-12T11:15:46.756+0800][info] GC(90) Concurrent Rebuild Remembered Sets
[2024-10-12T11:15:46.757+0800][info] GC(90) Concurrent Rebuild Remembered Sets 1.109ms
[2024-10-12T11:15:46.757+0800][info] GC(90) Pause Cleanup
[2024-10-12T11:15:46.757+0800][info] GC(90) Pause Cleanup 92M->92M(128M) 0.143ms
[2024-10-12T11:15:46.757+0800][info] GC(90) User=0.00s Sys=0.00s Real=0.00s
[2024-10-12T11:15:46.757+0800][info] GC(90) Concurrent Cleanup for Next Mark
[2024-10-12T11:15:46.758+0800][info] GC(90) Concurrent Cleanup for Next Mark 0.348ms
[2024-10-12T11:15:46.758+0800][info] GC(90) Concurrent Mark Cycle 8.719ms
[2024-10-12T11:15:46.903+0800][info] GC(91) Pause Young (Prepare Mixed) (G1 Evacuation Pause)
[2024-10-12T11:15:46.903+0800][info] GC(91) Using 3 workers of 48 for evacuation
[2024-10-12T11:15:46.904+0800][info] GC(91)   Pre Evacuate Collection Set: 0.1ms
[2024-10-12T11:15:46.904+0800][info] GC(91)   Merge Heap Roots: 0.1ms
[2024-10-12T11:15:46.904+0800][info] GC(91)   Evacuate Collection Set: 0.8ms
[2024-10-12T11:15:46.904+0800][info] GC(91)   Post Evacuate Collection Set: 0.2ms
[2024-10-12T11:15:46.904+0800][info] GC(91)   Other: 0.2ms
[2024-10-12T11:15:46.904+0800][info] GC(91) Eden regions: 2->0(2)
[2024-10-12T11:15:46.904+0800][info] GC(91) Survivor regions: 1->1(1)
[2024-10-12T11:15:46.904+0800][info] GC(91) Old regions: 47->49
[2024-10-12T11:15:46.904+0800][info] GC(91) Archive regions: 2->2
[2024-10-12T11:15:46.904+0800][info] GC(91) Humongous regions: 3->3
[2024-10-12T11:15:46.904+0800][info] GC(91) Metaspace: 1566K(1728K)->1566K(1728K) NonClass: 1442K(1536K)->1442K(1536K) Class: 124K(192K)->124K(192K)
[2024-10-12T11:15:46.904+0800][info] GC(91) Pause Young (Prepare Mixed) (G1 Evacuation Pause) 95M->95M(128M) 1.436ms
[2024-10-12T11:15:46.904+0800][info] GC(91) User=0.00s Sys=0.00s Real=0.00s
[2024-10-12T11:15:47.007+0800][info] GC(92) Pause Young (Mixed) (G1 Evacuation Pause)
[2024-10-12T11:15:47.007+0800][info] GC(92) Using 3 workers of 48 for evacuation
[2024-10-12T11:15:47.012+0800][info] GC(92) To-space exhausted
[2024-10-12T11:15:47.012+0800][info] GC(92)   Pre Evacuate Collection Set: 0.2ms
[2024-10-12T11:15:47.012+0800][info] GC(92)   Merge Heap Roots: 0.1ms
[2024-10-12T11:15:47.012+0800][info] GC(92)   Evacuate Collection Set: 3.7ms
[2024-10-12T11:15:47.012+0800][info] GC(92)   Post Evacuate Collection Set: 0.9ms
[2024-10-12T11:15:47.012+0800][info] GC(92)   Other: 0.2ms
[2024-10-12T11:15:47.012+0800][info] GC(92) Eden regions: 2->0(2)
[2024-10-12T11:15:47.012+0800][info] GC(92) Survivor regions: 1->1(1)
[2024-10-12T11:15:47.012+0800][info] GC(92) Old regions: 49->56
[2024-10-12T11:15:47.012+0800][info] GC(92) Archive regions: 2->2
[2024-10-12T11:15:47.012+0800][info] GC(92) Humongous regions: 3->3
[2024-10-12T11:15:47.012+0800][info] GC(92) Metaspace: 1566K(1728K)->1566K(1728K) NonClass: 1442K(1536K)->1442K(1536K) Class: 124K(192K)->124K(192K)
[2024-10-12T11:15:47.012+0800][info] GC(92) Pause Young (Mixed) (G1 Evacuation Pause) 99M->111M(128M) 5.144ms
[2024-10-12T11:15:47.012+0800][info] GC(92) User=0.01s Sys=0.00s Real=0.00s
[2024-10-12T11:15:47.073+0800][info] GC(93) Pause Young (Concurrent Start) (G1 Preventive Collection)
[2024-10-12T11:15:47.073+0800][info] GC(93) Using 3 workers of 48 for evacuation
[2024-10-12T11:15:47.075+0800][info] GC(93) To-space exhausted
[2024-10-12T11:15:47.075+0800][info] GC(93)   Pre Evacuate Collection Set: 0.1ms
[2024-10-12T11:15:47.075+0800][info] GC(93)   Merge Heap Roots: 0.1ms
[2024-10-12T11:15:47.075+0800][info] GC(93)   Evacuate Collection Set: 0.5ms
[2024-10-12T11:15:47.075+0800][info] GC(93)   Post Evacuate Collection Set: 0.2ms
[2024-10-12T11:15:47.075+0800][info] GC(93)   Other: 0.4ms
[2024-10-12T11:15:47.075+0800][info] GC(93) Eden regions: 1->0(2)
[2024-10-12T11:15:47.075+0800][info] GC(93) Survivor regions: 1->1(1)
[2024-10-12T11:15:47.075+0800][info] GC(93) Old regions: 56->57
[2024-10-12T11:15:47.075+0800][info] GC(93) Archive regions: 2->2
[2024-10-12T11:15:47.075+0800][info] GC(93) Humongous regions: 3->3
[2024-10-12T11:15:47.075+0800][info] GC(93) Metaspace: 1566K(1728K)->1566K(1728K) NonClass: 1442K(1536K)->1442K(1536K) Class: 124K(192K)->124K(192K)
[2024-10-12T11:15:47.075+0800][info] GC(93) Pause Young (Concurrent Start) (G1 Preventive Collection) 113M->113M(128M) 1.361ms
[2024-10-12T11:15:47.075+0800][info] GC(93) User=0.00s Sys=0.00s Real=0.00s
[2024-10-12T11:15:47.075+0800][info] GC(94) Concurrent Mark Cycle
[2024-10-12T11:15:47.075+0800][info] GC(94) Concurrent Clear Claimed Marks
[2024-10-12T11:15:47.075+0800][info] GC(94) Concurrent Clear Claimed Marks 0.014ms
[2024-10-12T11:15:47.075+0800][info] GC(94) Concurrent Scan Root Regions
[2024-10-12T11:15:47.075+0800][info] GC(94) Concurrent Scan Root Regions 0.148ms
[2024-10-12T11:15:47.075+0800][info] GC(94) Concurrent Mark
[2024-10-12T11:15:47.075+0800][info] GC(94) Concurrent Mark From Roots
[2024-10-12T11:15:47.075+0800][info] GC(94) Using 12 workers of 12 for marking
[2024-10-12T11:15:47.078+0800][info] GC(94) Concurrent Mark From Roots 3.427ms
[2024-10-12T11:15:47.079+0800][info] GC(94) Concurrent Preclean
[2024-10-12T11:15:47.080+0800][info] GC(94) Concurrent Preclean 1.666ms
[2024-10-12T11:15:47.080+0800][info] GC(94) Pause Remark
[2024-10-12T11:15:47.082+0800][info] GC(94) Pause Remark 114M->114M(128M) 1.293ms
[2024-10-12T11:15:47.082+0800][info] GC(94) User=0.01s Sys=0.00s Real=0.00s
[2024-10-12T11:15:47.082+0800][info] GC(94) Concurrent Mark 6.564ms
[2024-10-12T11:15:47.082+0800][info] GC(94) Concurrent Rebuild Remembered Sets
[2024-10-12T11:15:47.083+0800][info] GC(94) Concurrent Rebuild Remembered Sets 1.639ms
[2024-10-12T11:15:47.083+0800][info] GC(94) Pause Cleanup
[2024-10-12T11:15:47.084+0800][info] GC(94) Pause Cleanup 114M->114M(128M) 0.169ms
[2024-10-12T11:15:47.084+0800][info] GC(94) User=0.00s Sys=0.00s Real=0.00s
[2024-10-12T11:15:47.084+0800][info] GC(94) Concurrent Cleanup for Next Mark
[2024-10-12T11:15:47.084+0800][info] GC(94) Concurrent Cleanup for Next Mark 0.308ms
[2024-10-12T11:15:47.084+0800][info] GC(94) Concurrent Mark Cycle 9.160ms
[2024-10-12T11:15:47.167+0800][info] GC(95) Pause Young (Prepare Mixed) (G1 Evacuation Pause)
[2024-10-12T11:15:47.167+0800][info] GC(95) Using 3 workers of 48 for evacuation
[2024-10-12T11:15:47.168+0800][info] GC(95) To-space exhausted
[2024-10-12T11:15:47.168+0800][info] GC(95)   Pre Evacuate Collection Set: 0.1ms
[2024-10-12T11:15:47.168+0800][info] GC(95)   Merge Heap Roots: 0.1ms
[2024-10-12T11:15:47.168+0800][info] GC(95)   Evacuate Collection Set: 0.2ms
[2024-10-12T11:15:47.168+0800][info] GC(95)   Post Evacuate Collection Set: 0.2ms
[2024-10-12T11:15:47.168+0800][info] GC(95)   Other: 0.2ms
[2024-10-12T11:15:47.168+0800][info] GC(95) Eden regions: 1->0(3)
[2024-10-12T11:15:47.168+0800][info] GC(95) Survivor regions: 1->0(0)
[2024-10-12T11:15:47.168+0800][info] GC(95) Old regions: 57->59
[2024-10-12T11:15:47.168+0800][info] GC(95) Archive regions: 2->2
[2024-10-12T11:15:47.168+0800][info] GC(95) Humongous regions: 3->3
[2024-10-12T11:15:47.168+0800][info] GC(95) Metaspace: 1566K(1728K)->1566K(1728K) NonClass: 1442K(1536K)->1442K(1536K) Class: 124K(192K)->124K(192K)
[2024-10-12T11:15:47.168+0800][info] GC(95) Pause Young (Prepare Mixed) (G1 Evacuation Pause) 115M->115M(128M) 0.841ms
[2024-10-12T11:15:47.168+0800][info] GC(95) User=0.01s Sys=0.00s Real=0.00s
[2024-10-12T11:15:47.168+0800][info] Attempting full compaction
[2024-10-12T11:15:47.168+0800][info] GC(96) Using 3 workers of 48 for full compaction
[2024-10-12T11:15:47.168+0800][info] GC(96) Pause Full (G1 Compaction Pause)
[2024-10-12T11:15:47.168+0800][info] GC(96) Phase 1: Mark live objects
[2024-10-12T11:15:47.171+0800][info] GC(96) Phase 1: Mark live objects 2.632ms
[2024-10-12T11:15:47.171+0800][info] GC(96) Phase 2: Prepare for compaction
[2024-10-12T11:15:47.171+0800][info] GC(96) Phase 2: Prepare for compaction 0.401ms
[2024-10-12T11:15:47.171+0800][info] GC(96) Phase 3: Adjust pointers
[2024-10-12T11:15:47.173+0800][info] GC(96) Phase 3: Adjust pointers 1.378ms
[2024-10-12T11:15:47.173+0800][info] GC(96) Phase 4: Compact heap
[2024-10-12T11:15:47.181+0800][info] GC(96) Phase 4: Compact heap 8.532ms
[2024-10-12T11:15:47.183+0800][info] GC(96) Eden regions: 0->0(5)
[2024-10-12T11:15:47.183+0800][info] GC(96) Survivor regions: 0->0(0)
[2024-10-12T11:15:47.183+0800][info] GC(96) Old regions: 59->37
[2024-10-12T11:15:47.183+0800][info] GC(96) Archive regions: 2->2
[2024-10-12T11:15:47.183+0800][info] GC(96) Humongous regions: 3->3
[2024-10-12T11:15:47.183+0800][info] GC(96) Metaspace: 1566K(1728K)->1566K(1728K) NonClass: 1442K(1536K)->1442K(1536K) Class: 124K(192K)->124K(192K)
[2024-10-12T11:15:47.183+0800][info] GC(96) Pause Full (G1 Compaction Pause) 115M->71M(128M) 14.422ms
[2024-10-12T11:15:47.183+0800][info] GC(96) User=0.03s Sys=0.00s Real=0.01s
[2024-10-12T11:15:47.450+0800][info] GC(97) Pause Young (Normal) (G1 Evacuation Pause)
[2024-10-12T11:15:47.450+0800][info] GC(97) Using 3 workers of 48 for evacuation
[2024-10-12T11:15:47.452+0800][info] GC(97)   Pre Evacuate Collection Set: 0.1ms
[2024-10-12T11:15:47.452+0800][info] GC(97)   Merge Heap Roots: 0.1ms
[2024-10-12T11:15:47.452+0800][info] GC(97)   Evacuate Collection Set: 1.2ms
[2024-10-12T11:15:47.452+0800][info] GC(97)   Post Evacuate Collection Set: 0.2ms
[2024-10-12T11:15:47.452+0800][info] GC(97)   Other: 0.2ms
[2024-10-12T11:15:47.452+0800][info] GC(97) Eden regions: 5->0(2)
[2024-10-12T11:15:47.452+0800][info] GC(97) Survivor regions: 0->1(1)
[2024-10-12T11:15:47.452+0800][info] GC(97) Old regions: 37->41
[2024-10-12T11:15:47.452+0800][info] GC(97) Archive regions: 2->2
[2024-10-12T11:15:47.452+0800][info] GC(97) Humongous regions: 3->3
[2024-10-12T11:15:47.452+0800][info] GC(97) Metaspace: 1568K(1728K)->1568K(1728K) NonClass: 1444K(1536K)->1444K(1536K) Class: 124K(192K)->124K(192K)
[2024-10-12T11:15:47.452+0800][info] GC(97) Pause Young (Normal) (G1 Evacuation Pause) 80M->80M(128M) 1.966ms
[2024-10-12T11:15:47.452+0800][info] GC(97) User=0.00s Sys=0.00s Real=0.00s
[2024-10-12T11:15:47.554+0800][info] GC(98) Pause Young (Normal) (G1 Evacuation Pause)
[2024-10-12T11:15:47.554+0800][info] GC(98) Using 3 workers of 48 for evacuation
[2024-10-12T11:15:47.555+0800][info] GC(98)   Pre Evacuate Collection Set: 0.1ms
[2024-10-12T11:15:47.555+0800][info] GC(98)   Merge Heap Roots: 0.0ms
[2024-10-12T11:15:47.555+0800][info] GC(98)   Evacuate Collection Set: 0.7ms
[2024-10-12T11:15:47.555+0800][info] GC(98)   Post Evacuate Collection Set: 0.2ms
[2024-10-12T11:15:47.555+0800][info] GC(98)   Other: 0.2ms
[2024-10-12T11:15:47.555+0800][info] GC(98) Eden regions: 2->0(2)
[2024-10-12T11:15:47.555+0800][info] GC(98) Survivor regions: 1->1(1)
[2024-10-12T11:15:47.555+0800][info] GC(98) Old regions: 41->43
[2024-10-12T11:15:47.555+0800][info] GC(98) Archive regions: 2->2
[2024-10-12T11:15:47.555+0800][info] GC(98) Humongous regions: 3->3
[2024-10-12T11:15:47.555+0800][info] GC(98) Metaspace: 1568K(1728K)->1568K(1728K) NonClass: 1444K(1536K)->1444K(1536K) Class: 124K(192K)->124K(192K)
[2024-10-12T11:15:47.555+0800][info] GC(98) Pause Young (Normal) (G1 Evacuation Pause) 84M->84M(128M) 1.427ms
[2024-10-12T11:15:47.556+0800][info] GC(98) User=0.01s Sys=0.00s Real=0.00s
[2024-10-12T11:15:47.658+0800][info] GC(99) Pause Young (Normal) (G1 Evacuation Pause)
[2024-10-12T11:15:47.658+0800][info] GC(99) Using 3 workers of 48 for evacuation
[2024-10-12T11:15:47.659+0800][info] GC(99)   Pre Evacuate Collection Set: 0.1ms
[2024-10-12T11:15:47.659+0800][info] GC(99)   Merge Heap Roots: 0.0ms
[2024-10-12T11:15:47.659+0800][info] GC(99)   Evacuate Collection Set: 0.7ms
[2024-10-12T11:15:47.659+0800][info] GC(99)   Post Evacuate Collection Set: 0.2ms
[2024-10-12T11:15:47.659+0800][info] GC(99)   Other: 0.2ms
[2024-10-12T11:15:47.659+0800][info] GC(99) Eden regions: 2->0(2)
[2024-10-12T11:15:47.659+0800][info] GC(99) Survivor regions: 1->1(1)
[2024-10-12T11:15:47.659+0800][info] GC(99) Old regions: 43->45
[2024-10-12T11:15:47.659+0800][info] GC(99) Archive regions: 2->2
[2024-10-12T11:15:47.659+0800][info] GC(99) Humongous regions: 3->3
[2024-10-12T11:15:47.659+0800][info] GC(99) Metaspace: 1568K(1728K)->1568K(1728K) NonClass: 1444K(1536K)->1444K(1536K) Class: 124K(192K)->124K(192K)
[2024-10-12T11:15:47.659+0800][info] GC(99) Pause Young (Normal) (G1 Evacuation Pause) 88M->88M(128M) 1.282ms
[2024-10-12T11:15:47.659+0800][info] GC(99) User=0.00s Sys=0.00s Real=0.00s
[2024-10-12T11:15:47.762+0800][info] GC(100) Pause Young (Concurrent Start) (G1 Evacuation Pause)
[2024-10-12T11:15:47.762+0800][info] GC(100) Using 3 workers of 48 for evacuation
[2024-10-12T11:15:47.763+0800][info] GC(100)   Pre Evacuate Collection Set: 0.1ms
[2024-10-12T11:15:47.763+0800][info] GC(100)   Merge Heap Roots: 0.0ms
[2024-10-12T11:15:47.763+0800][info] GC(100)   Evacuate Collection Set: 0.7ms
[2024-10-12T11:15:47.763+0800][info] GC(100)   Post Evacuate Collection Set: 0.2ms
[2024-10-12T11:15:47.763+0800][info] GC(100)   Other: 0.4ms
[2024-10-12T11:15:47.763+0800][info] GC(100) Eden regions: 2->0(2)
[2024-10-12T11:15:47.763+0800][info] GC(100) Survivor regions: 1->1(1)
[2024-10-12T11:15:47.763+0800][info] GC(100) Old regions: 45->47
[2024-10-12T11:15:47.763+0800][info] GC(100) Archive regions: 2->2
[2024-10-12T11:15:47.763+0800][info] GC(100) Humongous regions: 3->3
[2024-10-12T11:15:47.763+0800][info] GC(100) Metaspace: 1569K(1728K)->1569K(1728K) NonClass: 1445K(1536K)->1445K(1536K) Class: 124K(192K)->124K(192K)
[2024-10-12T11:15:47.763+0800][info] GC(100) Pause Young (Concurrent Start) (G1 Evacuation Pause) 92M->92M(128M) 1.496ms
[2024-10-12T11:15:47.763+0800][info] GC(100) User=0.01s Sys=0.00s Real=0.00s
[2024-10-12T11:15:47.763+0800][info] GC(101) Concurrent Mark Cycle
[2024-10-12T11:15:47.763+0800][info] GC(101) Concurrent Clear Claimed Marks
[2024-10-12T11:15:47.763+0800][info] GC(101) Concurrent Clear Claimed Marks 0.016ms
[2024-10-12T11:15:47.763+0800][info] GC(101) Concurrent Scan Root Regions
[2024-10-12T11:15:47.763+0800][info] GC(101) Concurrent Scan Root Regions 0.153ms
[2024-10-12T11:15:47.763+0800][info] GC(101) Concurrent Mark
[2024-10-12T11:15:47.763+0800][info] GC(101) Concurrent Mark From Roots
[2024-10-12T11:15:47.764+0800][info] GC(101) Using 12 workers of 12 for marking
[2024-10-12T11:15:47.767+0800][info] GC(101) Concurrent Mark From Roots 3.351ms
[2024-10-12T11:15:47.767+0800][info] GC(101) Concurrent Preclean
[2024-10-12T11:15:47.769+0800][info] GC(101) Concurrent Preclean 1.672ms
[2024-10-12T11:15:47.769+0800][info] GC(101) Pause Remark
[2024-10-12T11:15:47.770+0800][info] GC(101) Pause Remark 93M->93M(128M) 1.339ms
[2024-10-12T11:15:47.770+0800][info] GC(101) User=0.00s Sys=0.00s Real=0.00s
[2024-10-12T11:15:47.770+0800][info] GC(101) Concurrent Mark 6.577ms
[2024-10-12T11:15:47.770+0800][info] GC(101) Concurrent Rebuild Remembered Sets
[2024-10-12T11:15:47.771+0800][info] GC(101) Concurrent Rebuild Remembered Sets 0.965ms
[2024-10-12T11:15:47.771+0800][info] GC(101) Pause Cleanup
[2024-10-12T11:15:47.771+0800][info] GC(101) Pause Cleanup 93M->93M(128M) 0.142ms
[2024-10-12T11:15:47.771+0800][info] GC(101) User=0.00s Sys=0.00s Real=0.00s
[2024-10-12T11:15:47.771+0800][info] GC(101) Concurrent Cleanup for Next Mark
[2024-10-12T11:15:47.772+0800][info] GC(101) Concurrent Cleanup for Next Mark 0.395ms
[2024-10-12T11:15:47.772+0800][info] GC(101) Concurrent Mark Cycle 8.564ms
[2024-10-12T11:15:47.917+0800][info] GC(102) Pause Young (Prepare Mixed) (G1 Evacuation Pause)
[2024-10-12T11:15:47.917+0800][info] GC(102) Using 3 workers of 48 for evacuation
[2024-10-12T11:15:47.918+0800][info] GC(102)   Pre Evacuate Collection Set: 0.1ms
[2024-10-12T11:15:47.918+0800][info] GC(102)   Merge Heap Roots: 0.1ms
[2024-10-12T11:15:47.919+0800][info] GC(102)   Evacuate Collection Set: 0.8ms
[2024-10-12T11:15:47.919+0800][info] GC(102)   Post Evacuate Collection Set: 0.2ms
[2024-10-12T11:15:47.919+0800][info] GC(102)   Other: 0.2ms
[2024-10-12T11:15:47.919+0800][info] GC(102) Eden regions: 2->0(2)
[2024-10-12T11:15:47.919+0800][info] GC(102) Survivor regions: 1->1(1)
[2024-10-12T11:15:47.919+0800][info] GC(102) Old regions: 47->49
[2024-10-12T11:15:47.919+0800][info] GC(102) Archive regions: 2->2
[2024-10-12T11:15:47.919+0800][info] GC(102) Humongous regions: 3->3
[2024-10-12T11:15:47.919+0800][info] GC(102) Metaspace: 1569K(1728K)->1569K(1728K) NonClass: 1445K(1536K)->1445K(1536K) Class: 124K(192K)->124K(192K)
[2024-10-12T11:15:47.919+0800][info] GC(102) Pause Young (Prepare Mixed) (G1 Evacuation Pause) 96M->96M(128M) 1.465ms
[2024-10-12T11:15:47.919+0800][info] GC(102) User=0.00s Sys=0.00s Real=0.00s
[2024-10-12T11:15:48.021+0800][info] GC(103) Pause Young (Mixed) (G1 Evacuation Pause)
[2024-10-12T11:15:48.021+0800][info] GC(103) Using 3 workers of 48 for evacuation
[2024-10-12T11:15:48.025+0800][info] GC(103) To-space exhausted
[2024-10-12T11:15:48.025+0800][info] GC(103)   Pre Evacuate Collection Set: 0.2ms
[2024-10-12T11:15:48.025+0800][info] GC(103)   Merge Heap Roots: 0.1ms
[2024-10-12T11:15:48.025+0800][info] GC(103)   Evacuate Collection Set: 2.9ms
[2024-10-12T11:15:48.025+0800][info] GC(103)   Post Evacuate Collection Set: 0.9ms
[2024-10-12T11:15:48.025+0800][info] GC(103)   Other: 0.2ms
[2024-10-12T11:15:48.025+0800][info] GC(103) Eden regions: 2->0(2)
[2024-10-12T11:15:48.025+0800][info] GC(103) Survivor regions: 1->1(1)
[2024-10-12T11:15:48.025+0800][info] GC(103) Old regions: 49->57
[2024-10-12T11:15:48.025+0800][info] GC(103) Archive regions: 2->2
[2024-10-12T11:15:48.025+0800][info] GC(103) Humongous regions: 3->3
[2024-10-12T11:15:48.025+0800][info] GC(103) Metaspace: 1569K(1728K)->1569K(1728K) NonClass: 1445K(1536K)->1445K(1536K) Class: 124K(192K)->124K(192K)
[2024-10-12T11:15:48.025+0800][info] GC(103) Pause Young (Mixed) (G1 Evacuation Pause) 100M->113M(128M) 4.354ms
[2024-10-12T11:15:48.025+0800][info] GC(103) User=0.00s Sys=0.01s Real=0.01s
[2024-10-12T11:15:48.087+0800][info] GC(104) Pause Young (Concurrent Start) (G1 Evacuation Pause)
[2024-10-12T11:15:48.087+0800][info] GC(104) Using 3 workers of 48 for evacuation
[2024-10-12T11:15:48.088+0800][info] GC(104) To-space exhausted
[2024-10-12T11:15:48.088+0800][info] GC(104)   Pre Evacuate Collection Set: 0.1ms
[2024-10-12T11:15:48.088+0800][info] GC(104)   Merge Heap Roots: 0.1ms
[2024-10-12T11:15:48.088+0800][info] GC(104)   Evacuate Collection Set: 0.4ms
[2024-10-12T11:15:48.088+0800][info] GC(104)   Post Evacuate Collection Set: 0.2ms
[2024-10-12T11:15:48.088+0800][info] GC(104)   Other: 0.4ms
[2024-10-12T11:15:48.088+0800][info] GC(104) Eden regions: 1->0(3)
[2024-10-12T11:15:48.088+0800][info] GC(104) Survivor regions: 1->0(0)
[2024-10-12T11:15:48.088+0800][info] GC(104) Old regions: 57->59
[2024-10-12T11:15:48.088+0800][info] GC(104) Archive regions: 2->2
[2024-10-12T11:15:48.088+0800][info] GC(104) Humongous regions: 3->3
[2024-10-12T11:15:48.088+0800][info] GC(104) Metaspace: 1569K(1728K)->1569K(1728K) NonClass: 1445K(1536K)->1445K(1536K) Class: 124K(192K)->124K(192K)
[2024-10-12T11:15:48.088+0800][info] GC(104) Pause Young (Concurrent Start) (G1 Evacuation Pause) 115M->115M(128M) 1.287ms
[2024-10-12T11:15:48.088+0800][info] GC(104) User=0.00s Sys=0.00s Real=0.00s
[2024-10-12T11:15:48.088+0800][info] Attempting full compaction
[2024-10-12T11:15:48.088+0800][info] GC(105) Concurrent Mark Cycle
[2024-10-12T11:15:48.088+0800][info] GC(105) Concurrent Clear Claimed Marks
[2024-10-12T11:15:48.088+0800][info] GC(106) Using 3 workers of 48 for full compaction
[2024-10-12T11:15:48.088+0800][info] GC(105) Concurrent Clear Claimed Marks 0.019ms
[2024-10-12T11:15:48.088+0800][info] GC(105) Concurrent Scan Root Regions
[2024-10-12T11:15:48.088+0800][info] GC(106) Pause Full (G1 Compaction Pause)
[2024-10-12T11:15:48.088+0800][info] GC(105) Concurrent Scan Root Regions 0.010ms
[2024-10-12T11:15:48.088+0800][info] GC(105) Concurrent Mark
[2024-10-12T11:15:48.088+0800][info] GC(105) Concurrent Mark From Roots
[2024-10-12T11:15:48.088+0800][info] GC(105) Using 12 workers of 12 for marking
[2024-10-12T11:15:48.089+0800][info] GC(106) Phase 1: Mark live objects
[2024-10-12T11:15:48.092+0800][info] GC(106) Phase 1: Mark live objects 3.002ms
[2024-10-12T11:15:48.092+0800][info] GC(106) Phase 2: Prepare for compaction
[2024-10-12T11:15:48.092+0800][info] GC(106) Phase 2: Prepare for compaction 0.427ms
[2024-10-12T11:15:48.092+0800][info] GC(106) Phase 3: Adjust pointers
[2024-10-12T11:15:48.093+0800][info] GC(106) Phase 3: Adjust pointers 1.367ms
[2024-10-12T11:15:48.093+0800][info] GC(106) Phase 4: Compact heap
[2024-10-12T11:15:48.103+0800][info] GC(106) Phase 4: Compact heap 9.519ms
[2024-10-12T11:15:48.104+0800][info] GC(106) Eden regions: 0->0(4)
[2024-10-12T11:15:48.104+0800][info] GC(106) Survivor regions: 0->0(0)
[2024-10-12T11:15:48.104+0800][info] GC(106) Old regions: 59->38
[2024-10-12T11:15:48.104+0800][info] GC(106) Archive regions: 2->2
[2024-10-12T11:15:48.104+0800][info] GC(106) Humongous regions: 3->3
[2024-10-12T11:15:48.104+0800][info] GC(106) Metaspace: 1569K(1728K)->1569K(1728K) NonClass: 1445K(1536K)->1445K(1536K) Class: 124K(192K)->124K(192K)
[2024-10-12T11:15:48.104+0800][info] GC(106) Pause Full (G1 Compaction Pause) 115M->71M(128M) 16.158ms
[2024-10-12T11:15:48.104+0800][info] GC(106) User=0.04s Sys=0.00s Real=0.01s
[2024-10-12T11:15:48.105+0800][info] GC(105) Concurrent Mark From Roots 16.459ms
[2024-10-12T11:15:48.105+0800][info] GC(105) Concurrent Mark Abort
[2024-10-12T11:15:48.105+0800][info] GC(105) Concurrent Mark Cycle 16.701ms
[2024-10-12T11:15:48.310+0800][info] GC(107) Pause Young (Normal) (G1 Evacuation Pause)
[2024-10-12T11:15:48.310+0800][info] GC(107) Using 3 workers of 48 for evacuation
[2024-10-12T11:15:48.311+0800][info] GC(107)   Pre Evacuate Collection Set: 0.1ms
[2024-10-12T11:15:48.311+0800][info] GC(107)   Merge Heap Roots: 0.0ms
[2024-10-12T11:15:48.312+0800][info] GC(107)   Evacuate Collection Set: 1.0ms
[2024-10-12T11:15:48.312+0800][info] GC(107)   Post Evacuate Collection Set: 0.2ms
[2024-10-12T11:15:48.312+0800][info] GC(107)   Other: 0.2ms
[2024-10-12T11:15:48.312+0800][info] GC(107) Eden regions: 4->0(2)
[2024-10-12T11:15:48.312+0800][info] GC(107) Survivor regions: 0->1(1)
[2024-10-12T11:15:48.312+0800][info] GC(107) Old regions: 38->41
[2024-10-12T11:15:48.312+0800][info] GC(107) Archive regions: 2->2
[2024-10-12T11:15:48.312+0800][info] GC(107) Humongous regions: 3->3
[2024-10-12T11:15:48.312+0800][info] GC(107) Metaspace: 1569K(1728K)->1569K(1728K) NonClass: 1445K(1536K)->1445K(1536K) Class: 124K(192K)->124K(192K)
[2024-10-12T11:15:48.312+0800][info] GC(107) Pause Young (Normal) (G1 Evacuation Pause) 79M->79M(128M) 1.694ms
[2024-10-12T11:15:48.312+0800][info] GC(107) User=0.01s Sys=0.00s Real=0.00s
[2024-10-12T11:15:48.415+0800][info] GC(108) Pause Young (Normal) (G1 Evacuation Pause)
[2024-10-12T11:15:48.415+0800][info] GC(108) Using 3 workers of 48 for evacuation
[2024-10-12T11:15:48.416+0800][info] GC(108)   Pre Evacuate Collection Set: 0.1ms
[2024-10-12T11:15:48.416+0800][info] GC(108)   Merge Heap Roots: 0.0ms
[2024-10-12T11:15:48.416+0800][info] GC(108)   Evacuate Collection Set: 0.7ms
[2024-10-12T11:15:48.416+0800][info] GC(108)   Post Evacuate Collection Set: 0.2ms
[2024-10-12T11:15:48.416+0800][info] GC(108)   Other: 0.2ms
[2024-10-12T11:15:48.416+0800][info] GC(108) Eden regions: 2->0(2)
[2024-10-12T11:15:48.416+0800][info] GC(108) Survivor regions: 1->1(1)
[2024-10-12T11:15:48.416+0800][info] GC(108) Old regions: 41->43
[2024-10-12T11:15:48.416+0800][info] GC(108) Archive regions: 2->2
[2024-10-12T11:15:48.416+0800][info] GC(108) Humongous regions: 4->4
[2024-10-12T11:15:48.416+0800][info] GC(108) Metaspace: 1582K(1728K)->1582K(1728K) NonClass: 1457K(1536K)->1457K(1536K) Class: 124K(192K)->124K(192K)
[2024-10-12T11:15:48.416+0800][info] GC(108) Pause Young (Normal) (G1 Evacuation Pause) 85M->85M(128M) 1.317ms
[2024-10-12T11:15:48.416+0800][info] GC(108) User=0.00s Sys=0.00s Real=0.00s
[2024-10-12T11:15:48.518+0800][info] GC(109) Pause Young (Normal) (G1 Evacuation Pause)
[2024-10-12T11:15:48.518+0800][info] GC(109) Using 3 workers of 48 for evacuation
[2024-10-12T11:15:48.520+0800][info] GC(109)   Pre Evacuate Collection Set: 0.1ms
[2024-10-12T11:15:48.520+0800][info] GC(109)   Merge Heap Roots: 0.0ms
[2024-10-12T11:15:48.520+0800][info] GC(109)   Evacuate Collection Set: 0.7ms
[2024-10-12T11:15:48.520+0800][info] GC(109)   Post Evacuate Collection Set: 0.2ms
[2024-10-12T11:15:48.520+0800][info] GC(109)   Other: 0.2ms
[2024-10-12T11:15:48.520+0800][info] GC(109) Eden regions: 2->0(2)
[2024-10-12T11:15:48.520+0800][info] GC(109) Survivor regions: 1->1(1)
[2024-10-12T11:15:48.520+0800][info] GC(109) Old regions: 43->45
[2024-10-12T11:15:48.520+0800][info] GC(109) Archive regions: 2->2
[2024-10-12T11:15:48.520+0800][info] GC(109) Humongous regions: 4->4
[2024-10-12T11:15:48.520+0800][info] GC(109) Metaspace: 1582K(1728K)->1582K(1728K) NonClass: 1457K(1536K)->1457K(1536K) Class: 124K(192K)->124K(192K)
[2024-10-12T11:15:48.520+0800][info] GC(109) Pause Young (Normal) (G1 Evacuation Pause) 88M->89M(128M) 1.346ms
[2024-10-12T11:15:48.520+0800][info] GC(109) User=0.00s Sys=0.00s Real=0.00s
[2024-10-12T11:15:48.622+0800][info] GC(110) Pause Young (Concurrent Start) (G1 Evacuation Pause)
[2024-10-12T11:15:48.622+0800][info] GC(110) Using 3 workers of 48 for evacuation
[2024-10-12T11:15:48.624+0800][info] GC(110)   Pre Evacuate Collection Set: 0.1ms
[2024-10-12T11:15:48.624+0800][info] GC(110)   Merge Heap Roots: 0.0ms
[2024-10-12T11:15:48.624+0800][info] GC(110)   Evacuate Collection Set: 0.8ms
[2024-10-12T11:15:48.624+0800][info] GC(110)   Post Evacuate Collection Set: 0.2ms
[2024-10-12T11:15:48.624+0800][info] GC(110)   Other: 0.4ms
[2024-10-12T11:15:48.624+0800][info] GC(110) Eden regions: 2->0(2)
[2024-10-12T11:15:48.624+0800][info] GC(110) Survivor regions: 1->1(1)
[2024-10-12T11:15:48.624+0800][info] GC(110) Old regions: 45->47
[2024-10-12T11:15:48.624+0800][info] GC(110) Archive regions: 2->2
[2024-10-12T11:15:48.624+0800][info] GC(110) Humongous regions: 4->4
[2024-10-12T11:15:48.624+0800][info] GC(110) Metaspace: 1582K(1728K)->1582K(1728K) NonClass: 1457K(1536K)->1457K(1536K) Class: 124K(192K)->124K(192K)
[2024-10-12T11:15:48.624+0800][info] GC(110) Pause Young (Concurrent Start) (G1 Evacuation Pause) 93M->93M(128M) 1.562ms
[2024-10-12T11:15:48.624+0800][info] GC(110) User=0.00s Sys=0.00s Real=0.00s
[2024-10-12T11:15:48.624+0800][info] GC(111) Concurrent Mark Cycle
[2024-10-12T11:15:48.624+0800][info] GC(111) Concurrent Clear Claimed Marks
[2024-10-12T11:15:48.624+0800][info] GC(111) Concurrent Clear Claimed Marks 0.017ms
[2024-10-12T11:15:48.624+0800][info] GC(111) Concurrent Scan Root Regions
[2024-10-12T11:15:48.624+0800][info] GC(111) Concurrent Scan Root Regions 0.127ms
[2024-10-12T11:15:48.624+0800][info] GC(111) Concurrent Mark
[2024-10-12T11:15:48.624+0800][info] GC(111) Concurrent Mark From Roots
[2024-10-12T11:15:48.624+0800][info] GC(111) Using 12 workers of 12 for marking
[2024-10-12T11:15:48.628+0800][info] GC(111) Concurrent Mark From Roots 3.315ms
[2024-10-12T11:15:48.628+0800][info] GC(111) Concurrent Preclean
[2024-10-12T11:15:48.629+0800][info] GC(111) Concurrent Preclean 1.691ms
[2024-10-12T11:15:48.629+0800][info] GC(111) Pause Remark
[2024-10-12T11:15:48.631+0800][info] GC(111) Pause Remark 93M->91M(128M) 1.378ms
[2024-10-12T11:15:48.631+0800][info] GC(111) User=0.00s Sys=0.00s Real=0.00s
[2024-10-12T11:15:48.631+0800][info] GC(111) Concurrent Mark 6.585ms
[2024-10-12T11:15:48.631+0800][info] GC(111) Concurrent Rebuild Remembered Sets
[2024-10-12T11:15:48.632+0800][info] GC(111) Concurrent Rebuild Remembered Sets 1.217ms
[2024-10-12T11:15:48.632+0800][info] GC(111) Pause Cleanup
[2024-10-12T11:15:48.632+0800][info] GC(111) Pause Cleanup 91M->91M(128M) 0.163ms
[2024-10-12T11:15:48.632+0800][info] GC(111) User=0.00s Sys=0.00s Real=0.00s
[2024-10-12T11:15:48.632+0800][info] GC(111) Concurrent Cleanup for Next Mark
[2024-10-12T11:15:48.633+0800][info] GC(111) Concurrent Cleanup for Next Mark 0.361ms
[2024-10-12T11:15:48.633+0800][info] GC(111) Concurrent Mark Cycle 8.788ms
[2024-10-12T11:15:48.777+0800][info] GC(112) Pause Young (Prepare Mixed) (G1 Evacuation Pause)
[2024-10-12T11:15:48.777+0800][info] GC(112) Using 3 workers of 48 for evacuation
[2024-10-12T11:15:48.779+0800][info] GC(112)   Pre Evacuate Collection Set: 0.1ms
[2024-10-12T11:15:48.779+0800][info] GC(112)   Merge Heap Roots: 0.1ms
[2024-10-12T11:15:48.779+0800][info] GC(112)   Evacuate Collection Set: 0.7ms
[2024-10-12T11:15:48.779+0800][info] GC(112)   Post Evacuate Collection Set: 0.2ms
[2024-10-12T11:15:48.779+0800][info] GC(112)   Other: 0.2ms
[2024-10-12T11:15:48.779+0800][info] GC(112) Eden regions: 2->0(2)
[2024-10-12T11:15:48.779+0800][info] GC(112) Survivor regions: 1->1(1)
[2024-10-12T11:15:48.779+0800][info] GC(112) Old regions: 47->49
[2024-10-12T11:15:48.779+0800][info] GC(112) Archive regions: 2->2
[2024-10-12T11:15:48.779+0800][info] GC(112) Humongous regions: 3->3
[2024-10-12T11:15:48.779+0800][info] GC(112) Metaspace: 1582K(1728K)->1582K(1728K) NonClass: 1457K(1536K)->1457K(1536K) Class: 124K(192K)->124K(192K)
[2024-10-12T11:15:48.779+0800][info] GC(112) Pause Young (Prepare Mixed) (G1 Evacuation Pause) 94M->94M(128M) 1.398ms
[2024-10-12T11:15:48.779+0800][info] GC(112) User=0.00s Sys=0.00s Real=0.00s
[2024-10-12T11:15:48.882+0800][info] GC(113) Pause Young (Mixed) (G1 Evacuation Pause)
[2024-10-12T11:15:48.882+0800][info] GC(113) Using 3 workers of 48 for evacuation
[2024-10-12T11:15:48.887+0800][info] GC(113) To-space exhausted
[2024-10-12T11:15:48.887+0800][info] GC(113)   Pre Evacuate Collection Set: 0.2ms
[2024-10-12T11:15:48.887+0800][info] GC(113)   Merge Heap Roots: 0.1ms
[2024-10-12T11:15:48.887+0800][info] GC(113)   Evacuate Collection Set: 3.6ms
[2024-10-12T11:15:48.887+0800][info] GC(113)   Post Evacuate Collection Set: 1.0ms
[2024-10-12T11:15:48.887+0800][info] GC(113)   Other: 0.2ms
[2024-10-12T11:15:48.887+0800][info] GC(113) Eden regions: 2->0(2)
[2024-10-12T11:15:48.887+0800][info] GC(113) Survivor regions: 1->1(1)
[2024-10-12T11:15:48.887+0800][info] GC(113) Old regions: 49->57
[2024-10-12T11:15:48.887+0800][info] GC(113) Archive regions: 2->2
[2024-10-12T11:15:48.887+0800][info] GC(113) Humongous regions: 3->3
[2024-10-12T11:15:48.887+0800][info] GC(113) Metaspace: 1582K(1728K)->1582K(1728K) NonClass: 1457K(1536K)->1457K(1536K) Class: 124K(192K)->124K(192K)
[2024-10-12T11:15:48.887+0800][info] GC(113) Pause Young (Mixed) (G1 Evacuation Pause) 98M->111M(128M) 5.124ms
[2024-10-12T11:15:48.887+0800][info] GC(113) User=0.01s Sys=0.00s Real=0.01s
[2024-10-12T11:15:48.948+0800][info] GC(114) Pause Young (Concurrent Start) (G1 Evacuation Pause)
[2024-10-12T11:15:48.948+0800][info] GC(114) Using 3 workers of 48 for evacuation
[2024-10-12T11:15:48.949+0800][info] GC(114) To-space exhausted
[2024-10-12T11:15:48.949+0800][info] GC(114)   Pre Evacuate Collection Set: 0.1ms
[2024-10-12T11:15:48.949+0800][info] GC(114)   Merge Heap Roots: 0.1ms
[2024-10-12T11:15:48.949+0800][info] GC(114)   Evacuate Collection Set: 0.4ms
[2024-10-12T11:15:48.949+0800][info] GC(114)   Post Evacuate Collection Set: 0.2ms
[2024-10-12T11:15:48.949+0800][info] GC(114)   Other: 0.4ms
[2024-10-12T11:15:48.949+0800][info] GC(114) Eden regions: 1->0(3)
[2024-10-12T11:15:48.949+0800][info] GC(114) Survivor regions: 1->0(0)
[2024-10-12T11:15:48.949+0800][info] GC(114) Old regions: 57->59
[2024-10-12T11:15:48.949+0800][info] GC(114) Archive regions: 2->2
[2024-10-12T11:15:48.949+0800][info] GC(114) Humongous regions: 3->3
[2024-10-12T11:15:48.949+0800][info] GC(114) Metaspace: 1582K(1728K)->1582K(1728K) NonClass: 1457K(1536K)->1457K(1536K) Class: 124K(192K)->124K(192K)
[2024-10-12T11:15:48.949+0800][info] GC(114) Pause Young (Concurrent Start) (G1 Evacuation Pause) 113M->113M(128M) 1.211ms
[2024-10-12T11:15:48.950+0800][info] GC(114) User=0.00s Sys=0.00s Real=0.00s
[2024-10-12T11:15:48.950+0800][info] Attempting full compaction
[2024-10-12T11:15:48.950+0800][info] GC(115) Using 3 workers of 48 for full compaction
[2024-10-12T11:15:48.950+0800][info] GC(115) Pause Full (G1 Compaction Pause)
[2024-10-12T11:15:48.950+0800][info] GC(116) Concurrent Mark Cycle
[2024-10-12T11:15:48.950+0800][info] GC(116) Concurrent Clear Claimed Marks
[2024-10-12T11:15:48.950+0800][info] GC(116) Concurrent Clear Claimed Marks 0.017ms
[2024-10-12T11:15:48.950+0800][info] GC(116) Concurrent Scan Root Regions
[2024-10-12T11:15:48.950+0800][info] GC(116) Concurrent Scan Root Regions 0.010ms
[2024-10-12T11:15:48.950+0800][info] GC(116) Concurrent Mark
[2024-10-12T11:15:48.950+0800][info] GC(116) Concurrent Mark From Roots
[2024-10-12T11:15:48.950+0800][info] GC(116) Using 12 workers of 12 for marking
[2024-10-12T11:15:48.950+0800][info] GC(115) Phase 1: Mark live objects
[2024-10-12T11:15:48.953+0800][info] GC(115) Phase 1: Mark live objects 2.871ms
[2024-10-12T11:15:48.953+0800][info] GC(115) Phase 2: Prepare for compaction
[2024-10-12T11:15:48.953+0800][info] GC(115) Phase 2: Prepare for compaction 0.386ms
[2024-10-12T11:15:48.953+0800][info] GC(115) Phase 3: Adjust pointers
[2024-10-12T11:15:48.955+0800][info] GC(115) Phase 3: Adjust pointers 1.332ms
[2024-10-12T11:15:48.955+0800][info] GC(115) Phase 4: Compact heap
[2024-10-12T11:15:48.964+0800][info] GC(115) Phase 4: Compact heap 9.428ms
[2024-10-12T11:15:48.965+0800][info] GC(115) Eden regions: 0->0(4)
[2024-10-12T11:15:48.965+0800][info] GC(115) Survivor regions: 0->0(0)
[2024-10-12T11:15:48.965+0800][info] GC(115) Old regions: 59->38
[2024-10-12T11:15:48.965+0800][info] GC(115) Archive regions: 2->2
[2024-10-12T11:15:48.965+0800][info] GC(115) Humongous regions: 3->3
[2024-10-12T11:15:48.965+0800][info] GC(115) Metaspace: 1582K(1728K)->1582K(1728K) NonClass: 1457K(1536K)->1457K(1536K) Class: 124K(192K)->124K(192K)
[2024-10-12T11:15:48.966+0800][info] GC(115) Pause Full (G1 Compaction Pause) 113M->72M(128M) 16.148ms
[2024-10-12T11:15:48.966+0800][info] GC(115) User=0.04s Sys=0.00s Real=0.02s
[2024-10-12T11:15:48.966+0800][info] GC(116) Concurrent Mark From Roots 16.358ms
[2024-10-12T11:15:48.966+0800][info] GC(116) Concurrent Mark Abort
[2024-10-12T11:15:48.966+0800][info] GC(116) Concurrent Mark Cycle 16.542ms
[2024-10-12T11:15:49.172+0800][info] GC(117) Pause Young (Normal) (G1 Evacuation Pause)
[2024-10-12T11:15:49.172+0800][info] GC(117) Using 3 workers of 48 for evacuation
[2024-10-12T11:15:49.173+0800][info] GC(117)   Pre Evacuate Collection Set: 0.1ms
[2024-10-12T11:15:49.173+0800][info] GC(117)   Merge Heap Roots: 0.1ms
[2024-10-12T11:15:49.173+0800][info] GC(117)   Evacuate Collection Set: 0.9ms
[2024-10-12T11:15:49.173+0800][info] GC(117)   Post Evacuate Collection Set: 0.2ms
[2024-10-12T11:15:49.173+0800][info] GC(117)   Other: 0.2ms
[2024-10-12T11:15:49.173+0800][info] GC(117) Eden regions: 4->0(3)
[2024-10-12T11:15:49.173+0800][info] GC(117) Survivor regions: 0->1(1)
[2024-10-12T11:15:49.173+0800][info] GC(117) Old regions: 38->41
[2024-10-12T11:15:49.173+0800][info] GC(117) Archive regions: 2->2
[2024-10-12T11:15:49.173+0800][info] GC(117) Humongous regions: 3->3
[2024-10-12T11:15:49.173+0800][info] GC(117) Metaspace: 1582K(1728K)->1582K(1728K) NonClass: 1457K(1536K)->1457K(1536K) Class: 124K(192K)->124K(192K)
[2024-10-12T11:15:49.173+0800][info] GC(117) Pause Young (Normal) (G1 Evacuation Pause) 79M->79M(128M) 1.677ms
[2024-10-12T11:15:49.173+0800][info] GC(117) User=0.01s Sys=0.00s Real=0.01s
[2024-10-12T11:15:49.337+0800][info] GC(118) Pause Young (Normal) (G1 Evacuation Pause)
[2024-10-12T11:15:49.337+0800][info] GC(118) Using 3 workers of 48 for evacuation
[2024-10-12T11:15:49.339+0800][info] GC(118)   Pre Evacuate Collection Set: 0.1ms
[2024-10-12T11:15:49.339+0800][info] GC(118)   Merge Heap Roots: 0.1ms
[2024-10-12T11:15:49.339+0800][info] GC(118)   Evacuate Collection Set: 0.9ms
[2024-10-12T11:15:49.339+0800][info] GC(118)   Post Evacuate Collection Set: 0.2ms
[2024-10-12T11:15:49.339+0800][info] GC(118)   Other: 0.2ms
[2024-10-12T11:15:49.339+0800][info] GC(118) Eden regions: 3->0(2)
[2024-10-12T11:15:49.339+0800][info] GC(118) Survivor regions: 1->1(1)
[2024-10-12T11:15:49.339+0800][info] GC(118) Old regions: 41->44
[2024-10-12T11:15:49.339+0800][info] GC(118) Archive regions: 2->2
[2024-10-12T11:15:49.339+0800][info] GC(118) Humongous regions: 3->3
[2024-10-12T11:15:49.339+0800][info] GC(118) Metaspace: 1582K(1728K)->1582K(1728K) NonClass: 1457K(1536K)->1457K(1536K) Class: 124K(192K)->124K(192K)
[2024-10-12T11:15:49.339+0800][info] GC(118) Pause Young (Normal) (G1 Evacuation Pause) 85M->85M(128M) 1.529ms
[2024-10-12T11:15:49.339+0800][info] GC(118) User=0.00s Sys=0.00s Real=0.00s
[2024-10-12T11:15:49.441+0800][info] GC(119) Pause Young (Concurrent Start) (G1 Evacuation Pause)
[2024-10-12T11:15:49.441+0800][info] GC(119) Using 3 workers of 48 for evacuation
[2024-10-12T11:15:49.443+0800][info] GC(119)   Pre Evacuate Collection Set: 0.1ms
[2024-10-12T11:15:49.443+0800][info] GC(119)   Merge Heap Roots: 0.0ms
[2024-10-12T11:15:49.443+0800][info] GC(119)   Evacuate Collection Set: 0.8ms
[2024-10-12T11:15:49.443+0800][info] GC(119)   Post Evacuate Collection Set: 0.2ms
[2024-10-12T11:15:49.443+0800][info] GC(119)   Other: 0.4ms
[2024-10-12T11:15:49.443+0800][info] GC(119) Eden regions: 2->0(2)
[2024-10-12T11:15:49.443+0800][info] GC(119) Survivor regions: 1->1(1)
[2024-10-12T11:15:49.443+0800][info] GC(119) Old regions: 44->46
[2024-10-12T11:15:49.443+0800][info] GC(119) Archive regions: 2->2
[2024-10-12T11:15:49.443+0800][info] GC(119) Humongous regions: 3->3
[2024-10-12T11:15:49.443+0800][info] GC(119) Metaspace: 1582K(1728K)->1582K(1728K) NonClass: 1457K(1536K)->1457K(1536K) Class: 124K(192K)->124K(192K)
[2024-10-12T11:15:49.443+0800][info] GC(119) Pause Young (Concurrent Start) (G1 Evacuation Pause) 89M->88M(128M) 1.629ms
[2024-10-12T11:15:49.443+0800][info] GC(119) User=0.00s Sys=0.00s Real=0.00s
[2024-10-12T11:15:49.443+0800][info] GC(120) Concurrent Mark Cycle
[2024-10-12T11:15:49.443+0800][info] GC(120) Concurrent Clear Claimed Marks
[2024-10-12T11:15:49.443+0800][info] GC(120) Concurrent Clear Claimed Marks 0.017ms
[2024-10-12T11:15:49.443+0800][info] GC(120) Concurrent Scan Root Regions
[2024-10-12T11:15:49.443+0800][info] GC(120) Concurrent Scan Root Regions 0.106ms
[2024-10-12T11:15:49.443+0800][info] GC(120) Concurrent Mark
[2024-10-12T11:15:49.443+0800][info] GC(120) Concurrent Mark From Roots
[2024-10-12T11:15:49.443+0800][info] GC(120) Using 12 workers of 12 for marking
[2024-10-12T11:15:49.447+0800][info] GC(120) Concurrent Mark From Roots 3.424ms
[2024-10-12T11:15:49.447+0800][info] GC(120) Concurrent Preclean
[2024-10-12T11:15:49.448+0800][info] GC(120) Concurrent Preclean 1.672ms
[2024-10-12T11:15:49.448+0800][info] GC(120) Pause Remark
[2024-10-12T11:15:49.450+0800][info] GC(120) Pause Remark 89M->89M(128M) 1.303ms
[2024-10-12T11:15:49.450+0800][info] GC(120) User=0.00s Sys=0.00s Real=0.00s
[2024-10-12T11:15:49.450+0800][info] GC(120) Concurrent Mark 6.647ms
[2024-10-12T11:15:49.450+0800][info] GC(120) Concurrent Rebuild Remembered Sets
[2024-10-12T11:15:49.451+0800][info] GC(120) Concurrent Rebuild Remembered Sets 1.218ms
[2024-10-12T11:15:49.451+0800][info] GC(120) Pause Cleanup
[2024-10-12T11:15:49.451+0800][info] GC(120) Pause Cleanup 89M->89M(128M) 0.206ms
[2024-10-12T11:15:49.451+0800][info] GC(120) User=0.01s Sys=0.00s Real=0.00s
[2024-10-12T11:15:49.451+0800][info] GC(120) Concurrent Cleanup for Next Mark
[2024-10-12T11:15:49.452+0800][info] GC(120) Concurrent Cleanup for Next Mark 0.392ms
[2024-10-12T11:15:49.452+0800][info] GC(120) Concurrent Mark Cycle 8.868ms
[2024-10-12T11:15:49.596+0800][info] GC(121) Pause Young (Prepare Mixed) (G1 Evacuation Pause)
[2024-10-12T11:15:49.596+0800][info] GC(121) Using 3 workers of 48 for evacuation
[2024-10-12T11:15:49.598+0800][info] GC(121)   Pre Evacuate Collection Set: 0.1ms
[2024-10-12T11:15:49.598+0800][info] GC(121)   Merge Heap Roots: 0.1ms
[2024-10-12T11:15:49.598+0800][info] GC(121)   Evacuate Collection Set: 0.8ms
[2024-10-12T11:15:49.598+0800][info] GC(121)   Post Evacuate Collection Set: 0.2ms
[2024-10-12T11:15:49.598+0800][info] GC(121)   Other: 0.2ms
[2024-10-12T11:15:49.598+0800][info] GC(121) Eden regions: 2->0(2)
[2024-10-12T11:15:49.598+0800][info] GC(121) Survivor regions: 1->1(1)
[2024-10-12T11:15:49.598+0800][info] GC(121) Old regions: 46->48
[2024-10-12T11:15:49.598+0800][info] GC(121) Archive regions: 2->2
[2024-10-12T11:15:49.598+0800][info] GC(121) Humongous regions: 3->3
[2024-10-12T11:15:49.598+0800][info] GC(121) Metaspace: 1582K(1728K)->1582K(1728K) NonClass: 1458K(1536K)->1458K(1536K) Class: 124K(192K)->124K(192K)
[2024-10-12T11:15:49.598+0800][info] GC(121) Pause Young (Prepare Mixed) (G1 Evacuation Pause) 92M->92M(128M) 1.490ms
[2024-10-12T11:15:49.598+0800][info] GC(121) User=0.00s Sys=0.00s Real=0.00s
[2024-10-12T11:15:49.700+0800][info] GC(122) Pause Young (Mixed) (G1 Evacuation Pause)
[2024-10-12T11:15:49.700+0800][info] GC(122) Using 3 workers of 48 for evacuation
[2024-10-12T11:15:49.706+0800][info] GC(122) To-space exhausted
[2024-10-12T11:15:49.706+0800][info] GC(122)   Pre Evacuate Collection Set: 0.2ms
[2024-10-12T11:15:49.706+0800][info] GC(122)   Merge Heap Roots: 0.1ms
[2024-10-12T11:15:49.706+0800][info] GC(122)   Evacuate Collection Set: 3.6ms
[2024-10-12T11:15:49.706+0800][info] GC(122)   Post Evacuate Collection Set: 1.2ms
[2024-10-12T11:15:49.706+0800][info] GC(122)   Other: 0.2ms
[2024-10-12T11:15:49.706+0800][info] GC(122) Eden regions: 2->0(2)
[2024-10-12T11:15:49.706+0800][info] GC(122) Survivor regions: 1->1(1)
[2024-10-12T11:15:49.706+0800][info] GC(122) Old regions: 48->55
[2024-10-12T11:15:49.706+0800][info] GC(122) Archive regions: 2->2
[2024-10-12T11:15:49.706+0800][info] GC(122) Humongous regions: 3->3
[2024-10-12T11:15:49.706+0800][info] GC(122) Metaspace: 1582K(1792K)->1582K(1792K) NonClass: 1458K(1600K)->1458K(1600K) Class: 124K(192K)->124K(192K)
[2024-10-12T11:15:49.706+0800][info] GC(122) Pause Young (Mixed) (G1 Evacuation Pause) 96M->108M(128M) 5.393ms
[2024-10-12T11:15:49.706+0800][info] GC(122) User=0.02s Sys=0.00s Real=0.01s
[2024-10-12T11:15:49.768+0800][info] GC(123) Pause Young (Concurrent Start) (G1 Preventive Collection)
[2024-10-12T11:15:49.768+0800][info] GC(123) Using 3 workers of 48 for evacuation
[2024-10-12T11:15:49.769+0800][info] GC(123)   Pre Evacuate Collection Set: 0.1ms
[2024-10-12T11:15:49.769+0800][info] GC(123)   Merge Heap Roots: 0.1ms
[2024-10-12T11:15:49.769+0800][info] GC(123)   Evacuate Collection Set: 1.1ms
[2024-10-12T11:15:49.769+0800][info] GC(123)   Post Evacuate Collection Set: 0.2ms
[2024-10-12T11:15:49.770+0800][info] GC(123)   Other: 0.4ms
[2024-10-12T11:15:49.770+0800][info] GC(123) Eden regions: 1->0(2)
[2024-10-12T11:15:49.770+0800][info] GC(123) Survivor regions: 1->1(1)
[2024-10-12T11:15:49.770+0800][info] GC(123) Old regions: 55->56
[2024-10-12T11:15:49.770+0800][info] GC(123) Archive regions: 2->2
[2024-10-12T11:15:49.770+0800][info] GC(123) Humongous regions: 3->3
[2024-10-12T11:15:49.770+0800][info] GC(123) Metaspace: 1582K(1792K)->1582K(1792K) NonClass: 1458K(1600K)->1458K(1600K) Class: 124K(192K)->124K(192K)
[2024-10-12T11:15:49.770+0800][info] GC(123) Pause Young (Concurrent Start) (G1 Preventive Collection) 110M->110M(128M) 1.925ms
[2024-10-12T11:15:49.770+0800][info] GC(123) User=0.00s Sys=0.00s Real=0.00s
[2024-10-12T11:15:49.770+0800][info] GC(124) Concurrent Mark Cycle
[2024-10-12T11:15:49.770+0800][info] GC(124) Concurrent Clear Claimed Marks
[2024-10-12T11:15:49.770+0800][info] GC(124) Concurrent Clear Claimed Marks 0.017ms
[2024-10-12T11:15:49.770+0800][info] GC(124) Concurrent Scan Root Regions
[2024-10-12T11:15:49.770+0800][info] GC(124) Concurrent Scan Root Regions 0.109ms
[2024-10-12T11:15:49.770+0800][info] GC(124) Concurrent Mark
[2024-10-12T11:15:49.770+0800][info] GC(124) Concurrent Mark From Roots
[2024-10-12T11:15:49.770+0800][info] GC(124) Using 12 workers of 12 for marking
[2024-10-12T11:15:49.773+0800][info] GC(124) Concurrent Mark From Roots 3.435ms
[2024-10-12T11:15:49.773+0800][info] GC(124) Concurrent Preclean
[2024-10-12T11:15:49.775+0800][info] GC(124) Concurrent Preclean 1.658ms
[2024-10-12T11:15:49.775+0800][info] GC(124) Pause Remark
[2024-10-12T11:15:49.777+0800][info] GC(124) Pause Remark 110M->110M(128M) 1.495ms
[2024-10-12T11:15:49.777+0800][info] GC(124) User=0.00s Sys=0.00s Real=0.00s
[2024-10-12T11:15:49.777+0800][info] GC(124) Concurrent Mark 6.881ms
[2024-10-12T11:15:49.777+0800][info] GC(124) Concurrent Rebuild Remembered Sets
[2024-10-12T11:15:49.778+0800][info] GC(124) Concurrent Rebuild Remembered Sets 1.241ms
[2024-10-12T11:15:49.778+0800][info] GC(124) Pause Cleanup
[2024-10-12T11:15:49.778+0800][info] GC(124) Pause Cleanup 110M->110M(128M) 0.187ms
[2024-10-12T11:15:49.778+0800][info] GC(124) User=0.00s Sys=0.00s Real=0.00s
[2024-10-12T11:15:49.778+0800][info] GC(124) Concurrent Cleanup for Next Mark
[2024-10-12T11:15:49.779+0800][info] GC(124) Concurrent Cleanup for Next Mark 0.358ms
[2024-10-12T11:15:49.779+0800][info] GC(124) Concurrent Mark Cycle 9.132ms
[2024-10-12T11:15:49.862+0800][info] GC(125) Pause Young (Prepare Mixed) (G1 Preventive Collection)
[2024-10-12T11:15:49.862+0800][info] GC(125) Using 3 workers of 48 for evacuation
[2024-10-12T11:15:49.863+0800][info] GC(125) To-space exhausted
[2024-10-12T11:15:49.863+0800][info] GC(125)   Pre Evacuate Collection Set: 0.1ms
[2024-10-12T11:15:49.863+0800][info] GC(125)   Merge Heap Roots: 0.1ms
[2024-10-12T11:15:49.863+0800][info] GC(125)   Evacuate Collection Set: 0.3ms
[2024-10-12T11:15:49.863+0800][info] GC(125)   Post Evacuate Collection Set: 0.2ms
[2024-10-12T11:15:49.863+0800][info] GC(125)   Other: 0.2ms
[2024-10-12T11:15:49.863+0800][info] GC(125) Eden regions: 1->0(2)
[2024-10-12T11:15:49.863+0800][info] GC(125) Survivor regions: 1->1(1)
[2024-10-12T11:15:49.863+0800][info] GC(125) Old regions: 56->57
[2024-10-12T11:15:49.863+0800][info] GC(125) Archive regions: 2->2
[2024-10-12T11:15:49.863+0800][info] GC(125) Humongous regions: 3->3
[2024-10-12T11:15:49.863+0800][info] GC(125) Metaspace: 1582K(1792K)->1582K(1792K) NonClass: 1458K(1600K)->1458K(1600K) Class: 124K(192K)->124K(192K)
[2024-10-12T11:15:49.863+0800][info] GC(125) Pause Young (Prepare Mixed) (G1 Preventive Collection) 111M->112M(128M) 0.918ms
[2024-10-12T11:15:49.863+0800][info] GC(125) User=0.00s Sys=0.00s Real=0.00s
[2024-10-12T11:15:49.924+0800][info] GC(126) Pause Young (Mixed) (G1 Evacuation Pause)
[2024-10-12T11:15:49.924+0800][info] GC(126) Using 3 workers of 48 for evacuation
[2024-10-12T11:15:49.929+0800][info] GC(126) To-space exhausted
[2024-10-12T11:15:49.929+0800][info] GC(126)   Pre Evacuate Collection Set: 0.2ms
[2024-10-12T11:15:49.929+0800][info] GC(126)   Merge Heap Roots: 0.1ms
[2024-10-12T11:15:49.929+0800][info] GC(126)   Evacuate Collection Set: 2.4ms
[2024-10-12T11:15:49.929+0800][info] GC(126)   Post Evacuate Collection Set: 1.8ms
[2024-10-12T11:15:49.929+0800][info] GC(126)   Other: 0.2ms
[2024-10-12T11:15:49.929+0800][info] GC(126) Eden regions: 1->0(3)
[2024-10-12T11:15:49.929+0800][info] GC(126) Survivor regions: 1->0(0)
[2024-10-12T11:15:49.929+0800][info] GC(126) Old regions: 57->59
[2024-10-12T11:15:49.929+0800][info] GC(126) Archive regions: 2->2
[2024-10-12T11:15:49.929+0800][info] GC(126) Humongous regions: 3->3
[2024-10-12T11:15:49.929+0800][info] GC(126) Metaspace: 1582K(1792K)->1582K(1792K) NonClass: 1458K(1600K)->1458K(1600K) Class: 124K(192K)->124K(192K)
[2024-10-12T11:15:49.929+0800][info] GC(126) Pause Young (Mixed) (G1 Evacuation Pause) 113M->113M(128M) 4.806ms
[2024-10-12T11:15:49.929+0800][info] GC(126) User=0.01s Sys=0.00s Real=0.01s
[2024-10-12T11:15:49.929+0800][info] Attempting full compaction
[2024-10-12T11:15:49.929+0800][info] GC(127) Using 3 workers of 48 for full compaction
[2024-10-12T11:15:49.929+0800][info] GC(127) Pause Full (G1 Compaction Pause)
[2024-10-12T11:15:49.929+0800][info] GC(127) Phase 1: Mark live objects
[2024-10-12T11:15:49.932+0800][info] GC(127) Phase 1: Mark live objects 2.795ms
[2024-10-12T11:15:49.932+0800][info] GC(127) Phase 2: Prepare for compaction
[2024-10-12T11:15:49.933+0800][info] GC(127) Phase 2: Prepare for compaction 0.497ms
[2024-10-12T11:15:49.933+0800][info] GC(127) Phase 3: Adjust pointers
[2024-10-12T11:15:49.934+0800][info] GC(127) Phase 3: Adjust pointers 1.462ms
[2024-10-12T11:15:49.934+0800][info] GC(127) Phase 4: Compact heap
[2024-10-12T11:15:49.944+0800][info] GC(127) Phase 4: Compact heap 10.114ms
[2024-10-12T11:15:49.946+0800][info] GC(127) Eden regions: 0->0(4)
[2024-10-12T11:15:49.946+0800][info] GC(127) Survivor regions: 0->0(0)
[2024-10-12T11:15:49.946+0800][info] GC(127) Old regions: 59->37
[2024-10-12T11:15:49.946+0800][info] GC(127) Archive regions: 2->2
[2024-10-12T11:15:49.946+0800][info] GC(127) Humongous regions: 3->3
[2024-10-12T11:15:49.946+0800][info] GC(127) Metaspace: 1582K(1792K)->1582K(1792K) NonClass: 1458K(1600K)->1458K(1600K) Class: 124K(192K)->124K(192K)
[2024-10-12T11:15:49.946+0800][info] GC(127) Pause Full (G1 Compaction Pause) 113M->71M(128M) 16.458ms
[2024-10-12T11:15:49.946+0800][info] GC(127) User=0.04s Sys=0.00s Real=0.02s
[2024-10-12T11:15:50.151+0800][info] GC(128) Pause Young (Normal) (G1 Evacuation Pause)
[2024-10-12T11:15:50.151+0800][info] GC(128) Using 3 workers of 48 for evacuation
[2024-10-12T11:15:50.153+0800][info] GC(128)   Pre Evacuate Collection Set: 0.1ms
[2024-10-12T11:15:50.153+0800][info] GC(128)   Merge Heap Roots: 0.1ms
[2024-10-12T11:15:50.153+0800][info] GC(128)   Evacuate Collection Set: 1.0ms
[2024-10-12T11:15:50.153+0800][info] GC(128)   Post Evacuate Collection Set: 0.2ms
[2024-10-12T11:15:50.153+0800][info] GC(128)   Other: 0.2ms
[2024-10-12T11:15:50.153+0800][info] GC(128) Eden regions: 4->0(3)
[2024-10-12T11:15:50.153+0800][info] GC(128) Survivor regions: 0->1(1)
[2024-10-12T11:15:50.153+0800][info] GC(128) Old regions: 37->40
[2024-10-12T11:15:50.153+0800][info] GC(128) Archive regions: 2->2
[2024-10-12T11:15:50.153+0800][info] GC(128) Humongous regions: 3->3
[2024-10-12T11:15:50.153+0800][info] GC(128) Metaspace: 1582K(1792K)->1582K(1792K) NonClass: 1458K(1600K)->1458K(1600K) Class: 124K(192K)->124K(192K)
[2024-10-12T11:15:50.153+0800][info] GC(128) Pause Young (Normal) (G1 Evacuation Pause) 78M->78M(128M) 1.717ms
[2024-10-12T11:15:50.153+0800][info] GC(128) User=0.00s Sys=0.00s Real=0.00s
[2024-10-12T11:15:50.317+0800][info] GC(129) Pause Young (Normal) (G1 Evacuation Pause)
[2024-10-12T11:15:50.317+0800][info] GC(129) Using 3 workers of 48 for evacuation
[2024-10-12T11:15:50.318+0800][info] GC(129)   Pre Evacuate Collection Set: 0.1ms
[2024-10-12T11:15:50.318+0800][info] GC(129)   Merge Heap Roots: 0.0ms
[2024-10-12T11:15:50.318+0800][info] GC(129)   Evacuate Collection Set: 1.0ms
[2024-10-12T11:15:50.318+0800][info] GC(129)   Post Evacuate Collection Set: 0.2ms
[2024-10-12T11:15:50.318+0800][info] GC(129)   Other: 0.2ms
[2024-10-12T11:15:50.318+0800][info] GC(129) Eden regions: 3->0(2)
[2024-10-12T11:15:50.318+0800][info] GC(129) Survivor regions: 1->1(1)
[2024-10-12T11:15:50.318+0800][info] GC(129) Old regions: 40->43
[2024-10-12T11:15:50.318+0800][info] GC(129) Archive regions: 2->2
[2024-10-12T11:15:50.318+0800][info] GC(129) Humongous regions: 3->3
[2024-10-12T11:15:50.318+0800][info] GC(129) Metaspace: 1582K(1792K)->1582K(1792K) NonClass: 1458K(1600K)->1458K(1600K) Class: 124K(192K)->124K(192K)
[2024-10-12T11:15:50.318+0800][info] GC(129) Pause Young (Normal) (G1 Evacuation Pause) 84M->84M(128M) 1.697ms
[2024-10-12T11:15:50.318+0800][info] GC(129) User=0.01s Sys=0.00s Real=0.00s
[2024-10-12T11:15:50.421+0800][info] GC(130) Pause Young (Normal) (G1 Evacuation Pause)
[2024-10-12T11:15:50.421+0800][info] GC(130) Using 3 workers of 48 for evacuation
[2024-10-12T11:15:50.422+0800][info] GC(130)   Pre Evacuate Collection Set: 0.1ms
[2024-10-12T11:15:50.422+0800][info] GC(130)   Merge Heap Roots: 0.1ms
[2024-10-12T11:15:50.422+0800][info] GC(130)   Evacuate Collection Set: 0.9ms
[2024-10-12T11:15:50.422+0800][info] GC(130)   Post Evacuate Collection Set: 0.2ms
[2024-10-12T11:15:50.422+0800][info] GC(130)   Other: 0.2ms
[2024-10-12T11:15:50.422+0800][info] GC(130) Eden regions: 2->0(2)
[2024-10-12T11:15:50.422+0800][info] GC(130) Survivor regions: 1->1(1)
[2024-10-12T11:15:50.422+0800][info] GC(130) Old regions: 43->45
[2024-10-12T11:15:50.422+0800][info] GC(130) Archive regions: 2->2
[2024-10-12T11:15:50.422+0800][info] GC(130) Humongous regions: 3->3
[2024-10-12T11:15:50.422+0800][info] GC(130) Metaspace: 1582K(1792K)->1582K(1792K) NonClass: 1458K(1600K)->1458K(1600K) Class: 124K(192K)->124K(192K)
[2024-10-12T11:15:50.422+0800][info] GC(130) Pause Young (Normal) (G1 Evacuation Pause) 88M->88M(128M) 1.575ms
[2024-10-12T11:15:50.422+0800][info] GC(130) User=0.00s Sys=0.00s Real=0.00s
[2024-10-12T11:15:50.525+0800][info] GC(131) Pause Young (Concurrent Start) (G1 Evacuation Pause)
[2024-10-12T11:15:50.525+0800][info] GC(131) Using 3 workers of 48 for evacuation
[2024-10-12T11:15:50.526+0800][info] GC(131)   Pre Evacuate Collection Set: 0.1ms
[2024-10-12T11:15:50.526+0800][info] GC(131)   Merge Heap Roots: 0.0ms
[2024-10-12T11:15:50.526+0800][info] GC(131)   Evacuate Collection Set: 0.8ms
[2024-10-12T11:15:50.526+0800][info] GC(131)   Post Evacuate Collection Set: 0.2ms
[2024-10-12T11:15:50.526+0800][info] GC(131)   Other: 0.3ms
[2024-10-12T11:15:50.526+0800][info] GC(131) Eden regions: 2->0(2)
[2024-10-12T11:15:50.526+0800][info] GC(131) Survivor regions: 1->1(1)
[2024-10-12T11:15:50.526+0800][info] GC(131) Old regions: 45->47
[2024-10-12T11:15:50.526+0800][info] GC(131) Archive regions: 2->2
[2024-10-12T11:15:50.526+0800][info] GC(131) Humongous regions: 3->3
[2024-10-12T11:15:50.526+0800][info] GC(131) Metaspace: 1582K(1792K)->1582K(1792K) NonClass: 1458K(1600K)->1458K(1600K) Class: 124K(192K)->124K(192K)
[2024-10-12T11:15:50.526+0800][info] GC(131) Pause Young (Concurrent Start) (G1 Evacuation Pause) 92M->92M(128M) 1.558ms
[2024-10-12T11:15:50.526+0800][info] GC(131) User=0.01s Sys=0.00s Real=0.01s
[2024-10-12T11:15:50.526+0800][info] GC(132) Concurrent Mark Cycle
[2024-10-12T11:15:50.526+0800][info] GC(132) Concurrent Clear Claimed Marks
[2024-10-12T11:15:50.526+0800][info] GC(132) Concurrent Clear Claimed Marks 0.018ms
[2024-10-12T11:15:50.526+0800][info] GC(132) Concurrent Scan Root Regions
[2024-10-12T11:15:50.526+0800][info] GC(132) Concurrent Scan Root Regions 0.159ms
[2024-10-12T11:15:50.526+0800][info] GC(132) Concurrent Mark
[2024-10-12T11:15:50.526+0800][info] GC(132) Concurrent Mark From Roots
[2024-10-12T11:15:50.526+0800][info] GC(132) Using 12 workers of 12 for marking
[2024-10-12T11:15:50.530+0800][info] GC(132) Concurrent Mark From Roots 3.907ms
[2024-10-12T11:15:50.530+0800][info] GC(132) Concurrent Preclean
[2024-10-12T11:15:50.532+0800][info] GC(132) Concurrent Preclean 1.660ms
[2024-10-12T11:15:50.532+0800][info] GC(132) Pause Remark
[2024-10-12T11:15:50.534+0800][info] GC(132) Pause Remark 93M->93M(128M) 1.390ms
[2024-10-12T11:15:50.534+0800][info] GC(132) User=0.00s Sys=0.00s Real=0.01s
[2024-10-12T11:15:50.534+0800][info] GC(132) Concurrent Mark 7.257ms
[2024-10-12T11:15:50.534+0800][info] GC(132) Concurrent Rebuild Remembered Sets
[2024-10-12T11:15:50.535+0800][info] GC(132) Concurrent Rebuild Remembered Sets 1.258ms
[2024-10-12T11:15:50.535+0800][info] GC(132) Pause Cleanup
[2024-10-12T11:15:50.535+0800][info] GC(132) Pause Cleanup 93M->93M(128M) 0.167ms
[2024-10-12T11:15:50.535+0800][info] GC(132) User=0.00s Sys=0.00s Real=0.00s
[2024-10-12T11:15:50.535+0800][info] GC(132) Concurrent Cleanup for Next Mark
[2024-10-12T11:15:50.536+0800][info] GC(132) Concurrent Cleanup for Next Mark 0.364ms
[2024-10-12T11:15:50.536+0800][info] GC(132) Concurrent Mark Cycle 9.592ms
[2024-10-12T11:15:50.681+0800][info] GC(133) Pause Young (Prepare Mixed) (G1 Evacuation Pause)
[2024-10-12T11:15:50.681+0800][info] GC(133) Using 3 workers of 48 for evacuation
[2024-10-12T11:15:50.682+0800][info] GC(133)   Pre Evacuate Collection Set: 0.1ms
[2024-10-12T11:15:50.682+0800][info] GC(133)   Merge Heap Roots: 0.1ms
[2024-10-12T11:15:50.682+0800][info] GC(133)   Evacuate Collection Set: 0.9ms
[2024-10-12T11:15:50.682+0800][info] GC(133)   Post Evacuate Collection Set: 0.2ms
[2024-10-12T11:15:50.682+0800][info] GC(133)   Other: 0.2ms
[2024-10-12T11:15:50.682+0800][info] GC(133) Eden regions: 2->0(2)
[2024-10-12T11:15:50.682+0800][info] GC(133) Survivor regions: 1->1(1)
[2024-10-12T11:15:50.682+0800][info] GC(133) Old regions: 47->49
[2024-10-12T11:15:50.682+0800][info] GC(133) Archive regions: 2->2
[2024-10-12T11:15:50.682+0800][info] GC(133) Humongous regions: 4->3
[2024-10-12T11:15:50.682+0800][info] GC(133) Metaspace: 1582K(1792K)->1582K(1792K) NonClass: 1458K(1600K)->1458K(1600K) Class: 124K(192K)->124K(192K)
[2024-10-12T11:15:50.682+0800][info] GC(133) Pause Young (Prepare Mixed) (G1 Evacuation Pause) 98M->96M(128M) 1.549ms
[2024-10-12T11:15:50.682+0800][info] GC(133) User=0.01s Sys=0.00s Real=0.00s
[2024-10-12T11:15:50.784+0800][info] GC(134) Pause Young (Mixed) (G1 Evacuation Pause)
[2024-10-12T11:15:50.784+0800][info] GC(134) Using 3 workers of 48 for evacuation
[2024-10-12T11:15:50.789+0800][info] GC(134) To-space exhausted
[2024-10-12T11:15:50.789+0800][info] GC(134)   Pre Evacuate Collection Set: 0.2ms
[2024-10-12T11:15:50.789+0800][info] GC(134)   Merge Heap Roots: 0.1ms
[2024-10-12T11:15:50.789+0800][info] GC(134)   Evacuate Collection Set: 3.3ms
[2024-10-12T11:15:50.789+0800][info] GC(134)   Post Evacuate Collection Set: 0.8ms
[2024-10-12T11:15:50.789+0800][info] GC(134)   Other: 0.2ms
[2024-10-12T11:15:50.789+0800][info] GC(134) Eden regions: 2->0(2)
[2024-10-12T11:15:50.789+0800][info] GC(134) Survivor regions: 1->1(1)
[2024-10-12T11:15:50.789+0800][info] GC(134) Old regions: 49->54
[2024-10-12T11:15:50.789+0800][info] GC(134) Archive regions: 2->2
[2024-10-12T11:15:50.789+0800][info] GC(134) Humongous regions: 3->3
[2024-10-12T11:15:50.789+0800][info] GC(134) Metaspace: 1582K(1792K)->1582K(1792K) NonClass: 1458K(1600K)->1458K(1600K) Class: 124K(192K)->124K(192K)
[2024-10-12T11:15:50.789+0800][info] GC(134) Pause Young (Mixed) (G1 Evacuation Pause) 100M->109M(128M) 4.644ms
[2024-10-12T11:15:50.789+0800][info] GC(134) User=0.01s Sys=0.00s Real=0.01s
[2024-10-12T11:15:50.850+0800][info] GC(135) Pause Young (Concurrent Start) (G1 Preventive Collection)
[2024-10-12T11:15:50.850+0800][info] GC(135) Using 3 workers of 48 for evacuation
[2024-10-12T11:15:50.852+0800][info] GC(135)   Pre Evacuate Collection Set: 0.1ms
[2024-10-12T11:15:50.852+0800][info] GC(135)   Merge Heap Roots: 0.1ms
[2024-10-12T11:15:50.852+0800][info] GC(135)   Evacuate Collection Set: 0.8ms
[2024-10-12T11:15:50.852+0800][info] GC(135)   Post Evacuate Collection Set: 0.2ms
[2024-10-12T11:15:50.852+0800][info] GC(135)   Other: 0.4ms
[2024-10-12T11:15:50.852+0800][info] GC(135) Eden regions: 1->0(2)
[2024-10-12T11:15:50.852+0800][info] GC(135) Survivor regions: 1->1(1)
[2024-10-12T11:15:50.852+0800][info] GC(135) Old regions: 54->55
[2024-10-12T11:15:50.852+0800][info] GC(135) Archive regions: 2->2
[2024-10-12T11:15:50.852+0800][info] GC(135) Humongous regions: 3->3
[2024-10-12T11:15:50.852+0800][info] GC(135) Metaspace: 1582K(1792K)->1582K(1792K) NonClass: 1458K(1600K)->1458K(1600K) Class: 124K(192K)->124K(192K)
[2024-10-12T11:15:50.852+0800][info] GC(135) Pause Young (Concurrent Start) (G1 Preventive Collection) 110M->110M(128M) 1.672ms
[2024-10-12T11:15:50.852+0800][info] GC(135) User=0.00s Sys=0.00s Real=0.00s
[2024-10-12T11:15:50.852+0800][info] GC(136) Concurrent Mark Cycle
[2024-10-12T11:15:50.852+0800][info] GC(136) Concurrent Clear Claimed Marks
[2024-10-12T11:15:50.852+0800][info] GC(136) Concurrent Clear Claimed Marks 0.017ms
[2024-10-12T11:15:50.852+0800][info] GC(136) Concurrent Scan Root Regions
[2024-10-12T11:15:50.852+0800][info] GC(136) Concurrent Scan Root Regions 0.152ms
[2024-10-12T11:15:50.852+0800][info] GC(136) Concurrent Mark
[2024-10-12T11:15:50.852+0800][info] GC(136) Concurrent Mark From Roots
[2024-10-12T11:15:50.852+0800][info] GC(136) Using 12 workers of 12 for marking
[2024-10-12T11:15:50.856+0800][info] GC(136) Concurrent Mark From Roots 3.513ms
[2024-10-12T11:15:50.856+0800][info] GC(136) Concurrent Preclean
[2024-10-12T11:15:50.858+0800][info] GC(136) Concurrent Preclean 1.705ms
[2024-10-12T11:15:50.858+0800][info] GC(136) Pause Remark
[2024-10-12T11:15:50.859+0800][info] GC(136) Pause Remark 111M->111M(128M) 1.385ms
[2024-10-12T11:15:50.859+0800][info] GC(136) User=0.00s Sys=0.00s Real=0.00s
[2024-10-12T11:15:50.859+0800][info] GC(136) Concurrent Mark 6.876ms
[2024-10-12T11:15:50.859+0800][info] GC(136) Concurrent Rebuild Remembered Sets
[2024-10-12T11:15:50.860+0800][info] GC(136) Concurrent Rebuild Remembered Sets 1.202ms
[2024-10-12T11:15:50.861+0800][info] GC(136) Pause Cleanup
[2024-10-12T11:15:50.861+0800][info] GC(136) Pause Cleanup 111M->111M(128M) 0.178ms
[2024-10-12T11:15:50.861+0800][info] GC(136) User=0.00s Sys=0.00s Real=0.00s
[2024-10-12T11:15:50.861+0800][info] GC(136) Concurrent Cleanup for Next Mark
[2024-10-12T11:15:50.861+0800][info] GC(136) Concurrent Cleanup for Next Mark 0.333ms
[2024-10-12T11:15:50.861+0800][info] GC(136) Concurrent Mark Cycle 9.122ms
[2024-10-12T11:15:50.945+0800][info] GC(137) Pause Young (Prepare Mixed) (G1 Preventive Collection)
[2024-10-12T11:15:50.945+0800][info] GC(137) Using 3 workers of 48 for evacuation
[2024-10-12T11:15:50.946+0800][info] GC(137)   Pre Evacuate Collection Set: 0.1ms
[2024-10-12T11:15:50.946+0800][info] GC(137)   Merge Heap Roots: 0.1ms
[2024-10-12T11:15:50.946+0800][info] GC(137)   Evacuate Collection Set: 0.5ms
[2024-10-12T11:15:50.946+0800][info] GC(137)   Post Evacuate Collection Set: 0.2ms
[2024-10-12T11:15:50.946+0800][info] GC(137)   Other: 0.2ms
[2024-10-12T11:15:50.946+0800][info] GC(137) Eden regions: 1->0(2)
[2024-10-12T11:15:50.946+0800][info] GC(137) Survivor regions: 1->1(1)
[2024-10-12T11:15:50.946+0800][info] GC(137) Old regions: 55->56
[2024-10-12T11:15:50.946+0800][info] GC(137) Archive regions: 2->2
[2024-10-12T11:15:50.946+0800][info] GC(137) Humongous regions: 3->3
[2024-10-12T11:15:50.946+0800][info] GC(137) Metaspace: 1582K(1792K)->1582K(1792K) NonClass: 1458K(1600K)->1458K(1600K) Class: 124K(192K)->124K(192K)
[2024-10-12T11:15:50.946+0800][info] GC(137) Pause Young (Prepare Mixed) (G1 Preventive Collection) 112M->112M(128M) 1.220ms
[2024-10-12T11:15:50.946+0800][info] GC(137) User=0.01s Sys=0.00s Real=0.00s
[2024-10-12T11:15:51.008+0800][info] GC(138) Pause Young (Mixed) (G1 Preventive Collection)
[2024-10-12T11:15:51.008+0800][info] GC(138) Using 3 workers of 48 for evacuation
[2024-10-12T11:15:51.011+0800][info] GC(138) To-space exhausted
[2024-10-12T11:15:51.011+0800][info] GC(138)   Pre Evacuate Collection Set: 0.2ms
[2024-10-12T11:15:51.011+0800][info] GC(138)   Merge Heap Roots: 0.1ms
[2024-10-12T11:15:51.011+0800][info] GC(138)   Evacuate Collection Set: 1.7ms
[2024-10-12T11:15:51.011+0800][info] GC(138)   Post Evacuate Collection Set: 1.2ms
[2024-10-12T11:15:51.011+0800][info] GC(138)   Other: 0.2ms
[2024-10-12T11:15:51.011+0800][info] GC(138) Eden regions: 1->0(2)
[2024-10-12T11:15:51.011+0800][info] GC(138) Survivor regions: 1->1(1)
[2024-10-12T11:15:51.011+0800][info] GC(138) Old regions: 56->57
[2024-10-12T11:15:51.011+0800][info] GC(138) Archive regions: 2->2
[2024-10-12T11:15:51.011+0800][info] GC(138) Humongous regions: 3->3
[2024-10-12T11:15:51.011+0800][info] GC(138) Metaspace: 1582K(1792K)->1582K(1792K) NonClass: 1458K(1600K)->1458K(1600K) Class: 124K(192K)->124K(192K)
[2024-10-12T11:15:51.011+0800][info] GC(138) Pause Young (Mixed) (G1 Preventive Collection) 114M->114M(128M) 3.452ms
[2024-10-12T11:15:51.011+0800][info] GC(138) User=0.01s Sys=0.00s Real=0.00s
[2024-10-12T11:15:51.052+0800][info] GC(139) Pause Young (Concurrent Start) (G1 Evacuation Pause)
[2024-10-12T11:15:51.052+0800][info] GC(139) Using 3 workers of 48 for evacuation
[2024-10-12T11:15:51.054+0800][info] GC(139) To-space exhausted
[2024-10-12T11:15:51.054+0800][info] GC(139)   Pre Evacuate Collection Set: 0.1ms
[2024-10-12T11:15:51.054+0800][info] GC(139)   Merge Heap Roots: 0.1ms
[2024-10-12T11:15:51.054+0800][info] GC(139)   Evacuate Collection Set: 0.8ms
[2024-10-12T11:15:51.054+0800][info] GC(139)   Post Evacuate Collection Set: 0.2ms
[2024-10-12T11:15:51.054+0800][info] GC(139)   Other: 0.4ms
[2024-10-12T11:15:51.054+0800][info] GC(139) Eden regions: 1->0(3)
[2024-10-12T11:15:51.054+0800][info] GC(139) Survivor regions: 1->0(0)
[2024-10-12T11:15:51.054+0800][info] GC(139) Old regions: 57->59
[2024-10-12T11:15:51.054+0800][info] GC(139) Archive regions: 2->2
[2024-10-12T11:15:51.054+0800][info] GC(139) Humongous regions: 3->3
[2024-10-12T11:15:51.054+0800][info] GC(139) Metaspace: 1582K(1792K)->1582K(1792K) NonClass: 1458K(1600K)->1458K(1600K) Class: 124K(192K)->124K(192K)
[2024-10-12T11:15:51.054+0800][info] GC(139) Pause Young (Concurrent Start) (G1 Evacuation Pause) 115M->115M(128M) 1.691ms
[2024-10-12T11:15:51.054+0800][info] GC(139) User=0.00s Sys=0.00s Real=0.01s
[2024-10-12T11:15:51.054+0800][info] Attempting full compaction
[2024-10-12T11:15:51.054+0800][info] GC(140) Using 3 workers of 48 for full compaction
[2024-10-12T11:15:51.054+0800][info] GC(140) Pause Full (G1 Compaction Pause)
[2024-10-12T11:15:51.054+0800][info] GC(141) Concurrent Mark Cycle
[2024-10-12T11:15:51.054+0800][info] GC(141) Concurrent Clear Claimed Marks
[2024-10-12T11:15:51.054+0800][info] GC(141) Concurrent Clear Claimed Marks 0.017ms
[2024-10-12T11:15:51.054+0800][info] GC(141) Concurrent Scan Root Regions
[2024-10-12T11:15:51.054+0800][info] GC(141) Concurrent Scan Root Regions 0.010ms
[2024-10-12T11:15:51.054+0800][info] GC(141) Concurrent Mark
[2024-10-12T11:15:51.054+0800][info] GC(141) Concurrent Mark From Roots
[2024-10-12T11:15:51.054+0800][info] GC(141) Using 12 workers of 12 for marking
[2024-10-12T11:15:51.054+0800][info] GC(140) Phase 1: Mark live objects
[2024-10-12T11:15:51.057+0800][info] GC(140) Phase 1: Mark live objects 2.974ms
[2024-10-12T11:15:51.057+0800][info] GC(140) Phase 2: Prepare for compaction
[2024-10-12T11:15:51.058+0800][info] GC(140) Phase 2: Prepare for compaction 0.476ms
[2024-10-12T11:15:51.058+0800][info] GC(140) Phase 3: Adjust pointers
[2024-10-12T11:15:51.059+0800][info] GC(140) Phase 3: Adjust pointers 1.457ms
[2024-10-12T11:15:51.059+0800][info] GC(140) Phase 4: Compact heap
[2024-10-12T11:15:51.068+0800][info] GC(140) Phase 4: Compact heap 8.336ms
[2024-10-12T11:15:51.069+0800][info] GC(140) Eden regions: 0->0(4)
[2024-10-12T11:15:51.069+0800][info] GC(140) Survivor regions: 0->0(0)
[2024-10-12T11:15:51.069+0800][info] GC(140) Old regions: 59->39
[2024-10-12T11:15:51.069+0800][info] GC(140) Archive regions: 2->2
[2024-10-12T11:15:51.069+0800][info] GC(140) Humongous regions: 3->3
[2024-10-12T11:15:51.069+0800][info] GC(140) Metaspace: 1582K(1792K)->1582K(1792K) NonClass: 1458K(1600K)->1458K(1600K) Class: 124K(192K)->124K(192K)
[2024-10-12T11:15:51.069+0800][info] GC(140) Pause Full (G1 Compaction Pause) 115M->72M(128M) 15.133ms
[2024-10-12T11:15:51.069+0800][info] GC(140) User=0.04s Sys=0.00s Real=0.01s
[2024-10-12T11:15:51.069+0800][info] GC(141) Concurrent Mark From Roots 15.344ms
[2024-10-12T11:15:51.070+0800][info] GC(141) Concurrent Mark Abort
[2024-10-12T11:15:51.070+0800][info] GC(141) Concurrent Mark Cycle 15.532ms
[2024-10-12T11:15:51.296+0800][info] GC(142) Pause Young (Normal) (G1 Evacuation Pause)
[2024-10-12T11:15:51.296+0800][info] GC(142) Using 3 workers of 48 for evacuation
[2024-10-12T11:15:51.297+0800][info] GC(142)   Pre Evacuate Collection Set: 0.1ms
[2024-10-12T11:15:51.297+0800][info] GC(142)   Merge Heap Roots: 0.0ms
[2024-10-12T11:15:51.297+0800][info] GC(142)   Evacuate Collection Set: 1.0ms
[2024-10-12T11:15:51.297+0800][info] GC(142)   Post Evacuate Collection Set: 0.3ms
[2024-10-12T11:15:51.297+0800][info] GC(142)   Other: 0.3ms
[2024-10-12T11:15:51.297+0800][info] GC(142) Eden regions: 4->0(2)
[2024-10-12T11:15:51.297+0800][info] GC(142) Survivor regions: 0->1(1)
[2024-10-12T11:15:51.297+0800][info] GC(142) Old regions: 39->42
[2024-10-12T11:15:51.297+0800][info] GC(142) Archive regions: 2->2
[2024-10-12T11:15:51.297+0800][info] GC(142) Humongous regions: 3->3
[2024-10-12T11:15:51.297+0800][info] GC(142) Metaspace: 1610K(1792K)->1610K(1792K) NonClass: 1486K(1600K)->1486K(1600K) Class: 124K(192K)->124K(192K)
[2024-10-12T11:15:51.298+0800][info] GC(142) Pause Young (Normal) (G1 Evacuation Pause) 80M->79M(128M) 1.788ms
[2024-10-12T11:15:51.298+0800][info] GC(142) User=0.00s Sys=0.00s Real=0.00s
[2024-10-12T11:15:51.401+0800][info] GC(143) Pause Young (Normal) (G1 Evacuation Pause)
[2024-10-12T11:15:51.401+0800][info] GC(143) Using 3 workers of 48 for evacuation
[2024-10-12T11:15:51.402+0800][info] GC(143)   Pre Evacuate Collection Set: 0.1ms
[2024-10-12T11:15:51.402+0800][info] GC(143)   Merge Heap Roots: 0.0ms
[2024-10-12T11:15:51.402+0800][info] GC(143)   Evacuate Collection Set: 0.9ms
[2024-10-12T11:15:51.402+0800][info] GC(143)   Post Evacuate Collection Set: 0.2ms
[2024-10-12T11:15:51.402+0800][info] GC(143)   Other: 0.2ms
[2024-10-12T11:15:51.402+0800][info] GC(143) Eden regions: 2->0(2)
[2024-10-12T11:15:51.402+0800][info] GC(143) Survivor regions: 1->1(1)
[2024-10-12T11:15:51.402+0800][info] GC(143) Old regions: 42->44
[2024-10-12T11:15:51.402+0800][info] GC(143) Archive regions: 2->2
[2024-10-12T11:15:51.402+0800][info] GC(143) Humongous regions: 3->3
[2024-10-12T11:15:51.402+0800][info] GC(143) Metaspace: 1614K(1792K)->1614K(1792K) NonClass: 1490K(1600K)->1490K(1600K) Class: 124K(192K)->124K(192K)
[2024-10-12T11:15:51.402+0800][info] GC(143) Pause Young (Normal) (G1 Evacuation Pause) 83M->83M(128M) 1.580ms
[2024-10-12T11:15:51.402+0800][info] GC(143) User=0.00s Sys=0.00s Real=0.00s
[2024-10-12T11:15:51.504+0800][info] GC(144) Pause Young (Normal) (G1 Evacuation Pause)
[2024-10-12T11:15:51.504+0800][info] GC(144) Using 3 workers of 48 for evacuation
[2024-10-12T11:15:51.506+0800][info] GC(144)   Pre Evacuate Collection Set: 0.1ms
[2024-10-12T11:15:51.506+0800][info] GC(144)   Merge Heap Roots: 0.0ms
[2024-10-12T11:15:51.506+0800][info] GC(144)   Evacuate Collection Set: 0.7ms
[2024-10-12T11:15:51.506+0800][info] GC(144)   Post Evacuate Collection Set: 0.2ms
[2024-10-12T11:15:51.506+0800][info] GC(144)   Other: 0.2ms
[2024-10-12T11:15:51.506+0800][info] GC(144) Eden regions: 2->0(2)
[2024-10-12T11:15:51.506+0800][info] GC(144) Survivor regions: 1->1(1)
[2024-10-12T11:15:51.506+0800][info] GC(144) Old regions: 44->46
[2024-10-12T11:15:51.506+0800][info] GC(144) Archive regions: 2->2
[2024-10-12T11:15:51.506+0800][info] GC(144) Humongous regions: 3->3
[2024-10-12T11:15:51.506+0800][info] GC(144) Metaspace: 1614K(1792K)->1614K(1792K) NonClass: 1490K(1600K)->1490K(1600K) Class: 124K(192K)->124K(192K)
[2024-10-12T11:15:51.506+0800][info] GC(144) Pause Young (Normal) (G1 Evacuation Pause) 87M->87M(128M) 1.373ms
[2024-10-12T11:15:51.506+0800][info] GC(144) User=0.00s Sys=0.00s Real=0.01s
[2024-10-12T11:15:51.608+0800][info] GC(145) Pause Young (Concurrent Start) (G1 Evacuation Pause)
[2024-10-12T11:15:51.608+0800][info] GC(145) Using 3 workers of 48 for evacuation
[2024-10-12T11:15:51.610+0800][info] GC(145)   Pre Evacuate Collection Set: 0.1ms
[2024-10-12T11:15:51.610+0800][info] GC(145)   Merge Heap Roots: 0.0ms
[2024-10-12T11:15:51.610+0800][info] GC(145)   Evacuate Collection Set: 0.8ms
[2024-10-12T11:15:51.610+0800][info] GC(145)   Post Evacuate Collection Set: 0.2ms
[2024-10-12T11:15:51.610+0800][info] GC(145)   Other: 0.4ms
[2024-10-12T11:15:51.610+0800][info] GC(145) Eden regions: 2->0(2)
[2024-10-12T11:15:51.610+0800][info] GC(145) Survivor regions: 1->1(1)
[2024-10-12T11:15:51.610+0800][info] GC(145) Old regions: 46->48
[2024-10-12T11:15:51.610+0800][info] GC(145) Archive regions: 2->2
[2024-10-12T11:15:51.610+0800][info] GC(145) Humongous regions: 3->3
[2024-10-12T11:15:51.610+0800][info] GC(145) Metaspace: 1614K(1792K)->1614K(1792K) NonClass: 1490K(1600K)->1490K(1600K) Class: 124K(192K)->124K(192K)
[2024-10-12T11:15:51.610+0800][info] GC(145) Pause Young (Concurrent Start) (G1 Evacuation Pause) 90M->91M(128M) 1.609ms
[2024-10-12T11:15:51.610+0800][info] GC(145) User=0.00s Sys=0.00s Real=0.00s
[2024-10-12T11:15:51.610+0800][info] GC(146) Concurrent Mark Cycle
[2024-10-12T11:15:51.610+0800][info] GC(146) Concurrent Clear Claimed Marks
[2024-10-12T11:15:51.610+0800][info] GC(146) Concurrent Clear Claimed Marks 0.017ms
[2024-10-12T11:15:51.610+0800][info] GC(146) Concurrent Scan Root Regions
[2024-10-12T11:15:51.610+0800][info] GC(146) Concurrent Scan Root Regions 0.097ms
[2024-10-12T11:15:51.610+0800][info] GC(146) Concurrent Mark
[2024-10-12T11:15:51.610+0800][info] GC(146) Concurrent Mark From Roots
[2024-10-12T11:15:51.610+0800][info] GC(146) Using 12 workers of 12 for marking
[2024-10-12T11:15:51.613+0800][info] GC(146) Concurrent Mark From Roots 3.254ms
[2024-10-12T11:15:51.613+0800][info] GC(146) Concurrent Preclean
[2024-10-12T11:15:51.615+0800][info] GC(146) Concurrent Preclean 1.661ms
[2024-10-12T11:15:51.615+0800][info] GC(146) Pause Remark
[2024-10-12T11:15:51.617+0800][info] GC(146) Pause Remark 91M->90M(128M) 1.503ms
[2024-10-12T11:15:51.617+0800][info] GC(146) User=0.00s Sys=0.00s Real=0.00s
[2024-10-12T11:15:51.617+0800][info] GC(146) Concurrent Mark 6.680ms
[2024-10-12T11:15:51.617+0800][info] GC(146) Concurrent Rebuild Remembered Sets
[2024-10-12T11:15:51.618+0800][info] GC(146) Concurrent Rebuild Remembered Sets 1.095ms
[2024-10-12T11:15:51.618+0800][info] GC(146) Pause Cleanup
[2024-10-12T11:15:51.618+0800][info] GC(146) Pause Cleanup 90M->90M(128M) 0.226ms
[2024-10-12T11:15:51.618+0800][info] GC(146) User=0.00s Sys=0.00s Real=0.00s
[2024-10-12T11:15:51.618+0800][info] GC(146) Concurrent Cleanup for Next Mark
[2024-10-12T11:15:51.619+0800][info] GC(146) Concurrent Cleanup for Next Mark 0.389ms
[2024-10-12T11:15:51.619+0800][info] GC(146) Concurrent Mark Cycle 8.846ms
[2024-10-12T11:15:51.763+0800][info] GC(147) Pause Young (Prepare Mixed) (G1 Evacuation Pause)
[2024-10-12T11:15:51.763+0800][info] GC(147) Using 3 workers of 48 for evacuation
[2024-10-12T11:15:51.764+0800][info] GC(147)   Pre Evacuate Collection Set: 0.1ms
[2024-10-12T11:15:51.764+0800][info] GC(147)   Merge Heap Roots: 0.1ms
[2024-10-12T11:15:51.764+0800][info] GC(147)   Evacuate Collection Set: 0.8ms
[2024-10-12T11:15:51.764+0800][info] GC(147)   Post Evacuate Collection Set: 0.2ms
[2024-10-12T11:15:51.764+0800][info] GC(147)   Other: 0.2ms
[2024-10-12T11:15:51.764+0800][info] GC(147) Eden regions: 2->0(2)
[2024-10-12T11:15:51.764+0800][info] GC(147) Survivor regions: 1->1(1)
[2024-10-12T11:15:51.764+0800][info] GC(147) Old regions: 47->49
[2024-10-12T11:15:51.764+0800][info] GC(147) Archive regions: 2->2
[2024-10-12T11:15:51.764+0800][info] GC(147) Humongous regions: 3->3
[2024-10-12T11:15:51.764+0800][info] GC(147) Metaspace: 1614K(1792K)->1614K(1792K) NonClass: 1490K(1600K)->1490K(1600K) Class: 124K(192K)->124K(192K)
[2024-10-12T11:15:51.765+0800][info] GC(147) Pause Young (Prepare Mixed) (G1 Evacuation Pause) 93M->93M(128M) 1.464ms
[2024-10-12T11:15:51.765+0800][info] GC(147) User=0.00s Sys=0.00s Real=0.00s
[2024-10-12T11:15:51.867+0800][info] GC(148) Pause Young (Mixed) (G1 Evacuation Pause)
[2024-10-12T11:15:51.867+0800][info] GC(148) Using 3 workers of 48 for evacuation
[2024-10-12T11:15:51.871+0800][info] GC(148) To-space exhausted
[2024-10-12T11:15:51.871+0800][info] GC(148)   Pre Evacuate Collection Set: 0.2ms
[2024-10-12T11:15:51.871+0800][info] GC(148)   Merge Heap Roots: 0.1ms
[2024-10-12T11:15:51.871+0800][info] GC(148)   Evacuate Collection Set: 3.1ms
[2024-10-12T11:15:51.871+0800][info] GC(148)   Post Evacuate Collection Set: 0.9ms
[2024-10-12T11:15:51.871+0800][info] GC(148)   Other: 0.2ms
[2024-10-12T11:15:51.871+0800][info] GC(148) Eden regions: 2->0(2)
[2024-10-12T11:15:51.872+0800][info] GC(148) Survivor regions: 1->1(1)
[2024-10-12T11:15:51.872+0800][info] GC(148) Old regions: 49->58
[2024-10-12T11:15:51.872+0800][info] GC(148) Archive regions: 2->2
[2024-10-12T11:15:51.872+0800][info] GC(148) Humongous regions: 3->3
[2024-10-12T11:15:51.872+0800][info] GC(148) Metaspace: 1614K(1792K)->1614K(1792K) NonClass: 1490K(1600K)->1490K(1600K) Class: 124K(192K)->124K(192K)
[2024-10-12T11:15:51.872+0800][info] GC(148) Pause Young (Mixed) (G1 Evacuation Pause) 97M->112M(128M) 4.555ms
[2024-10-12T11:15:51.872+0800][info] GC(148) User=0.02s Sys=0.00s Real=0.00s
[2024-10-12T11:15:51.872+0800][info] Attempting full compaction
[2024-10-12T11:15:51.872+0800][info] GC(149) Using 3 workers of 48 for full compaction
[2024-10-12T11:15:51.872+0800][info] GC(149) Pause Full (G1 Compaction Pause)
[2024-10-12T11:15:51.872+0800][info] GC(149) Phase 1: Mark live objects
[2024-10-12T11:15:51.875+0800][info] GC(149) Phase 1: Mark live objects 3.217ms
[2024-10-12T11:15:51.875+0800][info] GC(149) Phase 2: Prepare for compaction
[2024-10-12T11:15:51.875+0800][info] GC(149) Phase 2: Prepare for compaction 0.407ms
[2024-10-12T11:15:51.875+0800][info] GC(149) Phase 3: Adjust pointers
[2024-10-12T11:15:51.877+0800][info] GC(149) Phase 3: Adjust pointers 1.409ms
[2024-10-12T11:15:51.877+0800][info] GC(149) Phase 4: Compact heap
[2024-10-12T11:15:51.885+0800][info] GC(149) Phase 4: Compact heap 8.323ms
[2024-10-12T11:15:51.886+0800][info] GC(149) Eden regions: 0->0(4)
[2024-10-12T11:15:51.887+0800][info] GC(149) Survivor regions: 1->0(1)
[2024-10-12T11:15:51.887+0800][info] GC(149) Old regions: 58->38
[2024-10-12T11:15:51.887+0800][info] GC(149) Archive regions: 2->2
[2024-10-12T11:15:51.887+0800][info] GC(149) Humongous regions: 3->3
[2024-10-12T11:15:51.887+0800][info] GC(149) Metaspace: 1614K(1792K)->1614K(1792K) NonClass: 1490K(1600K)->1490K(1600K) Class: 124K(192K)->124K(192K)
[2024-10-12T11:15:51.887+0800][info] GC(149) Pause Full (G1 Compaction Pause) 112M->72M(128M) 14.886ms
[2024-10-12T11:15:51.887+0800][info] GC(149) User=0.03s Sys=0.00s Real=0.02s
[2024-10-12T11:15:52.112+0800][info] GC(150) Pause Young (Normal) (G1 Evacuation Pause)
[2024-10-12T11:15:52.112+0800][info] GC(150) Using 3 workers of 48 for evacuation
[2024-10-12T11:15:52.113+0800][info] GC(150)   Pre Evacuate Collection Set: 0.1ms
[2024-10-12T11:15:52.114+0800][info] GC(150)   Merge Heap Roots: 0.0ms
[2024-10-12T11:15:52.114+0800][info] GC(150)   Evacuate Collection Set: 1.0ms
[2024-10-12T11:15:52.114+0800][info] GC(150)   Post Evacuate Collection Set: 0.2ms
[2024-10-12T11:15:52.114+0800][info] GC(150)   Other: 0.2ms
[2024-10-12T11:15:52.114+0800][info] GC(150) Eden regions: 4->0(2)
[2024-10-12T11:15:52.114+0800][info] GC(150) Survivor regions: 0->1(1)
[2024-10-12T11:15:52.114+0800][info] GC(150) Old regions: 38->42
[2024-10-12T11:15:52.114+0800][info] GC(150) Archive regions: 2->2
[2024-10-12T11:15:52.114+0800][info] GC(150) Humongous regions: 3->3
[2024-10-12T11:15:52.114+0800][info] GC(150) Metaspace: 1614K(1792K)->1614K(1792K) NonClass: 1490K(1600K)->1490K(1600K) Class: 124K(192K)->124K(192K)
[2024-10-12T11:15:52.114+0800][info] GC(150) Pause Young (Normal) (G1 Evacuation Pause) 80M->81M(128M) 1.721ms
[2024-10-12T11:15:52.114+0800][info] GC(150) User=0.00s Sys=0.00s Real=0.01s
[2024-10-12T11:15:52.216+0800][info] GC(151) Pause Young (Normal) (G1 Evacuation Pause)
[2024-10-12T11:15:52.216+0800][info] GC(151) Using 3 workers of 48 for evacuation
[2024-10-12T11:15:52.217+0800][info] GC(151)   Pre Evacuate Collection Set: 0.1ms
[2024-10-12T11:15:52.217+0800][info] GC(151)   Merge Heap Roots: 0.0ms
[2024-10-12T11:15:52.217+0800][info] GC(151)   Evacuate Collection Set: 0.9ms
[2024-10-12T11:15:52.217+0800][info] GC(151)   Post Evacuate Collection Set: 0.2ms
[2024-10-12T11:15:52.217+0800][info] GC(151)   Other: 0.2ms
[2024-10-12T11:15:52.217+0800][info] GC(151) Eden regions: 2->0(2)
[2024-10-12T11:15:52.217+0800][info] GC(151) Survivor regions: 1->1(1)
[2024-10-12T11:15:52.217+0800][info] GC(151) Old regions: 42->44
[2024-10-12T11:15:52.217+0800][info] GC(151) Archive regions: 2->2
[2024-10-12T11:15:52.217+0800][info] GC(151) Humongous regions: 3->3
[2024-10-12T11:15:52.217+0800][info] GC(151) Metaspace: 1614K(1792K)->1614K(1792K) NonClass: 1490K(1600K)->1490K(1600K) Class: 124K(192K)->124K(192K)
[2024-10-12T11:15:52.217+0800][info] GC(151) Pause Young (Normal) (G1 Evacuation Pause) 85M->85M(128M) 1.583ms
[2024-10-12T11:15:52.217+0800][info] GC(151) User=0.01s Sys=0.00s Real=0.00s
[2024-10-12T11:15:52.320+0800][info] GC(152) Pause Young (Normal) (G1 Evacuation Pause)
[2024-10-12T11:15:52.320+0800][info] GC(152) Using 3 workers of 48 for evacuation
[2024-10-12T11:15:52.321+0800][info] GC(152)   Pre Evacuate Collection Set: 0.1ms
[2024-10-12T11:15:52.321+0800][info] GC(152)   Merge Heap Roots: 0.0ms
[2024-10-12T11:15:52.321+0800][info] GC(152)   Evacuate Collection Set: 0.7ms
[2024-10-12T11:15:52.321+0800][info] GC(152)   Post Evacuate Collection Set: 0.2ms
[2024-10-12T11:15:52.321+0800][info] GC(152)   Other: 0.2ms
[2024-10-12T11:15:52.321+0800][info] GC(152) Eden regions: 2->0(2)
[2024-10-12T11:15:52.321+0800][info] GC(152) Survivor regions: 1->1(1)
[2024-10-12T11:15:52.321+0800][info] GC(152) Old regions: 44->46
[2024-10-12T11:15:52.321+0800][info] GC(152) Archive regions: 2->2
[2024-10-12T11:15:52.321+0800][info] GC(152) Humongous regions: 3->3
[2024-10-12T11:15:52.321+0800][info] GC(152) Metaspace: 1614K(1792K)->1614K(1792K) NonClass: 1490K(1600K)->1490K(1600K) Class: 124K(192K)->124K(192K)
[2024-10-12T11:15:52.321+0800][info] GC(152) Pause Young (Normal) (G1 Evacuation Pause) 88M->89M(128M) 1.425ms
[2024-10-12T11:15:52.321+0800][info] GC(152) User=0.00s Sys=0.00s Real=0.00s
[2024-10-12T11:15:52.423+0800][info] GC(153) Pause Young (Concurrent Start) (G1 Evacuation Pause)
[2024-10-12T11:15:52.423+0800][info] GC(153) Using 3 workers of 48 for evacuation
[2024-10-12T11:15:52.425+0800][info] GC(153)   Pre Evacuate Collection Set: 0.1ms
[2024-10-12T11:15:52.425+0800][info] GC(153)   Merge Heap Roots: 0.0ms
[2024-10-12T11:15:52.425+0800][info] GC(153)   Evacuate Collection Set: 0.9ms
[2024-10-12T11:15:52.425+0800][info] GC(153)   Post Evacuate Collection Set: 0.2ms
[2024-10-12T11:15:52.425+0800][info] GC(153)   Other: 0.4ms
[2024-10-12T11:15:52.425+0800][info] GC(153) Eden regions: 2->0(2)
[2024-10-12T11:15:52.425+0800][info] GC(153) Survivor regions: 1->1(1)
[2024-10-12T11:15:52.425+0800][info] GC(153) Old regions: 46->48
[2024-10-12T11:15:52.425+0800][info] GC(153) Archive regions: 2->2
[2024-10-12T11:15:52.425+0800][info] GC(153) Humongous regions: 3->3
[2024-10-12T11:15:52.425+0800][info] GC(153) Metaspace: 1614K(1792K)->1614K(1792K) NonClass: 1490K(1600K)->1490K(1600K) Class: 124K(192K)->124K(192K)
[2024-10-12T11:15:52.425+0800][info] GC(153) Pause Young (Concurrent Start) (G1 Evacuation Pause) 92M->93M(128M) 1.724ms
[2024-10-12T11:15:52.425+0800][info] GC(153) User=0.00s Sys=0.00s Real=0.00s
[2024-10-12T11:15:52.425+0800][info] GC(154) Concurrent Mark Cycle
[2024-10-12T11:15:52.425+0800][info] GC(154) Concurrent Clear Claimed Marks
[2024-10-12T11:15:52.425+0800][info] GC(154) Concurrent Clear Claimed Marks 0.017ms
[2024-10-12T11:15:52.425+0800][info] GC(154) Concurrent Scan Root Regions
[2024-10-12T11:15:52.425+0800][info] GC(154) Concurrent Scan Root Regions 0.100ms
[2024-10-12T11:15:52.425+0800][info] GC(154) Concurrent Mark
[2024-10-12T11:15:52.425+0800][info] GC(154) Concurrent Mark From Roots
[2024-10-12T11:15:52.425+0800][info] GC(154) Using 12 workers of 12 for marking
[2024-10-12T11:15:52.429+0800][info] GC(154) Concurrent Mark From Roots 3.904ms
[2024-10-12T11:15:52.429+0800][info] GC(154) Concurrent Preclean
[2024-10-12T11:15:52.431+0800][info] GC(154) Concurrent Preclean 1.659ms
[2024-10-12T11:15:52.431+0800][info] GC(154) Pause Remark
[2024-10-12T11:15:52.433+0800][info] GC(154) Pause Remark 93M->93M(128M) 1.754ms
[2024-10-12T11:15:52.433+0800][info] GC(154) User=0.00s Sys=0.00s Real=0.00s
[2024-10-12T11:15:52.433+0800][info] GC(154) Concurrent Mark 7.588ms
[2024-10-12T11:15:52.433+0800][info] GC(154) Concurrent Rebuild Remembered Sets
[2024-10-12T11:15:52.434+0800][info] GC(154) Concurrent Rebuild Remembered Sets 1.243ms
[2024-10-12T11:15:52.434+0800][info] GC(154) Pause Cleanup
[2024-10-12T11:15:52.435+0800][info] GC(154) Pause Cleanup 93M->93M(128M) 0.183ms
[2024-10-12T11:15:52.435+0800][info] GC(154) User=0.00s Sys=0.00s Real=0.00s
[2024-10-12T11:15:52.435+0800][info] GC(154) Concurrent Cleanup for Next Mark
[2024-10-12T11:15:52.435+0800][info] GC(154) Concurrent Cleanup for Next Mark 0.356ms
[2024-10-12T11:15:52.435+0800][info] GC(154) Concurrent Mark Cycle 9.835ms
[2024-10-12T11:15:52.579+0800][info] GC(155) Pause Young (Prepare Mixed) (G1 Evacuation Pause)
[2024-10-12T11:15:52.579+0800][info] GC(155) Using 3 workers of 48 for evacuation
[2024-10-12T11:15:52.580+0800][info] GC(155)   Pre Evacuate Collection Set: 0.1ms
[2024-10-12T11:15:52.580+0800][info] GC(155)   Merge Heap Roots: 0.0ms
[2024-10-12T11:15:52.580+0800][info] GC(155)   Evacuate Collection Set: 0.8ms
[2024-10-12T11:15:52.580+0800][info] GC(155)   Post Evacuate Collection Set: 0.2ms
[2024-10-12T11:15:52.580+0800][info] GC(155)   Other: 0.2ms
[2024-10-12T11:15:52.580+0800][info] GC(155) Eden regions: 2->0(2)
[2024-10-12T11:15:52.580+0800][info] GC(155) Survivor regions: 1->1(1)
[2024-10-12T11:15:52.580+0800][info] GC(155) Old regions: 48->50
[2024-10-12T11:15:52.580+0800][info] GC(155) Archive regions: 2->2
[2024-10-12T11:15:52.580+0800][info] GC(155) Humongous regions: 3->3
[2024-10-12T11:15:52.580+0800][info] GC(155) Metaspace: 1614K(1792K)->1614K(1792K) NonClass: 1490K(1600K)->1490K(1600K) Class: 124K(192K)->124K(192K)
[2024-10-12T11:15:52.580+0800][info] GC(155) Pause Young (Prepare Mixed) (G1 Evacuation Pause) 96M->97M(128M) 1.443ms
[2024-10-12T11:15:52.580+0800][info] GC(155) User=0.01s Sys=0.00s Real=0.00s
[2024-10-12T11:15:52.682+0800][info] GC(156) Pause Young (Mixed) (G1 Preventive Collection)
[2024-10-12T11:15:52.682+0800][info] GC(156) Using 3 workers of 48 for evacuation
[2024-10-12T11:15:52.688+0800][info] GC(156) To-space exhausted
[2024-10-12T11:15:52.688+0800][info] GC(156)   Pre Evacuate Collection Set: 0.2ms
[2024-10-12T11:15:52.688+0800][info] GC(156)   Merge Heap Roots: 0.1ms
[2024-10-12T11:15:52.688+0800][info] GC(156)   Evacuate Collection Set: 3.5ms
[2024-10-12T11:15:52.688+0800][info] GC(156)   Post Evacuate Collection Set: 1.5ms
[2024-10-12T11:15:52.688+0800][info] GC(156)   Other: 0.2ms
[2024-10-12T11:15:52.688+0800][info] GC(156) Eden regions: 2->0(2)
[2024-10-12T11:15:52.688+0800][info] GC(156) Survivor regions: 1->1(1)
[2024-10-12T11:15:52.688+0800][info] GC(156) Old regions: 50->57
[2024-10-12T11:15:52.688+0800][info] GC(156) Archive regions: 2->2
[2024-10-12T11:15:52.688+0800][info] GC(156) Humongous regions: 3->3
[2024-10-12T11:15:52.688+0800][info] GC(156) Metaspace: 1614K(1792K)->1614K(1792K) NonClass: 1490K(1600K)->1490K(1600K) Class: 124K(192K)->124K(192K)
[2024-10-12T11:15:52.688+0800][info] GC(156) Pause Young (Mixed) (G1 Preventive Collection) 100M->112M(128M) 5.624ms
[2024-10-12T11:15:52.688+0800][info] GC(156) User=0.01s Sys=0.00s Real=0.01s
[2024-10-12T11:15:52.750+0800][info] GC(157) Pause Young (Concurrent Start) (G1 Evacuation Pause)
[2024-10-12T11:15:52.750+0800][info] GC(157) Using 3 workers of 48 for evacuation
[2024-10-12T11:15:52.751+0800][info] GC(157) To-space exhausted
[2024-10-12T11:15:52.751+0800][info] GC(157)   Pre Evacuate Collection Set: 0.1ms
[2024-10-12T11:15:52.751+0800][info] GC(157)   Merge Heap Roots: 0.1ms
[2024-10-12T11:15:52.751+0800][info] GC(157)   Evacuate Collection Set: 0.6ms
[2024-10-12T11:15:52.751+0800][info] GC(157)   Post Evacuate Collection Set: 0.2ms
[2024-10-12T11:15:52.751+0800][info] GC(157)   Other: 0.3ms
[2024-10-12T11:15:52.751+0800][info] GC(157) Eden regions: 1->0(3)
[2024-10-12T11:15:52.751+0800][info] GC(157) Survivor regions: 1->0(0)
[2024-10-12T11:15:52.751+0800][info] GC(157) Old regions: 57->59
[2024-10-12T11:15:52.751+0800][info] GC(157) Archive regions: 2->2
[2024-10-12T11:15:52.751+0800][info] GC(157) Humongous regions: 3->3
[2024-10-12T11:15:52.751+0800][info] GC(157) Metaspace: 1617K(1792K)->1617K(1792K) NonClass: 1492K(1600K)->1492K(1600K) Class: 124K(192K)->124K(192K)
[2024-10-12T11:15:52.751+0800][info] GC(157) Pause Young (Concurrent Start) (G1 Evacuation Pause) 114M->114M(128M) 1.451ms
[2024-10-12T11:15:52.751+0800][info] GC(157) User=0.00s Sys=0.00s Real=0.00s
[2024-10-12T11:15:52.751+0800][info] Attempting full compaction
[2024-10-12T11:15:52.751+0800][info] GC(158) Using 3 workers of 48 for full compaction
[2024-10-12T11:15:52.751+0800][info] GC(158) Pause Full (G1 Compaction Pause)
[2024-10-12T11:15:52.751+0800][info] GC(159) Concurrent Mark Cycle
[2024-10-12T11:15:52.751+0800][info] GC(159) Concurrent Clear Claimed Marks
[2024-10-12T11:15:52.751+0800][info] GC(159) Concurrent Clear Claimed Marks 0.017ms
[2024-10-12T11:15:52.751+0800][info] GC(159) Concurrent Scan Root Regions
[2024-10-12T11:15:52.751+0800][info] GC(159) Concurrent Scan Root Regions 0.010ms
[2024-10-12T11:15:52.751+0800][info] GC(159) Concurrent Mark
[2024-10-12T11:15:52.751+0800][info] GC(159) Concurrent Mark From Roots
[2024-10-12T11:15:52.751+0800][info] GC(159) Using 12 workers of 12 for marking
[2024-10-12T11:15:52.752+0800][info] GC(158) Phase 1: Mark live objects
[2024-10-12T11:15:52.755+0800][info] GC(158) Phase 1: Mark live objects 3.043ms
[2024-10-12T11:15:52.755+0800][info] GC(158) Phase 2: Prepare for compaction
[2024-10-12T11:15:52.755+0800][info] GC(158) Phase 2: Prepare for compaction 0.521ms
[2024-10-12T11:15:52.755+0800][info] GC(158) Phase 3: Adjust pointers
[2024-10-12T11:15:52.757+0800][info] GC(158) Phase 3: Adjust pointers 1.420ms
[2024-10-12T11:15:52.757+0800][info] GC(158) Phase 4: Compact heap
[2024-10-12T11:15:52.766+0800][info] GC(158) Phase 4: Compact heap 9.228ms
[2024-10-12T11:15:52.767+0800][info] GC(158) Eden regions: 0->0(4)
[2024-10-12T11:15:52.767+0800][info] GC(158) Survivor regions: 0->0(0)
[2024-10-12T11:15:52.767+0800][info] GC(158) Old regions: 59->38
[2024-10-12T11:15:52.767+0800][info] GC(158) Archive regions: 2->2
[2024-10-12T11:15:52.767+0800][info] GC(158) Humongous regions: 3->3
[2024-10-12T11:15:52.767+0800][info] GC(158) Metaspace: 1617K(1792K)->1617K(1792K) NonClass: 1492K(1600K)->1492K(1600K) Class: 124K(192K)->124K(192K)
[2024-10-12T11:15:52.767+0800][info] GC(158) Pause Full (G1 Compaction Pause) 114M->71M(128M) 16.129ms
[2024-10-12T11:15:52.767+0800][info] GC(158) User=0.04s Sys=0.01s Real=0.02s
[2024-10-12T11:15:52.768+0800][info] GC(159) Concurrent Mark From Roots 16.331ms
[2024-10-12T11:15:52.768+0800][info] GC(159) Concurrent Mark Abort
[2024-10-12T11:15:52.768+0800][info] GC(159) Concurrent Mark Cycle 16.519ms
[2024-10-12T11:15:52.973+0800][info] GC(160) Pause Young (Normal) (G1 Evacuation Pause)
[2024-10-12T11:15:52.973+0800][info] GC(160) Using 3 workers of 48 for evacuation
[2024-10-12T11:15:52.975+0800][info] GC(160)   Pre Evacuate Collection Set: 0.1ms
[2024-10-12T11:15:52.975+0800][info] GC(160)   Merge Heap Roots: 0.1ms
[2024-10-12T11:15:52.975+0800][info] GC(160)   Evacuate Collection Set: 1.1ms
[2024-10-12T11:15:52.975+0800][info] GC(160)   Post Evacuate Collection Set: 0.2ms
[2024-10-12T11:15:52.975+0800][info] GC(160)   Other: 0.3ms
[2024-10-12T11:15:52.975+0800][info] GC(160) Eden regions: 4->0(2)
[2024-10-12T11:15:52.975+0800][info] GC(160) Survivor regions: 0->1(1)
[2024-10-12T11:15:52.975+0800][info] GC(160) Old regions: 38->41
[2024-10-12T11:15:52.975+0800][info] GC(160) Archive regions: 2->2
[2024-10-12T11:15:52.975+0800][info] GC(160) Humongous regions: 4->4
[2024-10-12T11:15:52.975+0800][info] GC(160) Metaspace: 1617K(1792K)->1617K(1792K) NonClass: 1492K(1600K)->1492K(1600K) Class: 124K(192K)->124K(192K)
[2024-10-12T11:15:52.975+0800][info] GC(160) Pause Young (Normal) (G1 Evacuation Pause) 81M->81M(128M) 1.798ms
[2024-10-12T11:15:52.975+0800][info] GC(160) User=0.00s Sys=0.00s Real=0.00s
[2024-10-12T11:15:53.077+0800][info] GC(161) Pause Young (Normal) (G1 Evacuation Pause)
[2024-10-12T11:15:53.077+0800][info] GC(161) Using 3 workers of 48 for evacuation
[2024-10-12T11:15:53.078+0800][info] GC(161)   Pre Evacuate Collection Set: 0.1ms
[2024-10-12T11:15:53.078+0800][info] GC(161)   Merge Heap Roots: 0.1ms
[2024-10-12T11:15:53.078+0800][info] GC(161)   Evacuate Collection Set: 0.8ms
[2024-10-12T11:15:53.078+0800][info] GC(161)   Post Evacuate Collection Set: 0.2ms
[2024-10-12T11:15:53.078+0800][info] GC(161)   Other: 0.2ms
[2024-10-12T11:15:53.078+0800][info] GC(161) Eden regions: 2->0(2)
[2024-10-12T11:15:53.078+0800][info] GC(161) Survivor regions: 1->1(1)
[2024-10-12T11:15:53.078+0800][info] GC(161) Old regions: 41->43
[2024-10-12T11:15:53.078+0800][info] GC(161) Archive regions: 2->2
[2024-10-12T11:15:53.078+0800][info] GC(161) Humongous regions: 4->4
[2024-10-12T11:15:53.078+0800][info] GC(161) Metaspace: 1617K(1792K)->1617K(1792K) NonClass: 1492K(1600K)->1492K(1600K) Class: 124K(192K)->124K(192K)
[2024-10-12T11:15:53.079+0800][info] GC(161) Pause Young (Normal) (G1 Evacuation Pause) 84M->84M(128M) 1.475ms
[2024-10-12T11:15:53.079+0800][info] GC(161) User=0.00s Sys=0.01s Real=0.00s
[2024-10-12T11:15:53.181+0800][info] GC(162) Pause Young (Normal) (G1 Evacuation Pause)
[2024-10-12T11:15:53.181+0800][info] GC(162) Using 3 workers of 48 for evacuation
[2024-10-12T11:15:53.182+0800][info] GC(162)   Pre Evacuate Collection Set: 0.1ms
[2024-10-12T11:15:53.182+0800][info] GC(162)   Merge Heap Roots: 0.0ms
[2024-10-12T11:15:53.182+0800][info] GC(162)   Evacuate Collection Set: 0.8ms
[2024-10-12T11:15:53.182+0800][info] GC(162)   Post Evacuate Collection Set: 0.2ms
[2024-10-12T11:15:53.182+0800][info] GC(162)   Other: 0.2ms
[2024-10-12T11:15:53.182+0800][info] GC(162) Eden regions: 2->0(2)
[2024-10-12T11:15:53.182+0800][info] GC(162) Survivor regions: 1->1(1)
[2024-10-12T11:15:53.182+0800][info] GC(162) Old regions: 43->45
[2024-10-12T11:15:53.182+0800][info] GC(162) Archive regions: 2->2
[2024-10-12T11:15:53.182+0800][info] GC(162) Humongous regions: 4->4
[2024-10-12T11:15:53.182+0800][info] GC(162) Metaspace: 1617K(1792K)->1617K(1792K) NonClass: 1492K(1600K)->1492K(1600K) Class: 124K(192K)->124K(192K)
[2024-10-12T11:15:53.182+0800][info] GC(162) Pause Young (Normal) (G1 Evacuation Pause) 88M->89M(128M) 1.467ms
[2024-10-12T11:15:53.182+0800][info] GC(162) User=0.00s Sys=0.00s Real=0.00s
[2024-10-12T11:15:53.284+0800][info] GC(163) Pause Young (Concurrent Start) (G1 Evacuation Pause)
[2024-10-12T11:15:53.284+0800][info] GC(163) Using 3 workers of 48 for evacuation
[2024-10-12T11:15:53.286+0800][info] GC(163)   Pre Evacuate Collection Set: 0.1ms
[2024-10-12T11:15:53.286+0800][info] GC(163)   Merge Heap Roots: 0.0ms
[2024-10-12T11:15:53.286+0800][info] GC(163)   Evacuate Collection Set: 0.8ms
[2024-10-12T11:15:53.286+0800][info] GC(163)   Post Evacuate Collection Set: 0.2ms
[2024-10-12T11:15:53.286+0800][info] GC(163)   Other: 0.4ms
[2024-10-12T11:15:53.286+0800][info] GC(163) Eden regions: 2->0(2)
[2024-10-12T11:15:53.286+0800][info] GC(163) Survivor regions: 1->1(1)
[2024-10-12T11:15:53.286+0800][info] GC(163) Old regions: 45->47
[2024-10-12T11:15:53.286+0800][info] GC(163) Archive regions: 2->2
[2024-10-12T11:15:53.286+0800][info] GC(163) Humongous regions: 4->4
[2024-10-12T11:15:53.286+0800][info] GC(163) Metaspace: 1617K(1792K)->1617K(1792K) NonClass: 1492K(1600K)->1492K(1600K) Class: 124K(192K)->124K(192K)
[2024-10-12T11:15:53.286+0800][info] GC(163) Pause Young (Concurrent Start) (G1 Evacuation Pause) 92M->93M(128M) 1.623ms
[2024-10-12T11:15:53.286+0800][info] GC(163) User=0.01s Sys=0.00s Real=0.01s
[2024-10-12T11:15:53.286+0800][info] GC(164) Concurrent Mark Cycle
[2024-10-12T11:15:53.286+0800][info] GC(164) Concurrent Clear Claimed Marks
[2024-10-12T11:15:53.286+0800][info] GC(164) Concurrent Clear Claimed Marks 0.017ms
[2024-10-12T11:15:53.286+0800][info] GC(164) Concurrent Scan Root Regions
[2024-10-12T11:15:53.286+0800][info] GC(164) Concurrent Scan Root Regions 0.092ms
[2024-10-12T11:15:53.286+0800][info] GC(164) Concurrent Mark
[2024-10-12T11:15:53.286+0800][info] GC(164) Concurrent Mark From Roots
[2024-10-12T11:15:53.286+0800][info] GC(164) Using 12 workers of 12 for marking
[2024-10-12T11:15:53.290+0800][info] GC(164) Concurrent Mark From Roots 3.684ms
[2024-10-12T11:15:53.290+0800][info] GC(164) Concurrent Preclean
[2024-10-12T11:15:53.292+0800][info] GC(164) Concurrent Preclean 1.667ms
[2024-10-12T11:15:53.292+0800][info] GC(164) Pause Remark
[2024-10-12T11:15:53.293+0800][info] GC(164) Pause Remark 93M->91M(128M) 1.432ms
[2024-10-12T11:15:53.293+0800][info] GC(164) User=0.01s Sys=0.00s Real=0.01s
[2024-10-12T11:15:53.293+0800][info] GC(164) Concurrent Mark 7.108ms
[2024-10-12T11:15:53.294+0800][info] GC(164) Concurrent Rebuild Remembered Sets
[2024-10-12T11:15:53.295+0800][info] GC(164) Concurrent Rebuild Remembered Sets 1.157ms
[2024-10-12T11:15:53.295+0800][info] GC(164) Pause Cleanup
[2024-10-12T11:15:53.295+0800][info] GC(164) Pause Cleanup 91M->91M(128M) 0.224ms
[2024-10-12T11:15:53.295+0800][info] GC(164) User=0.00s Sys=0.00s Real=0.00s
[2024-10-12T11:15:53.295+0800][info] GC(164) Concurrent Cleanup for Next Mark
[2024-10-12T11:15:53.296+0800][info] GC(164) Concurrent Cleanup for Next Mark 0.393ms
[2024-10-12T11:15:53.296+0800][info] GC(164) Concurrent Mark Cycle 9.329ms
[2024-10-12T11:15:53.440+0800][info] GC(165) Pause Young (Prepare Mixed) (G1 Evacuation Pause)
[2024-10-12T11:15:53.440+0800][info] GC(165) Using 3 workers of 48 for evacuation
[2024-10-12T11:15:53.441+0800][info] GC(165)   Pre Evacuate Collection Set: 0.1ms
[2024-10-12T11:15:53.441+0800][info] GC(165)   Merge Heap Roots: 0.1ms
[2024-10-12T11:15:53.441+0800][info] GC(165)   Evacuate Collection Set: 0.7ms
[2024-10-12T11:15:53.441+0800][info] GC(165)   Post Evacuate Collection Set: 0.2ms
[2024-10-12T11:15:53.441+0800][info] GC(165)   Other: 0.2ms
[2024-10-12T11:15:53.441+0800][info] GC(165) Eden regions: 2->0(2)
[2024-10-12T11:15:53.441+0800][info] GC(165) Survivor regions: 1->1(1)
[2024-10-12T11:15:53.441+0800][info] GC(165) Old regions: 47->49
[2024-10-12T11:15:53.441+0800][info] GC(165) Archive regions: 2->2
[2024-10-12T11:15:53.441+0800][info] GC(165) Humongous regions: 3->3
[2024-10-12T11:15:53.441+0800][info] GC(165) Metaspace: 1622K(1792K)->1622K(1792K) NonClass: 1498K(1600K)->1498K(1600K) Class: 124K(192K)->124K(192K)
[2024-10-12T11:15:53.441+0800][info] GC(165) Pause Young (Prepare Mixed) (G1 Evacuation Pause) 95M->95M(128M) 1.463ms
[2024-10-12T11:15:53.441+0800][info] GC(165) User=0.01s Sys=0.00s Real=0.00s
[2024-10-12T11:15:53.543+0800][info] GC(166) Pause Young (Mixed) (G1 Evacuation Pause)
[2024-10-12T11:15:53.543+0800][info] GC(166) Using 3 workers of 48 for evacuation
[2024-10-12T11:15:53.547+0800][info] GC(166) To-space exhausted
[2024-10-12T11:15:53.547+0800][info] GC(166)   Pre Evacuate Collection Set: 0.2ms
[2024-10-12T11:15:53.547+0800][info] GC(166)   Merge Heap Roots: 0.1ms
[2024-10-12T11:15:53.547+0800][info] GC(166)   Evacuate Collection Set: 3.1ms
[2024-10-12T11:15:53.547+0800][info] GC(166)   Post Evacuate Collection Set: 0.7ms
[2024-10-12T11:15:53.547+0800][info] GC(166)   Other: 0.2ms
[2024-10-12T11:15:53.547+0800][info] GC(166) Eden regions: 2->0(2)
[2024-10-12T11:15:53.547+0800][info] GC(166) Survivor regions: 1->1(1)
[2024-10-12T11:15:53.547+0800][info] GC(166) Old regions: 49->58
[2024-10-12T11:15:53.547+0800][info] GC(166) Archive regions: 2->2
[2024-10-12T11:15:53.547+0800][info] GC(166) Humongous regions: 3->3
[2024-10-12T11:15:53.547+0800][info] GC(166) Metaspace: 1622K(1792K)->1622K(1792K) NonClass: 1498K(1600K)->1498K(1600K) Class: 124K(192K)->124K(192K)
[2024-10-12T11:15:53.547+0800][info] GC(166) Pause Young (Mixed) (G1 Evacuation Pause) 98M->113M(128M) 4.346ms
[2024-10-12T11:15:53.547+0800][info] GC(166) User=0.01s Sys=0.00s Real=0.01s
[2024-10-12T11:15:53.547+0800][info] Attempting full compaction
[2024-10-12T11:15:53.548+0800][info] GC(167) Using 3 workers of 48 for full compaction
[2024-10-12T11:15:53.548+0800][info] GC(167) Pause Full (G1 Compaction Pause)
[2024-10-12T11:15:53.548+0800][info] GC(167) Phase 1: Mark live objects
[2024-10-12T11:15:53.551+0800][info] GC(167) Phase 1: Mark live objects 3.131ms
[2024-10-12T11:15:53.551+0800][info] GC(167) Phase 2: Prepare for compaction
[2024-10-12T11:15:53.551+0800][info] GC(167) Phase 2: Prepare for compaction 0.564ms
[2024-10-12T11:15:53.551+0800][info] GC(167) Phase 3: Adjust pointers
[2024-10-12T11:15:53.553+0800][info] GC(167) Phase 3: Adjust pointers 1.484ms
[2024-10-12T11:15:53.553+0800][info] GC(167) Phase 4: Compact heap
[2024-10-12T11:15:53.564+0800][info] GC(167) Phase 4: Compact heap 10.620ms
[2024-10-12T11:15:53.565+0800][info] GC(167) Eden regions: 0->0(4)
[2024-10-12T11:15:53.565+0800][info] GC(167) Survivor regions: 1->0(1)
[2024-10-12T11:15:53.565+0800][info] GC(167) Old regions: 58->38
[2024-10-12T11:15:53.565+0800][info] GC(167) Archive regions: 2->2
[2024-10-12T11:15:53.565+0800][info] GC(167) Humongous regions: 3->3
[2024-10-12T11:15:53.565+0800][info] GC(167) Metaspace: 1622K(1792K)->1622K(1792K) NonClass: 1498K(1600K)->1498K(1600K) Class: 124K(192K)->124K(192K)
[2024-10-12T11:15:53.565+0800][info] GC(167) Pause Full (G1 Compaction Pause) 113M->72M(128M) 17.336ms
[2024-10-12T11:15:53.565+0800][info] GC(167) User=0.04s Sys=0.00s Real=0.01s
[2024-10-12T11:15:53.790+0800][info] GC(168) Pause Young (Normal) (G1 Evacuation Pause)
[2024-10-12T11:15:53.790+0800][info] GC(168) Using 3 workers of 48 for evacuation
[2024-10-12T11:15:53.792+0800][info] GC(168)   Pre Evacuate Collection Set: 0.1ms
[2024-10-12T11:15:53.792+0800][info] GC(168)   Merge Heap Roots: 0.1ms
[2024-10-12T11:15:53.792+0800][info] GC(168)   Evacuate Collection Set: 1.3ms
[2024-10-12T11:15:53.792+0800][info] GC(168)   Post Evacuate Collection Set: 0.2ms
[2024-10-12T11:15:53.792+0800][info] GC(168)   Other: 0.2ms
[2024-10-12T11:15:53.792+0800][info] GC(168) Eden regions: 4->0(2)
[2024-10-12T11:15:53.792+0800][info] GC(168) Survivor regions: 0->1(1)
[2024-10-12T11:15:53.792+0800][info] GC(168) Old regions: 38->41
[2024-10-12T11:15:53.792+0800][info] GC(168) Archive regions: 2->2
[2024-10-12T11:15:53.792+0800][info] GC(168) Humongous regions: 3->3
[2024-10-12T11:15:53.792+0800][info] GC(168) Metaspace: 1622K(1792K)->1622K(1792K) NonClass: 1498K(1600K)->1498K(1600K) Class: 124K(192K)->124K(192K)
[2024-10-12T11:15:53.792+0800][info] GC(168) Pause Young (Normal) (G1 Evacuation Pause) 80M->79M(128M) 2.045ms
[2024-10-12T11:15:53.792+0800][info] GC(168) User=0.00s Sys=0.00s Real=0.00s
[2024-10-12T11:15:53.895+0800][info] GC(169) Pause Young (Normal) (G1 Evacuation Pause)
[2024-10-12T11:15:53.895+0800][info] GC(169) Using 3 workers of 48 for evacuation
[2024-10-12T11:15:53.896+0800][info] GC(169)   Pre Evacuate Collection Set: 0.1ms
[2024-10-12T11:15:53.896+0800][info] GC(169)   Merge Heap Roots: 0.0ms
[2024-10-12T11:15:53.896+0800][info] GC(169)   Evacuate Collection Set: 1.0ms
[2024-10-12T11:15:53.896+0800][info] GC(169)   Post Evacuate Collection Set: 0.2ms
[2024-10-12T11:15:53.896+0800][info] GC(169)   Other: 0.2ms
[2024-10-12T11:15:53.896+0800][info] GC(169) Eden regions: 2->0(2)
[2024-10-12T11:15:53.896+0800][info] GC(169) Survivor regions: 1->1(1)
[2024-10-12T11:15:53.896+0800][info] GC(169) Old regions: 41->43
[2024-10-12T11:15:53.896+0800][info] GC(169) Archive regions: 2->2
[2024-10-12T11:15:53.896+0800][info] GC(169) Humongous regions: 3->3
[2024-10-12T11:15:53.896+0800][info] GC(169) Metaspace: 1622K(1792K)->1622K(1792K) NonClass: 1498K(1600K)->1498K(1600K) Class: 124K(192K)->124K(192K)
[2024-10-12T11:15:53.896+0800][info] GC(169) Pause Young (Normal) (G1 Evacuation Pause) 83M->84M(128M) 1.666ms
[2024-10-12T11:15:53.897+0800][info] GC(169) User=0.01s Sys=0.00s Real=0.00s
[2024-10-12T11:15:53.999+0800][info] GC(170) Pause Young (Normal) (G1 Evacuation Pause)
[2024-10-12T11:15:53.999+0800][info] GC(170) Using 3 workers of 48 for evacuation
[2024-10-12T11:15:54.000+0800][info] GC(170)   Pre Evacuate Collection Set: 0.1ms
[2024-10-12T11:15:54.000+0800][info] GC(170)   Merge Heap Roots: 0.0ms
[2024-10-12T11:15:54.000+0800][info] GC(170)   Evacuate Collection Set: 1.1ms
[2024-10-12T11:15:54.000+0800][info] GC(170)   Post Evacuate Collection Set: 0.2ms
[2024-10-12T11:15:54.000+0800][info] GC(170)   Other: 0.2ms
[2024-10-12T11:15:54.000+0800][info] GC(170) Eden regions: 2->0(2)
[2024-10-12T11:15:54.000+0800][info] GC(170) Survivor regions: 1->1(1)
[2024-10-12T11:15:54.000+0800][info] GC(170) Old regions: 43->45
[2024-10-12T11:15:54.000+0800][info] GC(170) Archive regions: 2->2
[2024-10-12T11:15:54.000+0800][info] GC(170) Humongous regions: 3->3
[2024-10-12T11:15:54.000+0800][info] GC(170) Metaspace: 1622K(1792K)->1622K(1792K) NonClass: 1498K(1600K)->1498K(1600K) Class: 124K(192K)->124K(192K)
[2024-10-12T11:15:54.000+0800][info] GC(170) Pause Young (Normal) (G1 Evacuation Pause) 87M->88M(128M) 1.793ms
[2024-10-12T11:15:54.000+0800][info] GC(170) User=0.00s Sys=0.00s Real=0.00s
[2024-10-12T11:15:54.103+0800][info] GC(171) Pause Young (Normal) (G1 Evacuation Pause)
[2024-10-12T11:15:54.103+0800][info] GC(171) Using 3 workers of 48 for evacuation
[2024-10-12T11:15:54.105+0800][info] GC(171)   Pre Evacuate Collection Set: 0.1ms
[2024-10-12T11:15:54.105+0800][info] GC(171)   Merge Heap Roots: 0.0ms
[2024-10-12T11:15:54.105+0800][info] GC(171)   Evacuate Collection Set: 1.0ms
[2024-10-12T11:15:54.105+0800][info] GC(171)   Post Evacuate Collection Set: 0.2ms
[2024-10-12T11:15:54.105+0800][info] GC(171)   Other: 0.2ms
[2024-10-12T11:15:54.105+0800][info] GC(171) Eden regions: 2->0(2)
[2024-10-12T11:15:54.105+0800][info] GC(171) Survivor regions: 1->1(1)
[2024-10-12T11:15:54.105+0800][info] GC(171) Old regions: 45->47
[2024-10-12T11:15:54.105+0800][info] GC(171) Archive regions: 2->2
[2024-10-12T11:15:54.105+0800][info] GC(171) Humongous regions: 3->3
[2024-10-12T11:15:54.105+0800][info] GC(171) Metaspace: 1622K(1792K)->1622K(1792K) NonClass: 1498K(1600K)->1498K(1600K) Class: 124K(192K)->124K(192K)
[2024-10-12T11:15:54.105+0800][info] GC(171) Pause Young (Normal) (G1 Evacuation Pause) 91M->92M(128M) 1.725ms
[2024-10-12T11:15:54.105+0800][info] GC(171) User=0.01s Sys=0.00s Real=0.00s
[2024-10-12T11:15:54.207+0800][info] GC(172) Pause Young (Concurrent Start) (G1 Evacuation Pause)
[2024-10-12T11:15:54.207+0800][info] GC(172) Using 3 workers of 48 for evacuation
[2024-10-12T11:15:54.209+0800][info] GC(172)   Pre Evacuate Collection Set: 0.1ms
[2024-10-12T11:15:54.209+0800][info] GC(172)   Merge Heap Roots: 0.1ms
[2024-10-12T11:15:54.209+0800][info] GC(172)   Evacuate Collection Set: 1.0ms
[2024-10-12T11:15:54.209+0800][info] GC(172)   Post Evacuate Collection Set: 0.2ms
[2024-10-12T11:15:54.209+0800][info] GC(172)   Other: 0.4ms
[2024-10-12T11:15:54.209+0800][info] GC(172) Eden regions: 2->0(2)
[2024-10-12T11:15:54.209+0800][info] GC(172) Survivor regions: 1->1(1)
[2024-10-12T11:15:54.209+0800][info] GC(172) Old regions: 47->49
[2024-10-12T11:15:54.209+0800][info] GC(172) Archive regions: 2->2
[2024-10-12T11:15:54.209+0800][info] GC(172) Humongous regions: 3->3
[2024-10-12T11:15:54.209+0800][info] GC(172) Metaspace: 1622K(1792K)->1622K(1792K) NonClass: 1498K(1600K)->1498K(1600K) Class: 124K(192K)->124K(192K)
[2024-10-12T11:15:54.209+0800][info] GC(172) Pause Young (Concurrent Start) (G1 Evacuation Pause) 95M->95M(128M) 1.938ms
[2024-10-12T11:15:54.209+0800][info] GC(172) User=0.00s Sys=0.00s Real=0.00s
[2024-10-12T11:15:54.209+0800][info] GC(173) Concurrent Mark Cycle
[2024-10-12T11:15:54.209+0800][info] GC(173) Concurrent Clear Claimed Marks
[2024-10-12T11:15:54.209+0800][info] GC(173) Concurrent Clear Claimed Marks 0.017ms
[2024-10-12T11:15:54.209+0800][info] GC(173) Concurrent Scan Root Regions
[2024-10-12T11:15:54.209+0800][info] GC(173) Concurrent Scan Root Regions 0.160ms
[2024-10-12T11:15:54.209+0800][info] GC(173) Concurrent Mark
[2024-10-12T11:15:54.209+0800][info] GC(173) Concurrent Mark From Roots
[2024-10-12T11:15:54.209+0800][info] GC(173) Using 12 workers of 12 for marking
[2024-10-12T11:15:54.213+0800][info] GC(173) Concurrent Mark From Roots 3.494ms
[2024-10-12T11:15:54.213+0800][info] GC(173) Concurrent Preclean
[2024-10-12T11:15:54.214+0800][info] GC(173) Concurrent Preclean 1.678ms
[2024-10-12T11:15:54.214+0800][info] GC(173) Pause Remark
[2024-10-12T11:15:54.216+0800][info] GC(173) Pause Remark 96M->94M(128M) 1.656ms
[2024-10-12T11:15:54.216+0800][info] GC(173) User=0.00s Sys=0.00s Real=0.00s
[2024-10-12T11:15:54.216+0800][info] GC(173) Concurrent Mark 7.167ms
[2024-10-12T11:15:54.216+0800][info] GC(173) Concurrent Rebuild Remembered Sets
[2024-10-12T11:15:54.218+0800][info] GC(173) Concurrent Rebuild Remembered Sets 1.313ms
[2024-10-12T11:15:54.218+0800][info] GC(173) Pause Cleanup
[2024-10-12T11:15:54.218+0800][info] GC(173) Pause Cleanup 94M->94M(128M) 0.233ms
[2024-10-12T11:15:54.218+0800][info] GC(173) User=0.00s Sys=0.00s Real=0.00s
[2024-10-12T11:15:54.218+0800][info] GC(173) Concurrent Cleanup for Next Mark
[2024-10-12T11:15:54.218+0800][info] GC(173) Concurrent Cleanup for Next Mark 0.365ms
[2024-10-12T11:15:54.218+0800][info] GC(173) Concurrent Mark Cycle 9.564ms
[2024-10-12T11:15:54.362+0800][info] GC(174) Pause Young (Prepare Mixed) (G1 Evacuation Pause)
[2024-10-12T11:15:54.362+0800][info] GC(174) Using 3 workers of 48 for evacuation
[2024-10-12T11:15:54.364+0800][info] GC(174)   Pre Evacuate Collection Set: 0.1ms
[2024-10-12T11:15:54.364+0800][info] GC(174)   Merge Heap Roots: 0.1ms
[2024-10-12T11:15:54.364+0800][info] GC(174)   Evacuate Collection Set: 1.3ms
[2024-10-12T11:15:54.364+0800][info] GC(174)   Post Evacuate Collection Set: 0.2ms
[2024-10-12T11:15:54.364+0800][info] GC(174)   Other: 0.2ms
[2024-10-12T11:15:54.364+0800][info] GC(174) Eden regions: 2->0(2)
[2024-10-12T11:15:54.364+0800][info] GC(174) Survivor regions: 1->1(1)
[2024-10-12T11:15:54.364+0800][info] GC(174) Old regions: 48->50
[2024-10-12T11:15:54.364+0800][info] GC(174) Archive regions: 2->2
[2024-10-12T11:15:54.364+0800][info] GC(174) Humongous regions: 3->3
[2024-10-12T11:15:54.364+0800][info] GC(174) Metaspace: 1622K(1792K)->1622K(1792K) NonClass: 1498K(1600K)->1498K(1600K) Class: 124K(192K)->124K(192K)
[2024-10-12T11:15:54.364+0800][info] GC(174) Pause Young (Prepare Mixed) (G1 Evacuation Pause) 97M->97M(128M) 2.011ms
[2024-10-12T11:15:54.364+0800][info] GC(174) User=0.00s Sys=0.00s Real=0.00s
[2024-10-12T11:15:54.467+0800][info] GC(175) Pause Young (Mixed) (G1 Preventive Collection)
[2024-10-12T11:15:54.467+0800][info] GC(175) Using 3 workers of 48 for evacuation
[2024-10-12T11:15:54.472+0800][info] GC(175) To-space exhausted
[2024-10-12T11:15:54.472+0800][info] GC(175)   Pre Evacuate Collection Set: 0.2ms
[2024-10-12T11:15:54.472+0800][info] GC(175)   Merge Heap Roots: 0.1ms
[2024-10-12T11:15:54.472+0800][info] GC(175)   Evacuate Collection Set: 3.9ms
[2024-10-12T11:15:54.472+0800][info] GC(175)   Post Evacuate Collection Set: 1.1ms
[2024-10-12T11:15:54.472+0800][info] GC(175)   Other: 0.2ms
[2024-10-12T11:15:54.472+0800][info] GC(175) Eden regions: 2->0(2)
[2024-10-12T11:15:54.472+0800][info] GC(175) Survivor regions: 1->1(1)
[2024-10-12T11:15:54.472+0800][info] GC(175) Old regions: 50->55
[2024-10-12T11:15:54.472+0800][info] GC(175) Archive regions: 2->2
[2024-10-12T11:15:54.472+0800][info] GC(175) Humongous regions: 3->3
[2024-10-12T11:15:54.472+0800][info] GC(175) Metaspace: 1622K(1792K)->1622K(1792K) NonClass: 1498K(1600K)->1498K(1600K) Class: 124K(192K)->124K(192K)
[2024-10-12T11:15:54.472+0800][info] GC(175) Pause Young (Mixed) (G1 Preventive Collection) 101M->109M(128M) 5.616ms
[2024-10-12T11:15:54.472+0800][info] GC(175) User=0.01s Sys=0.00s Real=0.00s
[2024-10-12T11:15:54.534+0800][info] GC(176) Pause Young (Concurrent Start) (G1 Preventive Collection)
[2024-10-12T11:15:54.534+0800][info] GC(176) Using 3 workers of 48 for evacuation
[2024-10-12T11:15:54.536+0800][info] GC(176)   Pre Evacuate Collection Set: 0.1ms
[2024-10-12T11:15:54.536+0800][info] GC(176)   Merge Heap Roots: 0.1ms
[2024-10-12T11:15:54.536+0800][info] GC(176)   Evacuate Collection Set: 0.9ms
[2024-10-12T11:15:54.536+0800][info] GC(176)   Post Evacuate Collection Set: 0.2ms
[2024-10-12T11:15:54.536+0800][info] GC(176)   Other: 0.4ms
[2024-10-12T11:15:54.536+0800][info] GC(176) Eden regions: 1->0(2)
[2024-10-12T11:15:54.536+0800][info] GC(176) Survivor regions: 1->1(1)
[2024-10-12T11:15:54.536+0800][info] GC(176) Old regions: 55->56
[2024-10-12T11:15:54.536+0800][info] GC(176) Archive regions: 2->2
[2024-10-12T11:15:54.536+0800][info] GC(176) Humongous regions: 3->3
[2024-10-12T11:15:54.536+0800][info] GC(176) Metaspace: 1622K(1792K)->1622K(1792K) NonClass: 1498K(1600K)->1498K(1600K) Class: 124K(192K)->124K(192K)
[2024-10-12T11:15:54.536+0800][info] GC(176) Pause Young (Concurrent Start) (G1 Preventive Collection) 110M->110M(128M) 1.852ms
[2024-10-12T11:15:54.536+0800][info] GC(176) User=0.00s Sys=0.00s Real=0.00s
[2024-10-12T11:15:54.536+0800][info] GC(177) Concurrent Mark Cycle
[2024-10-12T11:15:54.536+0800][info] GC(177) Concurrent Clear Claimed Marks
[2024-10-12T11:15:54.536+0800][info] GC(177) Concurrent Clear Claimed Marks 0.017ms
[2024-10-12T11:15:54.536+0800][info] GC(177) Concurrent Scan Root Regions
[2024-10-12T11:15:54.536+0800][info] GC(177) Concurrent Scan Root Regions 0.165ms
[2024-10-12T11:15:54.536+0800][info] GC(177) Concurrent Mark
[2024-10-12T11:15:54.536+0800][info] GC(177) Concurrent Mark From Roots
[2024-10-12T11:15:54.536+0800][info] GC(177) Using 12 workers of 12 for marking
[2024-10-12T11:15:54.540+0800][info] GC(177) Concurrent Mark From Roots 3.409ms
[2024-10-12T11:15:54.540+0800][info] GC(177) Concurrent Preclean
[2024-10-12T11:15:54.541+0800][info] GC(177) Concurrent Preclean 1.685ms
[2024-10-12T11:15:54.542+0800][info] GC(177) Pause Remark
[2024-10-12T11:15:54.543+0800][info] GC(177) Pause Remark 111M->111M(128M) 1.562ms
[2024-10-12T11:15:54.543+0800][info] GC(177) User=0.00s Sys=0.00s Real=0.00s
[2024-10-12T11:15:54.543+0800][info] GC(177) Concurrent Mark 6.910ms
[2024-10-12T11:15:54.543+0800][info] GC(177) Concurrent Rebuild Remembered Sets
[2024-10-12T11:15:54.544+0800][info] GC(177) Concurrent Rebuild Remembered Sets 1.132ms
[2024-10-12T11:15:54.545+0800][info] GC(177) Pause Cleanup
[2024-10-12T11:15:54.545+0800][info] GC(177) Pause Cleanup 111M->111M(128M) 0.249ms
[2024-10-12T11:15:54.545+0800][info] GC(177) User=0.00s Sys=0.00s Real=0.00s
[2024-10-12T11:15:54.545+0800][info] GC(177) Concurrent Cleanup for Next Mark
[2024-10-12T11:15:54.545+0800][info] GC(177) Concurrent Cleanup for Next Mark 0.398ms
[2024-10-12T11:15:54.545+0800][info] GC(177) Concurrent Mark Cycle 9.213ms
[2024-10-12T11:15:54.628+0800][info] GC(178) Pause Young (Prepare Mixed) (G1 Preventive Collection)
[2024-10-12T11:15:54.628+0800][info] GC(178) Using 3 workers of 48 for evacuation
[2024-10-12T11:15:54.629+0800][info] GC(178) To-space exhausted
[2024-10-12T11:15:54.629+0800][info] GC(178)   Pre Evacuate Collection Set: 0.1ms
[2024-10-12T11:15:54.629+0800][info] GC(178)   Merge Heap Roots: 0.1ms
[2024-10-12T11:15:54.629+0800][info] GC(178)   Evacuate Collection Set: 0.5ms
[2024-10-12T11:15:54.629+0800][info] GC(178)   Post Evacuate Collection Set: 0.3ms
[2024-10-12T11:15:54.629+0800][info] GC(178)   Other: 0.2ms
[2024-10-12T11:15:54.629+0800][info] GC(178) Eden regions: 1->0(2)
[2024-10-12T11:15:54.629+0800][info] GC(178) Survivor regions: 1->1(1)
[2024-10-12T11:15:54.629+0800][info] GC(178) Old regions: 56->57
[2024-10-12T11:15:54.629+0800][info] GC(178) Archive regions: 2->2
[2024-10-12T11:15:54.629+0800][info] GC(178) Humongous regions: 3->3
[2024-10-12T11:15:54.629+0800][info] GC(178) Metaspace: 1622K(1792K)->1622K(1792K) NonClass: 1498K(1600K)->1498K(1600K) Class: 124K(192K)->124K(192K)
[2024-10-12T11:15:54.629+0800][info] GC(178) Pause Young (Prepare Mixed) (G1 Preventive Collection) 112M->112M(128M) 1.261ms
[2024-10-12T11:15:54.629+0800][info] GC(178) User=0.00s Sys=0.00s Real=0.00s
[2024-10-12T11:15:54.691+0800][info] GC(179) Pause Young (Mixed) (G1 Evacuation Pause)
[2024-10-12T11:15:54.691+0800][info] GC(179) Using 3 workers of 48 for evacuation
[2024-10-12T11:15:54.695+0800][info] GC(179) To-space exhausted
[2024-10-12T11:15:54.695+0800][info] GC(179)   Pre Evacuate Collection Set: 0.2ms
[2024-10-12T11:15:54.695+0800][info] GC(179)   Merge Heap Roots: 0.1ms
[2024-10-12T11:15:54.695+0800][info] GC(179)   Evacuate Collection Set: 2.0ms
[2024-10-12T11:15:54.695+0800][info] GC(179)   Post Evacuate Collection Set: 2.0ms
[2024-10-12T11:15:54.695+0800][info] GC(179)   Other: 0.2ms
[2024-10-12T11:15:54.695+0800][info] GC(179) Eden regions: 1->0(3)
[2024-10-12T11:15:54.695+0800][info] GC(179) Survivor regions: 1->0(0)
[2024-10-12T11:15:54.695+0800][info] GC(179) Old regions: 57->59
[2024-10-12T11:15:54.695+0800][info] GC(179) Archive regions: 2->2
[2024-10-12T11:15:54.695+0800][info] GC(179) Humongous regions: 3->3
[2024-10-12T11:15:54.695+0800][info] GC(179) Metaspace: 1622K(1792K)->1622K(1792K) NonClass: 1498K(1600K)->1498K(1600K) Class: 124K(192K)->124K(192K)
[2024-10-12T11:15:54.695+0800][info] GC(179) Pause Young (Mixed) (G1 Evacuation Pause) 114M->114M(128M) 4.601ms
[2024-10-12T11:15:54.695+0800][info] GC(179) User=0.01s Sys=0.00s Real=0.01s
[2024-10-12T11:15:54.695+0800][info] Attempting full compaction
[2024-10-12T11:15:54.695+0800][info] GC(180) Using 3 workers of 48 for full compaction
[2024-10-12T11:15:54.695+0800][info] GC(180) Pause Full (G1 Compaction Pause)
[2024-10-12T11:15:54.695+0800][info] GC(180) Phase 1: Mark live objects
[2024-10-12T11:15:54.699+0800][info] GC(180) Phase 1: Mark live objects 3.566ms
[2024-10-12T11:15:54.699+0800][info] GC(180) Phase 2: Prepare for compaction
[2024-10-12T11:15:54.700+0800][info] GC(180) Phase 2: Prepare for compaction 0.473ms
[2024-10-12T11:15:54.700+0800][info] GC(180) Phase 3: Adjust pointers
[2024-10-12T11:15:54.701+0800][info] GC(180) Phase 3: Adjust pointers 1.469ms
[2024-10-12T11:15:54.701+0800][info] GC(180) Phase 4: Compact heap
[2024-10-12T11:15:54.711+0800][info] GC(180) Phase 4: Compact heap 10.192ms
[2024-10-12T11:15:54.713+0800][info] GC(180) Eden regions: 0->0(4)
[2024-10-12T11:15:54.713+0800][info] GC(180) Survivor regions: 0->0(0)
[2024-10-12T11:15:54.713+0800][info] GC(180) Old regions: 59->38
[2024-10-12T11:15:54.713+0800][info] GC(180) Archive regions: 2->2
[2024-10-12T11:15:54.713+0800][info] GC(180) Humongous regions: 3->3
[2024-10-12T11:15:54.713+0800][info] GC(180) Metaspace: 1622K(1792K)->1622K(1792K) NonClass: 1498K(1600K)->1498K(1600K) Class: 124K(192K)->124K(192K)
[2024-10-12T11:15:54.713+0800][info] GC(180) Pause Full (G1 Compaction Pause) 114M->72M(128M) 17.261ms
[2024-10-12T11:15:54.713+0800][info] GC(180) User=0.04s Sys=0.00s Real=0.01s
[2024-10-12T11:15:54.918+0800][info] GC(181) Pause Young (Normal) (G1 Evacuation Pause)
[2024-10-12T11:15:54.918+0800][info] GC(181) Using 3 workers of 48 for evacuation
[2024-10-12T11:15:54.919+0800][info] GC(181)   Pre Evacuate Collection Set: 0.1ms
[2024-10-12T11:15:54.919+0800][info] GC(181)   Merge Heap Roots: 0.0ms
[2024-10-12T11:15:54.919+0800][info] GC(181)   Evacuate Collection Set: 1.2ms
[2024-10-12T11:15:54.919+0800][info] GC(181)   Post Evacuate Collection Set: 0.2ms
[2024-10-12T11:15:54.919+0800][info] GC(181)   Other: 0.3ms
[2024-10-12T11:15:54.920+0800][info] GC(181) Eden regions: 4->0(2)
[2024-10-12T11:15:54.920+0800][info] GC(181) Survivor regions: 0->1(1)
[2024-10-12T11:15:54.920+0800][info] GC(181) Old regions: 38->41
[2024-10-12T11:15:54.920+0800][info] GC(181) Archive regions: 2->2
[2024-10-12T11:15:54.920+0800][info] GC(181) Humongous regions: 3->3
[2024-10-12T11:15:54.920+0800][info] GC(181) Metaspace: 1622K(1792K)->1622K(1792K) NonClass: 1498K(1600K)->1498K(1600K) Class: 124K(192K)->124K(192K)
[2024-10-12T11:15:54.920+0800][info] GC(181) Pause Young (Normal) (G1 Evacuation Pause) 80M->79M(128M) 1.926ms
[2024-10-12T11:15:54.920+0800][info] GC(181) User=0.00s Sys=0.00s Real=0.00s
[2024-10-12T11:15:55.022+0800][info] GC(182) Pause Young (Normal) (G1 Evacuation Pause)
[2024-10-12T11:15:55.022+0800][info] GC(182) Using 3 workers of 48 for evacuation
[2024-10-12T11:15:55.024+0800][info] GC(182)   Pre Evacuate Collection Set: 0.1ms
[2024-10-12T11:15:55.024+0800][info] GC(182)   Merge Heap Roots: 0.1ms
[2024-10-12T11:15:55.024+0800][info] GC(182)   Evacuate Collection Set: 1.0ms
[2024-10-12T11:15:55.024+0800][info] GC(182)   Post Evacuate Collection Set: 0.2ms
[2024-10-12T11:15:55.024+0800][info] GC(182)   Other: 0.2ms
[2024-10-12T11:15:55.024+0800][info] GC(182) Eden regions: 2->0(2)
[2024-10-12T11:15:55.024+0800][info] GC(182) Survivor regions: 1->1(1)
[2024-10-12T11:15:55.024+0800][info] GC(182) Old regions: 41->43
[2024-10-12T11:15:55.024+0800][info] GC(182) Archive regions: 2->2
[2024-10-12T11:15:55.024+0800][info] GC(182) Humongous regions: 3->3
[2024-10-12T11:15:55.024+0800][info] GC(182) Metaspace: 1622K(1792K)->1622K(1792K) NonClass: 1498K(1600K)->1498K(1600K) Class: 124K(192K)->124K(192K)
[2024-10-12T11:15:55.024+0800][info] GC(182) Pause Young (Normal) (G1 Evacuation Pause) 82M->83M(128M) 1.691ms
[2024-10-12T11:15:55.024+0800][info] GC(182) User=0.00s Sys=0.00s Real=0.00s
[2024-10-12T11:15:55.126+0800][info] GC(183) Pause Young (Normal) (G1 Evacuation Pause)
[2024-10-12T11:15:55.126+0800][info] GC(183) Using 3 workers of 48 for evacuation
[2024-10-12T11:15:55.127+0800][info] GC(183)   Pre Evacuate Collection Set: 0.1ms
[2024-10-12T11:15:55.127+0800][info] GC(183)   Merge Heap Roots: 0.1ms
[2024-10-12T11:15:55.127+0800][info] GC(183)   Evacuate Collection Set: 0.8ms
[2024-10-12T11:15:55.127+0800][info] GC(183)   Post Evacuate Collection Set: 0.2ms
[2024-10-12T11:15:55.127+0800][info] GC(183)   Other: 0.2ms
[2024-10-12T11:15:55.127+0800][info] GC(183) Eden regions: 2->0(2)
[2024-10-12T11:15:55.127+0800][info] GC(183) Survivor regions: 1->1(1)
[2024-10-12T11:15:55.127+0800][info] GC(183) Old regions: 43->45
[2024-10-12T11:15:55.127+0800][info] GC(183) Archive regions: 2->2
[2024-10-12T11:15:55.127+0800][info] GC(183) Humongous regions: 3->3
[2024-10-12T11:15:55.127+0800][info] GC(183) Metaspace: 1622K(1792K)->1622K(1792K) NonClass: 1498K(1600K)->1498K(1600K) Class: 124K(192K)->124K(192K)
[2024-10-12T11:15:55.127+0800][info] GC(183) Pause Young (Normal) (G1 Evacuation Pause) 86M->86M(128M) 1.542ms
[2024-10-12T11:15:55.127+0800][info] GC(183) User=0.00s Sys=0.00s Real=0.00s
[2024-10-12T11:15:55.209+0800][info] GC(184) Pause Young (Concurrent Start) (G1 Humongous Allocation)
[2024-10-12T11:15:55.209+0800][info] GC(184) Using 3 workers of 48 for evacuation
[2024-10-12T11:15:55.211+0800][info] GC(184)   Pre Evacuate Collection Set: 0.1ms
[2024-10-12T11:15:55.211+0800][info] GC(184)   Merge Heap Roots: 0.1ms
[2024-10-12T11:15:55.211+0800][info] GC(184)   Evacuate Collection Set: 1.0ms
[2024-10-12T11:15:55.211+0800][info] GC(184)   Post Evacuate Collection Set: 0.2ms
[2024-10-12T11:15:55.211+0800][info] GC(184)   Other: 0.4ms
[2024-10-12T11:15:55.211+0800][info] GC(184) Eden regions: 2->0(2)
[2024-10-12T11:15:55.211+0800][info] GC(184) Survivor regions: 1->1(1)
[2024-10-12T11:15:55.211+0800][info] GC(184) Old regions: 45->46
[2024-10-12T11:15:55.211+0800][info] GC(184) Archive regions: 2->2
[2024-10-12T11:15:55.211+0800][info] GC(184) Humongous regions: 3->3
[2024-10-12T11:15:55.211+0800][info] GC(184) Metaspace: 1622K(1792K)->1622K(1792K) NonClass: 1498K(1600K)->1498K(1600K) Class: 124K(192K)->124K(192K)
[2024-10-12T11:15:55.211+0800][info] GC(184) Pause Young (Concurrent Start) (G1 Humongous Allocation) 90M->90M(128M) 1.905ms
[2024-10-12T11:15:55.211+0800][info] GC(184) User=0.00s Sys=0.00s Real=0.00s
[2024-10-12T11:15:55.211+0800][info] GC(185) Concurrent Mark Cycle
[2024-10-12T11:15:55.211+0800][info] GC(185) Concurrent Clear Claimed Marks
[2024-10-12T11:15:55.211+0800][info] GC(185) Concurrent Clear Claimed Marks 0.017ms
[2024-10-12T11:15:55.211+0800][info] GC(185) Concurrent Scan Root Regions
[2024-10-12T11:15:55.211+0800][info] GC(185) Concurrent Scan Root Regions 0.100ms
[2024-10-12T11:15:55.211+0800][info] GC(185) Concurrent Mark
[2024-10-12T11:15:55.211+0800][info] GC(185) Concurrent Mark From Roots
[2024-10-12T11:15:55.211+0800][info] GC(185) Using 12 workers of 12 for marking
[2024-10-12T11:15:55.215+0800][info] GC(185) Concurrent Mark From Roots 3.366ms
[2024-10-12T11:15:55.215+0800][info] GC(185) Concurrent Preclean
[2024-10-12T11:15:55.216+0800][info] GC(185) Concurrent Preclean 1.660ms
[2024-10-12T11:15:55.217+0800][info] GC(185) Pause Remark
[2024-10-12T11:15:55.218+0800][info] GC(185) Pause Remark 92M->92M(128M) 1.659ms
[2024-10-12T11:15:55.218+0800][info] GC(185) User=0.01s Sys=0.00s Real=0.00s
[2024-10-12T11:15:55.218+0800][info] GC(185) Concurrent Mark 7.023ms
[2024-10-12T11:15:55.218+0800][info] GC(185) Concurrent Rebuild Remembered Sets
[2024-10-12T11:15:55.220+0800][info] GC(185) Concurrent Rebuild Remembered Sets 1.186ms
[2024-10-12T11:15:55.220+0800][info] GC(185) Pause Cleanup
[2024-10-12T11:15:55.220+0800][info] GC(185) Pause Cleanup 92M->92M(128M) 0.180ms
[2024-10-12T11:15:55.220+0800][info] GC(185) User=0.00s Sys=0.00s Real=0.00s
[2024-10-12T11:15:55.220+0800][info] GC(185) Concurrent Cleanup for Next Mark
[2024-10-12T11:15:55.220+0800][info] GC(185) Concurrent Cleanup for Next Mark 0.401ms
[2024-10-12T11:15:55.220+0800][info] GC(185) Concurrent Mark Cycle 9.277ms
[2024-10-12T11:15:55.385+0800][info] GC(186) Pause Young (Prepare Mixed) (G1 Evacuation Pause)
[2024-10-12T11:15:55.385+0800][info] GC(186) Using 3 workers of 48 for evacuation
[2024-10-12T11:15:55.387+0800][info] GC(186)   Pre Evacuate Collection Set: 0.1ms
[2024-10-12T11:15:55.387+0800][info] GC(186)   Merge Heap Roots: 0.1ms
[2024-10-12T11:15:55.387+0800][info] GC(186)   Evacuate Collection Set: 1.0ms
[2024-10-12T11:15:55.387+0800][info] GC(186)   Post Evacuate Collection Set: 0.2ms
[2024-10-12T11:15:55.387+0800][info] GC(186)   Other: 0.2ms
[2024-10-12T11:15:55.387+0800][info] GC(186) Eden regions: 2->0(2)
[2024-10-12T11:15:55.387+0800][info] GC(186) Survivor regions: 1->1(1)
[2024-10-12T11:15:55.387+0800][info] GC(186) Old regions: 46->48
[2024-10-12T11:15:55.387+0800][info] GC(186) Archive regions: 2->2
[2024-10-12T11:15:55.387+0800][info] GC(186) Humongous regions: 4->3
[2024-10-12T11:15:55.387+0800][info] GC(186) Metaspace: 1622K(1792K)->1622K(1792K) NonClass: 1498K(1600K)->1498K(1600K) Class: 124K(192K)->124K(192K)
[2024-10-12T11:15:55.387+0800][info] GC(186) Pause Young (Prepare Mixed) (G1 Evacuation Pause) 95M->94M(128M) 1.692ms
[2024-10-12T11:15:55.387+0800][info] GC(186) User=0.00s Sys=0.00s Real=0.00s
[2024-10-12T11:15:55.490+0800][info] GC(187) Pause Young (Mixed) (G1 Evacuation Pause)
[2024-10-12T11:15:55.490+0800][info] GC(187) Using 3 workers of 48 for evacuation
[2024-10-12T11:15:55.495+0800][info] GC(187) To-space exhausted
[2024-10-12T11:15:55.495+0800][info] GC(187)   Pre Evacuate Collection Set: 0.2ms
[2024-10-12T11:15:55.495+0800][info] GC(187)   Merge Heap Roots: 0.1ms
[2024-10-12T11:15:55.495+0800][info] GC(187)   Evacuate Collection Set: 4.1ms
[2024-10-12T11:15:55.495+0800][info] GC(187)   Post Evacuate Collection Set: 1.1ms
[2024-10-12T11:15:55.495+0800][info] GC(187)   Other: 0.2ms
[2024-10-12T11:15:55.495+0800][info] GC(187) Eden regions: 2->0(2)
[2024-10-12T11:15:55.495+0800][info] GC(187) Survivor regions: 1->1(1)
[2024-10-12T11:15:55.495+0800][info] GC(187) Old regions: 48->56
[2024-10-12T11:15:55.495+0800][info] GC(187) Archive regions: 2->2
[2024-10-12T11:15:55.495+0800][info] GC(187) Humongous regions: 3->3
[2024-10-12T11:15:55.495+0800][info] GC(187) Metaspace: 1622K(1792K)->1622K(1792K) NonClass: 1498K(1600K)->1498K(1600K) Class: 124K(192K)->124K(192K)
[2024-10-12T11:15:55.495+0800][info] GC(187) Pause Young (Mixed) (G1 Evacuation Pause) 97M->110M(128M) 5.775ms
[2024-10-12T11:15:55.495+0800][info] GC(187) User=0.01s Sys=0.01s Real=0.01s
[2024-10-12T11:15:55.557+0800][info] GC(188) Pause Young (Concurrent Start) (G1 Preventive Collection)
[2024-10-12T11:15:55.557+0800][info] GC(188) Using 3 workers of 48 for evacuation
[2024-10-12T11:15:55.558+0800][info] GC(188) To-space exhausted
[2024-10-12T11:15:55.558+0800][info] GC(188)   Pre Evacuate Collection Set: 0.1ms
[2024-10-12T11:15:55.558+0800][info] GC(188)   Merge Heap Roots: 0.1ms
[2024-10-12T11:15:55.558+0800][info] GC(188)   Evacuate Collection Set: 0.6ms
[2024-10-12T11:15:55.558+0800][info] GC(188)   Post Evacuate Collection Set: 0.2ms
[2024-10-12T11:15:55.558+0800][info] GC(188)   Other: 0.4ms
[2024-10-12T11:15:55.558+0800][info] GC(188) Eden regions: 1->0(2)
[2024-10-12T11:15:55.558+0800][info] GC(188) Survivor regions: 1->1(1)
[2024-10-12T11:15:55.558+0800][info] GC(188) Old regions: 56->57
[2024-10-12T11:15:55.558+0800][info] GC(188) Archive regions: 2->2
[2024-10-12T11:15:55.558+0800][info] GC(188) Humongous regions: 3->3
[2024-10-12T11:15:55.558+0800][info] GC(188) Metaspace: 1622K(1792K)->1622K(1792K) NonClass: 1498K(1600K)->1498K(1600K) Class: 124K(192K)->124K(192K)
[2024-10-12T11:15:55.558+0800][info] GC(188) Pause Young (Concurrent Start) (G1 Preventive Collection) 112M->112M(128M) 1.519ms
[2024-10-12T11:15:55.558+0800][info] GC(188) User=0.01s Sys=0.00s Real=0.00s
[2024-10-12T11:15:55.558+0800][info] GC(189) Concurrent Mark Cycle
[2024-10-12T11:15:55.559+0800][info] GC(189) Concurrent Clear Claimed Marks
[2024-10-12T11:15:55.559+0800][info] GC(189) Concurrent Clear Claimed Marks 0.017ms
[2024-10-12T11:15:55.559+0800][info] GC(189) Concurrent Scan Root Regions
[2024-10-12T11:15:55.559+0800][info] GC(189) Concurrent Scan Root Regions 0.149ms
[2024-10-12T11:15:55.559+0800][info] GC(189) Concurrent Mark
[2024-10-12T11:15:55.559+0800][info] GC(189) Concurrent Mark From Roots
[2024-10-12T11:15:55.559+0800][info] GC(189) Using 12 workers of 12 for marking
[2024-10-12T11:15:55.562+0800][info] GC(189) Concurrent Mark From Roots 3.308ms
[2024-10-12T11:15:55.562+0800][info] GC(189) Concurrent Preclean
[2024-10-12T11:15:55.564+0800][info] GC(189) Concurrent Preclean 1.665ms
[2024-10-12T11:15:55.564+0800][info] GC(189) Pause Remark
[2024-10-12T11:15:55.565+0800][info] GC(189) Pause Remark 113M->111M(128M) 1.618ms
[2024-10-12T11:15:55.565+0800][info] GC(189) User=0.00s Sys=0.00s Real=0.01s
[2024-10-12T11:15:55.566+0800][info] GC(189) Concurrent Mark 6.840ms
[2024-10-12T11:15:55.566+0800][info] GC(189) Concurrent Rebuild Remembered Sets
[2024-10-12T11:15:55.567+0800][info] GC(189) Concurrent Rebuild Remembered Sets 1.100ms
[2024-10-12T11:15:55.567+0800][info] GC(189) Pause Cleanup
[2024-10-12T11:15:55.567+0800][info] GC(189) Pause Cleanup 111M->111M(128M) 0.193ms
[2024-10-12T11:15:55.567+0800][info] GC(189) User=0.00s Sys=0.00s Real=0.00s
[2024-10-12T11:15:55.567+0800][info] GC(189) Concurrent Cleanup for Next Mark
[2024-10-12T11:15:55.567+0800][info] GC(189) Concurrent Cleanup for Next Mark 0.353ms
[2024-10-12T11:15:55.567+0800][info] GC(189) Concurrent Mark Cycle 8.990ms
[2024-10-12T11:15:55.651+0800][info] GC(190) Pause Young (Prepare Mixed) (G1 Preventive Collection)
[2024-10-12T11:15:55.651+0800][info] GC(190) Using 3 workers of 48 for evacuation
[2024-10-12T11:15:55.652+0800][info] GC(190) To-space exhausted
[2024-10-12T11:15:55.652+0800][info] GC(190)   Pre Evacuate Collection Set: 0.1ms
[2024-10-12T11:15:55.652+0800][info] GC(190)   Merge Heap Roots: 0.1ms
[2024-10-12T11:15:55.652+0800][info] GC(190)   Evacuate Collection Set: 0.5ms
[2024-10-12T11:15:55.652+0800][info] GC(190)   Post Evacuate Collection Set: 0.2ms
[2024-10-12T11:15:55.652+0800][info] GC(190)   Other: 0.2ms
[2024-10-12T11:15:55.652+0800][info] GC(190) Eden regions: 1->0(2)
[2024-10-12T11:15:55.652+0800][info] GC(190) Survivor regions: 1->1(1)
[2024-10-12T11:15:55.652+0800][info] GC(190) Old regions: 56->57
[2024-10-12T11:15:55.652+0800][info] GC(190) Archive regions: 2->2
[2024-10-12T11:15:55.652+0800][info] GC(190) Humongous regions: 3->3
[2024-10-12T11:15:55.652+0800][info] GC(190) Metaspace: 1622K(1792K)->1622K(1792K) NonClass: 1498K(1600K)->1498K(1600K) Class: 124K(192K)->124K(192K)
[2024-10-12T11:15:55.652+0800][info] GC(190) Pause Young (Prepare Mixed) (G1 Preventive Collection) 112M->112M(128M) 1.211ms
[2024-10-12T11:15:55.652+0800][info] GC(190) User=0.00s Sys=0.00s Real=0.00s
[2024-10-12T11:15:55.713+0800][info] GC(191) Pause Young (Mixed) (G1 Evacuation Pause)
[2024-10-12T11:15:55.713+0800][info] GC(191) Using 3 workers of 48 for evacuation
[2024-10-12T11:15:55.715+0800][info] GC(191) To-space exhausted
[2024-10-12T11:15:55.715+0800][info] GC(191)   Pre Evacuate Collection Set: 0.2ms
[2024-10-12T11:15:55.715+0800][info] GC(191)   Merge Heap Roots: 0.1ms
[2024-10-12T11:15:55.716+0800][info] GC(191)   Evacuate Collection Set: 1.1ms
[2024-10-12T11:15:55.716+0800][info] GC(191)   Post Evacuate Collection Set: 0.8ms
[2024-10-12T11:15:55.716+0800][info] GC(191)   Other: 0.2ms
[2024-10-12T11:15:55.716+0800][info] GC(191) Eden regions: 1->0(3)
[2024-10-12T11:15:55.716+0800][info] GC(191) Survivor regions: 1->0(0)
[2024-10-12T11:15:55.716+0800][info] GC(191) Old regions: 57->58
[2024-10-12T11:15:55.716+0800][info] GC(191) Archive regions: 2->2
[2024-10-12T11:15:55.716+0800][info] GC(191) Humongous regions: 3->3
[2024-10-12T11:15:55.716+0800][info] GC(191) Metaspace: 1622K(1792K)->1622K(1792K) NonClass: 1498K(1600K)->1498K(1600K) Class: 124K(192K)->124K(192K)
[2024-10-12T11:15:55.716+0800][info] GC(191) Pause Young (Mixed) (G1 Evacuation Pause) 114M->112M(128M) 2.492ms
[2024-10-12T11:15:55.716+0800][info] GC(191) User=0.00s Sys=0.00s Real=0.00s
[2024-10-12T11:15:55.757+0800][info] GC(192) Pause Young (Concurrent Start) (G1 Evacuation Pause)
[2024-10-12T11:15:55.757+0800][info] GC(192) Using 3 workers of 48 for evacuation
[2024-10-12T11:15:55.758+0800][info] GC(192) To-space exhausted
[2024-10-12T11:15:55.758+0800][info] GC(192)   Pre Evacuate Collection Set: 0.1ms
[2024-10-12T11:15:55.758+0800][info] GC(192)   Merge Heap Roots: 0.1ms
[2024-10-12T11:15:55.759+0800][info] GC(192)   Evacuate Collection Set: 0.5ms
[2024-10-12T11:15:55.759+0800][info] GC(192)   Post Evacuate Collection Set: 0.2ms
[2024-10-12T11:15:55.759+0800][info] GC(192)   Other: 0.3ms
[2024-10-12T11:15:55.759+0800][info] GC(192) Eden regions: 1->0(3)
[2024-10-12T11:15:55.759+0800][info] GC(192) Survivor regions: 0->0(0)
[2024-10-12T11:15:55.759+0800][info] GC(192) Old regions: 58->59
[2024-10-12T11:15:55.759+0800][info] GC(192) Archive regions: 2->2
[2024-10-12T11:15:55.759+0800][info] GC(192) Humongous regions: 3->3
[2024-10-12T11:15:55.759+0800][info] GC(192) Metaspace: 1622K(1792K)->1622K(1792K) NonClass: 1498K(1600K)->1498K(1600K) Class: 124K(192K)->124K(192K)
[2024-10-12T11:15:55.759+0800][info] GC(192) Pause Young (Concurrent Start) (G1 Evacuation Pause) 114M->114M(128M) 1.323ms
[2024-10-12T11:15:55.759+0800][info] GC(192) User=0.01s Sys=0.00s Real=0.00s
[2024-10-12T11:15:55.759+0800][info] Attempting full compaction
[2024-10-12T11:15:55.759+0800][info] GC(193) Using 3 workers of 48 for full compaction
[2024-10-12T11:15:55.759+0800][info] GC(193) Pause Full (G1 Compaction Pause)
[2024-10-12T11:15:55.759+0800][info] GC(194) Concurrent Mark Cycle
[2024-10-12T11:15:55.759+0800][info] GC(194) Concurrent Clear Claimed Marks
[2024-10-12T11:15:55.759+0800][info] GC(194) Concurrent Clear Claimed Marks 0.016ms
[2024-10-12T11:15:55.759+0800][info] GC(194) Concurrent Scan Root Regions
[2024-10-12T11:15:55.759+0800][info] GC(194) Concurrent Scan Root Regions 0.010ms
[2024-10-12T11:15:55.759+0800][info] GC(194) Concurrent Mark
[2024-10-12T11:15:55.759+0800][info] GC(194) Concurrent Mark From Roots
[2024-10-12T11:15:55.759+0800][info] GC(194) Using 12 workers of 12 for marking
[2024-10-12T11:15:55.759+0800][info] GC(193) Phase 1: Mark live objects
[2024-10-12T11:15:55.762+0800][info] GC(193) Phase 1: Mark live objects 3.241ms
[2024-10-12T11:15:55.762+0800][info] GC(193) Phase 2: Prepare for compaction
[2024-10-12T11:15:55.763+0800][info] GC(193) Phase 2: Prepare for compaction 0.719ms
[2024-10-12T11:15:55.763+0800][info] GC(193) Phase 3: Adjust pointers
[2024-10-12T11:15:55.765+0800][info] GC(193) Phase 3: Adjust pointers 1.599ms
[2024-10-12T11:15:55.765+0800][info] GC(193) Phase 4: Compact heap
[2024-10-12T11:15:55.781+0800][info] GC(193) Phase 4: Compact heap 16.285ms
[2024-10-12T11:15:55.782+0800][info] GC(193) Eden regions: 0->0(4)
[2024-10-12T11:15:55.782+0800][info] GC(193) Survivor regions: 0->0(0)
[2024-10-12T11:15:55.782+0800][info] GC(193) Old regions: 59->38
[2024-10-12T11:15:55.782+0800][info] GC(193) Archive regions: 2->2
[2024-10-12T11:15:55.782+0800][info] GC(193) Humongous regions: 3->3
[2024-10-12T11:15:55.782+0800][info] GC(193) Metaspace: 1622K(1792K)->1622K(1792K) NonClass: 1498K(1600K)->1498K(1600K) Class: 124K(192K)->124K(192K)
[2024-10-12T11:15:55.782+0800][info] GC(193) Pause Full (G1 Compaction Pause) 114M->72M(128M) 23.609ms
[2024-10-12T11:15:55.782+0800][info] GC(193) User=0.03s Sys=0.02s Real=0.02s
[2024-10-12T11:15:55.783+0800][info] GC(194) Concurrent Mark From Roots 23.820ms
[2024-10-12T11:15:55.783+0800][info] GC(194) Concurrent Mark Abort
[2024-10-12T11:15:55.783+0800][info] GC(194) Concurrent Mark Cycle 23.994ms
[2024-10-12T11:15:56.009+0800][info] GC(195) Pause Young (Normal) (G1 Evacuation Pause)
[2024-10-12T11:15:56.009+0800][info] GC(195) Using 3 workers of 48 for evacuation
[2024-10-12T11:15:56.011+0800][info] GC(195)   Pre Evacuate Collection Set: 0.1ms
[2024-10-12T11:15:56.011+0800][info] GC(195)   Merge Heap Roots: 0.1ms
[2024-10-12T11:15:56.011+0800][info] GC(195)   Evacuate Collection Set: 1.4ms
[2024-10-12T11:15:56.011+0800][info] GC(195)   Post Evacuate Collection Set: 0.2ms
[2024-10-12T11:15:56.011+0800][info] GC(195)   Other: 0.2ms
[2024-10-12T11:15:56.011+0800][info] GC(195) Eden regions: 4->0(2)
[2024-10-12T11:15:56.011+0800][info] GC(195) Survivor regions: 0->1(1)
[2024-10-12T11:15:56.011+0800][info] GC(195) Old regions: 38->42
[2024-10-12T11:15:56.011+0800][info] GC(195) Archive regions: 2->2
[2024-10-12T11:15:56.011+0800][info] GC(195) Humongous regions: 3->3
[2024-10-12T11:15:56.011+0800][info] GC(195) Metaspace: 1622K(1792K)->1622K(1792K) NonClass: 1498K(1600K)->1498K(1600K) Class: 124K(192K)->124K(192K)
[2024-10-12T11:15:56.011+0800][info] GC(195) Pause Young (Normal) (G1 Evacuation Pause) 79M->80M(128M) 2.136ms
[2024-10-12T11:15:56.011+0800][info] GC(195) User=0.00s Sys=0.00s Real=0.00s
[2024-10-12T11:15:56.113+0800][info] GC(196) Pause Young (Normal) (G1 Evacuation Pause)
[2024-10-12T11:15:56.113+0800][info] GC(196) Using 3 workers of 48 for evacuation
[2024-10-12T11:15:56.115+0800][info] GC(196)   Pre Evacuate Collection Set: 0.1ms
[2024-10-12T11:15:56.115+0800][info] GC(196)   Merge Heap Roots: 0.0ms
[2024-10-12T11:15:56.115+0800][info] GC(196)   Evacuate Collection Set: 0.8ms
[2024-10-12T11:15:56.115+0800][info] GC(196)   Post Evacuate Collection Set: 0.2ms
[2024-10-12T11:15:56.115+0800][info] GC(196)   Other: 0.2ms
[2024-10-12T11:15:56.115+0800][info] GC(196) Eden regions: 2->0(2)
[2024-10-12T11:15:56.115+0800][info] GC(196) Survivor regions: 1->1(1)
[2024-10-12T11:15:56.115+0800][info] GC(196) Old regions: 42->44
[2024-10-12T11:15:56.115+0800][info] GC(196) Archive regions: 2->2
[2024-10-12T11:15:56.115+0800][info] GC(196) Humongous regions: 3->3
[2024-10-12T11:15:56.115+0800][info] GC(196) Metaspace: 1622K(1792K)->1622K(1792K) NonClass: 1498K(1600K)->1498K(1600K) Class: 124K(192K)->124K(192K)
[2024-10-12T11:15:56.115+0800][info] GC(196) Pause Young (Normal) (G1 Evacuation Pause) 84M->84M(128M) 1.464ms
[2024-10-12T11:15:56.115+0800][info] GC(196) User=0.00s Sys=0.00s Real=0.00s
[2024-10-12T11:15:56.217+0800][info] GC(197) Pause Young (Normal) (G1 Evacuation Pause)
[2024-10-12T11:15:56.217+0800][info] GC(197) Using 3 workers of 48 for evacuation
[2024-10-12T11:15:56.219+0800][info] GC(197)   Pre Evacuate Collection Set: 0.1ms
[2024-10-12T11:15:56.219+0800][info] GC(197)   Merge Heap Roots: 0.1ms
[2024-10-12T11:15:56.219+0800][info] GC(197)   Evacuate Collection Set: 0.9ms
[2024-10-12T11:15:56.219+0800][info] GC(197)   Post Evacuate Collection Set: 0.2ms
[2024-10-12T11:15:56.219+0800][info] GC(197)   Other: 0.2ms
[2024-10-12T11:15:56.219+0800][info] GC(197) Eden regions: 2->0(2)
[2024-10-12T11:15:56.219+0800][info] GC(197) Survivor regions: 1->1(1)
[2024-10-12T11:15:56.219+0800][info] GC(197) Old regions: 44->46
[2024-10-12T11:15:56.219+0800][info] GC(197) Archive regions: 2->2
[2024-10-12T11:15:56.219+0800][info] GC(197) Humongous regions: 3->3
[2024-10-12T11:15:56.219+0800][info] GC(197) Metaspace: 1622K(1792K)->1622K(1792K) NonClass: 1498K(1600K)->1498K(1600K) Class: 124K(192K)->124K(192K)
[2024-10-12T11:15:56.219+0800][info] GC(197) Pause Young (Normal) (G1 Evacuation Pause) 88M->89M(128M) 1.509ms
[2024-10-12T11:15:56.219+0800][info] GC(197) User=0.00s Sys=0.00s Real=0.00s
[2024-10-12T11:15:56.321+0800][info] GC(198) Pause Young (Concurrent Start) (G1 Evacuation Pause)
[2024-10-12T11:15:56.321+0800][info] GC(198) Using 3 workers of 48 for evacuation
[2024-10-12T11:15:56.323+0800][info] GC(198)   Pre Evacuate Collection Set: 0.1ms
[2024-10-12T11:15:56.323+0800][info] GC(198)   Merge Heap Roots: 0.1ms
[2024-10-12T11:15:56.323+0800][info] GC(198)   Evacuate Collection Set: 1.0ms
[2024-10-12T11:15:56.323+0800][info] GC(198)   Post Evacuate Collection Set: 0.2ms
[2024-10-12T11:15:56.323+0800][info] GC(198)   Other: 0.4ms
[2024-10-12T11:15:56.323+0800][info] GC(198) Eden regions: 2->0(2)
[2024-10-12T11:15:56.323+0800][info] GC(198) Survivor regions: 1->1(1)
[2024-10-12T11:15:56.323+0800][info] GC(198) Old regions: 46->48
[2024-10-12T11:15:56.323+0800][info] GC(198) Archive regions: 2->2
[2024-10-12T11:15:56.323+0800][info] GC(198) Humongous regions: 3->3
[2024-10-12T11:15:56.323+0800][info] GC(198) Metaspace: 1622K(1792K)->1622K(1792K) NonClass: 1498K(1600K)->1498K(1600K) Class: 124K(192K)->124K(192K)
[2024-10-12T11:15:56.323+0800][info] GC(198) Pause Young (Concurrent Start) (G1 Evacuation Pause) 92M->93M(128M) 1.809ms
[2024-10-12T11:15:56.323+0800][info] GC(198) User=0.01s Sys=0.00s Real=0.00s
[2024-10-12T11:15:56.323+0800][info] GC(199) Concurrent Mark Cycle
[2024-10-12T11:15:56.323+0800][info] GC(199) Concurrent Clear Claimed Marks
[2024-10-12T11:15:56.323+0800][info] GC(199) Concurrent Clear Claimed Marks 0.018ms
[2024-10-12T11:15:56.323+0800][info] GC(199) Concurrent Scan Root Regions
[2024-10-12T11:15:56.323+0800][info] GC(199) Concurrent Scan Root Regions 0.103ms
[2024-10-12T11:15:56.323+0800][info] GC(199) Concurrent Mark
[2024-10-12T11:15:56.323+0800][info] GC(199) Concurrent Mark From Roots
[2024-10-12T11:15:56.323+0800][info] GC(199) Using 12 workers of 12 for marking
[2024-10-12T11:15:56.326+0800][info] GC(199) Concurrent Mark From Roots 3.095ms
[2024-10-12T11:15:56.326+0800][info] GC(199) Concurrent Preclean
[2024-10-12T11:15:56.328+0800][info] GC(199) Concurrent Preclean 1.660ms
[2024-10-12T11:15:56.328+0800][info] GC(199) Pause Remark
[2024-10-12T11:15:56.329+0800][info] GC(199) Pause Remark 93M->93M(128M) 1.549ms
[2024-10-12T11:15:56.330+0800][info] GC(199) User=0.00s Sys=0.00s Real=0.00s
[2024-10-12T11:15:56.330+0800][info] GC(199) Concurrent Mark 6.553ms
[2024-10-12T11:15:56.330+0800][info] GC(199) Concurrent Rebuild Remembered Sets
[2024-10-12T11:15:56.331+0800][info] GC(199) Concurrent Rebuild Remembered Sets 1.141ms
[2024-10-12T11:15:56.331+0800][info] GC(199) Pause Cleanup
[2024-10-12T11:15:56.331+0800][info] GC(199) Pause Cleanup 93M->93M(128M) 0.214ms
[2024-10-12T11:15:56.331+0800][info] GC(199) User=0.00s Sys=0.00s Real=0.00s
[2024-10-12T11:15:56.331+0800][info] GC(199) Concurrent Cleanup for Next Mark
[2024-10-12T11:15:56.332+0800][info] GC(199) Concurrent Cleanup for Next Mark 0.361ms
[2024-10-12T11:15:56.332+0800][info] GC(199) Concurrent Mark Cycle 8.668ms
[2024-10-12T11:15:56.476+0800][info] GC(200) Pause Young (Prepare Mixed) (G1 Evacuation Pause)
[2024-10-12T11:15:56.476+0800][info] GC(200) Using 3 workers of 48 for evacuation
[2024-10-12T11:15:56.478+0800][info] GC(200)   Pre Evacuate Collection Set: 0.1ms
[2024-10-12T11:15:56.478+0800][info] GC(200)   Merge Heap Roots: 0.1ms
[2024-10-12T11:15:56.478+0800][info] GC(200)   Evacuate Collection Set: 1.1ms
[2024-10-12T11:15:56.478+0800][info] GC(200)   Post Evacuate Collection Set: 0.2ms
[2024-10-12T11:15:56.478+0800][info] GC(200)   Other: 0.2ms
[2024-10-12T11:15:56.478+0800][info] GC(200) Eden regions: 2->0(2)
[2024-10-12T11:15:56.478+0800][info] GC(200) Survivor regions: 1->1(1)
[2024-10-12T11:15:56.478+0800][info] GC(200) Old regions: 48->50
[2024-10-12T11:15:56.478+0800][info] GC(200) Archive regions: 2->2
[2024-10-12T11:15:56.478+0800][info] GC(200) Humongous regions: 3->3
[2024-10-12T11:15:56.478+0800][info] GC(200) Metaspace: 1622K(1792K)->1622K(1792K) NonClass: 1498K(1600K)->1498K(1600K) Class: 124K(192K)->124K(192K)
[2024-10-12T11:15:56.478+0800][info] GC(200) Pause Young (Prepare Mixed) (G1 Evacuation Pause) 96M->97M(128M) 1.814ms
[2024-10-12T11:15:56.478+0800][info] GC(200) User=0.00s Sys=0.00s Real=0.00s
[2024-10-12T11:15:56.580+0800][info] GC(201) Pause Young (Mixed) (G1 Preventive Collection)
[2024-10-12T11:15:56.580+0800][info] GC(201) Using 3 workers of 48 for evacuation
[2024-10-12T11:15:56.586+0800][info] GC(201) To-space exhausted
[2024-10-12T11:15:56.586+0800][info] GC(201)   Pre Evacuate Collection Set: 0.2ms
[2024-10-12T11:15:56.586+0800][info] GC(201)   Merge Heap Roots: 0.1ms
[2024-10-12T11:15:56.586+0800][info] GC(201)   Evacuate Collection Set: 3.9ms
[2024-10-12T11:15:56.586+0800][info] GC(201)   Post Evacuate Collection Set: 1.2ms
[2024-10-12T11:15:56.586+0800][info] GC(201)   Other: 0.2ms
[2024-10-12T11:15:56.586+0800][info] GC(201) Eden regions: 2->0(2)
[2024-10-12T11:15:56.586+0800][info] GC(201) Survivor regions: 1->1(1)
[2024-10-12T11:15:56.586+0800][info] GC(201) Old regions: 50->58
[2024-10-12T11:15:56.586+0800][info] GC(201) Archive regions: 2->2
[2024-10-12T11:15:56.586+0800][info] GC(201) Humongous regions: 3->3
[2024-10-12T11:15:56.586+0800][info] GC(201) Metaspace: 1622K(1792K)->1622K(1792K) NonClass: 1498K(1600K)->1498K(1600K) Class: 124K(192K)->124K(192K)
[2024-10-12T11:15:56.586+0800][info] GC(201) Pause Young (Mixed) (G1 Preventive Collection) 100M->113M(128M) 5.641ms
[2024-10-12T11:15:56.586+0800][info] GC(201) User=0.01s Sys=0.00s Real=0.01s
[2024-10-12T11:15:56.586+0800][info] Attempting full compaction
[2024-10-12T11:15:56.586+0800][info] GC(202) Using 3 workers of 48 for full compaction
[2024-10-12T11:15:56.586+0800][info] GC(202) Pause Full (G1 Compaction Pause)
[2024-10-12T11:15:56.586+0800][info] GC(202) Phase 1: Mark live objects
[2024-10-12T11:15:56.590+0800][info] GC(202) Phase 1: Mark live objects 3.511ms
[2024-10-12T11:15:56.590+0800][info] GC(202) Phase 2: Prepare for compaction
[2024-10-12T11:15:56.590+0800][info] GC(202) Phase 2: Prepare for compaction 0.390ms
[2024-10-12T11:15:56.590+0800][info] GC(202) Phase 3: Adjust pointers
[2024-10-12T11:15:56.592+0800][info] GC(202) Phase 3: Adjust pointers 1.512ms
[2024-10-12T11:15:56.592+0800][info] GC(202) Phase 4: Compact heap
[2024-10-12T11:15:56.601+0800][info] GC(202) Phase 4: Compact heap 9.252ms
[2024-10-12T11:15:56.602+0800][info] GC(202) Eden regions: 0->0(4)
[2024-10-12T11:15:56.602+0800][info] GC(202) Survivor regions: 1->0(1)
[2024-10-12T11:15:56.602+0800][info] GC(202) Old regions: 58->38
[2024-10-12T11:15:56.602+0800][info] GC(202) Archive regions: 2->2
[2024-10-12T11:15:56.602+0800][info] GC(202) Humongous regions: 3->3
[2024-10-12T11:15:56.602+0800][info] GC(202) Metaspace: 1622K(1792K)->1622K(1792K) NonClass: 1498K(1600K)->1498K(1600K) Class: 124K(192K)->124K(192K)
[2024-10-12T11:15:56.602+0800][info] GC(202) Pause Full (G1 Compaction Pause) 113M->71M(128M) 16.318ms
[2024-10-12T11:15:56.603+0800][info] GC(202) User=0.04s Sys=0.00s Real=0.01s
[2024-10-12T11:15:56.828+0800][info] GC(203) Pause Young (Normal) (G1 Evacuation Pause)
[2024-10-12T11:15:56.828+0800][info] GC(203) Using 3 workers of 48 for evacuation
[2024-10-12T11:15:56.830+0800][info] GC(203)   Pre Evacuate Collection Set: 0.1ms
[2024-10-12T11:15:56.830+0800][info] GC(203)   Merge Heap Roots: 0.1ms
[2024-10-12T11:15:56.830+0800][info] GC(203)   Evacuate Collection Set: 1.3ms
[2024-10-12T11:15:56.830+0800][info] GC(203)   Post Evacuate Collection Set: 0.2ms
[2024-10-12T11:15:56.830+0800][info] GC(203)   Other: 0.2ms
[2024-10-12T11:15:56.830+0800][info] GC(203) Eden regions: 4->0(2)
[2024-10-12T11:15:56.830+0800][info] GC(203) Survivor regions: 0->1(1)
[2024-10-12T11:15:56.830+0800][info] GC(203) Old regions: 38->42
[2024-10-12T11:15:56.830+0800][info] GC(203) Archive regions: 2->2
[2024-10-12T11:15:56.830+0800][info] GC(203) Humongous regions: 3->3
[2024-10-12T11:15:56.830+0800][info] GC(203) Metaspace: 1622K(1792K)->1622K(1792K) NonClass: 1498K(1600K)->1498K(1600K) Class: 124K(192K)->124K(192K)
[2024-10-12T11:15:56.830+0800][info] GC(203) Pause Young (Normal) (G1 Evacuation Pause) 79M->80M(128M) 2.099ms
[2024-10-12T11:15:56.830+0800][info] GC(203) User=0.01s Sys=0.00s Real=0.00s
[2024-10-12T11:15:56.933+0800][info] GC(204) Pause Young (Normal) (G1 Evacuation Pause)
[2024-10-12T11:15:56.933+0800][info] GC(204) Using 3 workers of 48 for evacuation
[2024-10-12T11:15:56.934+0800][info] GC(204)   Pre Evacuate Collection Set: 0.1ms
[2024-10-12T11:15:56.934+0800][info] GC(204)   Merge Heap Roots: 0.0ms
[2024-10-12T11:15:56.934+0800][info] GC(204)   Evacuate Collection Set: 1.0ms
[2024-10-12T11:15:56.934+0800][info] GC(204)   Post Evacuate Collection Set: 0.2ms
[2024-10-12T11:15:56.934+0800][info] GC(204)   Other: 0.2ms
[2024-10-12T11:15:56.934+0800][info] GC(204) Eden regions: 2->0(2)
[2024-10-12T11:15:56.934+0800][info] GC(204) Survivor regions: 1->1(1)
[2024-10-12T11:15:56.934+0800][info] GC(204) Old regions: 42->44
[2024-10-12T11:15:56.934+0800][info] GC(204) Archive regions: 2->2
[2024-10-12T11:15:56.934+0800][info] GC(204) Humongous regions: 3->3
[2024-10-12T11:15:56.934+0800][info] GC(204) Metaspace: 1622K(1792K)->1622K(1792K) NonClass: 1498K(1600K)->1498K(1600K) Class: 124K(192K)->124K(192K)
[2024-10-12T11:15:56.934+0800][info] GC(204) Pause Young (Normal) (G1 Evacuation Pause) 84M->84M(128M) 1.668ms
[2024-10-12T11:15:56.934+0800][info] GC(204) User=0.00s Sys=0.00s Real=0.01s
[2024-10-12T11:15:57.037+0800][info] GC(205) Pause Young (Normal) (G1 Evacuation Pause)
[2024-10-12T11:15:57.037+0800][info] GC(205) Using 3 workers of 48 for evacuation
[2024-10-12T11:15:57.038+0800][info] GC(205)   Pre Evacuate Collection Set: 0.1ms
[2024-10-12T11:15:57.038+0800][info] GC(205)   Merge Heap Roots: 0.0ms
[2024-10-12T11:15:57.038+0800][info] GC(205)   Evacuate Collection Set: 0.9ms
[2024-10-12T11:15:57.038+0800][info] GC(205)   Post Evacuate Collection Set: 0.2ms
[2024-10-12T11:15:57.038+0800][info] GC(205)   Other: 0.2ms
[2024-10-12T11:15:57.038+0800][info] GC(205) Eden regions: 2->0(2)
[2024-10-12T11:15:57.038+0800][info] GC(205) Survivor regions: 1->1(1)
[2024-10-12T11:15:57.038+0800][info] GC(205) Old regions: 44->46
[2024-10-12T11:15:57.038+0800][info] GC(205) Archive regions: 2->2
[2024-10-12T11:15:57.038+0800][info] GC(205) Humongous regions: 3->3
[2024-10-12T11:15:57.038+0800][info] GC(205) Metaspace: 1622K(1792K)->1622K(1792K) NonClass: 1498K(1600K)->1498K(1600K) Class: 124K(192K)->124K(192K)
[2024-10-12T11:15:57.038+0800][info] GC(205) Pause Young (Normal) (G1 Evacuation Pause) 88M->88M(128M) 1.627ms
[2024-10-12T11:15:57.038+0800][info] GC(205) User=0.01s Sys=0.00s Real=0.00s
[2024-10-12T11:15:57.141+0800][info] GC(206) Pause Young (Concurrent Start) (G1 Evacuation Pause)
[2024-10-12T11:15:57.141+0800][info] GC(206) Using 3 workers of 48 for evacuation
[2024-10-12T11:15:57.142+0800][info] GC(206)   Pre Evacuate Collection Set: 0.1ms
[2024-10-12T11:15:57.142+0800][info] GC(206)   Merge Heap Roots: 0.1ms
[2024-10-12T11:15:57.142+0800][info] GC(206)   Evacuate Collection Set: 0.9ms
[2024-10-12T11:15:57.142+0800][info] GC(206)   Post Evacuate Collection Set: 0.2ms
[2024-10-12T11:15:57.142+0800][info] GC(206)   Other: 0.4ms
[2024-10-12T11:15:57.142+0800][info] GC(206) Eden regions: 2->0(2)
[2024-10-12T11:15:57.142+0800][info] GC(206) Survivor regions: 1->1(1)
[2024-10-12T11:15:57.142+0800][info] GC(206) Old regions: 46->48
[2024-10-12T11:15:57.142+0800][info] GC(206) Archive regions: 2->2
[2024-10-12T11:15:57.142+0800][info] GC(206) Humongous regions: 3->3
[2024-10-12T11:15:57.142+0800][info] GC(206) Metaspace: 1622K(1792K)->1622K(1792K) NonClass: 1498K(1600K)->1498K(1600K) Class: 124K(192K)->124K(192K)
[2024-10-12T11:15:57.142+0800][info] GC(206) Pause Young (Concurrent Start) (G1 Evacuation Pause) 91M->92M(128M) 1.775ms
[2024-10-12T11:15:57.142+0800][info] GC(206) User=0.00s Sys=0.00s Real=0.00s
[2024-10-12T11:15:57.143+0800][info] GC(207) Concurrent Mark Cycle
[2024-10-12T11:15:57.143+0800][info] GC(207) Concurrent Clear Claimed Marks
[2024-10-12T11:15:57.143+0800][info] GC(207) Concurrent Clear Claimed Marks 0.017ms
[2024-10-12T11:15:57.143+0800][info] GC(207) Concurrent Scan Root Regions
[2024-10-12T11:15:57.143+0800][info] GC(207) Concurrent Scan Root Regions 0.098ms
[2024-10-12T11:15:57.143+0800][info] GC(207) Concurrent Mark
[2024-10-12T11:15:57.143+0800][info] GC(207) Concurrent Mark From Roots
[2024-10-12T11:15:57.143+0800][info] GC(207) Using 12 workers of 12 for marking
[2024-10-12T11:15:57.146+0800][info] GC(207) Concurrent Mark From Roots 3.086ms
[2024-10-12T11:15:57.146+0800][info] GC(207) Concurrent Preclean
[2024-10-12T11:15:57.148+0800][info] GC(207) Concurrent Preclean 2.063ms
[2024-10-12T11:15:57.148+0800][info] GC(207) Pause Remark
[2024-10-12T11:15:57.150+0800][info] GC(207) Pause Remark 92M->92M(128M) 1.574ms
[2024-10-12T11:15:57.150+0800][info] GC(207) User=0.00s Sys=0.00s Real=0.00s
[2024-10-12T11:15:57.150+0800][info] GC(207) Concurrent Mark 7.019ms
[2024-10-12T11:15:57.150+0800][info] GC(207) Concurrent Rebuild Remembered Sets
[2024-10-12T11:15:57.151+0800][info] GC(207) Concurrent Rebuild Remembered Sets 1.030ms
[2024-10-12T11:15:57.151+0800][info] GC(207) Pause Cleanup
[2024-10-12T11:15:57.151+0800][info] GC(207) Pause Cleanup 92M->92M(128M) 0.186ms
[2024-10-12T11:15:57.151+0800][info] GC(207) User=0.00s Sys=0.00s Real=0.00s
[2024-10-12T11:15:57.151+0800][info] GC(207) Concurrent Cleanup for Next Mark
[2024-10-12T11:15:57.152+0800][info] GC(207) Concurrent Cleanup for Next Mark 0.417ms
[2024-10-12T11:15:57.152+0800][info] GC(207) Concurrent Mark Cycle 9.111ms
[2024-10-12T11:15:57.296+0800][info] GC(208) Pause Young (Prepare Mixed) (G1 Evacuation Pause)
[2024-10-12T11:15:57.296+0800][info] GC(208) Using 3 workers of 48 for evacuation
[2024-10-12T11:15:57.297+0800][info] GC(208)   Pre Evacuate Collection Set: 0.1ms
[2024-10-12T11:15:57.297+0800][info] GC(208)   Merge Heap Roots: 0.1ms
[2024-10-12T11:15:57.297+0800][info] GC(208)   Evacuate Collection Set: 1.0ms
[2024-10-12T11:15:57.297+0800][info] GC(208)   Post Evacuate Collection Set: 0.2ms
[2024-10-12T11:15:57.297+0800][info] GC(208)   Other: 0.2ms
[2024-10-12T11:15:57.297+0800][info] GC(208) Eden regions: 2->0(2)
[2024-10-12T11:15:57.298+0800][info] GC(208) Survivor regions: 1->1(1)
[2024-10-12T11:15:57.298+0800][info] GC(208) Old regions: 48->50
[2024-10-12T11:15:57.298+0800][info] GC(208) Archive regions: 2->2
[2024-10-12T11:15:57.298+0800][info] GC(208) Humongous regions: 3->3
[2024-10-12T11:15:57.298+0800][info] GC(208) Metaspace: 1632K(1792K)->1632K(1792K) NonClass: 1508K(1600K)->1508K(1600K) Class: 124K(192K)->124K(192K)
[2024-10-12T11:15:57.298+0800][info] GC(208) Pause Young (Prepare Mixed) (G1 Evacuation Pause) 95M->96M(128M) 1.763ms
[2024-10-12T11:15:57.298+0800][info] GC(208) User=0.00s Sys=0.00s Real=0.00s
[2024-10-12T11:15:57.400+0800][info] GC(209) Pause Young (Mixed) (G1 Evacuation Pause)
[2024-10-12T11:15:57.400+0800][info] GC(209) Using 3 workers of 48 for evacuation
[2024-10-12T11:15:57.405+0800][info] GC(209) To-space exhausted
[2024-10-12T11:15:57.405+0800][info] GC(209)   Pre Evacuate Collection Set: 0.2ms
[2024-10-12T11:15:57.405+0800][info] GC(209)   Merge Heap Roots: 0.1ms
[2024-10-12T11:15:57.405+0800][info] GC(209)   Evacuate Collection Set: 3.6ms
[2024-10-12T11:15:57.405+0800][info] GC(209)   Post Evacuate Collection Set: 1.1ms
[2024-10-12T11:15:57.405+0800][info] GC(209)   Other: 0.2ms
[2024-10-12T11:15:57.405+0800][info] GC(209) Eden regions: 2->0(2)
[2024-10-12T11:15:57.405+0800][info] GC(209) Survivor regions: 1->1(1)
[2024-10-12T11:15:57.406+0800][info] GC(209) Old regions: 50->57
[2024-10-12T11:15:57.406+0800][info] GC(209) Archive regions: 2->2
[2024-10-12T11:15:57.406+0800][info] GC(209) Humongous regions: 3->3
[2024-10-12T11:15:57.406+0800][info] GC(209) Metaspace: 1632K(1792K)->1632K(1792K) NonClass: 1508K(1600K)->1508K(1600K) Class: 124K(192K)->124K(192K)
[2024-10-12T11:15:57.406+0800][info] GC(209) Pause Young (Mixed) (G1 Evacuation Pause) 99M->111M(128M) 5.346ms
[2024-10-12T11:15:57.406+0800][info] GC(209) User=0.01s Sys=0.00s Real=0.01s
[2024-10-12T11:15:57.467+0800][info] GC(210) Pause Young (Concurrent Start) (G1 Evacuation Pause)
[2024-10-12T11:15:57.467+0800][info] GC(210) Using 3 workers of 48 for evacuation
[2024-10-12T11:15:57.468+0800][info] GC(210) To-space exhausted
[2024-10-12T11:15:57.468+0800][info] GC(210)   Pre Evacuate Collection Set: 0.1ms
[2024-10-12T11:15:57.468+0800][info] GC(210)   Merge Heap Roots: 0.1ms
[2024-10-12T11:15:57.468+0800][info] GC(210)   Evacuate Collection Set: 0.3ms
[2024-10-12T11:15:57.468+0800][info] GC(210)   Post Evacuate Collection Set: 0.3ms
[2024-10-12T11:15:57.468+0800][info] GC(210)   Other: 0.3ms
[2024-10-12T11:15:57.468+0800][info] GC(210) Eden regions: 1->0(3)
[2024-10-12T11:15:57.468+0800][info] GC(210) Survivor regions: 1->0(0)
[2024-10-12T11:15:57.468+0800][info] GC(210) Old regions: 57->59
[2024-10-12T11:15:57.468+0800][info] GC(210) Archive regions: 2->2
[2024-10-12T11:15:57.468+0800][info] GC(210) Humongous regions: 3->3
[2024-10-12T11:15:57.468+0800][info] GC(210) Metaspace: 1632K(1792K)->1632K(1792K) NonClass: 1508K(1600K)->1508K(1600K) Class: 124K(192K)->124K(192K)
[2024-10-12T11:15:57.468+0800][info] GC(210) Pause Young (Concurrent Start) (G1 Evacuation Pause) 113M->113M(128M) 1.258ms
[2024-10-12T11:15:57.468+0800][info] GC(210) User=0.00s Sys=0.00s Real=0.00s
[2024-10-12T11:15:57.468+0800][info] Attempting full compaction
[2024-10-12T11:15:57.468+0800][info] GC(211) Using 3 workers of 48 for full compaction
[2024-10-12T11:15:57.468+0800][info] GC(211) Pause Full (G1 Compaction Pause)
[2024-10-12T11:15:57.468+0800][info] GC(212) Concurrent Mark Cycle
[2024-10-12T11:15:57.469+0800][info] GC(212) Concurrent Clear Claimed Marks
[2024-10-12T11:15:57.469+0800][info] GC(212) Concurrent Clear Claimed Marks 0.016ms
[2024-10-12T11:15:57.469+0800][info] GC(212) Concurrent Scan Root Regions
[2024-10-12T11:15:57.469+0800][info] GC(212) Concurrent Scan Root Regions 0.010ms
[2024-10-12T11:15:57.469+0800][info] GC(212) Concurrent Mark
[2024-10-12T11:15:57.469+0800][info] GC(212) Concurrent Mark From Roots
[2024-10-12T11:15:57.469+0800][info] GC(212) Using 12 workers of 12 for marking
[2024-10-12T11:15:57.469+0800][info] GC(211) Phase 1: Mark live objects
[2024-10-12T11:15:57.472+0800][info] GC(211) Phase 1: Mark live objects 3.475ms
[2024-10-12T11:15:57.472+0800][info] GC(211) Phase 2: Prepare for compaction
[2024-10-12T11:15:57.473+0800][info] GC(211) Phase 2: Prepare for compaction 0.573ms
[2024-10-12T11:15:57.473+0800][info] GC(211) Phase 3: Adjust pointers
[2024-10-12T11:15:57.475+0800][info] GC(211) Phase 3: Adjust pointers 1.608ms
[2024-10-12T11:15:57.475+0800][info] GC(211) Phase 4: Compact heap
[2024-10-12T11:15:57.484+0800][info] GC(211) Phase 4: Compact heap 9.744ms
[2024-10-12T11:15:57.486+0800][info] GC(211) Eden regions: 0->0(4)
[2024-10-12T11:15:57.486+0800][info] GC(211) Survivor regions: 0->0(0)
[2024-10-12T11:15:57.486+0800][info] GC(211) Old regions: 59->38
[2024-10-12T11:15:57.486+0800][info] GC(211) Archive regions: 2->2
[2024-10-12T11:15:57.486+0800][info] GC(211) Humongous regions: 3->3
[2024-10-12T11:15:57.486+0800][info] GC(211) Metaspace: 1632K(1792K)->1632K(1792K) NonClass: 1508K(1600K)->1508K(1600K) Class: 124K(192K)->124K(192K)
[2024-10-12T11:15:57.486+0800][info] GC(211) Pause Full (G1 Compaction Pause) 113M->71M(128M) 17.406ms
[2024-10-12T11:15:57.486+0800][info] GC(211) User=0.05s Sys=0.00s Real=0.02s
[2024-10-12T11:15:57.486+0800][info] GC(212) Concurrent Mark From Roots 17.628ms
[2024-10-12T11:15:57.486+0800][info] GC(212) Concurrent Mark Abort
[2024-10-12T11:15:57.486+0800][info] GC(212) Concurrent Mark Cycle 17.804ms
[2024-10-12T11:15:57.691+0800][info] GC(213) Pause Young (Normal) (G1 Evacuation Pause)
[2024-10-12T11:15:57.691+0800][info] GC(213) Using 3 workers of 48 for evacuation
[2024-10-12T11:15:57.693+0800][info] GC(213)   Pre Evacuate Collection Set: 0.1ms
[2024-10-12T11:15:57.693+0800][info] GC(213)   Merge Heap Roots: 0.0ms
[2024-10-12T11:15:57.693+0800][info] GC(213)   Evacuate Collection Set: 1.3ms
[2024-10-12T11:15:57.693+0800][info] GC(213)   Post Evacuate Collection Set: 0.3ms
[2024-10-12T11:15:57.693+0800][info] GC(213)   Other: 0.2ms
[2024-10-12T11:15:57.693+0800][info] GC(213) Eden regions: 4->0(2)
[2024-10-12T11:15:57.693+0800][info] GC(213) Survivor regions: 0->1(1)
[2024-10-12T11:15:57.693+0800][info] GC(213) Old regions: 38->41
[2024-10-12T11:15:57.693+0800][info] GC(213) Archive regions: 2->2
[2024-10-12T11:15:57.693+0800][info] GC(213) Humongous regions: 4->4
[2024-10-12T11:15:57.693+0800][info] GC(213) Metaspace: 1632K(1792K)->1632K(1792K) NonClass: 1508K(1600K)->1508K(1600K) Class: 124K(192K)->124K(192K)
[2024-10-12T11:15:57.694+0800][info] GC(213) Pause Young (Normal) (G1 Evacuation Pause) 81M->81M(128M) 2.117ms
[2024-10-12T11:15:57.694+0800][info] GC(213) User=0.01s Sys=0.00s Real=0.01s
[2024-10-12T11:15:57.796+0800][info] GC(214) Pause Young (Normal) (G1 Evacuation Pause)
[2024-10-12T11:15:57.796+0800][info] GC(214) Using 3 workers of 48 for evacuation
[2024-10-12T11:15:57.798+0800][info] GC(214)   Pre Evacuate Collection Set: 0.1ms
[2024-10-12T11:15:57.798+0800][info] GC(214)   Merge Heap Roots: 0.1ms
[2024-10-12T11:15:57.798+0800][info] GC(214)   Evacuate Collection Set: 1.0ms
[2024-10-12T11:15:57.798+0800][info] GC(214)   Post Evacuate Collection Set: 0.2ms
[2024-10-12T11:15:57.798+0800][info] GC(214)   Other: 0.2ms
[2024-10-12T11:15:57.798+0800][info] GC(214) Eden regions: 2->0(2)
[2024-10-12T11:15:57.798+0800][info] GC(214) Survivor regions: 1->1(1)
[2024-10-12T11:15:57.798+0800][info] GC(214) Old regions: 41->43
[2024-10-12T11:15:57.798+0800][info] GC(214) Archive regions: 2->2
[2024-10-12T11:15:57.798+0800][info] GC(214) Humongous regions: 4->4
[2024-10-12T11:15:57.798+0800][info] GC(214) Metaspace: 1632K(1792K)->1632K(1792K) NonClass: 1508K(1600K)->1508K(1600K) Class: 124K(192K)->124K(192K)
[2024-10-12T11:15:57.798+0800][info] GC(214) Pause Young (Normal) (G1 Evacuation Pause) 84M->85M(128M) 1.763ms
[2024-10-12T11:15:57.798+0800][info] GC(214) User=0.00s Sys=0.00s Real=0.00s
[2024-10-12T11:15:57.900+0800][info] GC(215) Pause Young (Normal) (G1 Evacuation Pause)
[2024-10-12T11:15:57.900+0800][info] GC(215) Using 3 workers of 48 for evacuation
[2024-10-12T11:15:57.902+0800][info] GC(215)   Pre Evacuate Collection Set: 0.1ms
[2024-10-12T11:15:57.902+0800][info] GC(215)   Merge Heap Roots: 0.0ms
[2024-10-12T11:15:57.902+0800][info] GC(215)   Evacuate Collection Set: 1.0ms
[2024-10-12T11:15:57.902+0800][info] GC(215)   Post Evacuate Collection Set: 0.2ms
[2024-10-12T11:15:57.902+0800][info] GC(215)   Other: 0.2ms
[2024-10-12T11:15:57.902+0800][info] GC(215) Eden regions: 2->0(2)
[2024-10-12T11:15:57.902+0800][info] GC(215) Survivor regions: 1->1(1)
[2024-10-12T11:15:57.902+0800][info] GC(215) Old regions: 43->45
[2024-10-12T11:15:57.902+0800][info] GC(215) Archive regions: 2->2
[2024-10-12T11:15:57.902+0800][info] GC(215) Humongous regions: 4->4
[2024-10-12T11:15:57.902+0800][info] GC(215) Metaspace: 1632K(1792K)->1632K(1792K) NonClass: 1508K(1600K)->1508K(1600K) Class: 124K(192K)->124K(192K)
[2024-10-12T11:15:57.902+0800][info] GC(215) Pause Young (Normal) (G1 Evacuation Pause) 88M->88M(128M) 1.657ms
[2024-10-12T11:15:57.902+0800][info] GC(215) User=0.01s Sys=0.01s Real=0.00s
[2024-10-12T11:15:58.004+0800][info] GC(216) Pause Young (Concurrent Start) (G1 Evacuation Pause)
[2024-10-12T11:15:58.004+0800][info] GC(216) Using 3 workers of 48 for evacuation
[2024-10-12T11:15:58.006+0800][info] GC(216)   Pre Evacuate Collection Set: 0.1ms
[2024-10-12T11:15:58.006+0800][info] GC(216)   Merge Heap Roots: 0.1ms
[2024-10-12T11:15:58.006+0800][info] GC(216)   Evacuate Collection Set: 0.9ms
[2024-10-12T11:15:58.006+0800][info] GC(216)   Post Evacuate Collection Set: 0.2ms
[2024-10-12T11:15:58.006+0800][info] GC(216)   Other: 0.4ms
[2024-10-12T11:15:58.006+0800][info] GC(216) Eden regions: 2->0(2)
[2024-10-12T11:15:58.006+0800][info] GC(216) Survivor regions: 1->1(1)
[2024-10-12T11:15:58.006+0800][info] GC(216) Old regions: 45->47
[2024-10-12T11:15:58.006+0800][info] GC(216) Archive regions: 2->2
[2024-10-12T11:15:58.006+0800][info] GC(216) Humongous regions: 4->4
[2024-10-12T11:15:58.006+0800][info] GC(216) Metaspace: 1632K(1792K)->1632K(1792K) NonClass: 1508K(1600K)->1508K(1600K) Class: 124K(192K)->124K(192K)
[2024-10-12T11:15:58.006+0800][info] GC(216) Pause Young (Concurrent Start) (G1 Evacuation Pause) 92M->92M(128M) 1.816ms
[2024-10-12T11:15:58.006+0800][info] GC(216) User=0.00s Sys=0.00s Real=0.01s
[2024-10-12T11:15:58.006+0800][info] GC(217) Concurrent Mark Cycle
[2024-10-12T11:15:58.006+0800][info] GC(217) Concurrent Clear Claimed Marks
[2024-10-12T11:15:58.006+0800][info] GC(217) Concurrent Clear Claimed Marks 0.039ms
[2024-10-12T11:15:58.006+0800][info] GC(217) Concurrent Scan Root Regions
[2024-10-12T11:15:58.006+0800][info] GC(217) Concurrent Scan Root Regions 0.155ms
[2024-10-12T11:15:58.006+0800][info] GC(217) Concurrent Mark
[2024-10-12T11:15:58.006+0800][info] GC(217) Concurrent Mark From Roots
[2024-10-12T11:15:58.006+0800][info] GC(217) Using 12 workers of 12 for marking
[2024-10-12T11:15:58.010+0800][info] GC(217) Concurrent Mark From Roots 3.314ms
[2024-10-12T11:15:58.010+0800][info] GC(217) Concurrent Preclean
[2024-10-12T11:15:58.011+0800][info] GC(217) Concurrent Preclean 1.659ms
[2024-10-12T11:15:58.012+0800][info] GC(217) Pause Remark
[2024-10-12T11:15:58.013+0800][info] GC(217) Pause Remark 93M->91M(128M) 1.748ms
[2024-10-12T11:15:58.013+0800][info] GC(217) User=0.01s Sys=0.00s Real=0.01s
[2024-10-12T11:15:58.013+0800][info] GC(217) Concurrent Mark 7.040ms
[2024-10-12T11:15:58.013+0800][info] GC(217) Concurrent Rebuild Remembered Sets
[2024-10-12T11:15:58.015+0800][info] GC(217) Concurrent Rebuild Remembered Sets 1.163ms
[2024-10-12T11:15:58.015+0800][info] GC(217) Pause Cleanup
[2024-10-12T11:15:58.015+0800][info] GC(217) Pause Cleanup 91M->91M(128M) 0.205ms
[2024-10-12T11:15:58.015+0800][info] GC(217) User=0.00s Sys=0.00s Real=0.00s
[2024-10-12T11:15:58.015+0800][info] GC(217) Concurrent Cleanup for Next Mark
[2024-10-12T11:15:58.015+0800][info] GC(217) Concurrent Cleanup for Next Mark 0.378ms
[2024-10-12T11:15:58.015+0800][info] GC(217) Concurrent Mark Cycle 9.320ms
[2024-10-12T11:15:58.159+0800][info] GC(218) Pause Young (Prepare Mixed) (G1 Evacuation Pause)
[2024-10-12T11:15:58.159+0800][info] GC(218) Using 3 workers of 48 for evacuation
[2024-10-12T11:15:58.161+0800][info] GC(218)   Pre Evacuate Collection Set: 0.1ms
[2024-10-12T11:15:58.161+0800][info] GC(218)   Merge Heap Roots: 0.1ms
[2024-10-12T11:15:58.161+0800][info] GC(218)   Evacuate Collection Set: 1.3ms
[2024-10-12T11:15:58.161+0800][info] GC(218)   Post Evacuate Collection Set: 0.2ms
[2024-10-12T11:15:58.161+0800][info] GC(218)   Other: 0.2ms
[2024-10-12T11:15:58.161+0800][info] GC(218) Eden regions: 2->0(2)
[2024-10-12T11:15:58.161+0800][info] GC(218) Survivor regions: 1->1(1)
[2024-10-12T11:15:58.161+0800][info] GC(218) Old regions: 47->49
[2024-10-12T11:15:58.161+0800][info] GC(218) Archive regions: 2->2
[2024-10-12T11:15:58.161+0800][info] GC(218) Humongous regions: 3->3
[2024-10-12T11:15:58.161+0800][info] GC(218) Metaspace: 1632K(1792K)->1632K(1792K) NonClass: 1508K(1600K)->1508K(1600K) Class: 124K(192K)->124K(192K)
[2024-10-12T11:15:58.161+0800][info] GC(218) Pause Young (Prepare Mixed) (G1 Evacuation Pause) 94M->94M(128M) 2.026ms
[2024-10-12T11:15:58.161+0800][info] GC(218) User=0.01s Sys=0.00s Real=0.00s
[2024-10-12T11:15:58.264+0800][info] GC(219) Pause Young (Mixed) (G1 Evacuation Pause)
[2024-10-12T11:15:58.264+0800][info] GC(219) Using 3 workers of 48 for evacuation
[2024-10-12T11:15:58.269+0800][info] GC(219) To-space exhausted
[2024-10-12T11:15:58.269+0800][info] GC(219)   Pre Evacuate Collection Set: 0.2ms
[2024-10-12T11:15:58.269+0800][info] GC(219)   Merge Heap Roots: 0.1ms
[2024-10-12T11:15:58.269+0800][info] GC(219)   Evacuate Collection Set: 3.9ms
[2024-10-12T11:15:58.269+0800][info] GC(219)   Post Evacuate Collection Set: 0.8ms
[2024-10-12T11:15:58.269+0800][info] GC(219)   Other: 0.2ms
[2024-10-12T11:15:58.269+0800][info] GC(219) Eden regions: 2->0(2)
[2024-10-12T11:15:58.269+0800][info] GC(219) Survivor regions: 1->1(1)
[2024-10-12T11:15:58.269+0800][info] GC(219) Old regions: 49->57
[2024-10-12T11:15:58.269+0800][info] GC(219) Archive regions: 2->2
[2024-10-12T11:15:58.269+0800][info] GC(219) Humongous regions: 3->3
[2024-10-12T11:15:58.269+0800][info] GC(219) Metaspace: 1632K(1792K)->1632K(1792K) NonClass: 1508K(1600K)->1508K(1600K) Class: 124K(192K)->124K(192K)
[2024-10-12T11:15:58.269+0800][info] GC(219) Pause Young (Mixed) (G1 Evacuation Pause) 97M->111M(128M) 5.281ms
[2024-10-12T11:15:58.269+0800][info] GC(219) User=0.01s Sys=0.00s Real=0.01s
[2024-10-12T11:15:58.330+0800][info] GC(220) Pause Young (Concurrent Start) (G1 Evacuation Pause)
[2024-10-12T11:15:58.330+0800][info] GC(220) Using 3 workers of 48 for evacuation
[2024-10-12T11:15:58.331+0800][info] GC(220) To-space exhausted
[2024-10-12T11:15:58.332+0800][info] GC(220)   Pre Evacuate Collection Set: 0.1ms
[2024-10-12T11:15:58.332+0800][info] GC(220)   Merge Heap Roots: 0.1ms
[2024-10-12T11:15:58.332+0800][info] GC(220)   Evacuate Collection Set: 0.3ms
[2024-10-12T11:15:58.332+0800][info] GC(220)   Post Evacuate Collection Set: 0.2ms
[2024-10-12T11:15:58.332+0800][info] GC(220)   Other: 0.4ms
[2024-10-12T11:15:58.332+0800][info] GC(220) Eden regions: 1->0(3)
[2024-10-12T11:15:58.332+0800][info] GC(220) Survivor regions: 1->0(0)
[2024-10-12T11:15:58.332+0800][info] GC(220) Old regions: 57->59
[2024-10-12T11:15:58.332+0800][info] GC(220) Archive regions: 2->2
[2024-10-12T11:15:58.332+0800][info] GC(220) Humongous regions: 3->3
[2024-10-12T11:15:58.332+0800][info] GC(220) Metaspace: 1632K(1792K)->1632K(1792K) NonClass: 1508K(1600K)->1508K(1600K) Class: 124K(192K)->124K(192K)
[2024-10-12T11:15:58.332+0800][info] GC(220) Pause Young (Concurrent Start) (G1 Evacuation Pause) 113M->113M(128M) 1.213ms
[2024-10-12T11:15:58.332+0800][info] GC(220) User=0.00s Sys=0.00s Real=0.00s
[2024-10-12T11:15:58.332+0800][info] Attempting full compaction
[2024-10-12T11:15:58.332+0800][info] GC(221) Using 3 workers of 48 for full compaction
[2024-10-12T11:15:58.332+0800][info] GC(221) Pause Full (G1 Compaction Pause)
[2024-10-12T11:15:58.332+0800][info] GC(222) Concurrent Mark Cycle
[2024-10-12T11:15:58.332+0800][info] GC(222) Concurrent Clear Claimed Marks
[2024-10-12T11:15:58.332+0800][info] GC(222) Concurrent Clear Claimed Marks 0.017ms
[2024-10-12T11:15:58.332+0800][info] GC(222) Concurrent Scan Root Regions
[2024-10-12T11:15:58.332+0800][info] GC(222) Concurrent Scan Root Regions 0.010ms
[2024-10-12T11:15:58.332+0800][info] GC(222) Concurrent Mark
[2024-10-12T11:15:58.332+0800][info] GC(222) Concurrent Mark From Roots
[2024-10-12T11:15:58.332+0800][info] GC(222) Using 12 workers of 12 for marking
[2024-10-12T11:15:58.332+0800][info] GC(221) Phase 1: Mark live objects
[2024-10-12T11:15:58.336+0800][info] GC(221) Phase 1: Mark live objects 3.681ms
[2024-10-12T11:15:58.336+0800][info] GC(221) Phase 2: Prepare for compaction
[2024-10-12T11:15:58.337+0800][info] GC(221) Phase 2: Prepare for compaction 0.896ms
[2024-10-12T11:15:58.337+0800][info] GC(221) Phase 3: Adjust pointers
[2024-10-12T11:15:58.339+0800][info] GC(221) Phase 3: Adjust pointers 1.698ms
[2024-10-12T11:15:58.339+0800][info] GC(221) Phase 4: Compact heap
[2024-10-12T11:15:58.350+0800][info] GC(221) Phase 4: Compact heap 11.587ms
[2024-10-12T11:15:58.351+0800][info] GC(221) Eden regions: 0->0(4)
[2024-10-12T11:15:58.352+0800][info] GC(221) Survivor regions: 0->0(0)
[2024-10-12T11:15:58.352+0800][info] GC(221) Old regions: 59->39
[2024-10-12T11:15:58.352+0800][info] GC(221) Archive regions: 2->2
[2024-10-12T11:15:58.352+0800][info] GC(221) Humongous regions: 3->3
[2024-10-12T11:15:58.352+0800][info] GC(221) Metaspace: 1632K(1792K)->1632K(1792K) NonClass: 1508K(1600K)->1508K(1600K) Class: 124K(192K)->124K(192K)
[2024-10-12T11:15:58.352+0800][info] GC(221) Pause Full (G1 Compaction Pause) 113M->72M(128M) 19.814ms
[2024-10-12T11:15:58.352+0800][info] GC(221) User=0.05s Sys=0.00s Real=0.02s
[2024-10-12T11:15:58.352+0800][info] GC(222) Concurrent Mark From Roots 20.036ms
[2024-10-12T11:15:58.352+0800][info] GC(222) Concurrent Mark Abort
[2024-10-12T11:15:58.352+0800][info] GC(222) Concurrent Mark Cycle 20.232ms
[2024-10-12T11:15:58.557+0800][info] GC(223) Pause Young (Normal) (G1 Evacuation Pause)
[2024-10-12T11:15:58.557+0800][info] GC(223) Using 3 workers of 48 for evacuation
[2024-10-12T11:15:58.559+0800][info] GC(223)   Pre Evacuate Collection Set: 0.1ms
[2024-10-12T11:15:58.559+0800][info] GC(223)   Merge Heap Roots: 0.0ms
[2024-10-12T11:15:58.559+0800][info] GC(223)   Evacuate Collection Set: 1.2ms
[2024-10-12T11:15:58.559+0800][info] GC(223)   Post Evacuate Collection Set: 0.2ms
[2024-10-12T11:15:58.559+0800][info] GC(223)   Other: 0.2ms
[2024-10-12T11:15:58.559+0800][info] GC(223) Eden regions: 4->0(2)
[2024-10-12T11:15:58.559+0800][info] GC(223) Survivor regions: 0->1(1)
[2024-10-12T11:15:58.559+0800][info] GC(223) Old regions: 39->42
[2024-10-12T11:15:58.559+0800][info] GC(223) Archive regions: 2->2
[2024-10-12T11:15:58.559+0800][info] GC(223) Humongous regions: 3->3
[2024-10-12T11:15:58.559+0800][info] GC(223) Metaspace: 1632K(1792K)->1632K(1792K) NonClass: 1508K(1600K)->1508K(1600K) Class: 124K(192K)->124K(192K)
[2024-10-12T11:15:58.559+0800][info] GC(223) Pause Young (Normal) (G1 Evacuation Pause) 80M->80M(128M) 1.929ms
[2024-10-12T11:15:58.559+0800][info] GC(223) User=0.01s Sys=0.00s Real=0.00s
[2024-10-12T11:15:58.661+0800][info] GC(224) Pause Young (Normal) (G1 Evacuation Pause)
[2024-10-12T11:15:58.662+0800][info] GC(224) Using 3 workers of 48 for evacuation
[2024-10-12T11:15:58.663+0800][info] GC(224)   Pre Evacuate Collection Set: 0.1ms
[2024-10-12T11:15:58.663+0800][info] GC(224)   Merge Heap Roots: 0.1ms
[2024-10-12T11:15:58.663+0800][info] GC(224)   Evacuate Collection Set: 0.8ms
[2024-10-12T11:15:58.663+0800][info] GC(224)   Post Evacuate Collection Set: 0.2ms
[2024-10-12T11:15:58.663+0800][info] GC(224)   Other: 0.2ms
[2024-10-12T11:15:58.663+0800][info] GC(224) Eden regions: 2->0(2)
[2024-10-12T11:15:58.663+0800][info] GC(224) Survivor regions: 1->1(1)
[2024-10-12T11:15:58.663+0800][info] GC(224) Old regions: 42->44
[2024-10-12T11:15:58.663+0800][info] GC(224) Archive regions: 2->2
[2024-10-12T11:15:58.663+0800][info] GC(224) Humongous regions: 3->3
[2024-10-12T11:15:58.663+0800][info] GC(224) Metaspace: 1632K(1792K)->1632K(1792K) NonClass: 1508K(1600K)->1508K(1600K) Class: 124K(192K)->124K(192K)
[2024-10-12T11:15:58.663+0800][info] GC(224) Pause Young (Normal) (G1 Evacuation Pause) 84M->84M(128M) 1.547ms
[2024-10-12T11:15:58.663+0800][info] GC(224) User=0.00s Sys=0.00s Real=0.00s
[2024-10-12T11:15:58.765+0800][info] GC(225) Pause Young (Normal) (G1 Evacuation Pause)
[2024-10-12T11:15:58.765+0800][info] GC(225) Using 3 workers of 48 for evacuation
[2024-10-12T11:15:58.767+0800][info] GC(225)   Pre Evacuate Collection Set: 0.1ms
[2024-10-12T11:15:58.767+0800][info] GC(225)   Merge Heap Roots: 0.0ms
[2024-10-12T11:15:58.767+0800][info] GC(225)   Evacuate Collection Set: 0.9ms
[2024-10-12T11:15:58.767+0800][info] GC(225)   Post Evacuate Collection Set: 0.2ms
[2024-10-12T11:15:58.767+0800][info] GC(225)   Other: 0.2ms
[2024-10-12T11:15:58.767+0800][info] GC(225) Eden regions: 2->0(2)
[2024-10-12T11:15:58.767+0800][info] GC(225) Survivor regions: 1->1(1)
[2024-10-12T11:15:58.767+0800][info] GC(225) Old regions: 44->46
[2024-10-12T11:15:58.767+0800][info] GC(225) Archive regions: 2->2
[2024-10-12T11:15:58.767+0800][info] GC(225) Humongous regions: 3->3
[2024-10-12T11:15:58.767+0800][info] GC(225) Metaspace: 1632K(1792K)->1632K(1792K) NonClass: 1508K(1600K)->1508K(1600K) Class: 124K(192K)->124K(192K)
[2024-10-12T11:15:58.767+0800][info] GC(225) Pause Young (Normal) (G1 Evacuation Pause) 87M->87M(128M) 1.595ms
[2024-10-12T11:15:58.767+0800][info] GC(225) User=0.00s Sys=0.00s Real=0.00s
[2024-10-12T11:15:58.869+0800][info] GC(226) Pause Young (Concurrent Start) (G1 Evacuation Pause)
[2024-10-12T11:15:58.869+0800][info] GC(226) Using 3 workers of 48 for evacuation
[2024-10-12T11:15:58.871+0800][info] GC(226)   Pre Evacuate Collection Set: 0.1ms
[2024-10-12T11:15:58.871+0800][info] GC(226)   Merge Heap Roots: 0.0ms
[2024-10-12T11:15:58.871+0800][info] GC(226)   Evacuate Collection Set: 0.8ms
[2024-10-12T11:15:58.871+0800][info] GC(226)   Post Evacuate Collection Set: 0.2ms
[2024-10-12T11:15:58.871+0800][info] GC(226)   Other: 0.4ms
[2024-10-12T11:15:58.871+0800][info] GC(226) Eden regions: 2->0(2)
[2024-10-12T11:15:58.871+0800][info] GC(226) Survivor regions: 1->1(1)
[2024-10-12T11:15:58.871+0800][info] GC(226) Old regions: 46->48
[2024-10-12T11:15:58.871+0800][info] GC(226) Archive regions: 2->2
[2024-10-12T11:15:58.871+0800][info] GC(226) Humongous regions: 3->3
[2024-10-12T11:15:58.871+0800][info] GC(226) Metaspace: 1632K(1792K)->1632K(1792K) NonClass: 1508K(1600K)->1508K(1600K) Class: 124K(192K)->124K(192K)
[2024-10-12T11:15:58.871+0800][info] GC(226) Pause Young (Concurrent Start) (G1 Evacuation Pause) 91M->91M(128M) 1.599ms
[2024-10-12T11:15:58.871+0800][info] GC(226) User=0.00s Sys=0.00s Real=0.00s
[2024-10-12T11:15:58.871+0800][info] GC(227) Concurrent Mark Cycle
[2024-10-12T11:15:58.871+0800][info] GC(227) Concurrent Clear Claimed Marks
[2024-10-12T11:15:58.871+0800][info] GC(227) Concurrent Clear Claimed Marks 0.017ms
[2024-10-12T11:15:58.871+0800][info] GC(227) Concurrent Scan Root Regions
[2024-10-12T11:15:58.871+0800][info] GC(227) Concurrent Scan Root Regions 0.161ms
[2024-10-12T11:15:58.871+0800][info] GC(227) Concurrent Mark
[2024-10-12T11:15:58.871+0800][info] GC(227) Concurrent Mark From Roots
[2024-10-12T11:15:58.871+0800][info] GC(227) Using 12 workers of 12 for marking
[2024-10-12T11:15:58.875+0800][info] GC(227) Concurrent Mark From Roots 3.352ms
[2024-10-12T11:15:58.875+0800][info] GC(227) Concurrent Preclean
[2024-10-12T11:15:58.876+0800][info] GC(227) Concurrent Preclean 1.662ms
[2024-10-12T11:15:58.876+0800][info] GC(227) Pause Remark
[2024-10-12T11:15:58.878+0800][info] GC(227) Pause Remark 91M->91M(128M) 1.565ms
[2024-10-12T11:15:58.878+0800][info] GC(227) User=0.01s Sys=0.00s Real=0.00s
[2024-10-12T11:15:58.878+0800][info] GC(227) Concurrent Mark 6.813ms
[2024-10-12T11:15:58.878+0800][info] GC(227) Concurrent Rebuild Remembered Sets
[2024-10-12T11:15:58.879+0800][info] GC(227) Concurrent Rebuild Remembered Sets 1.238ms
[2024-10-12T11:15:58.879+0800][info] GC(227) Pause Cleanup
[2024-10-12T11:15:58.880+0800][info] GC(227) Pause Cleanup 91M->91M(128M) 0.178ms
[2024-10-12T11:15:58.880+0800][info] GC(227) User=0.00s Sys=0.00s Real=0.00s
[2024-10-12T11:15:58.880+0800][info] GC(227) Concurrent Cleanup for Next Mark
[2024-10-12T11:15:58.880+0800][info] GC(227) Concurrent Cleanup for Next Mark 0.411ms
[2024-10-12T11:15:58.880+0800][info] GC(227) Concurrent Mark Cycle 9.177ms
[2024-10-12T11:15:59.024+0800][info] GC(228) Pause Young (Prepare Mixed) (G1 Evacuation Pause)
[2024-10-12T11:15:59.025+0800][info] GC(228) Using 3 workers of 48 for evacuation
[2024-10-12T11:15:59.026+0800][info] GC(228)   Pre Evacuate Collection Set: 0.1ms
[2024-10-12T11:15:59.026+0800][info] GC(228)   Merge Heap Roots: 0.1ms
[2024-10-12T11:15:59.026+0800][info] GC(228)   Evacuate Collection Set: 1.3ms
[2024-10-12T11:15:59.026+0800][info] GC(228)   Post Evacuate Collection Set: 0.2ms
[2024-10-12T11:15:59.026+0800][info] GC(228)   Other: 0.2ms
[2024-10-12T11:15:59.026+0800][info] GC(228) Eden regions: 2->0(2)
[2024-10-12T11:15:59.026+0800][info] GC(228) Survivor regions: 1->1(1)
[2024-10-12T11:15:59.026+0800][info] GC(228) Old regions: 48->50
[2024-10-12T11:15:59.026+0800][info] GC(228) Archive regions: 2->2
[2024-10-12T11:15:59.027+0800][info] GC(228) Humongous regions: 3->3
[2024-10-12T11:15:59.027+0800][info] GC(228) Metaspace: 1632K(1792K)->1632K(1792K) NonClass: 1508K(1600K)->1508K(1600K) Class: 124K(192K)->124K(192K)
[2024-10-12T11:15:59.027+0800][info] GC(228) Pause Young (Prepare Mixed) (G1 Evacuation Pause) 94M->95M(128M) 2.067ms
[2024-10-12T11:15:59.027+0800][info] GC(228) User=0.01s Sys=0.00s Real=0.01s
[2024-10-12T11:15:59.129+0800][info] GC(229) Pause Young (Mixed) (G1 Evacuation Pause)
[2024-10-12T11:15:59.129+0800][info] GC(229) Using 3 workers of 48 for evacuation
[2024-10-12T11:15:59.134+0800][info] GC(229) To-space exhausted
[2024-10-12T11:15:59.134+0800][info] GC(229)   Pre Evacuate Collection Set: 0.2ms
[2024-10-12T11:15:59.134+0800][info] GC(229)   Merge Heap Roots: 0.1ms
[2024-10-12T11:15:59.134+0800][info] GC(229)   Evacuate Collection Set: 4.0ms
[2024-10-12T11:15:59.134+0800][info] GC(229)   Post Evacuate Collection Set: 1.3ms
[2024-10-12T11:15:59.134+0800][info] GC(229)   Other: 0.2ms
[2024-10-12T11:15:59.135+0800][info] GC(229) Eden regions: 2->0(2)
[2024-10-12T11:15:59.135+0800][info] GC(229) Survivor regions: 1->1(1)
[2024-10-12T11:15:59.135+0800][info] GC(229) Old regions: 50->54
[2024-10-12T11:15:59.135+0800][info] GC(229) Archive regions: 2->2
[2024-10-12T11:15:59.135+0800][info] GC(229) Humongous regions: 3->3
[2024-10-12T11:15:59.135+0800][info] GC(229) Metaspace: 1632K(1792K)->1632K(1792K) NonClass: 1508K(1600K)->1508K(1600K) Class: 124K(192K)->124K(192K)
[2024-10-12T11:15:59.135+0800][info] GC(229) Pause Young (Mixed) (G1 Evacuation Pause) 98M->104M(128M) 5.947ms
[2024-10-12T11:15:59.135+0800][info] GC(229) User=0.01s Sys=0.00s Real=0.01s
[2024-10-12T11:15:59.197+0800][info] GC(230) Pause Young (Concurrent Start) (G1 Preventive Collection)
[2024-10-12T11:15:59.197+0800][info] GC(230) Using 3 workers of 48 for evacuation
[2024-10-12T11:15:59.198+0800][info] GC(230)   Pre Evacuate Collection Set: 0.1ms
[2024-10-12T11:15:59.198+0800][info] GC(230)   Merge Heap Roots: 0.1ms
[2024-10-12T11:15:59.198+0800][info] GC(230)   Evacuate Collection Set: 1.0ms
[2024-10-12T11:15:59.198+0800][info] GC(230)   Post Evacuate Collection Set: 0.2ms
[2024-10-12T11:15:59.198+0800][info] GC(230)   Other: 0.4ms
[2024-10-12T11:15:59.198+0800][info] GC(230) Eden regions: 1->0(2)
[2024-10-12T11:15:59.198+0800][info] GC(230) Survivor regions: 1->1(1)
[2024-10-12T11:15:59.198+0800][info] GC(230) Old regions: 54->55
[2024-10-12T11:15:59.198+0800][info] GC(230) Archive regions: 2->2
[2024-10-12T11:15:59.198+0800][info] GC(230) Humongous regions: 3->3
[2024-10-12T11:15:59.198+0800][info] GC(230) Metaspace: 1632K(1792K)->1632K(1792K) NonClass: 1508K(1600K)->1508K(1600K) Class: 124K(192K)->124K(192K)
[2024-10-12T11:15:59.198+0800][info] GC(230) Pause Young (Concurrent Start) (G1 Preventive Collection) 106M->106M(128M) 1.885ms
[2024-10-12T11:15:59.198+0800][info] GC(230) User=0.01s Sys=0.00s Real=0.00s
[2024-10-12T11:15:59.199+0800][info] GC(231) Concurrent Mark Cycle
[2024-10-12T11:15:59.199+0800][info] GC(231) Concurrent Clear Claimed Marks
[2024-10-12T11:15:59.199+0800][info] GC(231) Concurrent Clear Claimed Marks 0.017ms
[2024-10-12T11:15:59.199+0800][info] GC(231) Concurrent Scan Root Regions
[2024-10-12T11:15:59.199+0800][info] GC(231) Concurrent Scan Root Regions 0.159ms
[2024-10-12T11:15:59.199+0800][info] GC(231) Concurrent Mark
[2024-10-12T11:15:59.199+0800][info] GC(231) Concurrent Mark From Roots
[2024-10-12T11:15:59.199+0800][info] GC(231) Using 12 workers of 12 for marking
[2024-10-12T11:15:59.202+0800][info] GC(231) Concurrent Mark From Roots 3.144ms
[2024-10-12T11:15:59.202+0800][info] GC(231) Concurrent Preclean
[2024-10-12T11:15:59.204+0800][info] GC(231) Concurrent Preclean 1.712ms
[2024-10-12T11:15:59.204+0800][info] GC(231) Pause Remark
[2024-10-12T11:15:59.205+0800][info] GC(231) Pause Remark 106M->106M(128M) 1.593ms
[2024-10-12T11:15:59.205+0800][info] GC(231) User=0.00s Sys=0.00s Real=0.01s
[2024-10-12T11:15:59.206+0800][info] GC(231) Concurrent Mark 6.713ms
[2024-10-12T11:15:59.206+0800][info] GC(231) Concurrent Rebuild Remembered Sets
[2024-10-12T11:15:59.207+0800][info] GC(231) Concurrent Rebuild Remembered Sets 0.984ms
[2024-10-12T11:15:59.207+0800][info] GC(231) Pause Cleanup
[2024-10-12T11:15:59.207+0800][info] GC(231) Pause Cleanup 106M->106M(128M) 0.240ms
[2024-10-12T11:15:59.207+0800][info] GC(231) User=0.00s Sys=0.00s Real=0.00s
[2024-10-12T11:15:59.207+0800][info] GC(231) Concurrent Cleanup for Next Mark
[2024-10-12T11:15:59.207+0800][info] GC(231) Concurrent Cleanup for Next Mark 0.384ms
[2024-10-12T11:15:59.207+0800][info] GC(231) Concurrent Mark Cycle 8.867ms
[2024-10-12T11:15:59.291+0800][info] GC(232) Pause Young (Prepare Mixed) (G1 Preventive Collection)
[2024-10-12T11:15:59.291+0800][info] GC(232) Using 3 workers of 48 for evacuation
[2024-10-12T11:15:59.292+0800][info] GC(232)   Pre Evacuate Collection Set: 0.1ms
[2024-10-12T11:15:59.292+0800][info] GC(232)   Merge Heap Roots: 0.1ms
[2024-10-12T11:15:59.292+0800][info] GC(232)   Evacuate Collection Set: 0.7ms
[2024-10-12T11:15:59.292+0800][info] GC(232)   Post Evacuate Collection Set: 0.2ms
[2024-10-12T11:15:59.292+0800][info] GC(232)   Other: 0.2ms
[2024-10-12T11:15:59.292+0800][info] GC(232) Eden regions: 1->0(2)
[2024-10-12T11:15:59.292+0800][info] GC(232) Survivor regions: 1->1(1)
[2024-10-12T11:15:59.292+0800][info] GC(232) Old regions: 55->56
[2024-10-12T11:15:59.292+0800][info] GC(232) Archive regions: 2->2
[2024-10-12T11:15:59.292+0800][info] GC(232) Humongous regions: 3->3
[2024-10-12T11:15:59.292+0800][info] GC(232) Metaspace: 1632K(1792K)->1632K(1792K) NonClass: 1508K(1600K)->1508K(1600K) Class: 124K(192K)->124K(192K)
[2024-10-12T11:15:59.292+0800][info] GC(232) Pause Young (Prepare Mixed) (G1 Preventive Collection) 107M->107M(128M) 1.408ms
[2024-10-12T11:15:59.292+0800][info] GC(232) User=0.01s Sys=0.00s Real=0.00s
[2024-10-12T11:15:59.353+0800][info] GC(233) Pause Young (Mixed) (G1 Preventive Collection)
[2024-10-12T11:15:59.353+0800][info] GC(233) Using 3 workers of 48 for evacuation
[2024-10-12T11:15:59.356+0800][info] GC(233) To-space exhausted
[2024-10-12T11:15:59.356+0800][info] GC(233)   Pre Evacuate Collection Set: 0.2ms
[2024-10-12T11:15:59.356+0800][info] GC(233)   Merge Heap Roots: 0.1ms
[2024-10-12T11:15:59.356+0800][info] GC(233)   Evacuate Collection Set: 1.4ms
[2024-10-12T11:15:59.356+0800][info] GC(233)   Post Evacuate Collection Set: 1.0ms
[2024-10-12T11:15:59.356+0800][info] GC(233)   Other: 0.2ms
[2024-10-12T11:15:59.356+0800][info] GC(233) Eden regions: 1->0(2)
[2024-10-12T11:15:59.356+0800][info] GC(233) Survivor regions: 1->1(1)
[2024-10-12T11:15:59.356+0800][info] GC(233) Old regions: 56->57
[2024-10-12T11:15:59.356+0800][info] GC(233) Archive regions: 2->2
[2024-10-12T11:15:59.356+0800][info] GC(233) Humongous regions: 3->3
[2024-10-12T11:15:59.356+0800][info] GC(233) Metaspace: 1632K(1792K)->1632K(1792K) NonClass: 1508K(1600K)->1508K(1600K) Class: 124K(192K)->124K(192K)
[2024-10-12T11:15:59.356+0800][info] GC(233) Pause Young (Mixed) (G1 Preventive Collection) 109M->109M(128M) 2.979ms
[2024-10-12T11:15:59.356+0800][info] GC(233) User=0.00s Sys=0.00s Real=0.00s
[2024-10-12T11:15:59.397+0800][info] GC(234) Pause Young (Concurrent Start) (G1 Evacuation Pause)
[2024-10-12T11:15:59.397+0800][info] GC(234) Using 3 workers of 48 for evacuation
[2024-10-12T11:15:59.399+0800][info] GC(234) To-space exhausted
[2024-10-12T11:15:59.399+0800][info] GC(234)   Pre Evacuate Collection Set: 0.1ms
[2024-10-12T11:15:59.399+0800][info] GC(234)   Merge Heap Roots: 0.1ms
[2024-10-12T11:15:59.399+0800][info] GC(234)   Evacuate Collection Set: 0.4ms
[2024-10-12T11:15:59.399+0800][info] GC(234)   Post Evacuate Collection Set: 0.2ms
[2024-10-12T11:15:59.399+0800][info] GC(234)   Other: 0.3ms
[2024-10-12T11:15:59.399+0800][info] GC(234) Eden regions: 1->0(3)
[2024-10-12T11:15:59.399+0800][info] GC(234) Survivor regions: 1->0(0)
[2024-10-12T11:15:59.399+0800][info] GC(234) Old regions: 57->59
[2024-10-12T11:15:59.399+0800][info] GC(234) Archive regions: 2->2
[2024-10-12T11:15:59.399+0800][info] GC(234) Humongous regions: 3->3
[2024-10-12T11:15:59.399+0800][info] GC(234) Metaspace: 1632K(1792K)->1632K(1792K) NonClass: 1508K(1600K)->1508K(1600K) Class: 124K(192K)->124K(192K)
[2024-10-12T11:15:59.399+0800][info] GC(234) Pause Young (Concurrent Start) (G1 Evacuation Pause) 111M->111M(128M) 1.331ms
[2024-10-12T11:15:59.399+0800][info] GC(234) User=0.01s Sys=0.00s Real=0.00s
[2024-10-12T11:15:59.399+0800][info] Attempting full compaction
[2024-10-12T11:15:59.399+0800][info] GC(235) Using 3 workers of 48 for full compaction
[2024-10-12T11:15:59.399+0800][info] GC(235) Pause Full (G1 Compaction Pause)
[2024-10-12T11:15:59.399+0800][info] GC(236) Concurrent Mark Cycle
[2024-10-12T11:15:59.399+0800][info] GC(236) Concurrent Clear Claimed Marks
[2024-10-12T11:15:59.399+0800][info] GC(236) Concurrent Clear Claimed Marks 0.016ms
[2024-10-12T11:15:59.399+0800][info] GC(236) Concurrent Scan Root Regions
[2024-10-12T11:15:59.399+0800][info] GC(236) Concurrent Scan Root Regions 0.010ms
[2024-10-12T11:15:59.399+0800][info] GC(236) Concurrent Mark
[2024-10-12T11:15:59.399+0800][info] GC(236) Concurrent Mark From Roots
[2024-10-12T11:15:59.399+0800][info] GC(236) Using 12 workers of 12 for marking
[2024-10-12T11:15:59.399+0800][info] GC(235) Phase 1: Mark live objects
[2024-10-12T11:15:59.402+0800][info] GC(235) Phase 1: Mark live objects 3.392ms
[2024-10-12T11:15:59.402+0800][info] GC(235) Phase 2: Prepare for compaction
[2024-10-12T11:15:59.403+0800][info] GC(235) Phase 2: Prepare for compaction 0.675ms
[2024-10-12T11:15:59.403+0800][info] GC(235) Phase 3: Adjust pointers
[2024-10-12T11:15:59.405+0800][info] GC(235) Phase 3: Adjust pointers 1.617ms
[2024-10-12T11:15:59.405+0800][info] GC(235) Phase 4: Compact heap
[2024-10-12T11:15:59.416+0800][info] GC(235) Phase 4: Compact heap 10.714ms
[2024-10-12T11:15:59.417+0800][info] GC(235) Eden regions: 0->0(4)
[2024-10-12T11:15:59.417+0800][info] GC(235) Survivor regions: 0->0(0)
[2024-10-12T11:15:59.417+0800][info] GC(235) Old regions: 59->39
[2024-10-12T11:15:59.417+0800][info] GC(235) Archive regions: 2->2
[2024-10-12T11:15:59.417+0800][info] GC(235) Humongous regions: 3->3
[2024-10-12T11:15:59.417+0800][info] GC(235) Metaspace: 1632K(1792K)->1632K(1792K) NonClass: 1508K(1600K)->1508K(1600K) Class: 124K(192K)->124K(192K)
[2024-10-12T11:15:59.417+0800][info] GC(235) Pause Full (G1 Compaction Pause) 111M->72M(128M) 18.375ms
[2024-10-12T11:15:59.417+0800][info] GC(235) User=0.04s Sys=0.00s Real=0.02s
[2024-10-12T11:15:59.418+0800][info] GC(236) Concurrent Mark From Roots 18.583ms
[2024-10-12T11:15:59.418+0800][info] GC(236) Concurrent Mark Abort
[2024-10-12T11:15:59.418+0800][info] GC(236) Concurrent Mark Cycle 18.760ms
[2024-10-12T11:15:59.643+0800][info] GC(237) Pause Young (Normal) (G1 Evacuation Pause)
[2024-10-12T11:15:59.643+0800][info] GC(237) Using 3 workers of 48 for evacuation
[2024-10-12T11:15:59.645+0800][info] GC(237)   Pre Evacuate Collection Set: 0.1ms
[2024-10-12T11:15:59.645+0800][info] GC(237)   Merge Heap Roots: 0.1ms
[2024-10-12T11:15:59.645+0800][info] GC(237)   Evacuate Collection Set: 1.2ms
[2024-10-12T11:15:59.645+0800][info] GC(237)   Post Evacuate Collection Set: 0.2ms
[2024-10-12T11:15:59.645+0800][info] GC(237)   Other: 0.2ms
[2024-10-12T11:15:59.645+0800][info] GC(237) Eden regions: 4->0(2)
[2024-10-12T11:15:59.645+0800][info] GC(237) Survivor regions: 0->1(1)
[2024-10-12T11:15:59.645+0800][info] GC(237) Old regions: 39->42
[2024-10-12T11:15:59.645+0800][info] GC(237) Archive regions: 2->2
[2024-10-12T11:15:59.645+0800][info] GC(237) Humongous regions: 3->3
[2024-10-12T11:15:59.645+0800][info] GC(237) Metaspace: 1632K(1792K)->1632K(1792K) NonClass: 1508K(1600K)->1508K(1600K) Class: 124K(192K)->124K(192K)
[2024-10-12T11:15:59.645+0800][info] GC(237) Pause Young (Normal) (G1 Evacuation Pause) 80M->80M(128M) 1.975ms
[2024-10-12T11:15:59.645+0800][info] GC(237) User=0.00s Sys=0.00s Real=0.01s
[2024-10-12T11:15:59.748+0800][info] GC(238) Pause Young (Normal) (G1 Evacuation Pause)
[2024-10-12T11:15:59.748+0800][info] GC(238) Using 3 workers of 48 for evacuation
[2024-10-12T11:15:59.749+0800][info] GC(238)   Pre Evacuate Collection Set: 0.1ms
[2024-10-12T11:15:59.749+0800][info] GC(238)   Merge Heap Roots: 0.1ms
[2024-10-12T11:15:59.749+0800][info] GC(238)   Evacuate Collection Set: 0.9ms
[2024-10-12T11:15:59.749+0800][info] GC(238)   Post Evacuate Collection Set: 0.2ms
[2024-10-12T11:15:59.749+0800][info] GC(238)   Other: 0.2ms
[2024-10-12T11:15:59.749+0800][info] GC(238) Eden regions: 2->0(2)
[2024-10-12T11:15:59.749+0800][info] GC(238) Survivor regions: 1->1(1)
[2024-10-12T11:15:59.749+0800][info] GC(238) Old regions: 42->44
[2024-10-12T11:15:59.749+0800][info] GC(238) Archive regions: 2->2
[2024-10-12T11:15:59.749+0800][info] GC(238) Humongous regions: 3->3
[2024-10-12T11:15:59.749+0800][info] GC(238) Metaspace: 1632K(1792K)->1632K(1792K) NonClass: 1508K(1600K)->1508K(1600K) Class: 124K(192K)->124K(192K)
[2024-10-12T11:15:59.749+0800][info] GC(238) Pause Young (Normal) (G1 Evacuation Pause) 84M->84M(128M) 1.634ms
[2024-10-12T11:15:59.749+0800][info] GC(238) User=0.01s Sys=0.00s Real=0.00s
[2024-10-12T11:15:59.851+0800][info] GC(239) Pause Young (Normal) (G1 Evacuation Pause)
[2024-10-12T11:15:59.851+0800][info] GC(239) Using 3 workers of 48 for evacuation
[2024-10-12T11:15:59.853+0800][info] GC(239)   Pre Evacuate Collection Set: 0.1ms
[2024-10-12T11:15:59.853+0800][info] GC(239)   Merge Heap Roots: 0.1ms
[2024-10-12T11:15:59.853+0800][info] GC(239)   Evacuate Collection Set: 0.9ms
[2024-10-12T11:15:59.853+0800][info] GC(239)   Post Evacuate Collection Set: 0.2ms
[2024-10-12T11:15:59.853+0800][info] GC(239)   Other: 0.2ms
[2024-10-12T11:15:59.853+0800][info] GC(239) Eden regions: 2->0(2)
[2024-10-12T11:15:59.853+0800][info] GC(239) Survivor regions: 1->1(1)
[2024-10-12T11:15:59.853+0800][info] GC(239) Old regions: 44->46
[2024-10-12T11:15:59.853+0800][info] GC(239) Archive regions: 2->2
[2024-10-12T11:15:59.853+0800][info] GC(239) Humongous regions: 3->3
[2024-10-12T11:15:59.853+0800][info] GC(239) Metaspace: 1632K(1792K)->1632K(1792K) NonClass: 1508K(1600K)->1508K(1600K) Class: 124K(192K)->124K(192K)
[2024-10-12T11:15:59.853+0800][info] GC(239) Pause Young (Normal) (G1 Evacuation Pause) 88M->87M(128M) 1.610ms
[2024-10-12T11:15:59.853+0800][info] GC(239) User=0.00s Sys=0.00s Real=0.00s
[2024-10-12T11:15:59.853+0800][info] GC(240) Pause Young (Concurrent Start) (G1 Humongous Allocation)
[2024-10-12T11:15:59.853+0800][info] GC(240) Using 3 workers of 48 for evacuation
[2024-10-12T11:15:59.855+0800][info] GC(240)   Pre Evacuate Collection Set: 0.0ms
[2024-10-12T11:15:59.855+0800][info] GC(240)   Merge Heap Roots: 0.0ms
[2024-10-12T11:15:59.855+0800][info] GC(240)   Evacuate Collection Set: 0.7ms
[2024-10-12T11:15:59.855+0800][info] GC(240)   Post Evacuate Collection Set: 0.2ms
[2024-10-12T11:15:59.855+0800][info] GC(240)   Other: 0.3ms
[2024-10-12T11:15:59.855+0800][info] GC(240) Eden regions: 1->0(2)
[2024-10-12T11:15:59.855+0800][info] GC(240) Survivor regions: 1->1(1)
[2024-10-12T11:15:59.855+0800][info] GC(240) Old regions: 46->47
[2024-10-12T11:15:59.855+0800][info] GC(240) Archive regions: 2->2
[2024-10-12T11:15:59.855+0800][info] GC(240) Humongous regions: 3->3
[2024-10-12T11:15:59.855+0800][info] GC(240) Metaspace: 1632K(1792K)->1632K(1792K) NonClass: 1508K(1600K)->1508K(1600K) Class: 124K(192K)->124K(192K)
[2024-10-12T11:15:59.855+0800][info] GC(240) Pause Young (Concurrent Start) (G1 Humongous Allocation) 88M->88M(128M) 1.338ms
[2024-10-12T11:15:59.855+0800][info] GC(240) User=0.00s Sys=0.01s Real=0.00s
[2024-10-12T11:15:59.855+0800][info] GC(241) Concurrent Mark Cycle
[2024-10-12T11:15:59.855+0800][info] GC(241) Concurrent Clear Claimed Marks
[2024-10-12T11:15:59.855+0800][info] GC(241) Concurrent Clear Claimed Marks 0.017ms
[2024-10-12T11:15:59.855+0800][info] GC(241) Concurrent Scan Root Regions
[2024-10-12T11:15:59.855+0800][info] GC(241) Concurrent Scan Root Regions 0.168ms
[2024-10-12T11:15:59.855+0800][info] GC(241) Concurrent Mark
[2024-10-12T11:15:59.855+0800][info] GC(241) Concurrent Mark From Roots
[2024-10-12T11:15:59.855+0800][info] GC(241) Using 12 workers of 12 for marking
[2024-10-12T11:15:59.858+0800][info] GC(241) Concurrent Mark From Roots 3.243ms
[2024-10-12T11:15:59.858+0800][info] GC(241) Concurrent Preclean
[2024-10-12T11:15:59.860+0800][info] GC(241) Concurrent Preclean 1.659ms
[2024-10-12T11:15:59.860+0800][info] GC(241) Pause Remark
[2024-10-12T11:15:59.862+0800][info] GC(241) Pause Remark 90M->90M(128M) 1.478ms
[2024-10-12T11:15:59.862+0800][info] GC(241) User=0.00s Sys=0.00s Real=0.00s
[2024-10-12T11:15:59.862+0800][info] GC(241) Concurrent Mark 6.612ms
[2024-10-12T11:15:59.862+0800][info] GC(241) Concurrent Rebuild Remembered Sets
[2024-10-12T11:15:59.863+0800][info] GC(241) Concurrent Rebuild Remembered Sets 1.201ms
[2024-10-12T11:15:59.863+0800][info] GC(241) Pause Cleanup
[2024-10-12T11:15:59.863+0800][info] GC(241) Pause Cleanup 90M->90M(128M) 0.228ms
[2024-10-12T11:15:59.863+0800][info] GC(241) User=0.00s Sys=0.00s Real=0.00s
[2024-10-12T11:15:59.863+0800][info] GC(241) Concurrent Cleanup for Next Mark
[2024-10-12T11:15:59.864+0800][info] GC(241) Concurrent Cleanup for Next Mark 0.402ms
[2024-10-12T11:15:59.864+0800][info] GC(241) Concurrent Mark Cycle 8.966ms
[2024-10-12T11:16:00.029+0800][info] GC(242) Pause Young (Prepare Mixed) (G1 Evacuation Pause)
[2024-10-12T11:16:00.029+0800][info] GC(242) Using 3 workers of 48 for evacuation
[2024-10-12T11:16:00.031+0800][info] GC(242)   Pre Evacuate Collection Set: 0.1ms
[2024-10-12T11:16:00.031+0800][info] GC(242)   Merge Heap Roots: 0.1ms
[2024-10-12T11:16:00.031+0800][info] GC(242)   Evacuate Collection Set: 0.9ms
[2024-10-12T11:16:00.031+0800][info] GC(242)   Post Evacuate Collection Set: 0.2ms
[2024-10-12T11:16:00.031+0800][info] GC(242)   Other: 0.3ms
[2024-10-12T11:16:00.031+0800][info] GC(242) Eden regions: 2->0(2)
[2024-10-12T11:16:00.031+0800][info] GC(242) Survivor regions: 1->1(1)
[2024-10-12T11:16:00.031+0800][info] GC(242) Old regions: 47->48
[2024-10-12T11:16:00.031+0800][info] GC(242) Archive regions: 2->2
[2024-10-12T11:16:00.031+0800][info] GC(242) Humongous regions: 4->3
[2024-10-12T11:16:00.031+0800][info] GC(242) Metaspace: 1632K(1792K)->1632K(1792K) NonClass: 1508K(1600K)->1508K(1600K) Class: 124K(192K)->124K(192K)
[2024-10-12T11:16:00.031+0800][info] GC(242) Pause Young (Prepare Mixed) (G1 Evacuation Pause) 94M->92M(128M) 1.698ms
[2024-10-12T11:16:00.031+0800][info] GC(242) User=0.00s Sys=0.01s Real=0.00s
[2024-10-12T11:16:00.133+0800][info] GC(243) Pause Young (Mixed) (G1 Evacuation Pause)
[2024-10-12T11:16:00.133+0800][info] GC(243) Using 3 workers of 48 for evacuation
[2024-10-12T11:16:00.140+0800][info] GC(243) To-space exhausted
[2024-10-12T11:16:00.141+0800][info] GC(243)   Pre Evacuate Collection Set: 0.2ms
[2024-10-12T11:16:00.141+0800][info] GC(243)   Merge Heap Roots: 0.1ms
[2024-10-12T11:16:00.141+0800][info] GC(243)   Evacuate Collection Set: 4.8ms
[2024-10-12T11:16:00.141+0800][info] GC(243)   Post Evacuate Collection Set: 1.9ms
[2024-10-12T11:16:00.141+0800][info] GC(243)   Other: 0.2ms
[2024-10-12T11:16:00.141+0800][info] GC(243) Eden regions: 2->0(2)
[2024-10-12T11:16:00.141+0800][info] GC(243) Survivor regions: 1->1(1)
[2024-10-12T11:16:00.141+0800][info] GC(243) Old regions: 48->56
[2024-10-12T11:16:00.141+0800][info] GC(243) Archive regions: 2->2
[2024-10-12T11:16:00.141+0800][info] GC(243) Humongous regions: 3->3
[2024-10-12T11:16:00.141+0800][info] GC(243) Metaspace: 1632K(1792K)->1632K(1792K) NonClass: 1508K(1600K)->1508K(1600K) Class: 124K(192K)->124K(192K)
[2024-10-12T11:16:00.141+0800][info] GC(243) Pause Young (Mixed) (G1 Evacuation Pause) 96M->109M(128M) 7.245ms
[2024-10-12T11:16:00.141+0800][info] GC(243) User=0.02s Sys=0.00s Real=0.00s
[2024-10-12T11:16:00.202+0800][info] GC(244) Pause Young (Concurrent Start) (G1 Preventive Collection)
[2024-10-12T11:16:00.202+0800][info] GC(244) Using 3 workers of 48 for evacuation
[2024-10-12T11:16:00.204+0800][info] GC(244) To-space exhausted
[2024-10-12T11:16:00.204+0800][info] GC(244)   Pre Evacuate Collection Set: 0.1ms
[2024-10-12T11:16:00.204+0800][info] GC(244)   Merge Heap Roots: 0.1ms
[2024-10-12T11:16:00.204+0800][info] GC(244)   Evacuate Collection Set: 1.0ms
[2024-10-12T11:16:00.204+0800][info] GC(244)   Post Evacuate Collection Set: 0.2ms
[2024-10-12T11:16:00.204+0800][info] GC(244)   Other: 0.4ms
[2024-10-12T11:16:00.204+0800][info] GC(244) Eden regions: 1->0(2)
[2024-10-12T11:16:00.204+0800][info] GC(244) Survivor regions: 1->1(1)
[2024-10-12T11:16:00.204+0800][info] GC(244) Old regions: 56->57
[2024-10-12T11:16:00.204+0800][info] GC(244) Archive regions: 2->2
[2024-10-12T11:16:00.204+0800][info] GC(244) Humongous regions: 3->3
[2024-10-12T11:16:00.204+0800][info] GC(244) Metaspace: 1632K(1792K)->1632K(1792K) NonClass: 1508K(1600K)->1508K(1600K) Class: 124K(192K)->124K(192K)
[2024-10-12T11:16:00.204+0800][info] GC(244) Pause Young (Concurrent Start) (G1 Preventive Collection) 111M->110M(128M) 1.918ms
[2024-10-12T11:16:00.204+0800][info] GC(244) User=0.01s Sys=0.00s Real=0.00s
[2024-10-12T11:16:00.204+0800][info] GC(245) Concurrent Mark Cycle
[2024-10-12T11:16:00.204+0800][info] GC(245) Concurrent Clear Claimed Marks
[2024-10-12T11:16:00.204+0800][info] GC(245) Concurrent Clear Claimed Marks 0.017ms
[2024-10-12T11:16:00.204+0800][info] GC(245) Concurrent Scan Root Regions
[2024-10-12T11:16:00.204+0800][info] GC(245) Concurrent Scan Root Regions 0.167ms
[2024-10-12T11:16:00.204+0800][info] GC(245) Concurrent Mark
[2024-10-12T11:16:00.204+0800][info] GC(245) Concurrent Mark From Roots
[2024-10-12T11:16:00.204+0800][info] GC(245) Using 12 workers of 12 for marking
[2024-10-12T11:16:00.208+0800][info] GC(245) Concurrent Mark From Roots 3.808ms
[2024-10-12T11:16:00.208+0800][info] GC(245) Concurrent Preclean
[2024-10-12T11:16:00.210+0800][info] GC(245) Concurrent Preclean 1.691ms
[2024-10-12T11:16:00.210+0800][info] GC(245) Pause Remark
[2024-10-12T11:16:00.212+0800][info] GC(245) Pause Remark 111M->111M(128M) 1.540ms
[2024-10-12T11:16:00.212+0800][info] GC(245) User=0.01s Sys=0.00s Real=0.00s
[2024-10-12T11:16:00.212+0800][info] GC(245) Concurrent Mark 7.357ms
[2024-10-12T11:16:00.212+0800][info] GC(245) Concurrent Rebuild Remembered Sets
[2024-10-12T11:16:00.213+0800][info] GC(245) Concurrent Rebuild Remembered Sets 1.229ms
[2024-10-12T11:16:00.213+0800][info] GC(245) Pause Cleanup
[2024-10-12T11:16:00.213+0800][info] GC(245) Pause Cleanup 111M->111M(128M) 0.237ms
[2024-10-12T11:16:00.213+0800][info] GC(245) User=0.00s Sys=0.00s Real=0.00s
[2024-10-12T11:16:00.213+0800][info] GC(245) Concurrent Cleanup for Next Mark
[2024-10-12T11:16:00.214+0800][info] GC(245) Concurrent Cleanup for Next Mark 0.386ms
[2024-10-12T11:16:00.214+0800][info] GC(245) Concurrent Mark Cycle 9.758ms
[2024-10-12T11:16:00.296+0800][info] GC(246) Pause Young (Prepare Mixed) (G1 Evacuation Pause)
[2024-10-12T11:16:00.296+0800][info] GC(246) Using 3 workers of 48 for evacuation
[2024-10-12T11:16:00.297+0800][info] GC(246) To-space exhausted
[2024-10-12T11:16:00.297+0800][info] GC(246)   Pre Evacuate Collection Set: 0.1ms
[2024-10-12T11:16:00.297+0800][info] GC(246)   Merge Heap Roots: 0.1ms
[2024-10-12T11:16:00.297+0800][info] GC(246)   Evacuate Collection Set: 0.2ms
[2024-10-12T11:16:00.297+0800][info] GC(246)   Post Evacuate Collection Set: 0.2ms
[2024-10-12T11:16:00.297+0800][info] GC(246)   Other: 0.2ms
[2024-10-12T11:16:00.297+0800][info] GC(246) Eden regions: 1->0(3)
[2024-10-12T11:16:00.297+0800][info] GC(246) Survivor regions: 1->0(0)
[2024-10-12T11:16:00.297+0800][info] GC(246) Old regions: 57->59
[2024-10-12T11:16:00.297+0800][info] GC(246) Archive regions: 2->2
[2024-10-12T11:16:00.297+0800][info] GC(246) Humongous regions: 3->3
[2024-10-12T11:16:00.297+0800][info] GC(246) Metaspace: 1632K(1792K)->1632K(1792K) NonClass: 1508K(1600K)->1508K(1600K) Class: 124K(192K)->124K(192K)
[2024-10-12T11:16:00.297+0800][info] GC(246) Pause Young (Prepare Mixed) (G1 Evacuation Pause) 112M->112M(128M) 0.979ms
[2024-10-12T11:16:00.297+0800][info] GC(246) User=0.00s Sys=0.00s Real=0.00s
[2024-10-12T11:16:00.297+0800][info] Attempting full compaction
[2024-10-12T11:16:00.297+0800][info] GC(247) Using 3 workers of 48 for full compaction
[2024-10-12T11:16:00.297+0800][info] GC(247) Pause Full (G1 Compaction Pause)
[2024-10-12T11:16:00.297+0800][info] GC(247) Phase 1: Mark live objects
[2024-10-12T11:16:00.300+0800][info] GC(247) Phase 1: Mark live objects 2.995ms
[2024-10-12T11:16:00.300+0800][info] GC(247) Phase 2: Prepare for compaction
[2024-10-12T11:16:00.301+0800][info] GC(247) Phase 2: Prepare for compaction 0.558ms
[2024-10-12T11:16:00.301+0800][info] GC(247) Phase 3: Adjust pointers
[2024-10-12T11:16:00.303+0800][info] GC(247) Phase 3: Adjust pointers 1.656ms
[2024-10-12T11:16:00.303+0800][info] GC(247) Phase 4: Compact heap
[2024-10-12T11:16:00.318+0800][info] GC(247) Phase 4: Compact heap 15.490ms
[2024-10-12T11:16:00.319+0800][info] GC(247) Eden regions: 0->0(4)
[2024-10-12T11:16:00.320+0800][info] GC(247) Survivor regions: 0->0(0)
[2024-10-12T11:16:00.320+0800][info] GC(247) Old regions: 59->38
[2024-10-12T11:16:00.320+0800][info] GC(247) Archive regions: 2->2
[2024-10-12T11:16:00.320+0800][info] GC(247) Humongous regions: 3->3
[2024-10-12T11:16:00.320+0800][info] GC(247) Metaspace: 1632K(1792K)->1632K(1792K) NonClass: 1508K(1600K)->1508K(1600K) Class: 124K(192K)->124K(192K)
[2024-10-12T11:16:00.320+0800][info] GC(247) Pause Full (G1 Compaction Pause) 112M->72M(128M) 22.271ms
[2024-10-12T11:16:00.320+0800][info] GC(247) User=0.05s Sys=0.00s Real=0.02s
[2024-10-12T11:16:00.545+0800][info] GC(248) Pause Young (Normal) (G1 Evacuation Pause)
[2024-10-12T11:16:00.545+0800][info] GC(248) Using 3 workers of 48 for evacuation
[2024-10-12T11:16:00.547+0800][info] GC(248)   Pre Evacuate Collection Set: 0.1ms
[2024-10-12T11:16:00.547+0800][info] GC(248)   Merge Heap Roots: 0.1ms
[2024-10-12T11:16:00.547+0800][info] GC(248)   Evacuate Collection Set: 1.2ms
[2024-10-12T11:16:00.547+0800][info] GC(248)   Post Evacuate Collection Set: 0.2ms
[2024-10-12T11:16:00.547+0800][info] GC(248)   Other: 0.3ms
[2024-10-12T11:16:00.547+0800][info] GC(248) Eden regions: 4->0(2)
[2024-10-12T11:16:00.547+0800][info] GC(248) Survivor regions: 0->1(1)
[2024-10-12T11:16:00.547+0800][info] GC(248) Old regions: 38->41
[2024-10-12T11:16:00.547+0800][info] GC(248) Archive regions: 2->2
[2024-10-12T11:16:00.547+0800][info] GC(248) Humongous regions: 3->3
[2024-10-12T11:16:00.547+0800][info] GC(248) Metaspace: 1632K(1792K)->1632K(1792K) NonClass: 1508K(1600K)->1508K(1600K) Class: 124K(192K)->124K(192K)
[2024-10-12T11:16:00.547+0800][info] GC(248) Pause Young (Normal) (G1 Evacuation Pause) 80M->80M(128M) 1.982ms
[2024-10-12T11:16:00.547+0800][info] GC(248) User=0.01s Sys=0.00s Real=0.01s
[2024-10-12T11:16:00.649+0800][info] GC(249) Pause Young (Normal) (G1 Evacuation Pause)
[2024-10-12T11:16:00.649+0800][info] GC(249) Using 3 workers of 48 for evacuation
[2024-10-12T11:16:00.651+0800][info] GC(249)   Pre Evacuate Collection Set: 0.1ms
[2024-10-12T11:16:00.651+0800][info] GC(249)   Merge Heap Roots: 0.0ms
[2024-10-12T11:16:00.651+0800][info] GC(249)   Evacuate Collection Set: 1.0ms
[2024-10-12T11:16:00.651+0800][info] GC(249)   Post Evacuate Collection Set: 0.2ms
[2024-10-12T11:16:00.651+0800][info] GC(249)   Other: 0.2ms
[2024-10-12T11:16:00.651+0800][info] GC(249) Eden regions: 2->0(2)
[2024-10-12T11:16:00.651+0800][info] GC(249) Survivor regions: 1->1(1)
[2024-10-12T11:16:00.651+0800][info] GC(249) Old regions: 41->43
[2024-10-12T11:16:00.651+0800][info] GC(249) Archive regions: 2->2
[2024-10-12T11:16:00.651+0800][info] GC(249) Humongous regions: 3->3
[2024-10-12T11:16:00.651+0800][info] GC(249) Metaspace: 1632K(1792K)->1632K(1792K) NonClass: 1508K(1600K)->1508K(1600K) Class: 124K(192K)->124K(192K)
[2024-10-12T11:16:00.651+0800][info] GC(249) Pause Young (Normal) (G1 Evacuation Pause) 83M->84M(128M) 1.675ms
[2024-10-12T11:16:00.651+0800][info] GC(249) User=0.00s Sys=0.00s Real=0.00s
[2024-10-12T11:16:00.753+0800][info] GC(250) Pause Young (Normal) (G1 Evacuation Pause)
[2024-10-12T11:16:00.753+0800][info] GC(250) Using 3 workers of 48 for evacuation
[2024-10-12T11:16:00.755+0800][info] GC(250)   Pre Evacuate Collection Set: 0.1ms
[2024-10-12T11:16:00.755+0800][info] GC(250)   Merge Heap Roots: 0.1ms
[2024-10-12T11:16:00.755+0800][info] GC(250)   Evacuate Collection Set: 0.9ms
[2024-10-12T11:16:00.755+0800][info] GC(250)   Post Evacuate Collection Set: 0.2ms
[2024-10-12T11:16:00.755+0800][info] GC(250)   Other: 0.2ms
[2024-10-12T11:16:00.755+0800][info] GC(250) Eden regions: 2->0(2)
[2024-10-12T11:16:00.755+0800][info] GC(250) Survivor regions: 1->1(1)
[2024-10-12T11:16:00.755+0800][info] GC(250) Old regions: 43->45
[2024-10-12T11:16:00.755+0800][info] GC(250) Archive regions: 2->2
[2024-10-12T11:16:00.755+0800][info] GC(250) Humongous regions: 3->3
[2024-10-12T11:16:00.755+0800][info] GC(250) Metaspace: 1632K(1792K)->1632K(1792K) NonClass: 1508K(1600K)->1508K(1600K) Class: 124K(192K)->124K(192K)
[2024-10-12T11:16:00.755+0800][info] GC(250) Pause Young (Normal) (G1 Evacuation Pause) 87M->88M(128M) 1.607ms
[2024-10-12T11:16:00.755+0800][info] GC(250) User=0.01s Sys=0.00s Real=0.00s
[2024-10-12T11:16:00.857+0800][info] GC(251) Pause Young (Concurrent Start) (G1 Evacuation Pause)
[2024-10-12T11:16:00.857+0800][info] GC(251) Using 3 workers of 48 for evacuation
[2024-10-12T11:16:00.859+0800][info] GC(251)   Pre Evacuate Collection Set: 0.1ms
[2024-10-12T11:16:00.859+0800][info] GC(251)   Merge Heap Roots: 0.1ms
[2024-10-12T11:16:00.859+0800][info] GC(251)   Evacuate Collection Set: 1.1ms
[2024-10-12T11:16:00.859+0800][info] GC(251)   Post Evacuate Collection Set: 0.2ms
[2024-10-12T11:16:00.859+0800][info] GC(251)   Other: 0.4ms
[2024-10-12T11:16:00.859+0800][info] GC(251) Eden regions: 2->0(2)
[2024-10-12T11:16:00.859+0800][info] GC(251) Survivor regions: 1->1(1)
[2024-10-12T11:16:00.859+0800][info] GC(251) Old regions: 45->47
[2024-10-12T11:16:00.859+0800][info] GC(251) Archive regions: 2->2
[2024-10-12T11:16:00.859+0800][info] GC(251) Humongous regions: 3->3
[2024-10-12T11:16:00.859+0800][info] GC(251) Metaspace: 1633K(1792K)->1633K(1792K) NonClass: 1509K(1600K)->1509K(1600K) Class: 124K(192K)->124K(192K)
[2024-10-12T11:16:00.859+0800][info] GC(251) Pause Young (Concurrent Start) (G1 Evacuation Pause) 91M->91M(128M) 1.974ms
[2024-10-12T11:16:00.859+0800][info] GC(251) User=0.00s Sys=0.01s Real=0.00s
[2024-10-12T11:16:00.859+0800][info] GC(252) Concurrent Mark Cycle
[2024-10-12T11:16:00.860+0800][info] GC(252) Concurrent Clear Claimed Marks
[2024-10-12T11:16:00.860+0800][info] GC(252) Concurrent Clear Claimed Marks 0.018ms
[2024-10-12T11:16:00.860+0800][info] GC(252) Concurrent Scan Root Regions
[2024-10-12T11:16:00.860+0800][info] GC(252) Concurrent Scan Root Regions 0.172ms
[2024-10-12T11:16:00.860+0800][info] GC(252) Concurrent Mark
[2024-10-12T11:16:00.860+0800][info] GC(252) Concurrent Mark From Roots
[2024-10-12T11:16:00.860+0800][info] GC(252) Using 12 workers of 12 for marking
[2024-10-12T11:16:00.863+0800][info] GC(252) Concurrent Mark From Roots 3.485ms
[2024-10-12T11:16:00.863+0800][info] GC(252) Concurrent Preclean
[2024-10-12T11:16:00.865+0800][info] GC(252) Concurrent Preclean 1.657ms
[2024-10-12T11:16:00.865+0800][info] GC(252) Pause Remark
[2024-10-12T11:16:00.867+0800][info] GC(252) Pause Remark 92M->92M(128M) 1.531ms
[2024-10-12T11:16:00.867+0800][info] GC(252) User=0.01s Sys=0.00s Real=0.01s
[2024-10-12T11:16:00.867+0800][info] GC(252) Concurrent Mark 6.923ms
[2024-10-12T11:16:00.867+0800][info] GC(252) Concurrent Rebuild Remembered Sets
[2024-10-12T11:16:00.868+0800][info] GC(252) Concurrent Rebuild Remembered Sets 1.218ms
[2024-10-12T11:16:00.868+0800][info] GC(252) Pause Cleanup
[2024-10-12T11:16:00.868+0800][info] GC(252) Pause Cleanup 92M->92M(128M) 0.230ms
[2024-10-12T11:16:00.868+0800][info] GC(252) User=0.00s Sys=0.00s Real=0.00s
[2024-10-12T11:16:00.868+0800][info] GC(252) Concurrent Cleanup for Next Mark
[2024-10-12T11:16:00.869+0800][info] GC(252) Concurrent Cleanup for Next Mark 0.402ms
[2024-10-12T11:16:00.869+0800][info] GC(252) Concurrent Mark Cycle 9.302ms
[2024-10-12T11:16:01.013+0800][info] GC(253) Pause Young (Prepare Mixed) (G1 Evacuation Pause)
[2024-10-12T11:16:01.013+0800][info] GC(253) Using 3 workers of 48 for evacuation
[2024-10-12T11:16:01.014+0800][info] GC(253)   Pre Evacuate Collection Set: 0.1ms
[2024-10-12T11:16:01.014+0800][info] GC(253)   Merge Heap Roots: 0.1ms
[2024-10-12T11:16:01.014+0800][info] GC(253)   Evacuate Collection Set: 1.0ms
[2024-10-12T11:16:01.014+0800][info] GC(253)   Post Evacuate Collection Set: 0.2ms
[2024-10-12T11:16:01.014+0800][info] GC(253)   Other: 0.2ms
[2024-10-12T11:16:01.014+0800][info] GC(253) Eden regions: 2->0(2)
[2024-10-12T11:16:01.014+0800][info] GC(253) Survivor regions: 1->1(1)
[2024-10-12T11:16:01.014+0800][info] GC(253) Old regions: 47->49
[2024-10-12T11:16:01.014+0800][info] GC(253) Archive regions: 2->2
[2024-10-12T11:16:01.014+0800][info] GC(253) Humongous regions: 3->3
[2024-10-12T11:16:01.014+0800][info] GC(253) Metaspace: 1633K(1792K)->1633K(1792K) NonClass: 1509K(1600K)->1509K(1600K) Class: 124K(192K)->124K(192K)
[2024-10-12T11:16:01.014+0800][info] GC(253) Pause Young (Prepare Mixed) (G1 Evacuation Pause) 95M->95M(128M) 1.742ms
[2024-10-12T11:16:01.014+0800][info] GC(253) User=0.01s Sys=0.00s Real=0.01s
[2024-10-12T11:16:01.117+0800][info] GC(254) Pause Young (Mixed) (G1 Evacuation Pause)
[2024-10-12T11:16:01.117+0800][info] GC(254) Using 3 workers of 48 for evacuation
[2024-10-12T11:16:01.122+0800][info] GC(254) To-space exhausted
[2024-10-12T11:16:01.122+0800][info] GC(254)   Pre Evacuate Collection Set: 0.2ms
[2024-10-12T11:16:01.122+0800][info] GC(254)   Merge Heap Roots: 0.1ms
[2024-10-12T11:16:01.122+0800][info] GC(254)   Evacuate Collection Set: 4.1ms
[2024-10-12T11:16:01.122+0800][info] GC(254)   Post Evacuate Collection Set: 0.9ms
[2024-10-12T11:16:01.122+0800][info] GC(254)   Other: 0.2ms
[2024-10-12T11:16:01.122+0800][info] GC(254) Eden regions: 2->0(2)
[2024-10-12T11:16:01.122+0800][info] GC(254) Survivor regions: 1->1(1)
[2024-10-12T11:16:01.122+0800][info] GC(254) Old regions: 49->54
[2024-10-12T11:16:01.122+0800][info] GC(254) Archive regions: 2->2
[2024-10-12T11:16:01.122+0800][info] GC(254) Humongous regions: 3->3
[2024-10-12T11:16:01.122+0800][info] GC(254) Metaspace: 1633K(1792K)->1633K(1792K) NonClass: 1509K(1600K)->1509K(1600K) Class: 124K(192K)->124K(192K)
[2024-10-12T11:16:01.123+0800][info] GC(254) Pause Young (Mixed) (G1 Evacuation Pause) 99M->106M(128M) 5.608ms
[2024-10-12T11:16:01.123+0800][info] GC(254) User=0.01s Sys=0.00s Real=0.00s
[2024-10-12T11:16:01.184+0800][info] GC(255) Pause Young (Concurrent Start) (G1 Preventive Collection)
[2024-10-12T11:16:01.184+0800][info] GC(255) Using 3 workers of 48 for evacuation
[2024-10-12T11:16:01.186+0800][info] GC(255)   Pre Evacuate Collection Set: 0.1ms
[2024-10-12T11:16:01.186+0800][info] GC(255)   Merge Heap Roots: 0.1ms
[2024-10-12T11:16:01.186+0800][info] GC(255)   Evacuate Collection Set: 1.1ms
[2024-10-12T11:16:01.186+0800][info] GC(255)   Post Evacuate Collection Set: 0.2ms
[2024-10-12T11:16:01.186+0800][info] GC(255)   Other: 0.4ms
[2024-10-12T11:16:01.186+0800][info] GC(255) Eden regions: 1->0(2)
[2024-10-12T11:16:01.186+0800][info] GC(255) Survivor regions: 1->1(1)
[2024-10-12T11:16:01.186+0800][info] GC(255) Old regions: 54->55
[2024-10-12T11:16:01.186+0800][info] GC(255) Archive regions: 2->2
[2024-10-12T11:16:01.186+0800][info] GC(255) Humongous regions: 3->3
[2024-10-12T11:16:01.186+0800][info] GC(255) Metaspace: 1633K(1792K)->1633K(1792K) NonClass: 1509K(1600K)->1509K(1600K) Class: 124K(192K)->124K(192K)
[2024-10-12T11:16:01.186+0800][info] GC(255) Pause Young (Concurrent Start) (G1 Preventive Collection) 108M->107M(128M) 2.035ms
[2024-10-12T11:16:01.186+0800][info] GC(255) User=0.00s Sys=0.00s Real=0.01s
[2024-10-12T11:16:01.186+0800][info] GC(256) Concurrent Mark Cycle
[2024-10-12T11:16:01.186+0800][info] GC(256) Concurrent Clear Claimed Marks
[2024-10-12T11:16:01.186+0800][info] GC(256) Concurrent Clear Claimed Marks 0.017ms
[2024-10-12T11:16:01.186+0800][info] GC(256) Concurrent Scan Root Regions
[2024-10-12T11:16:01.186+0800][info] GC(256) Concurrent Scan Root Regions 0.104ms
[2024-10-12T11:16:01.186+0800][info] GC(256) Concurrent Mark
[2024-10-12T11:16:01.186+0800][info] GC(256) Concurrent Mark From Roots
[2024-10-12T11:16:01.186+0800][info] GC(256) Using 12 workers of 12 for marking
[2024-10-12T11:16:01.190+0800][info] GC(256) Concurrent Mark From Roots 3.186ms
[2024-10-12T11:16:01.190+0800][info] GC(256) Concurrent Preclean
[2024-10-12T11:16:01.191+0800][info] GC(256) Concurrent Preclean 1.670ms
[2024-10-12T11:16:01.191+0800][info] GC(256) Pause Remark
[2024-10-12T11:16:01.193+0800][info] GC(256) Pause Remark 108M->108M(128M) 1.682ms
[2024-10-12T11:16:01.193+0800][info] GC(256) User=0.00s Sys=0.00s Real=0.01s
[2024-10-12T11:16:01.193+0800][info] GC(256) Concurrent Mark 6.812ms
[2024-10-12T11:16:01.193+0800][info] GC(256) Concurrent Rebuild Remembered Sets
[2024-10-12T11:16:01.195+0800][info] GC(256) Concurrent Rebuild Remembered Sets 1.380ms
[2024-10-12T11:16:01.195+0800][info] GC(256) Pause Cleanup
[2024-10-12T11:16:01.195+0800][info] GC(256) Pause Cleanup 108M->108M(128M) 0.246ms
[2024-10-12T11:16:01.195+0800][info] GC(256) User=0.00s Sys=0.00s Real=0.00s
[2024-10-12T11:16:01.195+0800][info] GC(256) Concurrent Cleanup for Next Mark
[2024-10-12T11:16:01.195+0800][info] GC(256) Concurrent Cleanup for Next Mark 0.350ms
[2024-10-12T11:16:01.195+0800][info] GC(256) Concurrent Mark Cycle 9.247ms
[2024-10-12T11:16:01.278+0800][info] GC(257) Pause Young (Prepare Mixed) (G1 Preventive Collection)
[2024-10-12T11:16:01.278+0800][info] GC(257) Using 3 workers of 48 for evacuation
[2024-10-12T11:16:01.280+0800][info] GC(257)   Pre Evacuate Collection Set: 0.1ms
[2024-10-12T11:16:01.280+0800][info] GC(257)   Merge Heap Roots: 0.1ms
[2024-10-12T11:16:01.280+0800][info] GC(257)   Evacuate Collection Set: 0.7ms
[2024-10-12T11:16:01.280+0800][info] GC(257)   Post Evacuate Collection Set: 0.2ms
[2024-10-12T11:16:01.280+0800][info] GC(257)   Other: 0.2ms
[2024-10-12T11:16:01.280+0800][info] GC(257) Eden regions: 1->0(2)
[2024-10-12T11:16:01.280+0800][info] GC(257) Survivor regions: 1->1(1)
[2024-10-12T11:16:01.280+0800][info] GC(257) Old regions: 55->56
[2024-10-12T11:16:01.280+0800][info] GC(257) Archive regions: 2->2
[2024-10-12T11:16:01.280+0800][info] GC(257) Humongous regions: 3->3
[2024-10-12T11:16:01.280+0800][info] GC(257) Metaspace: 1633K(1792K)->1633K(1792K) NonClass: 1509K(1600K)->1509K(1600K) Class: 124K(192K)->124K(192K)
[2024-10-12T11:16:01.280+0800][info] GC(257) Pause Young (Prepare Mixed) (G1 Preventive Collection) 109M->109M(128M) 1.434ms
[2024-10-12T11:16:01.280+0800][info] GC(257) User=0.00s Sys=0.00s Real=0.00s
[2024-10-12T11:16:01.341+0800][info] GC(258) Pause Young (Mixed) (G1 Preventive Collection)
[2024-10-12T11:16:01.341+0800][info] GC(258) Using 3 workers of 48 for evacuation
[2024-10-12T11:16:01.344+0800][info] GC(258) To-space exhausted
[2024-10-12T11:16:01.344+0800][info] GC(258)   Pre Evacuate Collection Set: 0.2ms
[2024-10-12T11:16:01.344+0800][info] GC(258)   Merge Heap Roots: 0.1ms
[2024-10-12T11:16:01.344+0800][info] GC(258)   Evacuate Collection Set: 1.7ms
[2024-10-12T11:16:01.344+0800][info] GC(258)   Post Evacuate Collection Set: 0.9ms
[2024-10-12T11:16:01.344+0800][info] GC(258)   Other: 0.2ms
[2024-10-12T11:16:01.344+0800][info] GC(258) Eden regions: 1->0(2)
[2024-10-12T11:16:01.344+0800][info] GC(258) Survivor regions: 1->1(1)
[2024-10-12T11:16:01.344+0800][info] GC(258) Old regions: 56->57
[2024-10-12T11:16:01.344+0800][info] GC(258) Archive regions: 2->2
[2024-10-12T11:16:01.344+0800][info] GC(258) Humongous regions: 3->3
[2024-10-12T11:16:01.344+0800][info] GC(258) Metaspace: 1633K(1792K)->1633K(1792K) NonClass: 1509K(1600K)->1509K(1600K) Class: 124K(192K)->124K(192K)
[2024-10-12T11:16:01.344+0800][info] GC(258) Pause Young (Mixed) (G1 Preventive Collection) 111M->111M(128M) 3.139ms
[2024-10-12T11:16:01.344+0800][info] GC(258) User=0.01s Sys=0.00s Real=0.00s
[2024-10-12T11:16:01.386+0800][info] GC(259) Pause Young (Concurrent Start) (G1 Evacuation Pause)
[2024-10-12T11:16:01.386+0800][info] GC(259) Using 3 workers of 48 for evacuation
[2024-10-12T11:16:01.387+0800][info] GC(259) To-space exhausted
[2024-10-12T11:16:01.387+0800][info] GC(259)   Pre Evacuate Collection Set: 0.1ms
[2024-10-12T11:16:01.387+0800][info] GC(259)   Merge Heap Roots: 0.1ms
[2024-10-12T11:16:01.387+0800][info] GC(259)   Evacuate Collection Set: 0.4ms
[2024-10-12T11:16:01.387+0800][info] GC(259)   Post Evacuate Collection Set: 0.3ms
[2024-10-12T11:16:01.387+0800][info] GC(259)   Other: 0.3ms
[2024-10-12T11:16:01.387+0800][info] GC(259) Eden regions: 1->0(3)
[2024-10-12T11:16:01.387+0800][info] GC(259) Survivor regions: 1->0(0)
[2024-10-12T11:16:01.387+0800][info] GC(259) Old regions: 57->59
[2024-10-12T11:16:01.387+0800][info] GC(259) Archive regions: 2->2
[2024-10-12T11:16:01.387+0800][info] GC(259) Humongous regions: 3->3
[2024-10-12T11:16:01.387+0800][info] GC(259) Metaspace: 1633K(1792K)->1633K(1792K) NonClass: 1509K(1600K)->1509K(1600K) Class: 124K(192K)->124K(192K)
[2024-10-12T11:16:01.387+0800][info] GC(259) Pause Young (Concurrent Start) (G1 Evacuation Pause) 113M->113M(128M) 1.351ms
[2024-10-12T11:16:01.387+0800][info] GC(259) User=0.00s Sys=0.00s Real=0.00s
[2024-10-12T11:16:01.387+0800][info] Attempting full compaction
[2024-10-12T11:16:01.387+0800][info] GC(260) Using 3 workers of 48 for full compaction
[2024-10-12T11:16:01.387+0800][info] GC(260) Pause Full (G1 Compaction Pause)
[2024-10-12T11:16:01.387+0800][info] GC(261) Concurrent Mark Cycle
[2024-10-12T11:16:01.387+0800][info] GC(261) Concurrent Clear Claimed Marks
[2024-10-12T11:16:01.387+0800][info] GC(261) Concurrent Clear Claimed Marks 0.017ms
[2024-10-12T11:16:01.387+0800][info] GC(261) Concurrent Scan Root Regions
[2024-10-12T11:16:01.387+0800][info] GC(261) Concurrent Scan Root Regions 0.010ms
[2024-10-12T11:16:01.387+0800][info] GC(261) Concurrent Mark
[2024-10-12T11:16:01.387+0800][info] GC(261) Concurrent Mark From Roots
[2024-10-12T11:16:01.387+0800][info] GC(261) Using 12 workers of 12 for marking
[2024-10-12T11:16:01.387+0800][info] GC(260) Phase 1: Mark live objects
[2024-10-12T11:16:01.391+0800][info] GC(260) Phase 1: Mark live objects 3.347ms
[2024-10-12T11:16:01.391+0800][info] GC(260) Phase 2: Prepare for compaction
[2024-10-12T11:16:01.392+0800][info] GC(260) Phase 2: Prepare for compaction 0.912ms
[2024-10-12T11:16:01.392+0800][info] GC(260) Phase 3: Adjust pointers
[2024-10-12T11:16:01.393+0800][info] GC(260) Phase 3: Adjust pointers 1.635ms
[2024-10-12T11:16:01.394+0800][info] GC(260) Phase 4: Compact heap
[2024-10-12T11:16:01.404+0800][info] GC(260) Phase 4: Compact heap 10.841ms
[2024-10-12T11:16:01.406+0800][info] GC(260) Eden regions: 0->0(4)
[2024-10-12T11:16:01.406+0800][info] GC(260) Survivor regions: 0->0(0)
[2024-10-12T11:16:01.406+0800][info] GC(260) Old regions: 59->38
[2024-10-12T11:16:01.406+0800][info] GC(260) Archive regions: 2->2
[2024-10-12T11:16:01.406+0800][info] GC(260) Humongous regions: 3->3
[2024-10-12T11:16:01.406+0800][info] GC(260) Metaspace: 1633K(1792K)->1633K(1792K) NonClass: 1509K(1600K)->1509K(1600K) Class: 124K(192K)->124K(192K)
[2024-10-12T11:16:01.406+0800][info] GC(260) Pause Full (G1 Compaction Pause) 113M->71M(128M) 18.603ms
[2024-10-12T11:16:01.406+0800][info] GC(260) User=0.05s Sys=0.00s Real=0.02s
[2024-10-12T11:16:01.406+0800][info] GC(261) Concurrent Mark From Roots 18.791ms
[2024-10-12T11:16:01.406+0800][info] GC(261) Concurrent Mark Abort
[2024-10-12T11:16:01.406+0800][info] GC(261) Concurrent Mark Cycle 18.986ms
[2024-10-12T11:16:01.632+0800][info] GC(262) Pause Young (Normal) (G1 Evacuation Pause)
[2024-10-12T11:16:01.632+0800][info] GC(262) Using 3 workers of 48 for evacuation
[2024-10-12T11:16:01.634+0800][info] GC(262)   Pre Evacuate Collection Set: 0.1ms
[2024-10-12T11:16:01.634+0800][info] GC(262)   Merge Heap Roots: 0.1ms
[2024-10-12T11:16:01.634+0800][info] GC(262)   Evacuate Collection Set: 1.3ms
[2024-10-12T11:16:01.634+0800][info] GC(262)   Post Evacuate Collection Set: 0.2ms
[2024-10-12T11:16:01.634+0800][info] GC(262)   Other: 0.3ms
[2024-10-12T11:16:01.634+0800][info] GC(262) Eden regions: 4->0(2)
[2024-10-12T11:16:01.634+0800][info] GC(262) Survivor regions: 0->1(1)
[2024-10-12T11:16:01.634+0800][info] GC(262) Old regions: 38->41
[2024-10-12T11:16:01.634+0800][info] GC(262) Archive regions: 2->2
[2024-10-12T11:16:01.634+0800][info] GC(262) Humongous regions: 3->3
[2024-10-12T11:16:01.634+0800][info] GC(262) Metaspace: 1634K(1792K)->1634K(1792K) NonClass: 1509K(1600K)->1509K(1600K) Class: 124K(192K)->124K(192K)
[2024-10-12T11:16:01.634+0800][info] GC(262) Pause Young (Normal) (G1 Evacuation Pause) 79M->79M(128M) 2.054ms
[2024-10-12T11:16:01.634+0800][info] GC(262) User=0.00s Sys=0.00s Real=0.01s
[2024-10-12T11:16:01.736+0800][info] GC(263) Pause Young (Normal) (G1 Evacuation Pause)
[2024-10-12T11:16:01.736+0800][info] GC(263) Using 3 workers of 48 for evacuation
[2024-10-12T11:16:01.737+0800][info] GC(263)   Pre Evacuate Collection Set: 0.1ms
[2024-10-12T11:16:01.738+0800][info] GC(263)   Merge Heap Roots: 0.0ms
[2024-10-12T11:16:01.738+0800][info] GC(263)   Evacuate Collection Set: 0.9ms
[2024-10-12T11:16:01.738+0800][info] GC(263)   Post Evacuate Collection Set: 0.2ms
[2024-10-12T11:16:01.738+0800][info] GC(263)   Other: 0.2ms
[2024-10-12T11:16:01.738+0800][info] GC(263) Eden regions: 2->0(2)
[2024-10-12T11:16:01.738+0800][info] GC(263) Survivor regions: 1->1(1)
[2024-10-12T11:16:01.738+0800][info] GC(263) Old regions: 41->43
[2024-10-12T11:16:01.738+0800][info] GC(263) Archive regions: 2->2
[2024-10-12T11:16:01.738+0800][info] GC(263) Humongous regions: 3->3
[2024-10-12T11:16:01.738+0800][info] GC(263) Metaspace: 1634K(1792K)->1634K(1792K) NonClass: 1509K(1600K)->1509K(1600K) Class: 124K(192K)->124K(192K)
[2024-10-12T11:16:01.738+0800][info] GC(263) Pause Young (Normal) (G1 Evacuation Pause) 82M->83M(128M) 1.586ms
[2024-10-12T11:16:01.738+0800][info] GC(263) User=0.00s Sys=0.00s Real=0.00s
[2024-10-12T11:16:01.840+0800][info] GC(264) Pause Young (Normal) (G1 Evacuation Pause)
[2024-10-12T11:16:01.840+0800][info] GC(264) Using 3 workers of 48 for evacuation
[2024-10-12T11:16:01.842+0800][info] GC(264)   Pre Evacuate Collection Set: 0.1ms
[2024-10-12T11:16:01.842+0800][info] GC(264)   Merge Heap Roots: 0.0ms
[2024-10-12T11:16:01.842+0800][info] GC(264)   Evacuate Collection Set: 0.9ms
[2024-10-12T11:16:01.842+0800][info] GC(264)   Post Evacuate Collection Set: 0.2ms
[2024-10-12T11:16:01.842+0800][info] GC(264)   Other: 0.2ms
[2024-10-12T11:16:01.842+0800][info] GC(264) Eden regions: 2->0(2)
[2024-10-12T11:16:01.842+0800][info] GC(264) Survivor regions: 1->1(1)
[2024-10-12T11:16:01.842+0800][info] GC(264) Old regions: 43->45
[2024-10-12T11:16:01.842+0800][info] GC(264) Archive regions: 2->2
[2024-10-12T11:16:01.842+0800][info] GC(264) Humongous regions: 3->3
[2024-10-12T11:16:01.842+0800][info] GC(264) Metaspace: 1635K(1792K)->1635K(1792K) NonClass: 1511K(1600K)->1511K(1600K) Class: 124K(192K)->124K(192K)
[2024-10-12T11:16:01.842+0800][info] GC(264) Pause Young (Normal) (G1 Evacuation Pause) 86M->86M(128M) 1.629ms
[2024-10-12T11:16:01.842+0800][info] GC(264) User=0.00s Sys=0.00s Real=0.00s
[2024-10-12T11:16:01.944+0800][info] GC(265) Pause Young (Concurrent Start) (G1 Evacuation Pause)
[2024-10-12T11:16:01.944+0800][info] GC(265) Using 3 workers of 48 for evacuation
[2024-10-12T11:16:01.946+0800][info] GC(265)   Pre Evacuate Collection Set: 0.1ms
[2024-10-12T11:16:01.946+0800][info] GC(265)   Merge Heap Roots: 0.0ms
[2024-10-12T11:16:01.946+0800][info] GC(265)   Evacuate Collection Set: 1.0ms
[2024-10-12T11:16:01.946+0800][info] GC(265)   Post Evacuate Collection Set: 0.2ms
[2024-10-12T11:16:01.946+0800][info] GC(265)   Other: 0.4ms
[2024-10-12T11:16:01.946+0800][info] GC(265) Eden regions: 2->0(2)
[2024-10-12T11:16:01.946+0800][info] GC(265) Survivor regions: 1->1(1)
[2024-10-12T11:16:01.946+0800][info] GC(265) Old regions: 45->47
[2024-10-12T11:16:01.946+0800][info] GC(265) Archive regions: 2->2
[2024-10-12T11:16:01.946+0800][info] GC(265) Humongous regions: 3->3
[2024-10-12T11:16:01.946+0800][info] GC(265) Metaspace: 1635K(1792K)->1635K(1792K) NonClass: 1511K(1600K)->1511K(1600K) Class: 124K(192K)->124K(192K)
[2024-10-12T11:16:01.946+0800][info] GC(265) Pause Young (Concurrent Start) (G1 Evacuation Pause) 90M->90M(128M) 1.859ms
[2024-10-12T11:16:01.946+0800][info] GC(265) User=0.01s Sys=0.00s Real=0.01s
[2024-10-12T11:16:01.946+0800][info] GC(266) Concurrent Mark Cycle
[2024-10-12T11:16:01.946+0800][info] GC(266) Concurrent Clear Claimed Marks
[2024-10-12T11:16:01.946+0800][info] GC(266) Concurrent Clear Claimed Marks 0.017ms
[2024-10-12T11:16:01.946+0800][info] GC(266) Concurrent Scan Root Regions
[2024-10-12T11:16:01.946+0800][info] GC(266) Concurrent Scan Root Regions 0.102ms
[2024-10-12T11:16:01.946+0800][info] GC(266) Concurrent Mark
[2024-10-12T11:16:01.946+0800][info] GC(266) Concurrent Mark From Roots
[2024-10-12T11:16:01.946+0800][info] GC(266) Using 12 workers of 12 for marking
[2024-10-12T11:16:01.949+0800][info] GC(266) Concurrent Mark From Roots 3.149ms
[2024-10-12T11:16:01.949+0800][info] GC(266) Concurrent Preclean
[2024-10-12T11:16:01.951+0800][info] GC(266) Concurrent Preclean 1.661ms
[2024-10-12T11:16:01.951+0800][info] GC(266) Pause Remark
[2024-10-12T11:16:01.953+0800][info] GC(266) Pause Remark 91M->91M(128M) 1.521ms
[2024-10-12T11:16:01.953+0800][info] GC(266) User=0.00s Sys=0.00s Real=0.00s
[2024-10-12T11:16:01.953+0800][info] GC(266) Concurrent Mark 6.627ms
[2024-10-12T11:16:01.953+0800][info] GC(266) Concurrent Rebuild Remembered Sets
[2024-10-12T11:16:01.954+0800][info] GC(266) Concurrent Rebuild Remembered Sets 1.192ms
[2024-10-12T11:16:01.954+0800][info] GC(266) Pause Cleanup
[2024-10-12T11:16:01.954+0800][info] GC(266) Pause Cleanup 91M->91M(128M) 0.228ms
[2024-10-12T11:16:01.954+0800][info] GC(266) User=0.00s Sys=0.00s Real=0.00s
[2024-10-12T11:16:01.954+0800][info] GC(266) Concurrent Cleanup for Next Mark
[2024-10-12T11:16:01.955+0800][info] GC(266) Concurrent Cleanup for Next Mark 0.414ms
[2024-10-12T11:16:01.955+0800][info] GC(266) Concurrent Mark Cycle 8.942ms
[2024-10-12T11:16:02.100+0800][info] GC(267) Pause Young (Prepare Mixed) (G1 Evacuation Pause)
[2024-10-12T11:16:02.100+0800][info] GC(267) Using 3 workers of 48 for evacuation
[2024-10-12T11:16:02.101+0800][info] GC(267)   Pre Evacuate Collection Set: 0.1ms
[2024-10-12T11:16:02.101+0800][info] GC(267)   Merge Heap Roots: 0.1ms
[2024-10-12T11:16:02.101+0800][info] GC(267)   Evacuate Collection Set: 0.9ms
[2024-10-12T11:16:02.101+0800][info] GC(267)   Post Evacuate Collection Set: 0.2ms
[2024-10-12T11:16:02.101+0800][info] GC(267)   Other: 0.2ms
[2024-10-12T11:16:02.101+0800][info] GC(267) Eden regions: 2->0(2)
[2024-10-12T11:16:02.101+0800][info] GC(267) Survivor regions: 1->1(1)
[2024-10-12T11:16:02.101+0800][info] GC(267) Old regions: 47->49
[2024-10-12T11:16:02.101+0800][info] GC(267) Archive regions: 2->2
[2024-10-12T11:16:02.101+0800][info] GC(267) Humongous regions: 3->3
[2024-10-12T11:16:02.101+0800][info] GC(267) Metaspace: 1635K(1792K)->1635K(1792K) NonClass: 1511K(1600K)->1511K(1600K) Class: 124K(192K)->124K(192K)
[2024-10-12T11:16:02.101+0800][info] GC(267) Pause Young (Prepare Mixed) (G1 Evacuation Pause) 94M->94M(128M) 1.683ms
[2024-10-12T11:16:02.101+0800][info] GC(267) User=0.00s Sys=0.00s Real=0.00s
[2024-10-12T11:16:02.203+0800][info] GC(268) Pause Young (Mixed) (G1 Evacuation Pause)
[2024-10-12T11:16:02.203+0800][info] GC(268) Using 3 workers of 48 for evacuation
[2024-10-12T11:16:02.209+0800][info] GC(268) To-space exhausted
[2024-10-12T11:16:02.209+0800][info] GC(268)   Pre Evacuate Collection Set: 0.2ms
[2024-10-12T11:16:02.209+0800][info] GC(268)   Merge Heap Roots: 0.1ms
[2024-10-12T11:16:02.209+0800][info] GC(268)   Evacuate Collection Set: 3.9ms
[2024-10-12T11:16:02.209+0800][info] GC(268)   Post Evacuate Collection Set: 1.4ms
[2024-10-12T11:16:02.209+0800][info] GC(268)   Other: 0.2ms
[2024-10-12T11:16:02.209+0800][info] GC(268) Eden regions: 2->0(2)
[2024-10-12T11:16:02.209+0800][info] GC(268) Survivor regions: 1->1(1)
[2024-10-12T11:16:02.209+0800][info] GC(268) Old regions: 49->56
[2024-10-12T11:16:02.209+0800][info] GC(268) Archive regions: 2->2
[2024-10-12T11:16:02.209+0800][info] GC(268) Humongous regions: 3->3
[2024-10-12T11:16:02.209+0800][info] GC(268) Metaspace: 1635K(1792K)->1635K(1792K) NonClass: 1511K(1600K)->1511K(1600K) Class: 124K(192K)->124K(192K)
[2024-10-12T11:16:02.209+0800][info] GC(268) Pause Young (Mixed) (G1 Evacuation Pause) 97M->109M(128M) 5.863ms
[2024-10-12T11:16:02.209+0800][info] GC(268) User=0.01s Sys=0.00s Real=0.01s
[2024-10-12T11:16:02.250+0800][info] GC(269) Pause Young (Concurrent Start) (G1 Humongous Allocation)
[2024-10-12T11:16:02.250+0800][info] GC(269) Using 3 workers of 48 for evacuation
[2024-10-12T11:16:02.252+0800][info] GC(269) To-space exhausted
[2024-10-12T11:16:02.252+0800][info] GC(269)   Pre Evacuate Collection Set: 0.1ms
[2024-10-12T11:16:02.252+0800][info] GC(269)   Merge Heap Roots: 0.1ms
[2024-10-12T11:16:02.252+0800][info] GC(269)   Evacuate Collection Set: 0.8ms
[2024-10-12T11:16:02.252+0800][info] GC(269)   Post Evacuate Collection Set: 0.2ms
[2024-10-12T11:16:02.252+0800][info] GC(269)   Other: 0.4ms
[2024-10-12T11:16:02.252+0800][info] GC(269) Eden regions: 1->0(2)
[2024-10-12T11:16:02.252+0800][info] GC(269) Survivor regions: 1->1(1)
[2024-10-12T11:16:02.252+0800][info] GC(269) Old regions: 56->57
[2024-10-12T11:16:02.252+0800][info] GC(269) Archive regions: 2->2
[2024-10-12T11:16:02.252+0800][info] GC(269) Humongous regions: 3->3
[2024-10-12T11:16:02.252+0800][info] GC(269) Metaspace: 1635K(1792K)->1635K(1792K) NonClass: 1511K(1600K)->1511K(1600K) Class: 124K(192K)->124K(192K)
[2024-10-12T11:16:02.252+0800][info] GC(269) Pause Young (Concurrent Start) (G1 Humongous Allocation) 111M->111M(128M) 1.637ms
[2024-10-12T11:16:02.252+0800][info] GC(269) User=0.00s Sys=0.00s Real=0.00s
[2024-10-12T11:16:02.252+0800][info] GC(270) Concurrent Mark Cycle
[2024-10-12T11:16:02.252+0800][info] GC(270) Concurrent Clear Claimed Marks
[2024-10-12T11:16:02.252+0800][info] GC(270) Concurrent Clear Claimed Marks 0.017ms
[2024-10-12T11:16:02.252+0800][info] GC(270) Concurrent Scan Root Regions
[2024-10-12T11:16:02.252+0800][info] GC(270) Concurrent Scan Root Regions 0.152ms
[2024-10-12T11:16:02.252+0800][info] GC(270) Concurrent Mark
[2024-10-12T11:16:02.252+0800][info] GC(270) Concurrent Mark From Roots
[2024-10-12T11:16:02.252+0800][info] GC(270) Using 12 workers of 12 for marking
[2024-10-12T11:16:02.252+0800][info] GC(271) Pause Young (Normal) (G1 Preventive Collection)
[2024-10-12T11:16:02.252+0800][info] GC(271) Using 3 workers of 48 for evacuation
[2024-10-12T11:16:02.253+0800][info] GC(271)   Pre Evacuate Collection Set: 0.2ms
[2024-10-12T11:16:02.253+0800][info] GC(271)   Merge Heap Roots: 0.1ms
[2024-10-12T11:16:02.253+0800][info] GC(271)   Evacuate Collection Set: 0.4ms
[2024-10-12T11:16:02.253+0800][info] GC(271)   Post Evacuate Collection Set: 0.2ms
[2024-10-12T11:16:02.253+0800][info] GC(271)   Other: 0.2ms
[2024-10-12T11:16:02.253+0800][info] GC(271) Eden regions: 0->0(3)
[2024-10-12T11:16:02.253+0800][info] GC(271) Survivor regions: 1->0(1)
[2024-10-12T11:16:02.253+0800][info] GC(271) Old regions: 57->58
[2024-10-12T11:16:02.253+0800][info] GC(271) Archive regions: 2->2
[2024-10-12T11:16:02.253+0800][info] GC(271) Humongous regions: 3->3
[2024-10-12T11:16:02.253+0800][info] GC(271) Metaspace: 1635K(1792K)->1635K(1792K) NonClass: 1511K(1600K)->1511K(1600K) Class: 124K(192K)->124K(192K)
[2024-10-12T11:16:02.253+0800][info] GC(271) Pause Young (Normal) (G1 Preventive Collection) 111M->111M(128M) 0.979ms
[2024-10-12T11:16:02.253+0800][info] GC(271) User=0.00s Sys=0.01s Real=0.01s
[2024-10-12T11:16:02.254+0800][info] GC(272) Pause Young (Normal) (G1 Evacuation Pause)
[2024-10-12T11:16:02.254+0800][info] GC(272) Using 3 workers of 48 for evacuation
[2024-10-12T11:16:02.255+0800][info] GC(272)   Pre Evacuate Collection Set: 0.1ms
[2024-10-12T11:16:02.255+0800][info] GC(272)   Merge Heap Roots: 0.0ms
[2024-10-12T11:16:02.255+0800][info] GC(272)   Evacuate Collection Set: 0.2ms
[2024-10-12T11:16:02.255+0800][info] GC(272)   Post Evacuate Collection Set: 0.2ms
[2024-10-12T11:16:02.255+0800][info] GC(272)   Other: 0.1ms
[2024-10-12T11:16:02.255+0800][info] GC(272) Eden regions: 0->0(3)
[2024-10-12T11:16:02.255+0800][info] GC(272) Survivor regions: 0->0(0)
[2024-10-12T11:16:02.255+0800][info] GC(272) Old regions: 58->58
[2024-10-12T11:16:02.255+0800][info] GC(272) Archive regions: 2->2
[2024-10-12T11:16:02.255+0800][info] GC(272) Humongous regions: 4->3
[2024-10-12T11:16:02.255+0800][info] GC(272) Metaspace: 1635K(1792K)->1635K(1792K) NonClass: 1511K(1600K)->1511K(1600K) Class: 124K(192K)->124K(192K)
[2024-10-12T11:16:02.255+0800][info] GC(272) Pause Young (Normal) (G1 Evacuation Pause) 113M->111M(128M) 0.680ms
[2024-10-12T11:16:02.255+0800][info] GC(272) User=0.00s Sys=0.00s Real=0.00s
[2024-10-12T11:16:02.258+0800][info] GC(270) Concurrent Mark From Roots 5.196ms
[2024-10-12T11:16:02.258+0800][info] GC(270) Concurrent Preclean
[2024-10-12T11:16:02.259+0800][info] GC(270) Concurrent Preclean 1.664ms
[2024-10-12T11:16:02.259+0800][info] GC(270) Pause Remark
[2024-10-12T11:16:02.261+0800][info] GC(270) Pause Remark 111M->111M(128M) 1.482ms
[2024-10-12T11:16:02.261+0800][info] GC(270) User=0.00s Sys=0.00s Real=0.00s
[2024-10-12T11:16:02.261+0800][info] GC(270) Concurrent Mark 8.585ms
[2024-10-12T11:16:02.261+0800][info] GC(270) Concurrent Rebuild Remembered Sets
[2024-10-12T11:16:02.262+0800][info] GC(270) Concurrent Rebuild Remembered Sets 1.118ms
[2024-10-12T11:16:02.262+0800][info] GC(270) Pause Cleanup
[2024-10-12T11:16:02.262+0800][info] GC(270) Pause Cleanup 111M->111M(128M) 0.186ms
[2024-10-12T11:16:02.263+0800][info] GC(270) User=0.00s Sys=0.00s Real=0.00s
[2024-10-12T11:16:02.263+0800][info] GC(270) Concurrent Cleanup for Next Mark
[2024-10-12T11:16:02.263+0800][info] GC(270) Concurrent Cleanup for Next Mark 0.331ms
[2024-10-12T11:16:02.263+0800][info] GC(270) Concurrent Mark Cycle 10.727ms
[2024-10-12T11:16:02.368+0800][info] GC(273) Pause Young (Prepare Mixed) (G1 Evacuation Pause)
[2024-10-12T11:16:02.368+0800][info] GC(273) Using 3 workers of 48 for evacuation
[2024-10-12T11:16:02.369+0800][info] GC(273) To-space exhausted
[2024-10-12T11:16:02.369+0800][info] GC(273)   Pre Evacuate Collection Set: 0.1ms
[2024-10-12T11:16:02.369+0800][info] GC(273)   Merge Heap Roots: 0.1ms
[2024-10-12T11:16:02.369+0800][info] GC(273)   Evacuate Collection Set: 0.2ms
[2024-10-12T11:16:02.369+0800][info] GC(273)   Post Evacuate Collection Set: 0.3ms
[2024-10-12T11:16:02.369+0800][info] GC(273)   Other: 0.2ms
[2024-10-12T11:16:02.369+0800][info] GC(273) Eden regions: 1->0(3)
[2024-10-12T11:16:02.369+0800][info] GC(273) Survivor regions: 0->0(0)
[2024-10-12T11:16:02.369+0800][info] GC(273) Old regions: 58->59
[2024-10-12T11:16:02.369+0800][info] GC(273) Archive regions: 2->2
[2024-10-12T11:16:02.369+0800][info] GC(273) Humongous regions: 3->3
[2024-10-12T11:16:02.369+0800][info] GC(273) Metaspace: 1635K(1792K)->1635K(1792K) NonClass: 1511K(1600K)->1511K(1600K) Class: 124K(192K)->124K(192K)
[2024-10-12T11:16:02.369+0800][info] GC(273) Pause Young (Prepare Mixed) (G1 Evacuation Pause) 113M->113M(128M) 0.907ms
[2024-10-12T11:16:02.369+0800][info] GC(273) User=0.01s Sys=0.00s Real=0.00s
[2024-10-12T11:16:02.369+0800][info] Attempting full compaction
[2024-10-12T11:16:02.369+0800][info] GC(274) Using 3 workers of 48 for full compaction
[2024-10-12T11:16:02.369+0800][info] GC(274) Pause Full (G1 Compaction Pause)
[2024-10-12T11:16:02.369+0800][info] GC(274) Phase 1: Mark live objects
[2024-10-12T11:16:02.372+0800][info] GC(274) Phase 1: Mark live objects 3.418ms
[2024-10-12T11:16:02.372+0800][info] GC(274) Phase 2: Prepare for compaction
[2024-10-12T11:16:02.373+0800][info] GC(274) Phase 2: Prepare for compaction 0.637ms
[2024-10-12T11:16:02.373+0800][info] GC(274) Phase 3: Adjust pointers
[2024-10-12T11:16:02.375+0800][info] GC(274) Phase 3: Adjust pointers 1.668ms
[2024-10-12T11:16:02.375+0800][info] GC(274) Phase 4: Compact heap
[2024-10-12T11:16:02.384+0800][info] GC(274) Phase 4: Compact heap 9.269ms
[2024-10-12T11:16:02.385+0800][info] GC(274) Eden regions: 0->0(4)
[2024-10-12T11:16:02.385+0800][info] GC(274) Survivor regions: 0->0(0)
[2024-10-12T11:16:02.385+0800][info] GC(274) Old regions: 59->38
[2024-10-12T11:16:02.385+0800][info] GC(274) Archive regions: 2->2
[2024-10-12T11:16:02.385+0800][info] GC(274) Humongous regions: 3->3
[2024-10-12T11:16:02.385+0800][info] GC(274) Metaspace: 1635K(1792K)->1635K(1792K) NonClass: 1511K(1600K)->1511K(1600K) Class: 124K(192K)->124K(192K)
[2024-10-12T11:16:02.385+0800][info] GC(274) Pause Full (G1 Compaction Pause) 113M->71M(128M) 16.664ms
[2024-10-12T11:16:02.385+0800][info] GC(274) User=0.04s Sys=0.00s Real=0.02s
[2024-10-12T11:16:02.611+0800][info] GC(275) Pause Young (Normal) (G1 Evacuation Pause)
[2024-10-12T11:16:02.611+0800][info] GC(275) Using 3 workers of 48 for evacuation
[2024-10-12T11:16:02.613+0800][info] GC(275)   Pre Evacuate Collection Set: 0.1ms
[2024-10-12T11:16:02.613+0800][info] GC(275)   Merge Heap Roots: 0.0ms
[2024-10-12T11:16:02.613+0800][info] GC(275)   Evacuate Collection Set: 1.3ms
[2024-10-12T11:16:02.613+0800][info] GC(275)   Post Evacuate Collection Set: 0.2ms
[2024-10-12T11:16:02.613+0800][info] GC(275)   Other: 0.2ms
[2024-10-12T11:16:02.613+0800][info] GC(275) Eden regions: 4->0(2)
[2024-10-12T11:16:02.613+0800][info] GC(275) Survivor regions: 0->1(1)
[2024-10-12T11:16:02.613+0800][info] GC(275) Old regions: 38->42
[2024-10-12T11:16:02.613+0800][info] GC(275) Archive regions: 2->2
[2024-10-12T11:16:02.613+0800][info] GC(275) Humongous regions: 3->3
[2024-10-12T11:16:02.613+0800][info] GC(275) Metaspace: 1635K(1792K)->1635K(1792K) NonClass: 1511K(1600K)->1511K(1600K) Class: 124K(192K)->124K(192K)
[2024-10-12T11:16:02.613+0800][info] GC(275) Pause Young (Normal) (G1 Evacuation Pause) 79M->79M(128M) 2.111ms
[2024-10-12T11:16:02.613+0800][info] GC(275) User=0.01s Sys=0.00s Real=0.01s
[2024-10-12T11:16:02.715+0800][info] GC(276) Pause Young (Normal) (G1 Evacuation Pause)
[2024-10-12T11:16:02.715+0800][info] GC(276) Using 3 workers of 48 for evacuation
[2024-10-12T11:16:02.717+0800][info] GC(276)   Pre Evacuate Collection Set: 0.1ms
[2024-10-12T11:16:02.717+0800][info] GC(276)   Merge Heap Roots: 0.1ms
[2024-10-12T11:16:02.717+0800][info] GC(276)   Evacuate Collection Set: 1.0ms
[2024-10-12T11:16:02.717+0800][info] GC(276)   Post Evacuate Collection Set: 0.2ms
[2024-10-12T11:16:02.717+0800][info] GC(276)   Other: 0.2ms
[2024-10-12T11:16:02.717+0800][info] GC(276) Eden regions: 2->0(2)
[2024-10-12T11:16:02.717+0800][info] GC(276) Survivor regions: 1->1(1)
[2024-10-12T11:16:02.717+0800][info] GC(276) Old regions: 42->44
[2024-10-12T11:16:02.717+0800][info] GC(276) Archive regions: 2->2
[2024-10-12T11:16:02.717+0800][info] GC(276) Humongous regions: 3->3
[2024-10-12T11:16:02.717+0800][info] GC(276) Metaspace: 1635K(1792K)->1635K(1792K) NonClass: 1511K(1600K)->1511K(1600K) Class: 124K(192K)->124K(192K)
[2024-10-12T11:16:02.717+0800][info] GC(276) Pause Young (Normal) (G1 Evacuation Pause) 83M->83M(128M) 1.759ms
[2024-10-12T11:16:02.717+0800][info] GC(276) User=0.00s Sys=0.00s Real=0.00s
[2024-10-12T11:16:02.820+0800][info] GC(277) Pause Young (Normal) (G1 Evacuation Pause)
[2024-10-12T11:16:02.820+0800][info] GC(277) Using 3 workers of 48 for evacuation
[2024-10-12T11:16:02.821+0800][info] GC(277)   Pre Evacuate Collection Set: 0.1ms
[2024-10-12T11:16:02.821+0800][info] GC(277)   Merge Heap Roots: 0.1ms
[2024-10-12T11:16:02.821+0800][info] GC(277)   Evacuate Collection Set: 0.9ms
[2024-10-12T11:16:02.821+0800][info] GC(277)   Post Evacuate Collection Set: 0.2ms
[2024-10-12T11:16:02.821+0800][info] GC(277)   Other: 0.2ms
[2024-10-12T11:16:02.821+0800][info] GC(277) Eden regions: 2->0(2)
[2024-10-12T11:16:02.821+0800][info] GC(277) Survivor regions: 1->1(1)
[2024-10-12T11:16:02.821+0800][info] GC(277) Old regions: 44->46
[2024-10-12T11:16:02.821+0800][info] GC(277) Archive regions: 2->2
[2024-10-12T11:16:02.821+0800][info] GC(277) Humongous regions: 3->3
[2024-10-12T11:16:02.821+0800][info] GC(277) Metaspace: 1635K(1792K)->1635K(1792K) NonClass: 1511K(1600K)->1511K(1600K) Class: 124K(192K)->124K(192K)
[2024-10-12T11:16:02.821+0800][info] GC(277) Pause Young (Normal) (G1 Evacuation Pause) 87M->87M(128M) 1.625ms
[2024-10-12T11:16:02.821+0800][info] GC(277) User=0.01s Sys=0.00s Real=0.00s
[2024-10-12T11:16:02.923+0800][info] GC(278) Pause Young (Concurrent Start) (G1 Evacuation Pause)
[2024-10-12T11:16:02.923+0800][info] GC(278) Using 3 workers of 48 for evacuation
[2024-10-12T11:16:02.925+0800][info] GC(278)   Pre Evacuate Collection Set: 0.1ms
[2024-10-12T11:16:02.925+0800][info] GC(278)   Merge Heap Roots: 0.1ms
[2024-10-12T11:16:02.925+0800][info] GC(278)   Evacuate Collection Set: 1.0ms
[2024-10-12T11:16:02.925+0800][info] GC(278)   Post Evacuate Collection Set: 0.2ms
[2024-10-12T11:16:02.925+0800][info] GC(278)   Other: 0.3ms
[2024-10-12T11:16:02.925+0800][info] GC(278) Eden regions: 2->0(2)
[2024-10-12T11:16:02.925+0800][info] GC(278) Survivor regions: 1->1(1)
[2024-10-12T11:16:02.925+0800][info] GC(278) Old regions: 46->48
[2024-10-12T11:16:02.925+0800][info] GC(278) Archive regions: 2->2
[2024-10-12T11:16:02.925+0800][info] GC(278) Humongous regions: 3->3
[2024-10-12T11:16:02.925+0800][info] GC(278) Metaspace: 1635K(1792K)->1635K(1792K) NonClass: 1511K(1600K)->1511K(1600K) Class: 124K(192K)->124K(192K)
[2024-10-12T11:16:02.925+0800][info] GC(278) Pause Young (Concurrent Start) (G1 Evacuation Pause) 91M->91M(128M) 1.786ms
[2024-10-12T11:16:02.925+0800][info] GC(278) User=0.00s Sys=0.00s Real=0.01s
[2024-10-12T11:16:02.925+0800][info] GC(279) Concurrent Mark Cycle
[2024-10-12T11:16:02.925+0800][info] GC(279) Concurrent Clear Claimed Marks
[2024-10-12T11:16:02.925+0800][info] GC(279) Concurrent Clear Claimed Marks 0.015ms
[2024-10-12T11:16:02.925+0800][info] GC(279) Concurrent Scan Root Regions
[2024-10-12T11:16:02.925+0800][info] GC(279) Concurrent Scan Root Regions 0.110ms
[2024-10-12T11:16:02.926+0800][info] GC(279) Concurrent Mark
[2024-10-12T11:16:02.926+0800][info] GC(279) Concurrent Mark From Roots
[2024-10-12T11:16:02.926+0800][info] GC(279) Using 12 workers of 12 for marking
[2024-10-12T11:16:02.929+0800][info] GC(279) Concurrent Mark From Roots 3.207ms
[2024-10-12T11:16:02.929+0800][info] GC(279) Concurrent Preclean
[2024-10-12T11:16:02.930+0800][info] GC(279) Concurrent Preclean 1.686ms
[2024-10-12T11:16:02.931+0800][info] GC(279) Pause Remark
[2024-10-12T11:16:02.932+0800][info] GC(279) Pause Remark 92M->92M(128M) 1.598ms
[2024-10-12T11:16:02.932+0800][info] GC(279) User=0.00s Sys=0.00s Real=0.00s
[2024-10-12T11:16:02.932+0800][info] GC(279) Concurrent Mark 6.731ms
[2024-10-12T11:16:02.932+0800][info] GC(279) Concurrent Rebuild Remembered Sets
[2024-10-12T11:16:02.933+0800][info] GC(279) Concurrent Rebuild Remembered Sets 0.978ms
[2024-10-12T11:16:02.933+0800][info] GC(279) Pause Cleanup
[2024-10-12T11:16:02.933+0800][info] GC(279) Pause Cleanup 92M->92M(128M) 0.134ms
[2024-10-12T11:16:02.933+0800][info] GC(279) User=0.00s Sys=0.00s Real=0.00s
[2024-10-12T11:16:02.934+0800][info] GC(279) Concurrent Cleanup for Next Mark
[2024-10-12T11:16:02.934+0800][info] GC(279) Concurrent Cleanup for Next Mark 0.407ms
[2024-10-12T11:16:02.934+0800][info] GC(279) Concurrent Mark Cycle 8.645ms
[2024-10-12T11:16:03.079+0800][info] GC(280) Pause Young (Prepare Mixed) (G1 Evacuation Pause)
[2024-10-12T11:16:03.079+0800][info] GC(280) Using 3 workers of 48 for evacuation
[2024-10-12T11:16:03.080+0800][info] GC(280)   Pre Evacuate Collection Set: 0.1ms
[2024-10-12T11:16:03.080+0800][info] GC(280)   Merge Heap Roots: 0.1ms
[2024-10-12T11:16:03.080+0800][info] GC(280)   Evacuate Collection Set: 1.0ms
[2024-10-12T11:16:03.080+0800][info] GC(280)   Post Evacuate Collection Set: 0.2ms
[2024-10-12T11:16:03.081+0800][info] GC(280)   Other: 0.2ms
[2024-10-12T11:16:03.081+0800][info] GC(280) Eden regions: 2->0(2)
[2024-10-12T11:16:03.081+0800][info] GC(280) Survivor regions: 1->1(1)
[2024-10-12T11:16:03.081+0800][info] GC(280) Old regions: 48->50
[2024-10-12T11:16:03.081+0800][info] GC(280) Archive regions: 2->2
[2024-10-12T11:16:03.081+0800][info] GC(280) Humongous regions: 3->3
[2024-10-12T11:16:03.081+0800][info] GC(280) Metaspace: 1636K(1792K)->1636K(1792K) NonClass: 1512K(1600K)->1512K(1600K) Class: 124K(192K)->124K(192K)
[2024-10-12T11:16:03.081+0800][info] GC(280) Pause Young (Prepare Mixed) (G1 Evacuation Pause) 95M->96M(128M) 1.677ms
[2024-10-12T11:16:03.081+0800][info] GC(280) User=0.00s Sys=0.00s Real=0.00s
[2024-10-12T11:16:03.183+0800][info] GC(281) Pause Young (Mixed) (G1 Preventive Collection)
[2024-10-12T11:16:03.183+0800][info] GC(281) Using 3 workers of 48 for evacuation
[2024-10-12T11:16:03.188+0800][info] GC(281) To-space exhausted
[2024-10-12T11:16:03.188+0800][info] GC(281)   Pre Evacuate Collection Set: 0.2ms
[2024-10-12T11:16:03.188+0800][info] GC(281)   Merge Heap Roots: 0.1ms
[2024-10-12T11:16:03.188+0800][info] GC(281)   Evacuate Collection Set: 3.5ms
[2024-10-12T11:16:03.188+0800][info] GC(281)   Post Evacuate Collection Set: 1.5ms
[2024-10-12T11:16:03.188+0800][info] GC(281)   Other: 0.2ms
[2024-10-12T11:16:03.188+0800][info] GC(281) Eden regions: 2->0(2)
[2024-10-12T11:16:03.188+0800][info] GC(281) Survivor regions: 1->1(1)
[2024-10-12T11:16:03.188+0800][info] GC(281) Old regions: 50->57
[2024-10-12T11:16:03.188+0800][info] GC(281) Archive regions: 2->2
[2024-10-12T11:16:03.188+0800][info] GC(281) Humongous regions: 3->3
[2024-10-12T11:16:03.188+0800][info] GC(281) Metaspace: 1636K(1792K)->1636K(1792K) NonClass: 1512K(1600K)->1512K(1600K) Class: 124K(192K)->124K(192K)
[2024-10-12T11:16:03.188+0800][info] GC(281) Pause Young (Mixed) (G1 Preventive Collection) 99M->110M(128M) 5.601ms
[2024-10-12T11:16:03.188+0800][info] GC(281) User=0.01s Sys=0.00s Real=0.01s
[2024-10-12T11:16:03.250+0800][info] GC(282) Pause Young (Concurrent Start) (G1 Evacuation Pause)
[2024-10-12T11:16:03.251+0800][info] GC(282) Using 3 workers of 48 for evacuation
[2024-10-12T11:16:03.252+0800][info] GC(282) To-space exhausted
[2024-10-12T11:16:03.252+0800][info] GC(282)   Pre Evacuate Collection Set: 0.1ms
[2024-10-12T11:16:03.252+0800][info] GC(282)   Merge Heap Roots: 0.1ms
[2024-10-12T11:16:03.252+0800][info] GC(282)   Evacuate Collection Set: 0.5ms
[2024-10-12T11:16:03.252+0800][info] GC(282)   Post Evacuate Collection Set: 0.3ms
[2024-10-12T11:16:03.252+0800][info] GC(282)   Other: 0.4ms
[2024-10-12T11:16:03.252+0800][info] GC(282) Eden regions: 1->0(3)
[2024-10-12T11:16:03.252+0800][info] GC(282) Survivor regions: 1->0(0)
[2024-10-12T11:16:03.252+0800][info] GC(282) Old regions: 57->59
[2024-10-12T11:16:03.252+0800][info] GC(282) Archive regions: 2->2
[2024-10-12T11:16:03.252+0800][info] GC(282) Humongous regions: 3->3
[2024-10-12T11:16:03.252+0800][info] GC(282) Metaspace: 1636K(1792K)->1636K(1792K) NonClass: 1512K(1600K)->1512K(1600K) Class: 124K(192K)->124K(192K)
[2024-10-12T11:16:03.252+0800][info] GC(282) Pause Young (Concurrent Start) (G1 Evacuation Pause) 112M->112M(128M) 1.441ms
[2024-10-12T11:16:03.252+0800][info] GC(282) User=0.00s Sys=0.00s Real=0.00s
[2024-10-12T11:16:03.252+0800][info] Attempting full compaction
[2024-10-12T11:16:03.252+0800][info] GC(283) Concurrent Mark Cycle
[2024-10-12T11:16:03.252+0800][info] GC(283) Concurrent Clear Claimed Marks
[2024-10-12T11:16:03.252+0800][info] GC(284) Using 3 workers of 48 for full compaction
[2024-10-12T11:16:03.252+0800][info] GC(283) Concurrent Clear Claimed Marks 0.019ms
[2024-10-12T11:16:03.252+0800][info] GC(283) Concurrent Scan Root Regions
[2024-10-12T11:16:03.252+0800][info] GC(284) Pause Full (G1 Compaction Pause)
[2024-10-12T11:16:03.252+0800][info] GC(283) Concurrent Scan Root Regions 0.010ms
[2024-10-12T11:16:03.252+0800][info] GC(283) Concurrent Mark
[2024-10-12T11:16:03.252+0800][info] GC(283) Concurrent Mark From Roots
[2024-10-12T11:16:03.252+0800][info] GC(283) Using 12 workers of 12 for marking
[2024-10-12T11:16:03.252+0800][info] GC(284) Phase 1: Mark live objects
[2024-10-12T11:16:03.256+0800][info] GC(284) Phase 1: Mark live objects 3.514ms
[2024-10-12T11:16:03.256+0800][info] GC(284) Phase 2: Prepare for compaction
[2024-10-12T11:16:03.257+0800][info] GC(284) Phase 2: Prepare for compaction 0.671ms
[2024-10-12T11:16:03.257+0800][info] GC(284) Phase 3: Adjust pointers
[2024-10-12T11:16:03.258+0800][info] GC(284) Phase 3: Adjust pointers 1.700ms
[2024-10-12T11:16:03.259+0800][info] GC(284) Phase 4: Compact heap
[2024-10-12T11:16:03.270+0800][info] GC(284) Phase 4: Compact heap 11.835ms
[2024-10-12T11:16:03.272+0800][info] GC(284) Eden regions: 0->0(4)
[2024-10-12T11:16:03.272+0800][info] GC(284) Survivor regions: 0->0(0)
[2024-10-12T11:16:03.272+0800][info] GC(284) Old regions: 59->38
[2024-10-12T11:16:03.272+0800][info] GC(284) Archive regions: 2->2
[2024-10-12T11:16:03.272+0800][info] GC(284) Humongous regions: 3->3
[2024-10-12T11:16:03.272+0800][info] GC(284) Metaspace: 1636K(1792K)->1636K(1792K) NonClass: 1512K(1600K)->1512K(1600K) Class: 124K(192K)->124K(192K)
[2024-10-12T11:16:03.272+0800][info] GC(284) Pause Full (G1 Compaction Pause) 112M->72M(128M) 19.731ms
[2024-10-12T11:16:03.272+0800][info] GC(284) User=0.04s Sys=0.00s Real=0.02s
[2024-10-12T11:16:03.272+0800][info] GC(283) Concurrent Mark From Roots 20.007ms
[2024-10-12T11:16:03.272+0800][info] GC(283) Concurrent Mark Abort
[2024-10-12T11:16:03.272+0800][info] GC(283) Concurrent Mark Cycle 20.239ms
[2024-10-12T11:16:03.477+0800][info] GC(285) Pause Young (Normal) (G1 Evacuation Pause)
[2024-10-12T11:16:03.477+0800][info] GC(285) Using 3 workers of 48 for evacuation
[2024-10-12T11:16:03.479+0800][info] GC(285)   Pre Evacuate Collection Set: 0.1ms
[2024-10-12T11:16:03.479+0800][info] GC(285)   Merge Heap Roots: 0.1ms
[2024-10-12T11:16:03.479+0800][info] GC(285)   Evacuate Collection Set: 1.2ms
[2024-10-12T11:16:03.479+0800][info] GC(285)   Post Evacuate Collection Set: 0.2ms
[2024-10-12T11:16:03.479+0800][info] GC(285)   Other: 0.2ms
[2024-10-12T11:16:03.479+0800][info] GC(285) Eden regions: 4->0(2)
[2024-10-12T11:16:03.479+0800][info] GC(285) Survivor regions: 0->1(1)
[2024-10-12T11:16:03.479+0800][info] GC(285) Old regions: 38->41
[2024-10-12T11:16:03.479+0800][info] GC(285) Archive regions: 2->2
[2024-10-12T11:16:03.479+0800][info] GC(285) Humongous regions: 3->3
[2024-10-12T11:16:03.479+0800][info] GC(285) Metaspace: 1636K(1792K)->1636K(1792K) NonClass: 1512K(1600K)->1512K(1600K) Class: 124K(192K)->124K(192K)
[2024-10-12T11:16:03.479+0800][info] GC(285) Pause Young (Normal) (G1 Evacuation Pause) 79M->79M(128M) 1.947ms
[2024-10-12T11:16:03.479+0800][info] GC(285) User=0.00s Sys=0.00s Real=0.00s
[2024-10-12T11:16:03.581+0800][info] GC(286) Pause Young (Normal) (G1 Evacuation Pause)
[2024-10-12T11:16:03.581+0800][info] GC(286) Using 3 workers of 48 for evacuation
[2024-10-12T11:16:03.582+0800][info] GC(286)   Pre Evacuate Collection Set: 0.1ms
[2024-10-12T11:16:03.582+0800][info] GC(286)   Merge Heap Roots: 0.1ms
[2024-10-12T11:16:03.582+0800][info] GC(286)   Evacuate Collection Set: 0.9ms
[2024-10-12T11:16:03.582+0800][info] GC(286)   Post Evacuate Collection Set: 0.2ms
[2024-10-12T11:16:03.582+0800][info] GC(286)   Other: 0.2ms
[2024-10-12T11:16:03.582+0800][info] GC(286) Eden regions: 2->0(2)
[2024-10-12T11:16:03.582+0800][info] GC(286) Survivor regions: 1->1(1)
[2024-10-12T11:16:03.582+0800][info] GC(286) Old regions: 41->43
[2024-10-12T11:16:03.582+0800][info] GC(286) Archive regions: 2->2
[2024-10-12T11:16:03.582+0800][info] GC(286) Humongous regions: 3->3
[2024-10-12T11:16:03.582+0800][info] GC(286) Metaspace: 1636K(1792K)->1636K(1792K) NonClass: 1512K(1600K)->1512K(1600K) Class: 124K(192K)->124K(192K)
[2024-10-12T11:16:03.582+0800][info] GC(286) Pause Young (Normal) (G1 Evacuation Pause) 83M->83M(128M) 1.579ms
[2024-10-12T11:16:03.582+0800][info] GC(286) User=0.01s Sys=0.00s Real=0.00s
[2024-10-12T11:16:03.685+0800][info] GC(287) Pause Young (Normal) (G1 Evacuation Pause)
[2024-10-12T11:16:03.685+0800][info] GC(287) Using 3 workers of 48 for evacuation
[2024-10-12T11:16:03.686+0800][info] GC(287)   Pre Evacuate Collection Set: 0.1ms
[2024-10-12T11:16:03.686+0800][info] GC(287)   Merge Heap Roots: 0.1ms
[2024-10-12T11:16:03.686+0800][info] GC(287)   Evacuate Collection Set: 0.9ms
[2024-10-12T11:16:03.686+0800][info] GC(287)   Post Evacuate Collection Set: 0.2ms
[2024-10-12T11:16:03.686+0800][info] GC(287)   Other: 0.2ms
[2024-10-12T11:16:03.686+0800][info] GC(287) Eden regions: 2->0(2)
[2024-10-12T11:16:03.686+0800][info] GC(287) Survivor regions: 1->1(1)
[2024-10-12T11:16:03.686+0800][info] GC(287) Old regions: 43->45
[2024-10-12T11:16:03.686+0800][info] GC(287) Archive regions: 2->2
[2024-10-12T11:16:03.686+0800][info] GC(287) Humongous regions: 3->3
[2024-10-12T11:16:03.687+0800][info] GC(287) Metaspace: 1636K(1792K)->1636K(1792K) NonClass: 1512K(1600K)->1512K(1600K) Class: 124K(192K)->124K(192K)
[2024-10-12T11:16:03.687+0800][info] GC(287) Pause Young (Normal) (G1 Evacuation Pause) 87M->87M(128M) 1.647ms
[2024-10-12T11:16:03.687+0800][info] GC(287) User=0.00s Sys=0.00s Real=0.01s
[2024-10-12T11:16:03.789+0800][info] GC(288) Pause Young (Concurrent Start) (G1 Evacuation Pause)
[2024-10-12T11:16:03.789+0800][info] GC(288) Using 3 workers of 48 for evacuation
[2024-10-12T11:16:03.790+0800][info] GC(288)   Pre Evacuate Collection Set: 0.1ms
[2024-10-12T11:16:03.790+0800][info] GC(288)   Merge Heap Roots: 0.1ms
[2024-10-12T11:16:03.790+0800][info] GC(288)   Evacuate Collection Set: 0.9ms
[2024-10-12T11:16:03.790+0800][info] GC(288)   Post Evacuate Collection Set: 0.2ms
[2024-10-12T11:16:03.790+0800][info] GC(288)   Other: 0.4ms
[2024-10-12T11:16:03.790+0800][info] GC(288) Eden regions: 2->0(2)
[2024-10-12T11:16:03.790+0800][info] GC(288) Survivor regions: 1->1(1)
[2024-10-12T11:16:03.790+0800][info] GC(288) Old regions: 45->47
[2024-10-12T11:16:03.790+0800][info] GC(288) Archive regions: 2->2
[2024-10-12T11:16:03.790+0800][info] GC(288) Humongous regions: 3->3
[2024-10-12T11:16:03.790+0800][info] GC(288) Metaspace: 1636K(1792K)->1636K(1792K) NonClass: 1512K(1600K)->1512K(1600K) Class: 124K(192K)->124K(192K)
[2024-10-12T11:16:03.790+0800][info] GC(288) Pause Young (Concurrent Start) (G1 Evacuation Pause) 90M->91M(128M) 1.782ms
[2024-10-12T11:16:03.790+0800][info] GC(288) User=0.01s Sys=0.00s Real=0.00s
[2024-10-12T11:16:03.790+0800][info] GC(289) Concurrent Mark Cycle
[2024-10-12T11:16:03.790+0800][info] GC(289) Concurrent Clear Claimed Marks
[2024-10-12T11:16:03.790+0800][info] GC(289) Concurrent Clear Claimed Marks 0.017ms
[2024-10-12T11:16:03.790+0800][info] GC(289) Concurrent Scan Root Regions
[2024-10-12T11:16:03.791+0800][info] GC(289) Concurrent Scan Root Regions 0.100ms
[2024-10-12T11:16:03.791+0800][info] GC(289) Concurrent Mark
[2024-10-12T11:16:03.791+0800][info] GC(289) Concurrent Mark From Roots
[2024-10-12T11:16:03.791+0800][info] GC(289) Using 12 workers of 12 for marking
[2024-10-12T11:16:03.794+0800][info] GC(289) Concurrent Mark From Roots 3.536ms
[2024-10-12T11:16:03.794+0800][info] GC(289) Concurrent Preclean
[2024-10-12T11:16:03.796+0800][info] GC(289) Concurrent Preclean 1.658ms
[2024-10-12T11:16:03.796+0800][info] GC(289) Pause Remark
[2024-10-12T11:16:03.798+0800][info] GC(289) Pause Remark 92M->92M(128M) 1.818ms
[2024-10-12T11:16:03.798+0800][info] GC(289) User=0.01s Sys=0.00s Real=0.00s
[2024-10-12T11:16:03.798+0800][info] GC(289) Concurrent Mark 7.259ms
[2024-10-12T11:16:03.798+0800][info] GC(289) Concurrent Rebuild Remembered Sets
[2024-10-12T11:16:03.799+0800][info] GC(289) Concurrent Rebuild Remembered Sets 1.225ms
[2024-10-12T11:16:03.799+0800][info] GC(289) Pause Cleanup
[2024-10-12T11:16:03.799+0800][info] GC(289) Pause Cleanup 92M->92M(128M) 0.187ms
[2024-10-12T11:16:03.799+0800][info] GC(289) User=0.00s Sys=0.00s Real=0.00s
[2024-10-12T11:16:03.800+0800][info] GC(289) Concurrent Cleanup for Next Mark
[2024-10-12T11:16:03.800+0800][info] GC(289) Concurrent Cleanup for Next Mark 0.416ms
[2024-10-12T11:16:03.800+0800][info] GC(289) Concurrent Mark Cycle 9.545ms
[2024-10-12T11:16:03.944+0800][info] GC(290) Pause Young (Prepare Mixed) (G1 Evacuation Pause)
[2024-10-12T11:16:03.944+0800][info] GC(290) Using 3 workers of 48 for evacuation
[2024-10-12T11:16:03.946+0800][info] GC(290)   Pre Evacuate Collection Set: 0.1ms
[2024-10-12T11:16:03.946+0800][info] GC(290)   Merge Heap Roots: 0.1ms
[2024-10-12T11:16:03.946+0800][info] GC(290)   Evacuate Collection Set: 1.1ms
[2024-10-12T11:16:03.946+0800][info] GC(290)   Post Evacuate Collection Set: 0.2ms
[2024-10-12T11:16:03.946+0800][info] GC(290)   Other: 0.2ms
[2024-10-12T11:16:03.946+0800][info] GC(290) Eden regions: 2->0(2)
[2024-10-12T11:16:03.946+0800][info] GC(290) Survivor regions: 1->1(1)
[2024-10-12T11:16:03.946+0800][info] GC(290) Old regions: 47->49
[2024-10-12T11:16:03.946+0800][info] GC(290) Archive regions: 2->2
[2024-10-12T11:16:03.946+0800][info] GC(290) Humongous regions: 3->3
[2024-10-12T11:16:03.946+0800][info] GC(290) Metaspace: 1636K(1792K)->1636K(1792K) NonClass: 1512K(1600K)->1512K(1600K) Class: 124K(192K)->124K(192K)
[2024-10-12T11:16:03.946+0800][info] GC(290) Pause Young (Prepare Mixed) (G1 Evacuation Pause) 95M->95M(128M) 1.857ms
[2024-10-12T11:16:03.946+0800][info] GC(290) User=0.01s Sys=0.00s Real=0.01s
[2024-10-12T11:16:04.048+0800][info] GC(291) Pause Young (Mixed) (G1 Evacuation Pause)
[2024-10-12T11:16:04.048+0800][info] GC(291) Using 3 workers of 48 for evacuation
[2024-10-12T11:16:04.054+0800][info] GC(291) To-space exhausted
[2024-10-12T11:16:04.054+0800][info] GC(291)   Pre Evacuate Collection Set: 0.2ms
[2024-10-12T11:16:04.054+0800][info] GC(291)   Merge Heap Roots: 0.1ms
[2024-10-12T11:16:04.054+0800][info] GC(291)   Evacuate Collection Set: 3.9ms
[2024-10-12T11:16:04.054+0800][info] GC(291)   Post Evacuate Collection Set: 1.5ms
[2024-10-12T11:16:04.054+0800][info] GC(291)   Other: 0.2ms
[2024-10-12T11:16:04.054+0800][info] GC(291) Eden regions: 2->0(2)
[2024-10-12T11:16:04.054+0800][info] GC(291) Survivor regions: 1->1(1)
[2024-10-12T11:16:04.054+0800][info] GC(291) Old regions: 49->57
[2024-10-12T11:16:04.054+0800][info] GC(291) Archive regions: 2->2
[2024-10-12T11:16:04.054+0800][info] GC(291) Humongous regions: 3->3
[2024-10-12T11:16:04.054+0800][info] GC(291) Metaspace: 1636K(1792K)->1636K(1792K) NonClass: 1512K(1600K)->1512K(1600K) Class: 124K(192K)->124K(192K)
[2024-10-12T11:16:04.054+0800][info] GC(291) Pause Young (Mixed) (G1 Evacuation Pause) 98M->113M(128M) 5.985ms
[2024-10-12T11:16:04.054+0800][info] GC(291) User=0.01s Sys=0.00s Real=0.01s
[2024-10-12T11:16:04.115+0800][info] GC(292) Pause Young (Concurrent Start) (G1 Evacuation Pause)
[2024-10-12T11:16:04.115+0800][info] GC(292) Using 3 workers of 48 for evacuation
[2024-10-12T11:16:04.117+0800][info] GC(292) To-space exhausted
[2024-10-12T11:16:04.117+0800][info] GC(292)   Pre Evacuate Collection Set: 0.1ms
[2024-10-12T11:16:04.117+0800][info] GC(292)   Merge Heap Roots: 0.1ms
[2024-10-12T11:16:04.117+0800][info] GC(292)   Evacuate Collection Set: 0.6ms
[2024-10-12T11:16:04.117+0800][info] GC(292)   Post Evacuate Collection Set: 0.3ms
[2024-10-12T11:16:04.117+0800][info] GC(292)   Other: 0.4ms
[2024-10-12T11:16:04.117+0800][info] GC(292) Eden regions: 1->0(3)
[2024-10-12T11:16:04.117+0800][info] GC(292) Survivor regions: 1->0(0)
[2024-10-12T11:16:04.117+0800][info] GC(292) Old regions: 57->59
[2024-10-12T11:16:04.117+0800][info] GC(292) Archive regions: 2->2
[2024-10-12T11:16:04.117+0800][info] GC(292) Humongous regions: 3->3
[2024-10-12T11:16:04.117+0800][info] GC(292) Metaspace: 1636K(1792K)->1636K(1792K) NonClass: 1512K(1600K)->1512K(1600K) Class: 124K(192K)->124K(192K)
[2024-10-12T11:16:04.117+0800][info] GC(292) Pause Young (Concurrent Start) (G1 Evacuation Pause) 115M->115M(128M) 1.504ms
[2024-10-12T11:16:04.117+0800][info] GC(292) User=0.00s Sys=0.00s Real=0.00s
[2024-10-12T11:16:04.117+0800][info] Attempting full compaction
[2024-10-12T11:16:04.117+0800][info] GC(293) Using 3 workers of 48 for full compaction
[2024-10-12T11:16:04.117+0800][info] GC(293) Pause Full (G1 Compaction Pause)
[2024-10-12T11:16:04.117+0800][info] GC(294) Concurrent Mark Cycle
[2024-10-12T11:16:04.117+0800][info] GC(294) Concurrent Clear Claimed Marks
[2024-10-12T11:16:04.117+0800][info] GC(294) Concurrent Clear Claimed Marks 0.016ms
[2024-10-12T11:16:04.117+0800][info] GC(294) Concurrent Scan Root Regions
[2024-10-12T11:16:04.117+0800][info] GC(294) Concurrent Scan Root Regions 0.010ms
[2024-10-12T11:16:04.117+0800][info] GC(294) Concurrent Mark
[2024-10-12T11:16:04.117+0800][info] GC(294) Concurrent Mark From Roots
[2024-10-12T11:16:04.117+0800][info] GC(294) Using 12 workers of 12 for marking
[2024-10-12T11:16:04.117+0800][info] GC(293) Phase 1: Mark live objects
[2024-10-12T11:16:04.121+0800][info] GC(293) Phase 1: Mark live objects 3.539ms
[2024-10-12T11:16:04.121+0800][info] GC(293) Phase 2: Prepare for compaction
[2024-10-12T11:16:04.122+0800][info] GC(293) Phase 2: Prepare for compaction 0.603ms
[2024-10-12T11:16:04.122+0800][info] GC(293) Phase 3: Adjust pointers
[2024-10-12T11:16:04.123+0800][info] GC(293) Phase 3: Adjust pointers 1.616ms
[2024-10-12T11:16:04.123+0800][info] GC(293) Phase 4: Compact heap
[2024-10-12T11:16:04.135+0800][info] GC(293) Phase 4: Compact heap 11.924ms
[2024-10-12T11:16:04.137+0800][info] GC(293) Eden regions: 0->0(4)
[2024-10-12T11:16:04.137+0800][info] GC(293) Survivor regions: 0->0(0)
[2024-10-12T11:16:04.137+0800][info] GC(293) Old regions: 59->38
[2024-10-12T11:16:04.137+0800][info] GC(293) Archive regions: 2->2
[2024-10-12T11:16:04.137+0800][info] GC(293) Humongous regions: 3->3
[2024-10-12T11:16:04.137+0800][info] GC(293) Metaspace: 1636K(1792K)->1636K(1792K) NonClass: 1512K(1600K)->1512K(1600K) Class: 124K(192K)->124K(192K)
[2024-10-12T11:16:04.137+0800][info] GC(293) Pause Full (G1 Compaction Pause) 115M->72M(128M) 19.709ms
[2024-10-12T11:16:04.137+0800][info] GC(293) User=0.04s Sys=0.01s Real=0.02s
[2024-10-12T11:16:04.137+0800][info] GC(294) Concurrent Mark From Roots 19.904ms
[2024-10-12T11:16:04.137+0800][info] GC(294) Concurrent Mark Abort
[2024-10-12T11:16:04.137+0800][info] GC(294) Concurrent Mark Cycle 20.106ms
[2024-10-12T11:16:04.342+0800][info] GC(295) Pause Young (Normal) (G1 Evacuation Pause)
[2024-10-12T11:16:04.342+0800][info] GC(295) Using 3 workers of 48 for evacuation
[2024-10-12T11:16:04.344+0800][info] GC(295)   Pre Evacuate Collection Set: 0.1ms
[2024-10-12T11:16:04.344+0800][info] GC(295)   Merge Heap Roots: 0.0ms
[2024-10-12T11:16:04.344+0800][info] GC(295)   Evacuate Collection Set: 1.3ms
[2024-10-12T11:16:04.344+0800][info] GC(295)   Post Evacuate Collection Set: 0.2ms
[2024-10-12T11:16:04.344+0800][info] GC(295)   Other: 0.2ms
[2024-10-12T11:16:04.344+0800][info] GC(295) Eden regions: 4->0(2)
[2024-10-12T11:16:04.344+0800][info] GC(295) Survivor regions: 0->1(1)
[2024-10-12T11:16:04.344+0800][info] GC(295) Old regions: 38->41
[2024-10-12T11:16:04.344+0800][info] GC(295) Archive regions: 2->2
[2024-10-12T11:16:04.344+0800][info] GC(295) Humongous regions: 3->3
[2024-10-12T11:16:04.344+0800][info] GC(295) Metaspace: 1637K(1792K)->1637K(1792K) NonClass: 1513K(1600K)->1513K(1600K) Class: 124K(192K)->124K(192K)
[2024-10-12T11:16:04.344+0800][info] GC(295) Pause Young (Normal) (G1 Evacuation Pause) 80M->80M(128M) 2.028ms
[2024-10-12T11:16:04.344+0800][info] GC(295) User=0.01s Sys=0.00s Real=0.00s
[2024-10-12T11:16:04.446+0800][info] GC(296) Pause Young (Normal) (G1 Evacuation Pause)
[2024-10-12T11:16:04.446+0800][info] GC(296) Using 3 workers of 48 for evacuation
[2024-10-12T11:16:04.448+0800][info] GC(296)   Pre Evacuate Collection Set: 0.1ms
[2024-10-12T11:16:04.448+0800][info] GC(296)   Merge Heap Roots: 0.0ms
[2024-10-12T11:16:04.448+0800][info] GC(296)   Evacuate Collection Set: 0.9ms
[2024-10-12T11:16:04.448+0800][info] GC(296)   Post Evacuate Collection Set: 0.2ms
[2024-10-12T11:16:04.448+0800][info] GC(296)   Other: 0.2ms
[2024-10-12T11:16:04.448+0800][info] GC(296) Eden regions: 2->0(2)
[2024-10-12T11:16:04.448+0800][info] GC(296) Survivor regions: 1->1(1)
[2024-10-12T11:16:04.448+0800][info] GC(296) Old regions: 41->43
[2024-10-12T11:16:04.448+0800][info] GC(296) Archive regions: 2->2
[2024-10-12T11:16:04.448+0800][info] GC(296) Humongous regions: 3->3
[2024-10-12T11:16:04.448+0800][info] GC(296) Metaspace: 1637K(1792K)->1637K(1792K) NonClass: 1513K(1600K)->1513K(1600K) Class: 124K(192K)->124K(192K)
[2024-10-12T11:16:04.448+0800][info] GC(296) Pause Young (Normal) (G1 Evacuation Pause) 83M->84M(128M) 1.618ms
[2024-10-12T11:16:04.448+0800][info] GC(296) User=0.00s Sys=0.00s Real=0.00s
[2024-10-12T11:16:04.550+0800][info] GC(297) Pause Young (Normal) (G1 Evacuation Pause)
[2024-10-12T11:16:04.550+0800][info] GC(297) Using 3 workers of 48 for evacuation
[2024-10-12T11:16:04.551+0800][info] GC(297)   Pre Evacuate Collection Set: 0.1ms
[2024-10-12T11:16:04.551+0800][info] GC(297)   Merge Heap Roots: 0.0ms
[2024-10-12T11:16:04.551+0800][info] GC(297)   Evacuate Collection Set: 0.8ms
[2024-10-12T11:16:04.551+0800][info] GC(297)   Post Evacuate Collection Set: 0.2ms
[2024-10-12T11:16:04.551+0800][info] GC(297)   Other: 0.2ms
[2024-10-12T11:16:04.551+0800][info] GC(297) Eden regions: 2->0(2)
[2024-10-12T11:16:04.551+0800][info] GC(297) Survivor regions: 1->1(1)
[2024-10-12T11:16:04.551+0800][info] GC(297) Old regions: 43->45
[2024-10-12T11:16:04.551+0800][info] GC(297) Archive regions: 2->2
[2024-10-12T11:16:04.551+0800][info] GC(297) Humongous regions: 3->3
[2024-10-12T11:16:04.551+0800][info] GC(297) Metaspace: 1637K(1792K)->1637K(1792K) NonClass: 1513K(1600K)->1513K(1600K) Class: 124K(192K)->124K(192K)
[2024-10-12T11:16:04.551+0800][info] GC(297) Pause Young (Normal) (G1 Evacuation Pause) 87M->87M(128M) 1.463ms
[2024-10-12T11:16:04.551+0800][info] GC(297) User=0.01s Sys=0.00s Real=0.00s
[2024-10-12T11:16:04.552+0800][info] GC(298) Pause Young (Concurrent Start) (G1 Humongous Allocation)
[2024-10-12T11:16:04.552+0800][info] GC(298) Using 3 workers of 48 for evacuation
[2024-10-12T11:16:04.553+0800][info] GC(298)   Pre Evacuate Collection Set: 0.0ms
[2024-10-12T11:16:04.553+0800][info] GC(298)   Merge Heap Roots: 0.0ms
[2024-10-12T11:16:04.553+0800][info] GC(298)   Evacuate Collection Set: 0.5ms
[2024-10-12T11:16:04.553+0800][info] GC(298)   Post Evacuate Collection Set: 0.2ms
[2024-10-12T11:16:04.553+0800][info] GC(298)   Other: 0.3ms
[2024-10-12T11:16:04.553+0800][info] GC(298) Eden regions: 1->0(2)
[2024-10-12T11:16:04.553+0800][info] GC(298) Survivor regions: 1->1(1)
[2024-10-12T11:16:04.553+0800][info] GC(298) Old regions: 45->46
[2024-10-12T11:16:04.553+0800][info] GC(298) Archive regions: 2->2
[2024-10-12T11:16:04.553+0800][info] GC(298) Humongous regions: 3->3
[2024-10-12T11:16:04.553+0800][info] GC(298) Metaspace: 1637K(1792K)->1637K(1792K) NonClass: 1513K(1600K)->1513K(1600K) Class: 124K(192K)->124K(192K)
[2024-10-12T11:16:04.553+0800][info] GC(298) Pause Young (Concurrent Start) (G1 Humongous Allocation) 88M->88M(128M) 1.187ms
[2024-10-12T11:16:04.553+0800][info] GC(298) User=0.00s Sys=0.00s Real=0.00s
[2024-10-12T11:16:04.553+0800][info] GC(299) Concurrent Mark Cycle
[2024-10-12T11:16:04.553+0800][info] GC(299) Concurrent Clear Claimed Marks
[2024-10-12T11:16:04.553+0800][info] GC(299) Concurrent Clear Claimed Marks 0.017ms
[2024-10-12T11:16:04.553+0800][info] GC(299) Concurrent Scan Root Regions
[2024-10-12T11:16:04.553+0800][info] GC(299) Concurrent Scan Root Regions 0.146ms
[2024-10-12T11:16:04.553+0800][info] GC(299) Concurrent Mark
[2024-10-12T11:16:04.553+0800][info] GC(299) Concurrent Mark From Roots
[2024-10-12T11:16:04.553+0800][info] GC(299) Using 12 workers of 12 for marking
[2024-10-12T11:16:04.556+0800][info] GC(299) Concurrent Mark From Roots 3.301ms
[2024-10-12T11:16:04.557+0800][info] GC(299) Concurrent Preclean
[2024-10-12T11:16:04.558+0800][info] GC(299) Concurrent Preclean 1.679ms
[2024-10-12T11:16:04.558+0800][info] GC(299) Pause Remark
[2024-10-12T11:16:04.560+0800][info] GC(299) Pause Remark 90M->90M(128M) 1.498ms
[2024-10-12T11:16:04.560+0800][info] GC(299) User=0.00s Sys=0.00s Real=0.00s
[2024-10-12T11:16:04.560+0800][info] GC(299) Concurrent Mark 6.721ms
[2024-10-12T11:16:04.560+0800][info] GC(299) Concurrent Rebuild Remembered Sets
[2024-10-12T11:16:04.561+0800][info] GC(299) Concurrent Rebuild Remembered Sets 1.181ms
[2024-10-12T11:16:04.561+0800][info] GC(299) Pause Cleanup
[2024-10-12T11:16:04.561+0800][info] GC(299) Pause Cleanup 90M->90M(128M) 0.225ms
[2024-10-12T11:16:04.562+0800][info] GC(299) User=0.00s Sys=0.00s Real=0.00s
[2024-10-12T11:16:04.562+0800][info] GC(299) Concurrent Cleanup for Next Mark
[2024-10-12T11:16:04.562+0800][info] GC(299) Concurrent Cleanup for Next Mark 0.362ms
[2024-10-12T11:16:04.562+0800][info] GC(299) Concurrent Mark Cycle 8.996ms
[2024-10-12T11:16:04.727+0800][info] GC(300) Pause Young (Prepare Mixed) (G1 Evacuation Pause)
[2024-10-12T11:16:04.727+0800][info] GC(300) Using 3 workers of 48 for evacuation
[2024-10-12T11:16:04.729+0800][info] GC(300)   Pre Evacuate Collection Set: 0.1ms
[2024-10-12T11:16:04.729+0800][info] GC(300)   Merge Heap Roots: 0.1ms
[2024-10-12T11:16:04.729+0800][info] GC(300)   Evacuate Collection Set: 0.8ms
[2024-10-12T11:16:04.729+0800][info] GC(300)   Post Evacuate Collection Set: 0.2ms
[2024-10-12T11:16:04.729+0800][info] GC(300)   Other: 0.2ms
[2024-10-12T11:16:04.729+0800][info] GC(300) Eden regions: 2->0(2)
[2024-10-12T11:16:04.729+0800][info] GC(300) Survivor regions: 1->1(1)
[2024-10-12T11:16:04.729+0800][info] GC(300) Old regions: 46->47
[2024-10-12T11:16:04.729+0800][info] GC(300) Archive regions: 2->2
[2024-10-12T11:16:04.729+0800][info] GC(300) Humongous regions: 4->3
[2024-10-12T11:16:04.729+0800][info] GC(300) Metaspace: 1637K(1792K)->1637K(1792K) NonClass: 1513K(1600K)->1513K(1600K) Class: 124K(192K)->124K(192K)
[2024-10-12T11:16:04.729+0800][info] GC(300) Pause Young (Prepare Mixed) (G1 Evacuation Pause) 94M->92M(128M) 1.511ms
[2024-10-12T11:16:04.729+0800][info] GC(300) User=0.00s Sys=0.00s Real=0.00s
[2024-10-12T11:16:04.831+0800][info] GC(301) Pause Young (Mixed) (G1 Evacuation Pause)
[2024-10-12T11:16:04.831+0800][info] GC(301) Using 3 workers of 48 for evacuation
[2024-10-12T11:16:04.838+0800][info] GC(301) To-space exhausted
[2024-10-12T11:16:04.838+0800][info] GC(301)   Pre Evacuate Collection Set: 0.2ms
[2024-10-12T11:16:04.838+0800][info] GC(301)   Merge Heap Roots: 0.1ms
[2024-10-12T11:16:04.838+0800][info] GC(301)   Evacuate Collection Set: 4.7ms
[2024-10-12T11:16:04.838+0800][info] GC(301)   Post Evacuate Collection Set: 1.6ms
[2024-10-12T11:16:04.838+0800][info] GC(301)   Other: 0.2ms
[2024-10-12T11:16:04.838+0800][info] GC(301) Eden regions: 2->0(2)
[2024-10-12T11:16:04.838+0800][info] GC(301) Survivor regions: 1->1(1)
[2024-10-12T11:16:04.838+0800][info] GC(301) Old regions: 47->57
[2024-10-12T11:16:04.838+0800][info] GC(301) Archive regions: 2->2
[2024-10-12T11:16:04.838+0800][info] GC(301) Humongous regions: 3->3
[2024-10-12T11:16:04.838+0800][info] GC(301) Metaspace: 1637K(1792K)->1637K(1792K) NonClass: 1513K(1600K)->1513K(1600K) Class: 124K(192K)->124K(192K)
[2024-10-12T11:16:04.838+0800][info] GC(301) Pause Young (Mixed) (G1 Evacuation Pause) 95M->112M(128M) 6.921ms
[2024-10-12T11:16:04.838+0800][info] GC(301) User=0.02s Sys=0.00s Real=0.01s
[2024-10-12T11:16:04.900+0800][info] GC(302) Pause Young (Concurrent Start) (G1 Evacuation Pause)
[2024-10-12T11:16:04.900+0800][info] GC(302) Using 3 workers of 48 for evacuation
[2024-10-12T11:16:04.901+0800][info] GC(302) To-space exhausted
[2024-10-12T11:16:04.901+0800][info] GC(302)   Pre Evacuate Collection Set: 0.1ms
[2024-10-12T11:16:04.901+0800][info] GC(302)   Merge Heap Roots: 0.1ms
[2024-10-12T11:16:04.901+0800][info] GC(302)   Evacuate Collection Set: 0.6ms
[2024-10-12T11:16:04.901+0800][info] GC(302)   Post Evacuate Collection Set: 0.3ms
[2024-10-12T11:16:04.901+0800][info] GC(302)   Other: 0.4ms
[2024-10-12T11:16:04.901+0800][info] GC(302) Eden regions: 1->0(3)
[2024-10-12T11:16:04.901+0800][info] GC(302) Survivor regions: 1->0(0)
[2024-10-12T11:16:04.901+0800][info] GC(302) Old regions: 57->59
[2024-10-12T11:16:04.901+0800][info] GC(302) Archive regions: 2->2
[2024-10-12T11:16:04.901+0800][info] GC(302) Humongous regions: 3->3
[2024-10-12T11:16:04.901+0800][info] GC(302) Metaspace: 1637K(1792K)->1637K(1792K) NonClass: 1513K(1600K)->1513K(1600K) Class: 124K(192K)->124K(192K)
[2024-10-12T11:16:04.901+0800][info] GC(302) Pause Young (Concurrent Start) (G1 Evacuation Pause) 113M->113M(128M) 1.584ms
[2024-10-12T11:16:04.901+0800][info] GC(302) User=0.00s Sys=0.00s Real=0.00s
[2024-10-12T11:16:04.901+0800][info] Attempting full compaction
[2024-10-12T11:16:04.901+0800][info] GC(303) Using 3 workers of 48 for full compaction
[2024-10-12T11:16:04.901+0800][info] GC(303) Pause Full (G1 Compaction Pause)
[2024-10-12T11:16:04.901+0800][info] GC(304) Concurrent Mark Cycle
[2024-10-12T11:16:04.901+0800][info] GC(304) Concurrent Clear Claimed Marks
[2024-10-12T11:16:04.901+0800][info] GC(304) Concurrent Clear Claimed Marks 0.017ms
[2024-10-12T11:16:04.901+0800][info] GC(304) Concurrent Scan Root Regions
[2024-10-12T11:16:04.901+0800][info] GC(304) Concurrent Scan Root Regions 0.010ms
[2024-10-12T11:16:04.901+0800][info] GC(304) Concurrent Mark
[2024-10-12T11:16:04.901+0800][info] GC(304) Concurrent Mark From Roots
[2024-10-12T11:16:04.901+0800][info] GC(304) Using 12 workers of 12 for marking
[2024-10-12T11:16:04.902+0800][info] GC(303) Phase 1: Mark live objects
[2024-10-12T11:16:04.905+0800][info] GC(303) Phase 1: Mark live objects 3.424ms
[2024-10-12T11:16:04.905+0800][info] GC(303) Phase 2: Prepare for compaction
[2024-10-12T11:16:04.906+0800][info] GC(303) Phase 2: Prepare for compaction 0.465ms
[2024-10-12T11:16:04.906+0800][info] GC(303) Phase 3: Adjust pointers
[2024-10-12T11:16:04.907+0800][info] GC(303) Phase 3: Adjust pointers 1.602ms
[2024-10-12T11:16:04.907+0800][info] GC(303) Phase 4: Compact heap
[2024-10-12T11:16:04.920+0800][info] GC(303) Phase 4: Compact heap 12.537ms
[2024-10-12T11:16:04.921+0800][info] GC(303) Eden regions: 0->0(5)
[2024-10-12T11:16:04.921+0800][info] GC(303) Survivor regions: 0->0(0)
[2024-10-12T11:16:04.921+0800][info] GC(303) Old regions: 59->38
[2024-10-12T11:16:04.921+0800][info] GC(303) Archive regions: 2->2
[2024-10-12T11:16:04.921+0800][info] GC(303) Humongous regions: 3->3
[2024-10-12T11:16:04.921+0800][info] GC(303) Metaspace: 1637K(1792K)->1637K(1792K) NonClass: 1513K(1600K)->1513K(1600K) Class: 124K(192K)->124K(192K)
[2024-10-12T11:16:04.921+0800][info] GC(303) Pause Full (G1 Compaction Pause) 113M->72M(128M) 20.026ms
[2024-10-12T11:16:04.921+0800][info] GC(303) User=0.04s Sys=0.01s Real=0.02s
[2024-10-12T11:16:04.922+0800][info] GC(304) Concurrent Mark From Roots 20.228ms
[2024-10-12T11:16:04.922+0800][info] GC(304) Concurrent Mark Abort
[2024-10-12T11:16:04.922+0800][info] GC(304) Concurrent Mark Cycle 20.408ms
[2024-10-12T11:16:05.188+0800][info] GC(305) Pause Young (Normal) (G1 Evacuation Pause)
[2024-10-12T11:16:05.188+0800][info] GC(305) Using 3 workers of 48 for evacuation
[2024-10-12T11:16:05.190+0800][info] GC(305)   Pre Evacuate Collection Set: 0.1ms
[2024-10-12T11:16:05.190+0800][info] GC(305)   Merge Heap Roots: 0.0ms
[2024-10-12T11:16:05.190+0800][info] GC(305)   Evacuate Collection Set: 1.5ms
[2024-10-12T11:16:05.190+0800][info] GC(305)   Post Evacuate Collection Set: 0.2ms
[2024-10-12T11:16:05.190+0800][info] GC(305)   Other: 0.2ms
[2024-10-12T11:16:05.190+0800][info] GC(305) Eden regions: 5->0(2)
[2024-10-12T11:16:05.190+0800][info] GC(305) Survivor regions: 0->1(1)
[2024-10-12T11:16:05.190+0800][info] GC(305) Old regions: 38->43
[2024-10-12T11:16:05.190+0800][info] GC(305) Archive regions: 2->2
[2024-10-12T11:16:05.190+0800][info] GC(305) Humongous regions: 3->3
[2024-10-12T11:16:05.190+0800][info] GC(305) Metaspace: 1640K(1792K)->1640K(1792K) NonClass: 1515K(1600K)->1515K(1600K) Class: 124K(192K)->124K(192K)
[2024-10-12T11:16:05.190+0800][info] GC(305) Pause Young (Normal) (G1 Evacuation Pause) 82M->83M(128M) 2.271ms
[2024-10-12T11:16:05.190+0800][info] GC(305) User=0.01s Sys=0.00s Real=0.00s
[2024-10-12T11:16:05.292+0800][info] GC(306) Pause Young (Normal) (G1 Evacuation Pause)
[2024-10-12T11:16:05.292+0800][info] GC(306) Using 3 workers of 48 for evacuation
[2024-10-12T11:16:05.294+0800][info] GC(306)   Pre Evacuate Collection Set: 0.1ms
[2024-10-12T11:16:05.294+0800][info] GC(306)   Merge Heap Roots: 0.1ms
[2024-10-12T11:16:05.294+0800][info] GC(306)   Evacuate Collection Set: 0.9ms
[2024-10-12T11:16:05.294+0800][info] GC(306)   Post Evacuate Collection Set: 0.2ms
[2024-10-12T11:16:05.294+0800][info] GC(306)   Other: 0.2ms
[2024-10-12T11:16:05.294+0800][info] GC(306) Eden regions: 2->0(2)
[2024-10-12T11:16:05.294+0800][info] GC(306) Survivor regions: 1->1(1)
[2024-10-12T11:16:05.294+0800][info] GC(306) Old regions: 43->45
[2024-10-12T11:16:05.294+0800][info] GC(306) Archive regions: 2->2
[2024-10-12T11:16:05.294+0800][info] GC(306) Humongous regions: 3->3
[2024-10-12T11:16:05.294+0800][info] GC(306) Metaspace: 1640K(1792K)->1640K(1792K) NonClass: 1515K(1600K)->1515K(1600K) Class: 124K(192K)->124K(192K)
[2024-10-12T11:16:05.294+0800][info] GC(306) Pause Young (Normal) (G1 Evacuation Pause) 87M->87M(128M) 1.625ms
[2024-10-12T11:16:05.294+0800][info] GC(306) User=0.00s Sys=0.00s Real=0.01s
[2024-10-12T11:16:05.396+0800][info] GC(307) Pause Young (Concurrent Start) (G1 Evacuation Pause)
[2024-10-12T11:16:05.396+0800][info] GC(307) Using 3 workers of 48 for evacuation
[2024-10-12T11:16:05.398+0800][info] GC(307)   Pre Evacuate Collection Set: 0.1ms
[2024-10-12T11:16:05.398+0800][info] GC(307)   Merge Heap Roots: 0.1ms
[2024-10-12T11:16:05.398+0800][info] GC(307)   Evacuate Collection Set: 0.9ms
[2024-10-12T11:16:05.398+0800][info] GC(307)   Post Evacuate Collection Set: 0.2ms
[2024-10-12T11:16:05.398+0800][info] GC(307)   Other: 0.4ms
[2024-10-12T11:16:05.398+0800][info] GC(307) Eden regions: 2->0(2)
[2024-10-12T11:16:05.398+0800][info] GC(307) Survivor regions: 1->1(1)
[2024-10-12T11:16:05.398+0800][info] GC(307) Old regions: 45->47
[2024-10-12T11:16:05.398+0800][info] GC(307) Archive regions: 2->2
[2024-10-12T11:16:05.398+0800][info] GC(307) Humongous regions: 3->3
[2024-10-12T11:16:05.398+0800][info] GC(307) Metaspace: 1640K(1792K)->1640K(1792K) NonClass: 1515K(1600K)->1515K(1600K) Class: 124K(192K)->124K(192K)
[2024-10-12T11:16:05.398+0800][info] GC(307) Pause Young (Concurrent Start) (G1 Evacuation Pause) 90M->91M(128M) 1.751ms
[2024-10-12T11:16:05.398+0800][info] GC(307) User=0.01s Sys=0.00s Real=0.00s
[2024-10-12T11:16:05.398+0800][info] GC(308) Concurrent Mark Cycle
[2024-10-12T11:16:05.398+0800][info] GC(308) Concurrent Clear Claimed Marks
[2024-10-12T11:16:05.398+0800][info] GC(308) Concurrent Clear Claimed Marks 0.017ms
[2024-10-12T11:16:05.398+0800][info] GC(308) Concurrent Scan Root Regions
[2024-10-12T11:16:05.398+0800][info] GC(308) Concurrent Scan Root Regions 0.120ms
[2024-10-12T11:16:05.398+0800][info] GC(308) Concurrent Mark
[2024-10-12T11:16:05.398+0800][info] GC(308) Concurrent Mark From Roots
[2024-10-12T11:16:05.398+0800][info] GC(308) Using 12 workers of 12 for marking
[2024-10-12T11:16:05.402+0800][info] GC(308) Concurrent Mark From Roots 3.329ms
[2024-10-12T11:16:05.402+0800][info] GC(308) Concurrent Preclean
[2024-10-12T11:16:05.403+0800][info] GC(308) Concurrent Preclean 1.662ms
[2024-10-12T11:16:05.403+0800][info] GC(308) Pause Remark
[2024-10-12T11:16:05.405+0800][info] GC(308) Pause Remark 91M->91M(128M) 1.637ms
[2024-10-12T11:16:05.405+0800][info] GC(308) User=0.00s Sys=0.00s Real=0.00s
[2024-10-12T11:16:05.405+0800][info] GC(308) Concurrent Mark 6.874ms
[2024-10-12T11:16:05.405+0800][info] GC(308) Concurrent Rebuild Remembered Sets
[2024-10-12T11:16:05.406+0800][info] GC(308) Concurrent Rebuild Remembered Sets 0.956ms
[2024-10-12T11:16:05.406+0800][info] GC(308) Pause Cleanup
[2024-10-12T11:16:05.407+0800][info] GC(308) Pause Cleanup 91M->91M(128M) 0.255ms
[2024-10-12T11:16:05.407+0800][info] GC(308) User=0.00s Sys=0.00s Real=0.00s
[2024-10-12T11:16:05.407+0800][info] GC(308) Concurrent Cleanup for Next Mark
[2024-10-12T11:16:05.407+0800][info] GC(308) Concurrent Cleanup for Next Mark 0.417ms
[2024-10-12T11:16:05.407+0800][info] GC(308) Concurrent Mark Cycle 8.980ms
[2024-10-12T11:16:05.551+0800][info] GC(309) Pause Young (Prepare Mixed) (G1 Evacuation Pause)
[2024-10-12T11:16:05.551+0800][info] GC(309) Using 3 workers of 48 for evacuation
[2024-10-12T11:16:05.553+0800][info] GC(309)   Pre Evacuate Collection Set: 0.1ms
[2024-10-12T11:16:05.553+0800][info] GC(309)   Merge Heap Roots: 0.1ms
[2024-10-12T11:16:05.553+0800][info] GC(309)   Evacuate Collection Set: 1.0ms
[2024-10-12T11:16:05.553+0800][info] GC(309)   Post Evacuate Collection Set: 0.2ms
[2024-10-12T11:16:05.553+0800][info] GC(309)   Other: 0.2ms
[2024-10-12T11:16:05.553+0800][info] GC(309) Eden regions: 2->0(2)
[2024-10-12T11:16:05.553+0800][info] GC(309) Survivor regions: 1->1(1)
[2024-10-12T11:16:05.553+0800][info] GC(309) Old regions: 47->49
[2024-10-12T11:16:05.553+0800][info] GC(309) Archive regions: 2->2
[2024-10-12T11:16:05.553+0800][info] GC(309) Humongous regions: 3->3
[2024-10-12T11:16:05.553+0800][info] GC(309) Metaspace: 1640K(1792K)->1640K(1792K) NonClass: 1516K(1600K)->1516K(1600K) Class: 124K(192K)->124K(192K)
[2024-10-12T11:16:05.553+0800][info] GC(309) Pause Young (Prepare Mixed) (G1 Evacuation Pause) 94M->95M(128M) 1.789ms
[2024-10-12T11:16:05.553+0800][info] GC(309) User=0.00s Sys=0.00s Real=0.01s
[2024-10-12T11:16:05.655+0800][info] GC(310) Pause Young (Mixed) (G1 Evacuation Pause)
[2024-10-12T11:16:05.655+0800][info] GC(310) Using 3 workers of 48 for evacuation
[2024-10-12T11:16:05.660+0800][info] GC(310) To-space exhausted
[2024-10-12T11:16:05.660+0800][info] GC(310)   Pre Evacuate Collection Set: 0.2ms
[2024-10-12T11:16:05.660+0800][info] GC(310)   Merge Heap Roots: 0.1ms
[2024-10-12T11:16:05.660+0800][info] GC(310)   Evacuate Collection Set: 3.1ms
[2024-10-12T11:16:05.660+0800][info] GC(310)   Post Evacuate Collection Set: 0.9ms
[2024-10-12T11:16:05.660+0800][info] GC(310)   Other: 0.2ms
[2024-10-12T11:16:05.660+0800][info] GC(310) Eden regions: 2->0(2)
[2024-10-12T11:16:05.660+0800][info] GC(310) Survivor regions: 1->1(1)
[2024-10-12T11:16:05.660+0800][info] GC(310) Old regions: 49->57
[2024-10-12T11:16:05.660+0800][info] GC(310) Archive regions: 2->2
[2024-10-12T11:16:05.660+0800][info] GC(310) Humongous regions: 3->3
[2024-10-12T11:16:05.660+0800][info] GC(310) Metaspace: 1640K(1792K)->1640K(1792K) NonClass: 1516K(1600K)->1516K(1600K) Class: 124K(192K)->124K(192K)
[2024-10-12T11:16:05.660+0800][info] GC(310) Pause Young (Mixed) (G1 Evacuation Pause) 98M->112M(128M) 4.613ms
[2024-10-12T11:16:05.660+0800][info] GC(310) User=0.01s Sys=0.00s Real=0.00s
[2024-10-12T11:16:05.721+0800][info] GC(311) Pause Young (Concurrent Start) (G1 Evacuation Pause)
[2024-10-12T11:16:05.721+0800][info] GC(311) Using 3 workers of 48 for evacuation
[2024-10-12T11:16:05.722+0800][info] GC(311) To-space exhausted
[2024-10-12T11:16:05.722+0800][info] GC(311)   Pre Evacuate Collection Set: 0.1ms
[2024-10-12T11:16:05.722+0800][info] GC(311)   Merge Heap Roots: 0.1ms
[2024-10-12T11:16:05.722+0800][info] GC(311)   Evacuate Collection Set: 0.4ms
[2024-10-12T11:16:05.722+0800][info] GC(311)   Post Evacuate Collection Set: 0.2ms
[2024-10-12T11:16:05.722+0800][info] GC(311)   Other: 0.3ms
[2024-10-12T11:16:05.722+0800][info] GC(311) Eden regions: 1->0(3)
[2024-10-12T11:16:05.722+0800][info] GC(311) Survivor regions: 1->0(0)
[2024-10-12T11:16:05.722+0800][info] GC(311) Old regions: 57->59
[2024-10-12T11:16:05.722+0800][info] GC(311) Archive regions: 2->2
[2024-10-12T11:16:05.722+0800][info] GC(311) Humongous regions: 3->3
[2024-10-12T11:16:05.722+0800][info] GC(311) Metaspace: 1640K(1792K)->1640K(1792K) NonClass: 1516K(1600K)->1516K(1600K) Class: 124K(192K)->124K(192K)
[2024-10-12T11:16:05.722+0800][info] GC(311) Pause Young (Concurrent Start) (G1 Evacuation Pause) 114M->114M(128M) 1.248ms
[2024-10-12T11:16:05.722+0800][info] GC(311) User=0.00s Sys=0.01s Real=0.00s
[2024-10-12T11:16:05.722+0800][info] Attempting full compaction
[2024-10-12T11:16:05.722+0800][info] GC(312) Using 3 workers of 48 for full compaction
[2024-10-12T11:16:05.723+0800][info] GC(312) Pause Full (G1 Compaction Pause)
[2024-10-12T11:16:05.723+0800][info] GC(313) Concurrent Mark Cycle
[2024-10-12T11:16:05.723+0800][info] GC(313) Concurrent Clear Claimed Marks
[2024-10-12T11:16:05.723+0800][info] GC(313) Concurrent Clear Claimed Marks 0.018ms
[2024-10-12T11:16:05.723+0800][info] GC(313) Concurrent Scan Root Regions
[2024-10-12T11:16:05.723+0800][info] GC(313) Concurrent Scan Root Regions 0.010ms
[2024-10-12T11:16:05.723+0800][info] GC(313) Concurrent Mark
[2024-10-12T11:16:05.723+0800][info] GC(313) Concurrent Mark From Roots
[2024-10-12T11:16:05.723+0800][info] GC(313) Using 12 workers of 12 for marking
[2024-10-12T11:16:05.723+0800][info] GC(312) Phase 1: Mark live objects
[2024-10-12T11:16:05.726+0800][info] GC(312) Phase 1: Mark live objects 3.149ms
[2024-10-12T11:16:05.726+0800][info] GC(312) Phase 2: Prepare for compaction
[2024-10-12T11:16:05.726+0800][info] GC(312) Phase 2: Prepare for compaction 0.494ms
[2024-10-12T11:16:05.727+0800][info] GC(312) Phase 3: Adjust pointers
[2024-10-12T11:16:05.728+0800][info] GC(312) Phase 3: Adjust pointers 1.609ms
[2024-10-12T11:16:05.728+0800][info] GC(312) Phase 4: Compact heap
[2024-10-12T11:16:05.747+0800][info] GC(312) Phase 4: Compact heap 18.466ms
[2024-10-12T11:16:05.748+0800][info] GC(312) Eden regions: 0->0(5)
[2024-10-12T11:16:05.748+0800][info] GC(312) Survivor regions: 0->0(0)
[2024-10-12T11:16:05.748+0800][info] GC(312) Old regions: 59->37
[2024-10-12T11:16:05.748+0800][info] GC(312) Archive regions: 2->2
[2024-10-12T11:16:05.748+0800][info] GC(312) Humongous regions: 3->3
[2024-10-12T11:16:05.748+0800][info] GC(312) Metaspace: 1640K(1792K)->1640K(1792K) NonClass: 1516K(1600K)->1516K(1600K) Class: 124K(192K)->124K(192K)
[2024-10-12T11:16:05.748+0800][info] GC(312) Pause Full (G1 Compaction Pause) 114M->72M(128M) 25.643ms
[2024-10-12T11:16:05.748+0800][info] GC(312) User=0.04s Sys=0.00s Real=0.03s
[2024-10-12T11:16:05.748+0800][info] GC(313) Concurrent Mark From Roots 25.837ms
[2024-10-12T11:16:05.749+0800][info] GC(313) Concurrent Mark Abort
[2024-10-12T11:16:05.749+0800][info] GC(313) Concurrent Mark Cycle 26.011ms
[2024-10-12T11:16:06.015+0800][info] GC(314) Pause Young (Normal) (G1 Evacuation Pause)
[2024-10-12T11:16:06.015+0800][info] GC(314) Using 3 workers of 48 for evacuation
[2024-10-12T11:16:06.017+0800][info] GC(314)   Pre Evacuate Collection Set: 0.1ms
[2024-10-12T11:16:06.017+0800][info] GC(314)   Merge Heap Roots: 0.0ms
[2024-10-12T11:16:06.017+0800][info] GC(314)   Evacuate Collection Set: 1.3ms
[2024-10-12T11:16:06.017+0800][info] GC(314)   Post Evacuate Collection Set: 0.2ms
[2024-10-12T11:16:06.017+0800][info] GC(314)   Other: 0.2ms
[2024-10-12T11:16:06.017+0800][info] GC(314) Eden regions: 5->0(3)
[2024-10-12T11:16:06.017+0800][info] GC(314) Survivor regions: 0->1(1)
[2024-10-12T11:16:06.017+0800][info] GC(314) Old regions: 37->41
[2024-10-12T11:16:06.017+0800][info] GC(314) Archive regions: 2->2
[2024-10-12T11:16:06.017+0800][info] GC(314) Humongous regions: 3->3
[2024-10-12T11:16:06.017+0800][info] GC(314) Metaspace: 1641K(1792K)->1641K(1792K) NonClass: 1517K(1600K)->1517K(1600K) Class: 124K(192K)->124K(192K)
[2024-10-12T11:16:06.017+0800][info] GC(314) Pause Young (Normal) (G1 Evacuation Pause) 82M->81M(128M) 2.023ms
[2024-10-12T11:16:06.017+0800][info] GC(314) User=0.01s Sys=0.00s Real=0.00s
[2024-10-12T11:16:06.180+0800][info] GC(315) Pause Young (Normal) (G1 Evacuation Pause)
[2024-10-12T11:16:06.180+0800][info] GC(315) Using 3 workers of 48 for evacuation
[2024-10-12T11:16:06.182+0800][info] GC(315)   Pre Evacuate Collection Set: 0.1ms
[2024-10-12T11:16:06.182+0800][info] GC(315)   Merge Heap Roots: 0.1ms
[2024-10-12T11:16:06.182+0800][info] GC(315)   Evacuate Collection Set: 1.2ms
[2024-10-12T11:16:06.182+0800][info] GC(315)   Post Evacuate Collection Set: 0.2ms
[2024-10-12T11:16:06.182+0800][info] GC(315)   Other: 0.2ms
[2024-10-12T11:16:06.182+0800][info] GC(315) Eden regions: 3->0(2)
[2024-10-12T11:16:06.182+0800][info] GC(315) Survivor regions: 1->1(1)
[2024-10-12T11:16:06.182+0800][info] GC(315) Old regions: 41->44
[2024-10-12T11:16:06.182+0800][info] GC(315) Archive regions: 2->2
[2024-10-12T11:16:06.182+0800][info] GC(315) Humongous regions: 3->3
[2024-10-12T11:16:06.182+0800][info] GC(315) Metaspace: 1642K(1792K)->1642K(1792K) NonClass: 1518K(1600K)->1518K(1600K) Class: 124K(192K)->124K(192K)
[2024-10-12T11:16:06.182+0800][info] GC(315) Pause Young (Normal) (G1 Evacuation Pause) 86M->87M(128M) 1.871ms
[2024-10-12T11:16:06.182+0800][info] GC(315) User=0.01s Sys=0.00s Real=0.00s
[2024-10-12T11:16:06.284+0800][info] GC(316) Pause Young (Concurrent Start) (G1 Evacuation Pause)
[2024-10-12T11:16:06.284+0800][info] GC(316) Using 3 workers of 48 for evacuation
[2024-10-12T11:16:06.286+0800][info] GC(316)   Pre Evacuate Collection Set: 0.1ms
[2024-10-12T11:16:06.286+0800][info] GC(316)   Merge Heap Roots: 0.1ms
[2024-10-12T11:16:06.286+0800][info] GC(316)   Evacuate Collection Set: 1.1ms
[2024-10-12T11:16:06.286+0800][info] GC(316)   Post Evacuate Collection Set: 0.2ms
[2024-10-12T11:16:06.286+0800][info] GC(316)   Other: 0.4ms
[2024-10-12T11:16:06.286+0800][info] GC(316) Eden regions: 2->0(2)
[2024-10-12T11:16:06.286+0800][info] GC(316) Survivor regions: 1->1(1)
[2024-10-12T11:16:06.286+0800][info] GC(316) Old regions: 44->46
[2024-10-12T11:16:06.286+0800][info] GC(316) Archive regions: 2->2
[2024-10-12T11:16:06.286+0800][info] GC(316) Humongous regions: 3->3
[2024-10-12T11:16:06.286+0800][info] GC(316) Metaspace: 1642K(1792K)->1642K(1792K) NonClass: 1518K(1600K)->1518K(1600K) Class: 124K(192K)->124K(192K)
[2024-10-12T11:16:06.286+0800][info] GC(316) Pause Young (Concurrent Start) (G1 Evacuation Pause) 90M->91M(128M) 1.970ms
[2024-10-12T11:16:06.286+0800][info] GC(316) User=0.00s Sys=0.00s Real=0.01s
[2024-10-12T11:16:06.286+0800][info] GC(317) Concurrent Mark Cycle
[2024-10-12T11:16:06.286+0800][info] GC(317) Concurrent Clear Claimed Marks
[2024-10-12T11:16:06.286+0800][info] GC(317) Concurrent Clear Claimed Marks 0.016ms
[2024-10-12T11:16:06.286+0800][info] GC(317) Concurrent Scan Root Regions
[2024-10-12T11:16:06.287+0800][info] GC(317) Concurrent Scan Root Regions 0.105ms
[2024-10-12T11:16:06.287+0800][info] GC(317) Concurrent Mark
[2024-10-12T11:16:06.287+0800][info] GC(317) Concurrent Mark From Roots
[2024-10-12T11:16:06.287+0800][info] GC(317) Using 12 workers of 12 for marking
[2024-10-12T11:16:06.290+0800][info] GC(317) Concurrent Mark From Roots 3.330ms
[2024-10-12T11:16:06.290+0800][info] GC(317) Concurrent Preclean
[2024-10-12T11:16:06.292+0800][info] GC(317) Concurrent Preclean 1.662ms
[2024-10-12T11:16:06.292+0800][info] GC(317) Pause Remark
[2024-10-12T11:16:06.293+0800][info] GC(317) Pause Remark 91M->89M(128M) 1.610ms
[2024-10-12T11:16:06.293+0800][info] GC(317) User=0.00s Sys=0.00s Real=0.01s
[2024-10-12T11:16:06.293+0800][info] GC(317) Concurrent Mark 6.878ms
[2024-10-12T11:16:06.293+0800][info] GC(317) Concurrent Rebuild Remembered Sets
[2024-10-12T11:16:06.295+0800][info] GC(317) Concurrent Rebuild Remembered Sets 1.060ms
[2024-10-12T11:16:06.295+0800][info] GC(317) Pause Cleanup
[2024-10-12T11:16:06.295+0800][info] GC(317) Pause Cleanup 89M->89M(128M) 0.180ms
[2024-10-12T11:16:06.295+0800][info] GC(317) User=0.00s Sys=0.00s Real=0.00s
[2024-10-12T11:16:06.295+0800][info] GC(317) Concurrent Cleanup for Next Mark
[2024-10-12T11:16:06.295+0800][info] GC(317) Concurrent Cleanup for Next Mark 0.400ms
[2024-10-12T11:16:06.295+0800][info] GC(317) Concurrent Mark Cycle 8.960ms
[2024-10-12T11:16:06.440+0800][info] GC(318) Pause Young (Prepare Mixed) (G1 Evacuation Pause)
[2024-10-12T11:16:06.440+0800][info] GC(318) Using 3 workers of 48 for evacuation
[2024-10-12T11:16:06.441+0800][info] GC(318)   Pre Evacuate Collection Set: 0.1ms
[2024-10-12T11:16:06.441+0800][info] GC(318)   Merge Heap Roots: 0.1ms
[2024-10-12T11:16:06.441+0800][info] GC(318)   Evacuate Collection Set: 1.1ms
[2024-10-12T11:16:06.441+0800][info] GC(318)   Post Evacuate Collection Set: 0.2ms
[2024-10-12T11:16:06.441+0800][info] GC(318)   Other: 0.3ms
[2024-10-12T11:16:06.441+0800][info] GC(318) Eden regions: 2->0(2)
[2024-10-12T11:16:06.441+0800][info] GC(318) Survivor regions: 1->1(1)
[2024-10-12T11:16:06.441+0800][info] GC(318) Old regions: 45->47
[2024-10-12T11:16:06.441+0800][info] GC(318) Archive regions: 2->2
[2024-10-12T11:16:06.441+0800][info] GC(318) Humongous regions: 3->3
[2024-10-12T11:16:06.441+0800][info] GC(318) Metaspace: 1642K(1792K)->1642K(1792K) NonClass: 1518K(1600K)->1518K(1600K) Class: 124K(192K)->124K(192K)
[2024-10-12T11:16:06.441+0800][info] GC(318) Pause Young (Prepare Mixed) (G1 Evacuation Pause) 92M->93M(128M) 1.821ms
[2024-10-12T11:16:06.442+0800][info] GC(318) User=0.00s Sys=0.00s Real=0.00s
[2024-10-12T11:16:06.544+0800][info] GC(319) Pause Young (Mixed) (G1 Evacuation Pause)
[2024-10-12T11:16:06.544+0800][info] GC(319) Using 3 workers of 48 for evacuation
[2024-10-12T11:16:06.549+0800][info] GC(319) To-space exhausted
[2024-10-12T11:16:06.549+0800][info] GC(319)   Pre Evacuate Collection Set: 0.2ms
[2024-10-12T11:16:06.549+0800][info] GC(319)   Merge Heap Roots: 0.1ms
[2024-10-12T11:16:06.549+0800][info] GC(319)   Evacuate Collection Set: 4.3ms
[2024-10-12T11:16:06.549+0800][info] GC(319)   Post Evacuate Collection Set: 1.0ms
[2024-10-12T11:16:06.549+0800][info] GC(319)   Other: 0.2ms
[2024-10-12T11:16:06.549+0800][info] GC(319) Eden regions: 2->0(2)
[2024-10-12T11:16:06.550+0800][info] GC(319) Survivor regions: 1->1(1)
[2024-10-12T11:16:06.550+0800][info] GC(319) Old regions: 47->55
[2024-10-12T11:16:06.550+0800][info] GC(319) Archive regions: 2->2
[2024-10-12T11:16:06.550+0800][info] GC(319) Humongous regions: 3->3
[2024-10-12T11:16:06.550+0800][info] GC(319) Metaspace: 1642K(1792K)->1642K(1792K) NonClass: 1518K(1600K)->1518K(1600K) Class: 124K(192K)->124K(192K)
[2024-10-12T11:16:06.550+0800][info] GC(319) Pause Young (Mixed) (G1 Evacuation Pause) 96M->111M(128M) 5.912ms
[2024-10-12T11:16:06.550+0800][info] GC(319) User=0.02s Sys=0.00s Real=0.01s
[2024-10-12T11:16:06.611+0800][info] GC(320) Pause Young (Concurrent Start) (G1 Preventive Collection)
[2024-10-12T11:16:06.611+0800][info] GC(320) Using 3 workers of 48 for evacuation
[2024-10-12T11:16:06.613+0800][info] GC(320)   Pre Evacuate Collection Set: 0.1ms
[2024-10-12T11:16:06.613+0800][info] GC(320)   Merge Heap Roots: 0.1ms
[2024-10-12T11:16:06.613+0800][info] GC(320)   Evacuate Collection Set: 0.9ms
[2024-10-12T11:16:06.613+0800][info] GC(320)   Post Evacuate Collection Set: 0.2ms
[2024-10-12T11:16:06.613+0800][info] GC(320)   Other: 0.4ms
[2024-10-12T11:16:06.613+0800][info] GC(320) Eden regions: 1->0(2)
[2024-10-12T11:16:06.613+0800][info] GC(320) Survivor regions: 1->1(1)
[2024-10-12T11:16:06.613+0800][info] GC(320) Old regions: 55->56
[2024-10-12T11:16:06.613+0800][info] GC(320) Archive regions: 2->2
[2024-10-12T11:16:06.613+0800][info] GC(320) Humongous regions: 3->3
[2024-10-12T11:16:06.613+0800][info] GC(320) Metaspace: 1642K(1792K)->1642K(1792K) NonClass: 1518K(1600K)->1518K(1600K) Class: 124K(192K)->124K(192K)
[2024-10-12T11:16:06.613+0800][info] GC(320) Pause Young (Concurrent Start) (G1 Preventive Collection) 113M->112M(128M) 1.779ms
[2024-10-12T11:16:06.613+0800][info] GC(320) User=0.00s Sys=0.00s Real=0.00s
[2024-10-12T11:16:06.613+0800][info] GC(321) Concurrent Mark Cycle
[2024-10-12T11:16:06.613+0800][info] GC(321) Concurrent Clear Claimed Marks
[2024-10-12T11:16:06.613+0800][info] GC(321) Concurrent Clear Claimed Marks 0.017ms
[2024-10-12T11:16:06.613+0800][info] GC(321) Concurrent Scan Root Regions
[2024-10-12T11:16:06.613+0800][info] GC(321) Concurrent Scan Root Regions 0.165ms
[2024-10-12T11:16:06.613+0800][info] GC(321) Concurrent Mark
[2024-10-12T11:16:06.613+0800][info] GC(321) Concurrent Mark From Roots
[2024-10-12T11:16:06.613+0800][info] GC(321) Using 12 workers of 12 for marking
[2024-10-12T11:16:06.616+0800][info] GC(321) Concurrent Mark From Roots 3.341ms
[2024-10-12T11:16:06.616+0800][info] GC(321) Concurrent Preclean
[2024-10-12T11:16:06.618+0800][info] GC(321) Concurrent Preclean 1.717ms
[2024-10-12T11:16:06.618+0800][info] GC(321) Pause Remark
[2024-10-12T11:16:06.620+0800][info] GC(321) Pause Remark 113M->111M(128M) 1.555ms
[2024-10-12T11:16:06.620+0800][info] GC(321) User=0.00s Sys=0.00s Real=0.00s
[2024-10-12T11:16:06.620+0800][info] GC(321) Concurrent Mark 6.930ms
[2024-10-12T11:16:06.620+0800][info] GC(321) Concurrent Rebuild Remembered Sets
[2024-10-12T11:16:06.622+0800][info] GC(321) Concurrent Rebuild Remembered Sets 1.763ms
[2024-10-12T11:16:06.622+0800][info] GC(321) Pause Cleanup
[2024-10-12T11:16:06.622+0800][info] GC(321) Pause Cleanup 111M->111M(128M) 0.255ms
[2024-10-12T11:16:06.622+0800][info] GC(321) User=0.00s Sys=0.01s Real=0.00s
[2024-10-12T11:16:06.622+0800][info] GC(321) Concurrent Cleanup for Next Mark
[2024-10-12T11:16:06.623+0800][info] GC(321) Concurrent Cleanup for Next Mark 0.377ms
[2024-10-12T11:16:06.623+0800][info] GC(321) Concurrent Mark Cycle 9.849ms
[2024-10-12T11:16:06.705+0800][info] GC(322) Pause Young (Prepare Mixed) (G1 Preventive Collection)
[2024-10-12T11:16:06.705+0800][info] GC(322) Using 3 workers of 48 for evacuation
[2024-10-12T11:16:06.707+0800][info] GC(322)   Pre Evacuate Collection Set: 0.1ms
[2024-10-12T11:16:06.707+0800][info] GC(322)   Merge Heap Roots: 0.1ms
[2024-10-12T11:16:06.707+0800][info] GC(322)   Evacuate Collection Set: 0.7ms
[2024-10-12T11:16:06.707+0800][info] GC(322)   Post Evacuate Collection Set: 0.2ms
[2024-10-12T11:16:06.707+0800][info] GC(322)   Other: 0.2ms
[2024-10-12T11:16:06.707+0800][info] GC(322) Eden regions: 1->0(2)
[2024-10-12T11:16:06.707+0800][info] GC(322) Survivor regions: 1->1(1)
[2024-10-12T11:16:06.707+0800][info] GC(322) Old regions: 55->56
[2024-10-12T11:16:06.707+0800][info] GC(322) Archive regions: 2->2
[2024-10-12T11:16:06.707+0800][info] GC(322) Humongous regions: 3->3
[2024-10-12T11:16:06.707+0800][info] GC(322) Metaspace: 1642K(1792K)->1642K(1792K) NonClass: 1518K(1600K)->1518K(1600K) Class: 124K(192K)->124K(192K)
[2024-10-12T11:16:06.707+0800][info] GC(322) Pause Young (Prepare Mixed) (G1 Preventive Collection) 112M->112M(128M) 1.443ms
[2024-10-12T11:16:06.707+0800][info] GC(322) User=0.00s Sys=0.00s Real=0.00s
[2024-10-12T11:16:06.768+0800][info] GC(323) Pause Young (Mixed) (G1 Preventive Collection)
[2024-10-12T11:16:06.768+0800][info] GC(323) Using 3 workers of 48 for evacuation
[2024-10-12T11:16:06.771+0800][info] GC(323) To-space exhausted
[2024-10-12T11:16:06.771+0800][info] GC(323)   Pre Evacuate Collection Set: 0.2ms
[2024-10-12T11:16:06.771+0800][info] GC(323)   Merge Heap Roots: 0.1ms
[2024-10-12T11:16:06.771+0800][info] GC(323)   Evacuate Collection Set: 1.8ms
[2024-10-12T11:16:06.771+0800][info] GC(323)   Post Evacuate Collection Set: 0.9ms
[2024-10-12T11:16:06.771+0800][info] GC(323)   Other: 0.2ms
[2024-10-12T11:16:06.771+0800][info] GC(323) Eden regions: 1->0(2)
[2024-10-12T11:16:06.771+0800][info] GC(323) Survivor regions: 1->1(1)
[2024-10-12T11:16:06.771+0800][info] GC(323) Old regions: 56->57
[2024-10-12T11:16:06.771+0800][info] GC(323) Archive regions: 2->2
[2024-10-12T11:16:06.771+0800][info] GC(323) Humongous regions: 3->3
[2024-10-12T11:16:06.771+0800][info] GC(323) Metaspace: 1642K(1792K)->1642K(1792K) NonClass: 1518K(1600K)->1518K(1600K) Class: 124K(192K)->124K(192K)
[2024-10-12T11:16:06.771+0800][info] GC(323) Pause Young (Mixed) (G1 Preventive Collection) 114M->115M(128M) 3.339ms
[2024-10-12T11:16:06.771+0800][info] GC(323) User=0.01s Sys=0.00s Real=0.00s
[2024-10-12T11:16:06.813+0800][info] GC(324) Pause Young (Concurrent Start) (G1 Evacuation Pause)
[2024-10-12T11:16:06.813+0800][info] GC(324) Using 3 workers of 48 for evacuation
[2024-10-12T11:16:06.814+0800][info] GC(324) To-space exhausted
[2024-10-12T11:16:06.814+0800][info] GC(324)   Pre Evacuate Collection Set: 0.1ms
[2024-10-12T11:16:06.814+0800][info] GC(324)   Merge Heap Roots: 0.1ms
[2024-10-12T11:16:06.814+0800][info] GC(324)   Evacuate Collection Set: 0.5ms
[2024-10-12T11:16:06.814+0800][info] GC(324)   Post Evacuate Collection Set: 0.2ms
[2024-10-12T11:16:06.814+0800][info] GC(324)   Other: 0.4ms
[2024-10-12T11:16:06.814+0800][info] GC(324) Eden regions: 1->0(3)
[2024-10-12T11:16:06.814+0800][info] GC(324) Survivor regions: 1->0(0)
[2024-10-12T11:16:06.814+0800][info] GC(324) Old regions: 57->59
[2024-10-12T11:16:06.814+0800][info] GC(324) Archive regions: 2->2
[2024-10-12T11:16:06.814+0800][info] GC(324) Humongous regions: 3->3
[2024-10-12T11:16:06.814+0800][info] GC(324) Metaspace: 1642K(1792K)->1642K(1792K) NonClass: 1518K(1600K)->1518K(1600K) Class: 124K(192K)->124K(192K)
[2024-10-12T11:16:06.814+0800][info] GC(324) Pause Young (Concurrent Start) (G1 Evacuation Pause) 116M->116M(128M) 1.387ms
[2024-10-12T11:16:06.814+0800][info] GC(324) User=0.00s Sys=0.00s Real=0.01s
[2024-10-12T11:16:06.814+0800][info] Attempting full compaction
[2024-10-12T11:16:06.814+0800][info] GC(325) Using 3 workers of 48 for full compaction
[2024-10-12T11:16:06.814+0800][info] GC(325) Pause Full (G1 Compaction Pause)
[2024-10-12T11:16:06.814+0800][info] GC(326) Concurrent Mark Cycle
[2024-10-12T11:16:06.814+0800][info] GC(326) Concurrent Clear Claimed Marks
[2024-10-12T11:16:06.814+0800][info] GC(326) Concurrent Clear Claimed Marks 0.017ms
[2024-10-12T11:16:06.814+0800][info] GC(326) Concurrent Scan Root Regions
[2024-10-12T11:16:06.814+0800][info] GC(326) Concurrent Scan Root Regions 0.010ms
[2024-10-12T11:16:06.814+0800][info] GC(326) Concurrent Mark
[2024-10-12T11:16:06.814+0800][info] GC(326) Concurrent Mark From Roots
[2024-10-12T11:16:06.814+0800][info] GC(326) Using 12 workers of 12 for marking
[2024-10-12T11:16:06.814+0800][info] GC(325) Phase 1: Mark live objects
[2024-10-12T11:16:06.818+0800][info] GC(325) Phase 1: Mark live objects 3.355ms
[2024-10-12T11:16:06.818+0800][info] GC(325) Phase 2: Prepare for compaction
[2024-10-12T11:16:06.819+0800][info] GC(325) Phase 2: Prepare for compaction 0.958ms
[2024-10-12T11:16:06.819+0800][info] GC(325) Phase 3: Adjust pointers
[2024-10-12T11:16:06.820+0800][info] GC(325) Phase 3: Adjust pointers 1.771ms
[2024-10-12T11:16:06.821+0800][info] GC(325) Phase 4: Compact heap
[2024-10-12T11:16:06.834+0800][info] GC(325) Phase 4: Compact heap 13.554ms
[2024-10-12T11:16:06.835+0800][info] GC(325) Eden regions: 0->0(4)
[2024-10-12T11:16:06.835+0800][info] GC(325) Survivor regions: 0->0(0)
[2024-10-12T11:16:06.836+0800][info] GC(325) Old regions: 59->38
[2024-10-12T11:16:06.836+0800][info] GC(325) Archive regions: 2->2
[2024-10-12T11:16:06.836+0800][info] GC(325) Humongous regions: 3->3
[2024-10-12T11:16:06.836+0800][info] GC(325) Metaspace: 1642K(1792K)->1642K(1792K) NonClass: 1518K(1600K)->1518K(1600K) Class: 124K(192K)->124K(192K)
[2024-10-12T11:16:06.836+0800][info] GC(325) Pause Full (G1 Compaction Pause) 116M->71M(128M) 21.566ms
[2024-10-12T11:16:06.836+0800][info] GC(325) User=0.05s Sys=0.00s Real=0.02s
[2024-10-12T11:16:06.836+0800][info] GC(326) Concurrent Mark From Roots 21.805ms
[2024-10-12T11:16:06.836+0800][info] GC(326) Concurrent Mark Abort
[2024-10-12T11:16:06.836+0800][info] GC(326) Concurrent Mark Cycle 21.985ms
[2024-10-12T11:16:07.062+0800][info] GC(327) Pause Young (Normal) (G1 Evacuation Pause)
[2024-10-12T11:16:07.062+0800][info] GC(327) Using 3 workers of 48 for evacuation
[2024-10-12T11:16:07.064+0800][info] GC(327)   Pre Evacuate Collection Set: 0.1ms
[2024-10-12T11:16:07.064+0800][info] GC(327)   Merge Heap Roots: 0.1ms
[2024-10-12T11:16:07.064+0800][info] GC(327)   Evacuate Collection Set: 1.3ms
[2024-10-12T11:16:07.064+0800][info] GC(327)   Post Evacuate Collection Set: 0.2ms
[2024-10-12T11:16:07.064+0800][info] GC(327)   Other: 0.2ms
[2024-10-12T11:16:07.064+0800][info] GC(327) Eden regions: 4->0(2)
[2024-10-12T11:16:07.064+0800][info] GC(327) Survivor regions: 0->1(1)
[2024-10-12T11:16:07.064+0800][info] GC(327) Old regions: 38->42
[2024-10-12T11:16:07.064+0800][info] GC(327) Archive regions: 2->2
[2024-10-12T11:16:07.064+0800][info] GC(327) Humongous regions: 4->4
[2024-10-12T11:16:07.064+0800][info] GC(327) Metaspace: 1642K(1792K)->1642K(1792K) NonClass: 1518K(1600K)->1518K(1600K) Class: 124K(192K)->124K(192K)
[2024-10-12T11:16:07.064+0800][info] GC(327) Pause Young (Normal) (G1 Evacuation Pause) 81M->82M(128M) 2.078ms
[2024-10-12T11:16:07.064+0800][info] GC(327) User=0.00s Sys=0.00s Real=0.00s
[2024-10-12T11:16:07.166+0800][info] GC(328) Pause Young (Normal) (G1 Evacuation Pause)
[2024-10-12T11:16:07.166+0800][info] GC(328) Using 3 workers of 48 for evacuation
[2024-10-12T11:16:07.168+0800][info] GC(328)   Pre Evacuate Collection Set: 0.1ms
[2024-10-12T11:16:07.168+0800][info] GC(328)   Merge Heap Roots: 0.0ms
[2024-10-12T11:16:07.168+0800][info] GC(328)   Evacuate Collection Set: 0.8ms
[2024-10-12T11:16:07.168+0800][info] GC(328)   Post Evacuate Collection Set: 0.2ms
[2024-10-12T11:16:07.168+0800][info] GC(328)   Other: 0.2ms
[2024-10-12T11:16:07.168+0800][info] GC(328) Eden regions: 2->0(2)
[2024-10-12T11:16:07.168+0800][info] GC(328) Survivor regions: 1->1(1)
[2024-10-12T11:16:07.168+0800][info] GC(328) Old regions: 42->44
[2024-10-12T11:16:07.168+0800][info] GC(328) Archive regions: 2->2
[2024-10-12T11:16:07.168+0800][info] GC(328) Humongous regions: 4->4
[2024-10-12T11:16:07.168+0800][info] GC(328) Metaspace: 1642K(1792K)->1642K(1792K) NonClass: 1518K(1600K)->1518K(1600K) Class: 124K(192K)->124K(192K)
[2024-10-12T11:16:07.168+0800][info] GC(328) Pause Young (Normal) (G1 Evacuation Pause) 85M->86M(128M) 1.496ms
[2024-10-12T11:16:07.168+0800][info] GC(328) User=0.00s Sys=0.01s Real=0.00s
[2024-10-12T11:16:07.270+0800][info] GC(329) Pause Young (Concurrent Start) (G1 Evacuation Pause)
[2024-10-12T11:16:07.270+0800][info] GC(329) Using 3 workers of 48 for evacuation
[2024-10-12T11:16:07.272+0800][info] GC(329)   Pre Evacuate Collection Set: 0.1ms
[2024-10-12T11:16:07.272+0800][info] GC(329)   Merge Heap Roots: 0.1ms
[2024-10-12T11:16:07.272+0800][info] GC(329)   Evacuate Collection Set: 1.1ms
[2024-10-12T11:16:07.272+0800][info] GC(329)   Post Evacuate Collection Set: 0.2ms
[2024-10-12T11:16:07.272+0800][info] GC(329)   Other: 0.4ms
[2024-10-12T11:16:07.272+0800][info] GC(329) Eden regions: 2->0(2)
[2024-10-12T11:16:07.272+0800][info] GC(329) Survivor regions: 1->1(1)
[2024-10-12T11:16:07.272+0800][info] GC(329) Old regions: 44->46
[2024-10-12T11:16:07.272+0800][info] GC(329) Archive regions: 2->2
[2024-10-12T11:16:07.272+0800][info] GC(329) Humongous regions: 4->4
[2024-10-12T11:16:07.272+0800][info] GC(329) Metaspace: 1642K(1792K)->1642K(1792K) NonClass: 1518K(1600K)->1518K(1600K) Class: 124K(192K)->124K(192K)
[2024-10-12T11:16:07.272+0800][info] GC(329) Pause Young (Concurrent Start) (G1 Evacuation Pause) 89M->90M(128M) 1.934ms
[2024-10-12T11:16:07.272+0800][info] GC(329) User=0.01s Sys=0.00s Real=0.00s
[2024-10-12T11:16:07.272+0800][info] GC(330) Concurrent Mark Cycle
[2024-10-12T11:16:07.272+0800][info] GC(330) Concurrent Clear Claimed Marks
[2024-10-12T11:16:07.272+0800][info] GC(330) Concurrent Clear Claimed Marks 0.017ms
[2024-10-12T11:16:07.272+0800][info] GC(330) Concurrent Scan Root Regions
[2024-10-12T11:16:07.272+0800][info] GC(330) Concurrent Scan Root Regions 0.103ms
[2024-10-12T11:16:07.272+0800][info] GC(330) Concurrent Mark
[2024-10-12T11:16:07.272+0800][info] GC(330) Concurrent Mark From Roots
[2024-10-12T11:16:07.272+0800][info] GC(330) Using 12 workers of 12 for marking
[2024-10-12T11:16:07.276+0800][info] GC(330) Concurrent Mark From Roots 3.288ms
[2024-10-12T11:16:07.276+0800][info] GC(330) Concurrent Preclean
[2024-10-12T11:16:07.278+0800][info] GC(330) Concurrent Preclean 2.116ms
[2024-10-12T11:16:07.278+0800][info] GC(330) Pause Remark
[2024-10-12T11:16:07.280+0800][info] GC(330) Pause Remark 90M->88M(128M) 1.610ms
[2024-10-12T11:16:07.280+0800][info] GC(330) User=0.01s Sys=0.00s Real=0.00s
[2024-10-12T11:16:07.280+0800][info] GC(330) Concurrent Mark 7.367ms
[2024-10-12T11:16:07.280+0800][info] GC(330) Concurrent Rebuild Remembered Sets
[2024-10-12T11:16:07.282+0800][info] GC(330) Concurrent Rebuild Remembered Sets 1.753ms
[2024-10-12T11:16:07.282+0800][info] GC(330) Pause Cleanup
[2024-10-12T11:16:07.282+0800][info] GC(330) Pause Cleanup 88M->88M(128M) 0.211ms
[2024-10-12T11:16:07.282+0800][info] GC(330) User=0.00s Sys=0.00s Real=0.00s
[2024-10-12T11:16:07.282+0800][info] GC(330) Concurrent Cleanup for Next Mark
[2024-10-12T11:16:07.282+0800][info] GC(330) Concurrent Cleanup for Next Mark 0.396ms
[2024-10-12T11:16:07.282+0800][info] GC(330) Concurrent Mark Cycle 10.145ms
[2024-10-12T11:16:07.426+0800][info] GC(331) Pause Young (Prepare Mixed) (G1 Evacuation Pause)
[2024-10-12T11:16:07.426+0800][info] GC(331) Using 3 workers of 48 for evacuation
[2024-10-12T11:16:07.427+0800][info] GC(331)   Pre Evacuate Collection Set: 0.1ms
[2024-10-12T11:16:07.427+0800][info] GC(331)   Merge Heap Roots: 0.1ms
[2024-10-12T11:16:07.427+0800][info] GC(331)   Evacuate Collection Set: 1.0ms
[2024-10-12T11:16:07.427+0800][info] GC(331)   Post Evacuate Collection Set: 0.2ms
[2024-10-12T11:16:07.427+0800][info] GC(331)   Other: 0.2ms
[2024-10-12T11:16:07.427+0800][info] GC(331) Eden regions: 2->0(2)
[2024-10-12T11:16:07.427+0800][info] GC(331) Survivor regions: 1->1(1)
[2024-10-12T11:16:07.427+0800][info] GC(331) Old regions: 46->48
[2024-10-12T11:16:07.427+0800][info] GC(331) Archive regions: 2->2
[2024-10-12T11:16:07.427+0800][info] GC(331) Humongous regions: 3->3
[2024-10-12T11:16:07.427+0800][info] GC(331) Metaspace: 1651K(1856K)->1651K(1856K) NonClass: 1527K(1664K)->1527K(1664K) Class: 124K(192K)->124K(192K)
[2024-10-12T11:16:07.427+0800][info] GC(331) Pause Young (Prepare Mixed) (G1 Evacuation Pause) 91M->92M(128M) 1.699ms
[2024-10-12T11:16:07.428+0800][info] GC(331) User=0.00s Sys=0.00s Real=0.00s
[2024-10-12T11:16:07.530+0800][info] GC(332) Pause Young (Mixed) (G1 Evacuation Pause)
[2024-10-12T11:16:07.530+0800][info] GC(332) Using 3 workers of 48 for evacuation
[2024-10-12T11:16:07.536+0800][info] GC(332) To-space exhausted
[2024-10-12T11:16:07.536+0800][info] GC(332)   Pre Evacuate Collection Set: 0.2ms
[2024-10-12T11:16:07.536+0800][info] GC(332)   Merge Heap Roots: 0.1ms
[2024-10-12T11:16:07.536+0800][info] GC(332)   Evacuate Collection Set: 4.6ms
[2024-10-12T11:16:07.536+0800][info] GC(332)   Post Evacuate Collection Set: 1.5ms
[2024-10-12T11:16:07.536+0800][info] GC(332)   Other: 0.2ms
[2024-10-12T11:16:07.536+0800][info] GC(332) Eden regions: 2->0(2)
[2024-10-12T11:16:07.536+0800][info] GC(332) Survivor regions: 1->1(1)
[2024-10-12T11:16:07.536+0800][info] GC(332) Old regions: 48->55
[2024-10-12T11:16:07.536+0800][info] GC(332) Archive regions: 2->2
[2024-10-12T11:16:07.536+0800][info] GC(332) Humongous regions: 3->3
[2024-10-12T11:16:07.536+0800][info] GC(332) Metaspace: 1651K(1856K)->1651K(1856K) NonClass: 1527K(1664K)->1527K(1664K) Class: 124K(192K)->124K(192K)
[2024-10-12T11:16:07.536+0800][info] GC(332) Pause Young (Mixed) (G1 Evacuation Pause) 96M->108M(128M) 6.674ms
[2024-10-12T11:16:07.536+0800][info] GC(332) User=0.02s Sys=0.00s Real=0.01s
[2024-10-12T11:16:07.598+0800][info] GC(333) Pause Young (Concurrent Start) (G1 Preventive Collection)
[2024-10-12T11:16:07.598+0800][info] GC(333) Using 3 workers of 48 for evacuation
[2024-10-12T11:16:07.600+0800][info] GC(333)   Pre Evacuate Collection Set: 0.1ms
[2024-10-12T11:16:07.600+0800][info] GC(333)   Merge Heap Roots: 0.1ms
[2024-10-12T11:16:07.600+0800][info] GC(333)   Evacuate Collection Set: 0.9ms
[2024-10-12T11:16:07.600+0800][info] GC(333)   Post Evacuate Collection Set: 0.2ms
[2024-10-12T11:16:07.600+0800][info] GC(333)   Other: 0.4ms
[2024-10-12T11:16:07.600+0800][info] GC(333) Eden regions: 1->0(2)
[2024-10-12T11:16:07.600+0800][info] GC(333) Survivor regions: 1->1(1)
[2024-10-12T11:16:07.600+0800][info] GC(333) Old regions: 55->56
[2024-10-12T11:16:07.600+0800][info] GC(333) Archive regions: 2->2
[2024-10-12T11:16:07.600+0800][info] GC(333) Humongous regions: 3->3
[2024-10-12T11:16:07.600+0800][info] GC(333) Metaspace: 1651K(1856K)->1651K(1856K) NonClass: 1527K(1664K)->1527K(1664K) Class: 124K(192K)->124K(192K)
[2024-10-12T11:16:07.600+0800][info] GC(333) Pause Young (Concurrent Start) (G1 Preventive Collection) 109M->109M(128M) 1.838ms
[2024-10-12T11:16:07.600+0800][info] GC(333) User=0.00s Sys=0.00s Real=0.00s
[2024-10-12T11:16:07.600+0800][info] GC(334) Concurrent Mark Cycle
[2024-10-12T11:16:07.600+0800][info] GC(334) Concurrent Clear Claimed Marks
[2024-10-12T11:16:07.600+0800][info] GC(334) Concurrent Clear Claimed Marks 0.017ms
[2024-10-12T11:16:07.600+0800][info] GC(334) Concurrent Scan Root Regions
[2024-10-12T11:16:07.600+0800][info] GC(334) Concurrent Scan Root Regions 0.142ms
[2024-10-12T11:16:07.600+0800][info] GC(334) Concurrent Mark
[2024-10-12T11:16:07.600+0800][info] GC(334) Concurrent Mark From Roots
[2024-10-12T11:16:07.600+0800][info] GC(334) Using 12 workers of 12 for marking
[2024-10-12T11:16:07.603+0800][info] GC(334) Concurrent Mark From Roots 3.317ms
[2024-10-12T11:16:07.603+0800][info] GC(334) Concurrent Preclean
[2024-10-12T11:16:07.605+0800][info] GC(334) Concurrent Preclean 1.673ms
[2024-10-12T11:16:07.605+0800][info] GC(334) Pause Remark
[2024-10-12T11:16:07.607+0800][info] GC(334) Pause Remark 110M->110M(128M) 1.558ms
[2024-10-12T11:16:07.607+0800][info] GC(334) User=0.00s Sys=0.00s Real=0.00s
[2024-10-12T11:16:07.607+0800][info] GC(334) Concurrent Mark 6.822ms
[2024-10-12T11:16:07.607+0800][info] GC(334) Concurrent Rebuild Remembered Sets
[2024-10-12T11:16:07.608+0800][info] GC(334) Concurrent Rebuild Remembered Sets 0.969ms
[2024-10-12T11:16:07.608+0800][info] GC(334) Pause Cleanup
[2024-10-12T11:16:07.608+0800][info] GC(334) Pause Cleanup 110M->110M(128M) 0.194ms
[2024-10-12T11:16:07.608+0800][info] GC(334) User=0.00s Sys=0.00s Real=0.00s
[2024-10-12T11:16:07.608+0800][info] GC(334) Concurrent Cleanup for Next Mark
[2024-10-12T11:16:07.609+0800][info] GC(334) Concurrent Cleanup for Next Mark 0.399ms
[2024-10-12T11:16:07.609+0800][info] GC(334) Concurrent Mark Cycle 8.814ms
[2024-10-12T11:16:07.692+0800][info] GC(335) Pause Young (Prepare Mixed) (G1 Preventive Collection)
[2024-10-12T11:16:07.692+0800][info] GC(335) Using 3 workers of 48 for evacuation
[2024-10-12T11:16:07.693+0800][info] GC(335) To-space exhausted
[2024-10-12T11:16:07.693+0800][info] GC(335)   Pre Evacuate Collection Set: 0.1ms
[2024-10-12T11:16:07.693+0800][info] GC(335)   Merge Heap Roots: 0.1ms
[2024-10-12T11:16:07.693+0800][info] GC(335)   Evacuate Collection Set: 0.4ms
[2024-10-12T11:16:07.693+0800][info] GC(335)   Post Evacuate Collection Set: 0.2ms
[2024-10-12T11:16:07.693+0800][info] GC(335)   Other: 0.2ms
[2024-10-12T11:16:07.693+0800][info] GC(335) Eden regions: 1->0(2)
[2024-10-12T11:16:07.693+0800][info] GC(335) Survivor regions: 1->1(1)
[2024-10-12T11:16:07.693+0800][info] GC(335) Old regions: 56->57
[2024-10-12T11:16:07.693+0800][info] GC(335) Archive regions: 2->2
[2024-10-12T11:16:07.693+0800][info] GC(335) Humongous regions: 3->3
[2024-10-12T11:16:07.693+0800][info] GC(335) Metaspace: 1651K(1856K)->1651K(1856K) NonClass: 1527K(1664K)->1527K(1664K) Class: 124K(192K)->124K(192K)
[2024-10-12T11:16:07.694+0800][info] GC(335) Pause Young (Prepare Mixed) (G1 Preventive Collection) 111M->111M(128M) 1.157ms
[2024-10-12T11:16:07.694+0800][info] GC(335) User=0.00s Sys=0.00s Real=0.01s
[2024-10-12T11:16:07.755+0800][info] GC(336) Pause Young (Mixed) (G1 Evacuation Pause)
[2024-10-12T11:16:07.755+0800][info] GC(336) Using 3 workers of 48 for evacuation
[2024-10-12T11:16:07.756+0800][info] GC(336) To-space exhausted
[2024-10-12T11:16:07.756+0800][info] GC(336)   Pre Evacuate Collection Set: 0.2ms
[2024-10-12T11:16:07.756+0800][info] GC(336)   Merge Heap Roots: 0.1ms
[2024-10-12T11:16:07.756+0800][info] GC(336)   Evacuate Collection Set: 0.7ms
[2024-10-12T11:16:07.756+0800][info] GC(336)   Post Evacuate Collection Set: 0.6ms
[2024-10-12T11:16:07.756+0800][info] GC(336)   Other: 0.2ms
[2024-10-12T11:16:07.757+0800][info] GC(336) Eden regions: 1->0(3)
[2024-10-12T11:16:07.757+0800][info] GC(336) Survivor regions: 1->0(0)
[2024-10-12T11:16:07.757+0800][info] GC(336) Old regions: 57->58
[2024-10-12T11:16:07.757+0800][info] GC(336) Archive regions: 2->2
[2024-10-12T11:16:07.757+0800][info] GC(336) Humongous regions: 3->3
[2024-10-12T11:16:07.757+0800][info] GC(336) Metaspace: 1651K(1856K)->1651K(1856K) NonClass: 1527K(1664K)->1527K(1664K) Class: 124K(192K)->124K(192K)
[2024-10-12T11:16:07.757+0800][info] GC(336) Pause Young (Mixed) (G1 Evacuation Pause) 113M->111M(128M) 1.785ms
[2024-10-12T11:16:07.757+0800][info] GC(336) User=0.00s Sys=0.00s Real=0.00s
[2024-10-12T11:16:07.798+0800][info] GC(337) Pause Young (Concurrent Start) (G1 Evacuation Pause)
[2024-10-12T11:16:07.798+0800][info] GC(337) Using 3 workers of 48 for evacuation
[2024-10-12T11:16:07.799+0800][info] GC(337) To-space exhausted
[2024-10-12T11:16:07.799+0800][info] GC(337)   Pre Evacuate Collection Set: 0.1ms
[2024-10-12T11:16:07.799+0800][info] GC(337)   Merge Heap Roots: 0.1ms
[2024-10-12T11:16:07.799+0800][info] GC(337)   Evacuate Collection Set: 0.4ms
[2024-10-12T11:16:07.799+0800][info] GC(337)   Post Evacuate Collection Set: 0.2ms
[2024-10-12T11:16:07.799+0800][info] GC(337)   Other: 0.3ms
[2024-10-12T11:16:07.799+0800][info] GC(337) Eden regions: 1->0(3)
[2024-10-12T11:16:07.799+0800][info] GC(337) Survivor regions: 0->0(0)
[2024-10-12T11:16:07.799+0800][info] GC(337) Old regions: 58->59
[2024-10-12T11:16:07.799+0800][info] GC(337) Archive regions: 2->2
[2024-10-12T11:16:07.799+0800][info] GC(337) Humongous regions: 3->3
[2024-10-12T11:16:07.799+0800][info] GC(337) Metaspace: 1651K(1856K)->1651K(1856K) NonClass: 1527K(1664K)->1527K(1664K) Class: 124K(192K)->124K(192K)
[2024-10-12T11:16:07.799+0800][info] GC(337) Pause Young (Concurrent Start) (G1 Evacuation Pause) 113M->113M(128M) 1.259ms
[2024-10-12T11:16:07.799+0800][info] GC(337) User=0.00s Sys=0.00s Real=0.00s
[2024-10-12T11:16:07.799+0800][info] Attempting full compaction
[2024-10-12T11:16:07.799+0800][info] GC(338) Using 3 workers of 48 for full compaction
[2024-10-12T11:16:07.799+0800][info] GC(338) Pause Full (G1 Compaction Pause)
[2024-10-12T11:16:07.799+0800][info] GC(339) Concurrent Mark Cycle
[2024-10-12T11:16:07.799+0800][info] GC(339) Concurrent Clear Claimed Marks
[2024-10-12T11:16:07.799+0800][info] GC(339) Concurrent Clear Claimed Marks 0.016ms
[2024-10-12T11:16:07.799+0800][info] GC(339) Concurrent Scan Root Regions
[2024-10-12T11:16:07.799+0800][info] GC(339) Concurrent Scan Root Regions 0.010ms
[2024-10-12T11:16:07.799+0800][info] GC(339) Concurrent Mark
[2024-10-12T11:16:07.799+0800][info] GC(339) Concurrent Mark From Roots
[2024-10-12T11:16:07.799+0800][info] GC(339) Using 12 workers of 12 for marking
[2024-10-12T11:16:07.799+0800][info] GC(338) Phase 1: Mark live objects
[2024-10-12T11:16:07.803+0800][info] GC(338) Phase 1: Mark live objects 3.459ms
[2024-10-12T11:16:07.803+0800][info] GC(338) Phase 2: Prepare for compaction
[2024-10-12T11:16:07.803+0800][info] GC(338) Phase 2: Prepare for compaction 0.436ms
[2024-10-12T11:16:07.803+0800][info] GC(338) Phase 3: Adjust pointers
[2024-10-12T11:16:07.805+0800][info] GC(338) Phase 3: Adjust pointers 1.548ms
[2024-10-12T11:16:07.805+0800][info] GC(338) Phase 4: Compact heap
[2024-10-12T11:16:07.815+0800][info] GC(338) Phase 4: Compact heap 10.407ms
[2024-10-12T11:16:07.817+0800][info] GC(338) Eden regions: 0->0(4)
[2024-10-12T11:16:07.817+0800][info] GC(338) Survivor regions: 0->0(0)
[2024-10-12T11:16:07.817+0800][info] GC(338) Old regions: 59->38
[2024-10-12T11:16:07.817+0800][info] GC(338) Archive regions: 2->2
[2024-10-12T11:16:07.817+0800][info] GC(338) Humongous regions: 3->3
[2024-10-12T11:16:07.817+0800][info] GC(338) Metaspace: 1651K(1856K)->1651K(1856K) NonClass: 1527K(1664K)->1527K(1664K) Class: 124K(192K)->124K(192K)
[2024-10-12T11:16:07.817+0800][info] GC(338) Pause Full (G1 Compaction Pause) 113M->71M(128M) 17.712ms
[2024-10-12T11:16:07.817+0800][info] GC(338) User=0.04s Sys=0.00s Real=0.02s
[2024-10-12T11:16:07.817+0800][info] GC(339) Concurrent Mark From Roots 17.898ms
[2024-10-12T11:16:07.817+0800][info] GC(339) Concurrent Mark Abort
[2024-10-12T11:16:07.817+0800][info] GC(339) Concurrent Mark Cycle 18.078ms
[2024-10-12T11:16:08.043+0800][info] GC(340) Pause Young (Normal) (G1 Evacuation Pause)
[2024-10-12T11:16:08.043+0800][info] GC(340) Using 3 workers of 48 for evacuation
[2024-10-12T11:16:08.044+0800][info] GC(340)   Pre Evacuate Collection Set: 0.1ms
[2024-10-12T11:16:08.044+0800][info] GC(340)   Merge Heap Roots: 0.1ms
[2024-10-12T11:16:08.045+0800][info] GC(340)   Evacuate Collection Set: 1.2ms
[2024-10-12T11:16:08.045+0800][info] GC(340)   Post Evacuate Collection Set: 0.2ms
[2024-10-12T11:16:08.045+0800][info] GC(340)   Other: 0.2ms
[2024-10-12T11:16:08.045+0800][info] GC(340) Eden regions: 4->0(3)
[2024-10-12T11:16:08.045+0800][info] GC(340) Survivor regions: 0->1(1)
[2024-10-12T11:16:08.045+0800][info] GC(340) Old regions: 38->41
[2024-10-12T11:16:08.045+0800][info] GC(340) Archive regions: 2->2
[2024-10-12T11:16:08.045+0800][info] GC(340) Humongous regions: 3->3
[2024-10-12T11:16:08.045+0800][info] GC(340) Metaspace: 1652K(1856K)->1652K(1856K) NonClass: 1528K(1664K)->1528K(1664K) Class: 124K(192K)->124K(192K)
[2024-10-12T11:16:08.045+0800][info] GC(340) Pause Young (Normal) (G1 Evacuation Pause) 79M->79M(128M) 2.004ms
[2024-10-12T11:16:08.045+0800][info] GC(340) User=0.00s Sys=0.00s Real=0.00s
[2024-10-12T11:16:08.208+0800][info] GC(341) Pause Young (Normal) (G1 Evacuation Pause)
[2024-10-12T11:16:08.208+0800][info] GC(341) Using 3 workers of 48 for evacuation
[2024-10-12T11:16:08.210+0800][info] GC(341)   Pre Evacuate Collection Set: 0.1ms
[2024-10-12T11:16:08.210+0800][info] GC(341)   Merge Heap Roots: 0.0ms
[2024-10-12T11:16:08.210+0800][info] GC(341)   Evacuate Collection Set: 1.5ms
[2024-10-12T11:16:08.210+0800][info] GC(341)   Post Evacuate Collection Set: 0.2ms
[2024-10-12T11:16:08.210+0800][info] GC(341)   Other: 0.2ms
[2024-10-12T11:16:08.210+0800][info] GC(341) Eden regions: 3->0(2)
[2024-10-12T11:16:08.210+0800][info] GC(341) Survivor regions: 1->1(1)
[2024-10-12T11:16:08.210+0800][info] GC(341) Old regions: 41->44
[2024-10-12T11:16:08.210+0800][info] GC(341) Archive regions: 2->2
[2024-10-12T11:16:08.210+0800][info] GC(341) Humongous regions: 3->3
[2024-10-12T11:16:08.210+0800][info] GC(341) Metaspace: 1652K(1856K)->1652K(1856K) NonClass: 1528K(1664K)->1528K(1664K) Class: 124K(192K)->124K(192K)
[2024-10-12T11:16:08.210+0800][info] GC(341) Pause Young (Normal) (G1 Evacuation Pause) 84M->85M(128M) 2.117ms
[2024-10-12T11:16:08.210+0800][info] GC(341) User=0.00s Sys=0.00s Real=0.00s
[2024-10-12T11:16:08.313+0800][info] GC(342) Pause Young (Concurrent Start) (G1 Evacuation Pause)
[2024-10-12T11:16:08.313+0800][info] GC(342) Using 3 workers of 48 for evacuation
[2024-10-12T11:16:08.315+0800][info] GC(342)   Pre Evacuate Collection Set: 0.1ms
[2024-10-12T11:16:08.315+0800][info] GC(342)   Merge Heap Roots: 0.0ms
[2024-10-12T11:16:08.315+0800][info] GC(342)   Evacuate Collection Set: 0.9ms
[2024-10-12T11:16:08.315+0800][info] GC(342)   Post Evacuate Collection Set: 0.2ms
[2024-10-12T11:16:08.315+0800][info] GC(342)   Other: 0.4ms
[2024-10-12T11:16:08.315+0800][info] GC(342) Eden regions: 2->0(2)
[2024-10-12T11:16:08.315+0800][info] GC(342) Survivor regions: 1->1(1)
[2024-10-12T11:16:08.315+0800][info] GC(342) Old regions: 44->46
[2024-10-12T11:16:08.315+0800][info] GC(342) Archive regions: 2->2
[2024-10-12T11:16:08.315+0800][info] GC(342) Humongous regions: 3->3
[2024-10-12T11:16:08.315+0800][info] GC(342) Metaspace: 1652K(1856K)->1652K(1856K) NonClass: 1528K(1664K)->1528K(1664K) Class: 124K(192K)->124K(192K)
[2024-10-12T11:16:08.315+0800][info] GC(342) Pause Young (Concurrent Start) (G1 Evacuation Pause) 89M->89M(128M) 1.812ms
[2024-10-12T11:16:08.315+0800][info] GC(342) User=0.00s Sys=0.01s Real=0.01s
[2024-10-12T11:16:08.315+0800][info] GC(343) Concurrent Mark Cycle
[2024-10-12T11:16:08.315+0800][info] GC(343) Concurrent Clear Claimed Marks
[2024-10-12T11:16:08.315+0800][info] GC(343) Concurrent Clear Claimed Marks 0.017ms
[2024-10-12T11:16:08.315+0800][info] GC(343) Concurrent Scan Root Regions
[2024-10-12T11:16:08.315+0800][info] GC(343) Concurrent Scan Root Regions 0.151ms
[2024-10-12T11:16:08.315+0800][info] GC(343) Concurrent Mark
[2024-10-12T11:16:08.315+0800][info] GC(343) Concurrent Mark From Roots
[2024-10-12T11:16:08.315+0800][info] GC(343) Using 12 workers of 12 for marking
[2024-10-12T11:16:08.318+0800][info] GC(343) Concurrent Mark From Roots 3.323ms
[2024-10-12T11:16:08.318+0800][info] GC(343) Concurrent Preclean
[2024-10-12T11:16:08.320+0800][info] GC(343) Concurrent Preclean 1.668ms
[2024-10-12T11:16:08.320+0800][info] GC(343) Pause Remark
[2024-10-12T11:16:08.322+0800][info] GC(343) Pause Remark 89M->89M(128M) 1.514ms
[2024-10-12T11:16:08.322+0800][info] GC(343) User=0.00s Sys=0.00s Real=0.00s
[2024-10-12T11:16:08.322+0800][info] GC(343) Concurrent Mark 6.744ms
[2024-10-12T11:16:08.322+0800][info] GC(343) Concurrent Rebuild Remembered Sets
[2024-10-12T11:16:08.323+0800][info] GC(343) Concurrent Rebuild Remembered Sets 1.158ms
[2024-10-12T11:16:08.323+0800][info] GC(343) Pause Cleanup
[2024-10-12T11:16:08.323+0800][info] GC(343) Pause Cleanup 89M->89M(128M) 0.232ms
[2024-10-12T11:16:08.323+0800][info] GC(343) User=0.00s Sys=0.00s Real=0.00s
[2024-10-12T11:16:08.323+0800][info] GC(343) Concurrent Cleanup for Next Mark
[2024-10-12T11:16:08.324+0800][info] GC(343) Concurrent Cleanup for Next Mark 0.376ms
[2024-10-12T11:16:08.324+0800][info] GC(343) Concurrent Mark Cycle 9.029ms
[2024-10-12T11:16:08.468+0800][info] GC(344) Pause Young (Prepare Mixed) (G1 Evacuation Pause)
[2024-10-12T11:16:08.468+0800][info] GC(344) Using 3 workers of 48 for evacuation
[2024-10-12T11:16:08.469+0800][info] GC(344)   Pre Evacuate Collection Set: 0.1ms
[2024-10-12T11:16:08.469+0800][info] GC(344)   Merge Heap Roots: 0.1ms
[2024-10-12T11:16:08.469+0800][info] GC(344)   Evacuate Collection Set: 1.0ms
[2024-10-12T11:16:08.469+0800][info] GC(344)   Post Evacuate Collection Set: 0.3ms
[2024-10-12T11:16:08.469+0800][info] GC(344)   Other: 0.2ms
[2024-10-12T11:16:08.469+0800][info] GC(344) Eden regions: 2->0(2)
[2024-10-12T11:16:08.469+0800][info] GC(344) Survivor regions: 1->1(1)
[2024-10-12T11:16:08.469+0800][info] GC(344) Old regions: 45->47
[2024-10-12T11:16:08.469+0800][info] GC(344) Archive regions: 2->2
[2024-10-12T11:16:08.469+0800][info] GC(344) Humongous regions: 3->3
[2024-10-12T11:16:08.470+0800][info] GC(344) Metaspace: 1652K(1856K)->1652K(1856K) NonClass: 1528K(1664K)->1528K(1664K) Class: 124K(192K)->124K(192K)
[2024-10-12T11:16:08.470+0800][info] GC(344) Pause Young (Prepare Mixed) (G1 Evacuation Pause) 92M->92M(128M) 1.808ms
[2024-10-12T11:16:08.470+0800][info] GC(344) User=0.00s Sys=0.00s Real=0.00s
[2024-10-12T11:16:08.572+0800][info] GC(345) Pause Young (Mixed) (G1 Evacuation Pause)
[2024-10-12T11:16:08.572+0800][info] GC(345) Using 3 workers of 48 for evacuation
[2024-10-12T11:16:08.578+0800][info] GC(345) To-space exhausted
[2024-10-12T11:16:08.578+0800][info] GC(345)   Pre Evacuate Collection Set: 0.2ms
[2024-10-12T11:16:08.578+0800][info] GC(345)   Merge Heap Roots: 0.1ms
[2024-10-12T11:16:08.578+0800][info] GC(345)   Evacuate Collection Set: 4.5ms
[2024-10-12T11:16:08.578+0800][info] GC(345)   Post Evacuate Collection Set: 1.3ms
[2024-10-12T11:16:08.578+0800][info] GC(345)   Other: 0.2ms
[2024-10-12T11:16:08.578+0800][info] GC(345) Eden regions: 2->0(2)
[2024-10-12T11:16:08.578+0800][info] GC(345) Survivor regions: 1->1(1)
[2024-10-12T11:16:08.578+0800][info] GC(345) Old regions: 47->57
[2024-10-12T11:16:08.578+0800][info] GC(345) Archive regions: 2->2
[2024-10-12T11:16:08.578+0800][info] GC(345) Humongous regions: 3->3
[2024-10-12T11:16:08.578+0800][info] GC(345) Metaspace: 1653K(1856K)->1653K(1856K) NonClass: 1528K(1664K)->1528K(1664K) Class: 124K(192K)->124K(192K)
[2024-10-12T11:16:08.578+0800][info] GC(345) Pause Young (Mixed) (G1 Evacuation Pause) 96M->112M(128M) 6.378ms
[2024-10-12T11:16:08.578+0800][info] GC(345) User=0.01s Sys=0.00s Real=0.01s
[2024-10-12T11:16:08.640+0800][info] GC(346) Pause Young (Concurrent Start) (G1 Evacuation Pause)
[2024-10-12T11:16:08.640+0800][info] GC(346) Using 3 workers of 48 for evacuation
[2024-10-12T11:16:08.641+0800][info] GC(346) To-space exhausted
[2024-10-12T11:16:08.641+0800][info] GC(346)   Pre Evacuate Collection Set: 0.1ms
[2024-10-12T11:16:08.641+0800][info] GC(346)   Merge Heap Roots: 0.1ms
[2024-10-12T11:16:08.641+0800][info] GC(346)   Evacuate Collection Set: 0.6ms
[2024-10-12T11:16:08.641+0800][info] GC(346)   Post Evacuate Collection Set: 0.3ms
[2024-10-12T11:16:08.641+0800][info] GC(346)   Other: 0.4ms
[2024-10-12T11:16:08.641+0800][info] GC(346) Eden regions: 1->0(3)
[2024-10-12T11:16:08.641+0800][info] GC(346) Survivor regions: 1->0(0)
[2024-10-12T11:16:08.641+0800][info] GC(346) Old regions: 57->59
[2024-10-12T11:16:08.641+0800][info] GC(346) Archive regions: 2->2
[2024-10-12T11:16:08.641+0800][info] GC(346) Humongous regions: 3->3
[2024-10-12T11:16:08.641+0800][info] GC(346) Metaspace: 1653K(1856K)->1653K(1856K) NonClass: 1528K(1664K)->1528K(1664K) Class: 124K(192K)->124K(192K)
[2024-10-12T11:16:08.642+0800][info] GC(346) Pause Young (Concurrent Start) (G1 Evacuation Pause) 114M->114M(128M) 1.547ms
[2024-10-12T11:16:08.642+0800][info] GC(346) User=0.00s Sys=0.00s Real=0.00s
[2024-10-12T11:16:08.642+0800][info] Attempting full compaction
[2024-10-12T11:16:08.642+0800][info] GC(347) Using 3 workers of 48 for full compaction
[2024-10-12T11:16:08.642+0800][info] GC(347) Pause Full (G1 Compaction Pause)
[2024-10-12T11:16:08.642+0800][info] GC(348) Concurrent Mark Cycle
[2024-10-12T11:16:08.642+0800][info] GC(348) Concurrent Clear Claimed Marks
[2024-10-12T11:16:08.642+0800][info] GC(348) Concurrent Clear Claimed Marks 0.017ms
[2024-10-12T11:16:08.642+0800][info] GC(348) Concurrent Scan Root Regions
[2024-10-12T11:16:08.642+0800][info] GC(348) Concurrent Scan Root Regions 0.010ms
[2024-10-12T11:16:08.642+0800][info] GC(348) Concurrent Mark
[2024-10-12T11:16:08.642+0800][info] GC(348) Concurrent Mark From Roots
[2024-10-12T11:16:08.642+0800][info] GC(348) Using 12 workers of 12 for marking
[2024-10-12T11:16:08.642+0800][info] GC(347) Phase 1: Mark live objects
[2024-10-12T11:16:08.645+0800][info] GC(347) Phase 1: Mark live objects 3.390ms
[2024-10-12T11:16:08.645+0800][info] GC(347) Phase 2: Prepare for compaction
[2024-10-12T11:16:08.646+0800][info] GC(347) Phase 2: Prepare for compaction 0.674ms
[2024-10-12T11:16:08.646+0800][info] GC(347) Phase 3: Adjust pointers
[2024-10-12T11:16:08.648+0800][info] GC(347) Phase 3: Adjust pointers 1.684ms
[2024-10-12T11:16:08.648+0800][info] GC(347) Phase 4: Compact heap
[2024-10-12T11:16:08.660+0800][info] GC(347) Phase 4: Compact heap 12.432ms
[2024-10-12T11:16:08.662+0800][info] GC(347) Eden regions: 0->0(5)
[2024-10-12T11:16:08.662+0800][info] GC(347) Survivor regions: 0->0(0)
[2024-10-12T11:16:08.662+0800][info] GC(347) Old regions: 59->37
[2024-10-12T11:16:08.662+0800][info] GC(347) Archive regions: 2->2
[2024-10-12T11:16:08.662+0800][info] GC(347) Humongous regions: 3->3
[2024-10-12T11:16:08.662+0800][info] GC(347) Metaspace: 1653K(1856K)->1653K(1856K) NonClass: 1528K(1664K)->1528K(1664K) Class: 124K(192K)->124K(192K)
[2024-10-12T11:16:08.662+0800][info] GC(347) Pause Full (G1 Compaction Pause) 114M->72M(128M) 20.277ms
[2024-10-12T11:16:08.662+0800][info] GC(347) User=0.05s Sys=0.00s Real=0.02s
[2024-10-12T11:16:08.662+0800][info] GC(348) Concurrent Mark From Roots 20.492ms
[2024-10-12T11:16:08.662+0800][info] GC(348) Concurrent Mark Abort
[2024-10-12T11:16:08.662+0800][info] GC(348) Concurrent Mark Cycle 20.671ms
[2024-10-12T11:16:08.928+0800][info] GC(349) Pause Young (Normal) (G1 Evacuation Pause)
[2024-10-12T11:16:08.928+0800][info] GC(349) Using 3 workers of 48 for evacuation
[2024-10-12T11:16:08.930+0800][info] GC(349)   Pre Evacuate Collection Set: 0.1ms
[2024-10-12T11:16:08.930+0800][info] GC(349)   Merge Heap Roots: 0.0ms
[2024-10-12T11:16:08.930+0800][info] GC(349)   Evacuate Collection Set: 1.5ms
[2024-10-12T11:16:08.930+0800][info] GC(349)   Post Evacuate Collection Set: 0.2ms
[2024-10-12T11:16:08.930+0800][info] GC(349)   Other: 0.2ms
[2024-10-12T11:16:08.931+0800][info] GC(349) Eden regions: 5->0(3)
[2024-10-12T11:16:08.931+0800][info] GC(349) Survivor regions: 0->1(1)
[2024-10-12T11:16:08.931+0800][info] GC(349) Old regions: 37->41
[2024-10-12T11:16:08.931+0800][info] GC(349) Archive regions: 2->2
[2024-10-12T11:16:08.931+0800][info] GC(349) Humongous regions: 3->3
[2024-10-12T11:16:08.931+0800][info] GC(349) Metaspace: 1653K(1856K)->1653K(1856K) NonClass: 1529K(1664K)->1529K(1664K) Class: 124K(192K)->124K(192K)
[2024-10-12T11:16:08.931+0800][info] GC(349) Pause Young (Normal) (G1 Evacuation Pause) 81M->81M(128M) 2.201ms
[2024-10-12T11:16:08.931+0800][info] GC(349) User=0.00s Sys=0.00s Real=0.00s
[2024-10-12T11:16:09.095+0800][info] GC(350) Pause Young (Normal) (G1 Evacuation Pause)
[2024-10-12T11:16:09.095+0800][info] GC(350) Using 3 workers of 48 for evacuation
[2024-10-12T11:16:09.096+0800][info] GC(350)   Pre Evacuate Collection Set: 0.1ms
[2024-10-12T11:16:09.096+0800][info] GC(350)   Merge Heap Roots: 0.0ms
[2024-10-12T11:16:09.096+0800][info] GC(350)   Evacuate Collection Set: 1.1ms
[2024-10-12T11:16:09.096+0800][info] GC(350)   Post Evacuate Collection Set: 0.2ms
[2024-10-12T11:16:09.096+0800][info] GC(350)   Other: 0.2ms
[2024-10-12T11:16:09.096+0800][info] GC(350) Eden regions: 3->0(2)
[2024-10-12T11:16:09.096+0800][info] GC(350) Survivor regions: 1->1(1)
[2024-10-12T11:16:09.096+0800][info] GC(350) Old regions: 41->44
[2024-10-12T11:16:09.096+0800][info] GC(350) Archive regions: 2->2
[2024-10-12T11:16:09.096+0800][info] GC(350) Humongous regions: 3->3
[2024-10-12T11:16:09.096+0800][info] GC(350) Metaspace: 1656K(1856K)->1656K(1856K) NonClass: 1532K(1664K)->1532K(1664K) Class: 124K(192K)->124K(192K)
[2024-10-12T11:16:09.096+0800][info] GC(350) Pause Young (Normal) (G1 Evacuation Pause) 87M->87M(128M) 1.819ms
[2024-10-12T11:16:09.096+0800][info] GC(350) User=0.00s Sys=0.00s Real=0.00s
[2024-10-12T11:16:09.198+0800][info] GC(351) Pause Young (Concurrent Start) (G1 Evacuation Pause)
[2024-10-12T11:16:09.198+0800][info] GC(351) Using 3 workers of 48 for evacuation
[2024-10-12T11:16:09.200+0800][info] GC(351)   Pre Evacuate Collection Set: 0.1ms
[2024-10-12T11:16:09.200+0800][info] GC(351)   Merge Heap Roots: 0.1ms
[2024-10-12T11:16:09.200+0800][info] GC(351)   Evacuate Collection Set: 1.1ms
[2024-10-12T11:16:09.200+0800][info] GC(351)   Post Evacuate Collection Set: 0.2ms
[2024-10-12T11:16:09.200+0800][info] GC(351)   Other: 0.4ms
[2024-10-12T11:16:09.200+0800][info] GC(351) Eden regions: 2->0(2)
[2024-10-12T11:16:09.200+0800][info] GC(351) Survivor regions: 1->1(1)
[2024-10-12T11:16:09.200+0800][info] GC(351) Old regions: 44->46
[2024-10-12T11:16:09.200+0800][info] GC(351) Archive regions: 2->2
[2024-10-12T11:16:09.200+0800][info] GC(351) Humongous regions: 3->3
[2024-10-12T11:16:09.200+0800][info] GC(351) Metaspace: 1656K(1856K)->1656K(1856K) NonClass: 1532K(1664K)->1532K(1664K) Class: 124K(192K)->124K(192K)
[2024-10-12T11:16:09.200+0800][info] GC(351) Pause Young (Concurrent Start) (G1 Evacuation Pause) 91M->91M(128M) 1.883ms
[2024-10-12T11:16:09.200+0800][info] GC(351) User=0.01s Sys=0.00s Real=0.00s
[2024-10-12T11:16:09.200+0800][info] GC(352) Concurrent Mark Cycle
[2024-10-12T11:16:09.200+0800][info] GC(352) Concurrent Clear Claimed Marks
[2024-10-12T11:16:09.201+0800][info] GC(352) Concurrent Clear Claimed Marks 0.018ms
[2024-10-12T11:16:09.201+0800][info] GC(352) Concurrent Scan Root Regions
[2024-10-12T11:16:09.201+0800][info] GC(352) Concurrent Scan Root Regions 0.106ms
[2024-10-12T11:16:09.201+0800][info] GC(352) Concurrent Mark
[2024-10-12T11:16:09.201+0800][info] GC(352) Concurrent Mark From Roots
[2024-10-12T11:16:09.201+0800][info] GC(352) Using 12 workers of 12 for marking
[2024-10-12T11:16:09.204+0800][info] GC(352) Concurrent Mark From Roots 3.817ms
[2024-10-12T11:16:09.205+0800][info] GC(352) Concurrent Preclean
[2024-10-12T11:16:09.207+0800][info] GC(352) Concurrent Preclean 2.008ms
[2024-10-12T11:16:09.207+0800][info] GC(352) Pause Remark
[2024-10-12T11:16:09.208+0800][info] GC(352) Pause Remark 94M->94M(128M) 1.679ms
[2024-10-12T11:16:09.208+0800][info] GC(352) User=0.01s Sys=0.00s Real=0.00s
[2024-10-12T11:16:09.209+0800][info] GC(352) Concurrent Mark 7.852ms
[2024-10-12T11:16:09.209+0800][info] GC(352) Concurrent Rebuild Remembered Sets
[2024-10-12T11:16:09.210+0800][info] GC(352) Concurrent Rebuild Remembered Sets 1.178ms
[2024-10-12T11:16:09.210+0800][info] GC(352) Pause Cleanup
[2024-10-12T11:16:09.210+0800][info] GC(352) Pause Cleanup 94M->94M(128M) 0.227ms
[2024-10-12T11:16:09.210+0800][info] GC(352) User=0.00s Sys=0.00s Real=0.00s
[2024-10-12T11:16:09.210+0800][info] GC(352) Concurrent Cleanup for Next Mark
[2024-10-12T11:16:09.211+0800][info] GC(352) Concurrent Cleanup for Next Mark 0.366ms
[2024-10-12T11:16:09.211+0800][info] GC(352) Concurrent Mark Cycle 10.090ms
[2024-10-12T11:16:09.355+0800][info] GC(353) Pause Young (Prepare Mixed) (G1 Evacuation Pause)
[2024-10-12T11:16:09.355+0800][info] GC(353) Using 3 workers of 48 for evacuation
[2024-10-12T11:16:09.356+0800][info] GC(353)   Pre Evacuate Collection Set: 0.1ms
[2024-10-12T11:16:09.356+0800][info] GC(353)   Merge Heap Roots: 0.1ms
[2024-10-12T11:16:09.356+0800][info] GC(353)   Evacuate Collection Set: 1.0ms
[2024-10-12T11:16:09.356+0800][info] GC(353)   Post Evacuate Collection Set: 0.2ms
[2024-10-12T11:16:09.356+0800][info] GC(353)   Other: 0.2ms
[2024-10-12T11:16:09.356+0800][info] GC(353) Eden regions: 2->0(2)
[2024-10-12T11:16:09.356+0800][info] GC(353) Survivor regions: 1->1(1)
[2024-10-12T11:16:09.356+0800][info] GC(353) Old regions: 46->48
[2024-10-12T11:16:09.356+0800][info] GC(353) Archive regions: 2->2
[2024-10-12T11:16:09.356+0800][info] GC(353) Humongous regions: 4->3
[2024-10-12T11:16:09.356+0800][info] GC(353) Metaspace: 1676K(1856K)->1676K(1856K) NonClass: 1552K(1664K)->1552K(1664K) Class: 124K(192K)->124K(192K)
[2024-10-12T11:16:09.356+0800][info] GC(353) Pause Young (Prepare Mixed) (G1 Evacuation Pause) 97M->95M(128M) 1.781ms
[2024-10-12T11:16:09.356+0800][info] GC(353) User=0.01s Sys=0.00s Real=0.00s
[2024-10-12T11:16:09.459+0800][info] GC(354) Pause Young (Mixed) (G1 Evacuation Pause)
[2024-10-12T11:16:09.459+0800][info] GC(354) Using 3 workers of 48 for evacuation
[2024-10-12T11:16:09.464+0800][info] GC(354) To-space exhausted
[2024-10-12T11:16:09.464+0800][info] GC(354)   Pre Evacuate Collection Set: 0.2ms
[2024-10-12T11:16:09.464+0800][info] GC(354)   Merge Heap Roots: 0.1ms
[2024-10-12T11:16:09.464+0800][info] GC(354)   Evacuate Collection Set: 4.2ms
[2024-10-12T11:16:09.464+0800][info] GC(354)   Post Evacuate Collection Set: 1.1ms
[2024-10-12T11:16:09.464+0800][info] GC(354)   Other: 0.2ms
[2024-10-12T11:16:09.464+0800][info] GC(354) Eden regions: 2->0(2)
[2024-10-12T11:16:09.464+0800][info] GC(354) Survivor regions: 1->1(1)
[2024-10-12T11:16:09.464+0800][info] GC(354) Old regions: 48->57
[2024-10-12T11:16:09.464+0800][info] GC(354) Archive regions: 2->2
[2024-10-12T11:16:09.464+0800][info] GC(354) Humongous regions: 3->3
[2024-10-12T11:16:09.464+0800][info] GC(354) Metaspace: 1676K(1856K)->1676K(1856K) NonClass: 1552K(1664K)->1552K(1664K) Class: 124K(192K)->124K(192K)
[2024-10-12T11:16:09.464+0800][info] GC(354) Pause Young (Mixed) (G1 Evacuation Pause) 99M->113M(128M) 5.943ms
[2024-10-12T11:16:09.464+0800][info] GC(354) User=0.01s Sys=0.00s Real=0.00s
[2024-10-12T11:16:09.526+0800][info] GC(355) Pause Young (Concurrent Start) (G1 Evacuation Pause)
[2024-10-12T11:16:09.526+0800][info] GC(355) Using 3 workers of 48 for evacuation
[2024-10-12T11:16:09.527+0800][info] GC(355) To-space exhausted
[2024-10-12T11:16:09.527+0800][info] GC(355)   Pre Evacuate Collection Set: 0.1ms
[2024-10-12T11:16:09.527+0800][info] GC(355)   Merge Heap Roots: 0.1ms
[2024-10-12T11:16:09.528+0800][info] GC(355)   Evacuate Collection Set: 0.4ms
[2024-10-12T11:16:09.528+0800][info] GC(355)   Post Evacuate Collection Set: 0.3ms
[2024-10-12T11:16:09.528+0800][info] GC(355)   Other: 0.4ms
[2024-10-12T11:16:09.528+0800][info] GC(355) Eden regions: 1->0(3)
[2024-10-12T11:16:09.528+0800][info] GC(355) Survivor regions: 1->0(0)
[2024-10-12T11:16:09.528+0800][info] GC(355) Old regions: 57->59
[2024-10-12T11:16:09.528+0800][info] GC(355) Archive regions: 2->2
[2024-10-12T11:16:09.528+0800][info] GC(355) Humongous regions: 3->3
[2024-10-12T11:16:09.528+0800][info] GC(355) Metaspace: 1676K(1856K)->1676K(1856K) NonClass: 1552K(1664K)->1552K(1664K) Class: 124K(192K)->124K(192K)
[2024-10-12T11:16:09.528+0800][info] GC(355) Pause Young (Concurrent Start) (G1 Evacuation Pause) 115M->115M(128M) 1.256ms
[2024-10-12T11:16:09.528+0800][info] GC(355) User=0.00s Sys=0.00s Real=0.00s
[2024-10-12T11:16:09.528+0800][info] Attempting full compaction
[2024-10-12T11:16:09.528+0800][info] GC(356) Using 3 workers of 48 for full compaction
[2024-10-12T11:16:09.528+0800][info] GC(356) Pause Full (G1 Compaction Pause)
[2024-10-12T11:16:09.528+0800][info] GC(357) Concurrent Mark Cycle
[2024-10-12T11:16:09.528+0800][info] GC(357) Concurrent Clear Claimed Marks
[2024-10-12T11:16:09.528+0800][info] GC(357) Concurrent Clear Claimed Marks 0.017ms
[2024-10-12T11:16:09.528+0800][info] GC(357) Concurrent Scan Root Regions
[2024-10-12T11:16:09.528+0800][info] GC(357) Concurrent Scan Root Regions 0.010ms
[2024-10-12T11:16:09.528+0800][info] GC(357) Concurrent Mark
[2024-10-12T11:16:09.528+0800][info] GC(357) Concurrent Mark From Roots
[2024-10-12T11:16:09.528+0800][info] GC(357) Using 12 workers of 12 for marking
[2024-10-12T11:16:09.528+0800][info] GC(356) Phase 1: Mark live objects
[2024-10-12T11:16:09.532+0800][info] GC(356) Phase 1: Mark live objects 3.539ms
[2024-10-12T11:16:09.532+0800][info] GC(356) Phase 2: Prepare for compaction
[2024-10-12T11:16:09.532+0800][info] GC(356) Phase 2: Prepare for compaction 0.542ms
[2024-10-12T11:16:09.532+0800][info] GC(356) Phase 3: Adjust pointers
[2024-10-12T11:16:09.534+0800][info] GC(356) Phase 3: Adjust pointers 1.705ms
[2024-10-12T11:16:09.534+0800][info] GC(356) Phase 4: Compact heap
[2024-10-12T11:16:09.545+0800][info] GC(356) Phase 4: Compact heap 11.175ms
[2024-10-12T11:16:09.547+0800][info] GC(356) Eden regions: 0->0(4)
[2024-10-12T11:16:09.547+0800][info] GC(356) Survivor regions: 0->0(0)
[2024-10-12T11:16:09.547+0800][info] GC(356) Old regions: 59->38
[2024-10-12T11:16:09.547+0800][info] GC(356) Archive regions: 2->2
[2024-10-12T11:16:09.547+0800][info] GC(356) Humongous regions: 3->3
[2024-10-12T11:16:09.547+0800][info] GC(356) Metaspace: 1676K(1856K)->1676K(1856K) NonClass: 1552K(1664K)->1552K(1664K) Class: 124K(192K)->124K(192K)
[2024-10-12T11:16:09.547+0800][info] GC(356) Pause Full (G1 Compaction Pause) 115M->72M(128M) 18.969ms
[2024-10-12T11:16:09.547+0800][info] GC(356) User=0.04s Sys=0.00s Real=0.02s
[2024-10-12T11:16:09.547+0800][info] GC(357) Concurrent Mark From Roots 19.190ms
[2024-10-12T11:16:09.547+0800][info] GC(357) Concurrent Mark Abort
[2024-10-12T11:16:09.547+0800][info] GC(357) Concurrent Mark Cycle 19.371ms
[2024-10-12T11:16:09.752+0800][info] GC(358) Pause Young (Normal) (G1 Evacuation Pause)
[2024-10-12T11:16:09.752+0800][info] GC(358) Using 3 workers of 48 for evacuation
[2024-10-12T11:16:09.754+0800][info] GC(358)   Pre Evacuate Collection Set: 0.1ms
[2024-10-12T11:16:09.754+0800][info] GC(358)   Merge Heap Roots: 0.0ms
[2024-10-12T11:16:09.754+0800][info] GC(358)   Evacuate Collection Set: 1.2ms
[2024-10-12T11:16:09.754+0800][info] GC(358)   Post Evacuate Collection Set: 0.2ms
[2024-10-12T11:16:09.754+0800][info] GC(358)   Other: 0.2ms
[2024-10-12T11:16:09.754+0800][info] GC(358) Eden regions: 4->0(3)
[2024-10-12T11:16:09.754+0800][info] GC(358) Survivor regions: 0->1(1)
[2024-10-12T11:16:09.754+0800][info] GC(358) Old regions: 38->41
[2024-10-12T11:16:09.754+0800][info] GC(358) Archive regions: 2->2
[2024-10-12T11:16:09.754+0800][info] GC(358) Humongous regions: 3->3
[2024-10-12T11:16:09.754+0800][info] GC(358) Metaspace: 1676K(1856K)->1676K(1856K) NonClass: 1552K(1664K)->1552K(1664K) Class: 124K(192K)->124K(192K)
[2024-10-12T11:16:09.754+0800][info] GC(358) Pause Young (Normal) (G1 Evacuation Pause) 79M->79M(128M) 1.947ms
[2024-10-12T11:16:09.754+0800][info] GC(358) User=0.00s Sys=0.00s Real=0.01s
[2024-10-12T11:16:09.918+0800][info] GC(359) Pause Young (Normal) (G1 Evacuation Pause)
[2024-10-12T11:16:09.918+0800][info] GC(359) Using 3 workers of 48 for evacuation
[2024-10-12T11:16:09.919+0800][info] GC(359)   Pre Evacuate Collection Set: 0.1ms
[2024-10-12T11:16:09.919+0800][info] GC(359)   Merge Heap Roots: 0.1ms
[2024-10-12T11:16:09.919+0800][info] GC(359)   Evacuate Collection Set: 1.3ms
[2024-10-12T11:16:09.919+0800][info] GC(359)   Post Evacuate Collection Set: 0.2ms
[2024-10-12T11:16:09.919+0800][info] GC(359)   Other: 0.2ms
[2024-10-12T11:16:09.919+0800][info] GC(359) Eden regions: 3->0(2)
[2024-10-12T11:16:09.920+0800][info] GC(359) Survivor regions: 1->1(1)
[2024-10-12T11:16:09.920+0800][info] GC(359) Old regions: 41->44
[2024-10-12T11:16:09.920+0800][info] GC(359) Archive regions: 2->2
[2024-10-12T11:16:09.920+0800][info] GC(359) Humongous regions: 3->3
[2024-10-12T11:16:09.920+0800][info] GC(359) Metaspace: 1676K(1856K)->1676K(1856K) NonClass: 1552K(1664K)->1552K(1664K) Class: 124K(192K)->124K(192K)
[2024-10-12T11:16:09.920+0800][info] GC(359) Pause Young (Normal) (G1 Evacuation Pause) 85M->85M(128M) 2.026ms
[2024-10-12T11:16:09.920+0800][info] GC(359) User=0.01s Sys=0.00s Real=0.00s
[2024-10-12T11:16:10.022+0800][info] GC(360) Pause Young (Concurrent Start) (G1 Evacuation Pause)
[2024-10-12T11:16:10.022+0800][info] GC(360) Using 3 workers of 48 for evacuation
[2024-10-12T11:16:10.023+0800][info] GC(360)   Pre Evacuate Collection Set: 0.1ms
[2024-10-12T11:16:10.023+0800][info] GC(360)   Merge Heap Roots: 0.1ms
[2024-10-12T11:16:10.023+0800][info] GC(360)   Evacuate Collection Set: 1.0ms
[2024-10-12T11:16:10.023+0800][info] GC(360)   Post Evacuate Collection Set: 0.2ms
[2024-10-12T11:16:10.023+0800][info] GC(360)   Other: 0.4ms
[2024-10-12T11:16:10.023+0800][info] GC(360) Eden regions: 2->0(2)
[2024-10-12T11:16:10.024+0800][info] GC(360) Survivor regions: 1->1(1)
[2024-10-12T11:16:10.024+0800][info] GC(360) Old regions: 44->46
[2024-10-12T11:16:10.024+0800][info] GC(360) Archive regions: 2->2
[2024-10-12T11:16:10.024+0800][info] GC(360) Humongous regions: 3->3
[2024-10-12T11:16:10.024+0800][info] GC(360) Metaspace: 1676K(1856K)->1676K(1856K) NonClass: 1552K(1664K)->1552K(1664K) Class: 124K(192K)->124K(192K)
[2024-10-12T11:16:10.024+0800][info] GC(360) Pause Young (Concurrent Start) (G1 Evacuation Pause) 89M->89M(128M) 1.803ms
[2024-10-12T11:16:10.024+0800][info] GC(360) User=0.00s Sys=0.00s Real=0.00s
[2024-10-12T11:16:10.024+0800][info] GC(361) Concurrent Mark Cycle
[2024-10-12T11:16:10.024+0800][info] GC(361) Concurrent Clear Claimed Marks
[2024-10-12T11:16:10.024+0800][info] GC(361) Concurrent Clear Claimed Marks 0.018ms
[2024-10-12T11:16:10.024+0800][info] GC(361) Concurrent Scan Root Regions
[2024-10-12T11:16:10.024+0800][info] GC(361) Concurrent Scan Root Regions 0.166ms
[2024-10-12T11:16:10.024+0800][info] GC(361) Concurrent Mark
[2024-10-12T11:16:10.024+0800][info] GC(361) Concurrent Mark From Roots
[2024-10-12T11:16:10.024+0800][info] GC(361) Using 12 workers of 12 for marking
[2024-10-12T11:16:10.028+0800][info] GC(361) Concurrent Mark From Roots 3.637ms
[2024-10-12T11:16:10.028+0800][info] GC(361) Concurrent Preclean
[2024-10-12T11:16:10.029+0800][info] GC(361) Concurrent Preclean 1.713ms
[2024-10-12T11:16:10.029+0800][info] GC(361) Pause Remark
[2024-10-12T11:16:10.031+0800][info] GC(361) Pause Remark 89M->89M(128M) 1.709ms
[2024-10-12T11:16:10.031+0800][info] GC(361) User=0.00s Sys=0.00s Real=0.00s
[2024-10-12T11:16:10.031+0800][info] GC(361) Concurrent Mark 7.336ms
[2024-10-12T11:16:10.031+0800][info] GC(361) Concurrent Rebuild Remembered Sets
[2024-10-12T11:16:10.033+0800][info] GC(361) Concurrent Rebuild Remembered Sets 1.234ms
[2024-10-12T11:16:10.033+0800][info] GC(361) Pause Cleanup
[2024-10-12T11:16:10.033+0800][info] GC(361) Pause Cleanup 89M->89M(128M) 0.179ms
[2024-10-12T11:16:10.033+0800][info] GC(361) User=0.00s Sys=0.00s Real=0.00s
[2024-10-12T11:16:10.033+0800][info] GC(361) Concurrent Cleanup for Next Mark
[2024-10-12T11:16:10.033+0800][info] GC(361) Concurrent Cleanup for Next Mark 0.387ms
[2024-10-12T11:16:10.033+0800][info] GC(361) Concurrent Mark Cycle 9.663ms
[2024-10-12T11:16:10.177+0800][info] GC(362) Pause Young (Prepare Mixed) (G1 Evacuation Pause)
[2024-10-12T11:16:10.177+0800][info] GC(362) Using 3 workers of 48 for evacuation
[2024-10-12T11:16:10.178+0800][info] GC(362)   Pre Evacuate Collection Set: 0.2ms
[2024-10-12T11:16:10.178+0800][info] GC(362)   Merge Heap Roots: 0.1ms
[2024-10-12T11:16:10.179+0800][info] GC(362)   Evacuate Collection Set: 0.9ms
[2024-10-12T11:16:10.179+0800][info] GC(362)   Post Evacuate Collection Set: 0.2ms
[2024-10-12T11:16:10.179+0800][info] GC(362)   Other: 0.2ms
[2024-10-12T11:16:10.179+0800][info] GC(362) Eden regions: 2->0(2)
[2024-10-12T11:16:10.179+0800][info] GC(362) Survivor regions: 1->1(1)
[2024-10-12T11:16:10.179+0800][info] GC(362) Old regions: 46->48
[2024-10-12T11:16:10.179+0800][info] GC(362) Archive regions: 2->2
[2024-10-12T11:16:10.179+0800][info] GC(362) Humongous regions: 3->3
[2024-10-12T11:16:10.179+0800][info] GC(362) Metaspace: 1676K(1856K)->1676K(1856K) NonClass: 1552K(1664K)->1552K(1664K) Class: 124K(192K)->124K(192K)
[2024-10-12T11:16:10.179+0800][info] GC(362) Pause Young (Prepare Mixed) (G1 Evacuation Pause) 93M->93M(128M) 1.718ms
[2024-10-12T11:16:10.179+0800][info] GC(362) User=0.00s Sys=0.00s Real=0.00s
[2024-10-12T11:16:10.281+0800][info] GC(363) Pause Young (Mixed) (G1 Evacuation Pause)
[2024-10-12T11:16:10.281+0800][info] GC(363) Using 3 workers of 48 for evacuation
[2024-10-12T11:16:10.287+0800][info] GC(363) To-space exhausted
[2024-10-12T11:16:10.287+0800][info] GC(363)   Pre Evacuate Collection Set: 0.2ms
[2024-10-12T11:16:10.287+0800][info] GC(363)   Merge Heap Roots: 0.1ms
[2024-10-12T11:16:10.287+0800][info] GC(363)   Evacuate Collection Set: 4.3ms
[2024-10-12T11:16:10.287+0800][info] GC(363)   Post Evacuate Collection Set: 1.0ms
[2024-10-12T11:16:10.287+0800][info] GC(363)   Other: 0.2ms
[2024-10-12T11:16:10.287+0800][info] GC(363) Eden regions: 2->0(2)
[2024-10-12T11:16:10.287+0800][info] GC(363) Survivor regions: 1->1(1)
[2024-10-12T11:16:10.287+0800][info] GC(363) Old regions: 48->56
[2024-10-12T11:16:10.287+0800][info] GC(363) Archive regions: 2->2
[2024-10-12T11:16:10.287+0800][info] GC(363) Humongous regions: 3->3
[2024-10-12T11:16:10.287+0800][info] GC(363) Metaspace: 1676K(1856K)->1676K(1856K) NonClass: 1552K(1664K)->1552K(1664K) Class: 124K(192K)->124K(192K)
[2024-10-12T11:16:10.287+0800][info] GC(363) Pause Young (Mixed) (G1 Evacuation Pause) 96M->109M(128M) 5.950ms
[2024-10-12T11:16:10.287+0800][info] GC(363) User=0.02s Sys=0.01s Real=0.01s
[2024-10-12T11:16:10.348+0800][info] GC(364) Pause Young (Concurrent Start) (G1 Preventive Collection)
[2024-10-12T11:16:10.348+0800][info] GC(364) Using 3 workers of 48 for evacuation
[2024-10-12T11:16:10.350+0800][info] GC(364) To-space exhausted
[2024-10-12T11:16:10.350+0800][info] GC(364)   Pre Evacuate Collection Set: 0.1ms
[2024-10-12T11:16:10.350+0800][info] GC(364)   Merge Heap Roots: 0.1ms
[2024-10-12T11:16:10.350+0800][info] GC(364)   Evacuate Collection Set: 0.8ms
[2024-10-12T11:16:10.350+0800][info] GC(364)   Post Evacuate Collection Set: 0.2ms
[2024-10-12T11:16:10.350+0800][info] GC(364)   Other: 0.4ms
[2024-10-12T11:16:10.350+0800][info] GC(364) Eden regions: 1->0(2)
[2024-10-12T11:16:10.350+0800][info] GC(364) Survivor regions: 1->1(1)
[2024-10-12T11:16:10.350+0800][info] GC(364) Old regions: 56->57
[2024-10-12T11:16:10.350+0800][info] GC(364) Archive regions: 2->2
[2024-10-12T11:16:10.350+0800][info] GC(364) Humongous regions: 3->3
[2024-10-12T11:16:10.350+0800][info] GC(364) Metaspace: 1676K(1856K)->1676K(1856K) NonClass: 1552K(1664K)->1552K(1664K) Class: 124K(192K)->124K(192K)
[2024-10-12T11:16:10.350+0800][info] GC(364) Pause Young (Concurrent Start) (G1 Preventive Collection) 111M->111M(128M) 1.748ms
[2024-10-12T11:16:10.350+0800][info] GC(364) User=0.00s Sys=0.00s Real=0.00s
[2024-10-12T11:16:10.350+0800][info] GC(365) Concurrent Mark Cycle
[2024-10-12T11:16:10.350+0800][info] GC(365) Concurrent Clear Claimed Marks
[2024-10-12T11:16:10.350+0800][info] GC(365) Concurrent Clear Claimed Marks 0.017ms
[2024-10-12T11:16:10.350+0800][info] GC(365) Concurrent Scan Root Regions
[2024-10-12T11:16:10.350+0800][info] GC(365) Concurrent Scan Root Regions 0.152ms
[2024-10-12T11:16:10.350+0800][info] GC(365) Concurrent Mark
[2024-10-12T11:16:10.350+0800][info] GC(365) Concurrent Mark From Roots
[2024-10-12T11:16:10.350+0800][info] GC(365) Using 12 workers of 12 for marking
[2024-10-12T11:16:10.354+0800][info] GC(365) Concurrent Mark From Roots 3.339ms
[2024-10-12T11:16:10.354+0800][info] GC(365) Concurrent Preclean
[2024-10-12T11:16:10.355+0800][info] GC(365) Concurrent Preclean 1.667ms
[2024-10-12T11:16:10.355+0800][info] GC(365) Pause Remark
[2024-10-12T11:16:10.357+0800][info] GC(365) Pause Remark 112M->112M(128M) 1.559ms
[2024-10-12T11:16:10.357+0800][info] GC(365) User=0.00s Sys=0.00s Real=0.00s
[2024-10-12T11:16:10.357+0800][info] GC(365) Concurrent Mark 6.793ms
[2024-10-12T11:16:10.357+0800][info] GC(365) Concurrent Rebuild Remembered Sets
[2024-10-12T11:16:10.358+0800][info] GC(365) Concurrent Rebuild Remembered Sets 1.103ms
[2024-10-12T11:16:10.358+0800][info] GC(365) Pause Cleanup
[2024-10-12T11:16:10.359+0800][info] GC(365) Pause Cleanup 112M->112M(128M) 0.247ms
[2024-10-12T11:16:10.359+0800][info] GC(365) User=0.00s Sys=0.00s Real=0.00s
[2024-10-12T11:16:10.359+0800][info] GC(365) Concurrent Cleanup for Next Mark
[2024-10-12T11:16:10.359+0800][info] GC(365) Concurrent Cleanup for Next Mark 0.352ms
[2024-10-12T11:16:10.359+0800][info] GC(365) Concurrent Mark Cycle 9.004ms
[2024-10-12T11:16:10.442+0800][info] GC(366) Pause Young (Prepare Mixed) (G1 Evacuation Pause)
[2024-10-12T11:16:10.442+0800][info] GC(366) Using 3 workers of 48 for evacuation
[2024-10-12T11:16:10.443+0800][info] GC(366) To-space exhausted
[2024-10-12T11:16:10.443+0800][info] GC(366)   Pre Evacuate Collection Set: 0.1ms
[2024-10-12T11:16:10.443+0800][info] GC(366)   Merge Heap Roots: 0.1ms
[2024-10-12T11:16:10.443+0800][info] GC(366)   Evacuate Collection Set: 0.2ms
[2024-10-12T11:16:10.443+0800][info] GC(366)   Post Evacuate Collection Set: 0.3ms
[2024-10-12T11:16:10.443+0800][info] GC(366)   Other: 0.2ms
[2024-10-12T11:16:10.443+0800][info] GC(366) Eden regions: 1->0(3)
[2024-10-12T11:16:10.443+0800][info] GC(366) Survivor regions: 1->0(0)
[2024-10-12T11:16:10.443+0800][info] GC(366) Old regions: 57->59
[2024-10-12T11:16:10.443+0800][info] GC(366) Archive regions: 2->2
[2024-10-12T11:16:10.443+0800][info] GC(366) Humongous regions: 3->3
[2024-10-12T11:16:10.443+0800][info] GC(366) Metaspace: 1676K(1856K)->1676K(1856K) NonClass: 1552K(1664K)->1552K(1664K) Class: 124K(192K)->124K(192K)
[2024-10-12T11:16:10.443+0800][info] GC(366) Pause Young (Prepare Mixed) (G1 Evacuation Pause) 113M->113M(128M) 0.949ms
[2024-10-12T11:16:10.443+0800][info] GC(366) User=0.01s Sys=0.00s Real=0.00s
[2024-10-12T11:16:10.443+0800][info] Attempting full compaction
[2024-10-12T11:16:10.443+0800][info] GC(367) Using 3 workers of 48 for full compaction
[2024-10-12T11:16:10.443+0800][info] GC(367) Pause Full (G1 Compaction Pause)
[2024-10-12T11:16:10.443+0800][info] GC(367) Phase 1: Mark live objects
[2024-10-12T11:16:10.447+0800][info] GC(367) Phase 1: Mark live objects 3.179ms
[2024-10-12T11:16:10.447+0800][info] GC(367) Phase 2: Prepare for compaction
[2024-10-12T11:16:10.447+0800][info] GC(367) Phase 2: Prepare for compaction 0.526ms
[2024-10-12T11:16:10.447+0800][info] GC(367) Phase 3: Adjust pointers
[2024-10-12T11:16:10.449+0800][info] GC(367) Phase 3: Adjust pointers 1.740ms
[2024-10-12T11:16:10.449+0800][info] GC(367) Phase 4: Compact heap
[2024-10-12T11:16:10.459+0800][info] GC(367) Phase 4: Compact heap 10.405ms
[2024-10-12T11:16:10.461+0800][info] GC(367) Eden regions: 0->0(4)
[2024-10-12T11:16:10.461+0800][info] GC(367) Survivor regions: 0->0(0)
[2024-10-12T11:16:10.461+0800][info] GC(367) Old regions: 59->39
[2024-10-12T11:16:10.461+0800][info] GC(367) Archive regions: 2->2
[2024-10-12T11:16:10.461+0800][info] GC(367) Humongous regions: 3->3
[2024-10-12T11:16:10.461+0800][info] GC(367) Metaspace: 1676K(1856K)->1676K(1856K) NonClass: 1552K(1664K)->1552K(1664K) Class: 124K(192K)->124K(192K)
[2024-10-12T11:16:10.461+0800][info] GC(367) Pause Full (G1 Compaction Pause) 113M->72M(128M) 17.551ms
[2024-10-12T11:16:10.461+0800][info] GC(367) User=0.03s Sys=0.00s Real=0.02s
[2024-10-12T11:16:10.686+0800][info] GC(368) Pause Young (Normal) (G1 Evacuation Pause)
[2024-10-12T11:16:10.686+0800][info] GC(368) Using 3 workers of 48 for evacuation
[2024-10-12T11:16:10.688+0800][info] GC(368)   Pre Evacuate Collection Set: 0.1ms
[2024-10-12T11:16:10.688+0800][info] GC(368)   Merge Heap Roots: 0.0ms
[2024-10-12T11:16:10.688+0800][info] GC(368)   Evacuate Collection Set: 1.3ms
[2024-10-12T11:16:10.688+0800][info] GC(368)   Post Evacuate Collection Set: 0.2ms
[2024-10-12T11:16:10.688+0800][info] GC(368)   Other: 0.2ms
[2024-10-12T11:16:10.688+0800][info] GC(368) Eden regions: 4->0(2)
[2024-10-12T11:16:10.688+0800][info] GC(368) Survivor regions: 0->1(1)
[2024-10-12T11:16:10.688+0800][info] GC(368) Old regions: 39->43
[2024-10-12T11:16:10.688+0800][info] GC(368) Archive regions: 2->2
[2024-10-12T11:16:10.688+0800][info] GC(368) Humongous regions: 3->3
[2024-10-12T11:16:10.688+0800][info] GC(368) Metaspace: 1676K(1856K)->1676K(1856K) NonClass: 1552K(1664K)->1552K(1664K) Class: 124K(192K)->124K(192K)
[2024-10-12T11:16:10.688+0800][info] GC(368) Pause Young (Normal) (G1 Evacuation Pause) 80M->81M(128M) 2.078ms
[2024-10-12T11:16:10.688+0800][info] GC(368) User=0.00s Sys=0.01s Real=0.00s
[2024-10-12T11:16:10.790+0800][info] GC(369) Pause Young (Normal) (G1 Evacuation Pause)
[2024-10-12T11:16:10.790+0800][info] GC(369) Using 3 workers of 48 for evacuation
[2024-10-12T11:16:10.792+0800][info] GC(369)   Pre Evacuate Collection Set: 0.1ms
[2024-10-12T11:16:10.792+0800][info] GC(369)   Merge Heap Roots: 0.1ms
[2024-10-12T11:16:10.792+0800][info] GC(369)   Evacuate Collection Set: 1.0ms
[2024-10-12T11:16:10.792+0800][info] GC(369)   Post Evacuate Collection Set: 0.2ms
[2024-10-12T11:16:10.792+0800][info] GC(369)   Other: 0.2ms
[2024-10-12T11:16:10.792+0800][info] GC(369) Eden regions: 2->0(2)
[2024-10-12T11:16:10.792+0800][info] GC(369) Survivor regions: 1->1(1)
[2024-10-12T11:16:10.792+0800][info] GC(369) Old regions: 43->45
[2024-10-12T11:16:10.792+0800][info] GC(369) Archive regions: 2->2
[2024-10-12T11:16:10.792+0800][info] GC(369) Humongous regions: 3->3
[2024-10-12T11:16:10.792+0800][info] GC(369) Metaspace: 1676K(1856K)->1676K(1856K) NonClass: 1552K(1664K)->1552K(1664K) Class: 124K(192K)->124K(192K)
[2024-10-12T11:16:10.792+0800][info] GC(369) Pause Young (Normal) (G1 Evacuation Pause) 85M->85M(128M) 1.656ms
[2024-10-12T11:16:10.792+0800][info] GC(369) User=0.01s Sys=0.00s Real=0.00s
[2024-10-12T11:16:10.895+0800][info] GC(370) Pause Young (Concurrent Start) (G1 Evacuation Pause)
[2024-10-12T11:16:10.895+0800][info] GC(370) Using 3 workers of 48 for evacuation
[2024-10-12T11:16:10.896+0800][info] GC(370)   Pre Evacuate Collection Set: 0.1ms
[2024-10-12T11:16:10.896+0800][info] GC(370)   Merge Heap Roots: 0.1ms
[2024-10-12T11:16:10.896+0800][info] GC(370)   Evacuate Collection Set: 1.1ms
[2024-10-12T11:16:10.896+0800][info] GC(370)   Post Evacuate Collection Set: 0.2ms
[2024-10-12T11:16:10.896+0800][info] GC(370)   Other: 0.4ms
[2024-10-12T11:16:10.897+0800][info] GC(370) Eden regions: 2->0(2)
[2024-10-12T11:16:10.897+0800][info] GC(370) Survivor regions: 1->1(1)
[2024-10-12T11:16:10.897+0800][info] GC(370) Old regions: 45->47
[2024-10-12T11:16:10.897+0800][info] GC(370) Archive regions: 2->2
[2024-10-12T11:16:10.897+0800][info] GC(370) Humongous regions: 3->3
[2024-10-12T11:16:10.897+0800][info] GC(370) Metaspace: 1676K(1856K)->1676K(1856K) NonClass: 1552K(1664K)->1552K(1664K) Class: 124K(192K)->124K(192K)
[2024-10-12T11:16:10.897+0800][info] GC(370) Pause Young (Concurrent Start) (G1 Evacuation Pause) 89M->89M(128M) 2.016ms
[2024-10-12T11:16:10.897+0800][info] GC(370) User=0.00s Sys=0.00s Real=0.00s
[2024-10-12T11:16:10.897+0800][info] GC(371) Concurrent Mark Cycle
[2024-10-12T11:16:10.897+0800][info] GC(371) Concurrent Clear Claimed Marks
[2024-10-12T11:16:10.897+0800][info] GC(371) Concurrent Clear Claimed Marks 0.018ms
[2024-10-12T11:16:10.897+0800][info] GC(371) Concurrent Scan Root Regions
[2024-10-12T11:16:10.897+0800][info] GC(371) Concurrent Scan Root Regions 0.121ms
[2024-10-12T11:16:10.897+0800][info] GC(371) Concurrent Mark
[2024-10-12T11:16:10.897+0800][info] GC(371) Concurrent Mark From Roots
[2024-10-12T11:16:10.897+0800][info] GC(371) Using 12 workers of 12 for marking
[2024-10-12T11:16:10.900+0800][info] GC(371) Concurrent Mark From Roots 3.371ms
[2024-10-12T11:16:10.900+0800][info] GC(371) Concurrent Preclean
[2024-10-12T11:16:10.902+0800][info] GC(371) Concurrent Preclean 1.707ms
[2024-10-12T11:16:10.902+0800][info] GC(371) Pause Remark
[2024-10-12T11:16:10.904+0800][info] GC(371) Pause Remark 89M->89M(128M) 1.667ms
[2024-10-12T11:16:10.904+0800][info] GC(371) User=0.01s Sys=0.00s Real=0.00s
[2024-10-12T11:16:10.904+0800][info] GC(371) Concurrent Mark 7.068ms
[2024-10-12T11:16:10.904+0800][info] GC(371) Concurrent Rebuild Remembered Sets
[2024-10-12T11:16:10.905+0800][info] GC(371) Concurrent Rebuild Remembered Sets 1.002ms
[2024-10-12T11:16:10.905+0800][info] GC(371) Pause Cleanup
[2024-10-12T11:16:10.905+0800][info] GC(371) Pause Cleanup 89M->89M(128M) 0.170ms
[2024-10-12T11:16:10.905+0800][info] GC(371) User=0.00s Sys=0.00s Real=0.00s
[2024-10-12T11:16:10.905+0800][info] GC(371) Concurrent Cleanup for Next Mark
[2024-10-12T11:16:10.906+0800][info] GC(371) Concurrent Cleanup for Next Mark 0.402ms
[2024-10-12T11:16:10.906+0800][info] GC(371) Concurrent Mark Cycle 9.159ms
[2024-10-12T11:16:11.050+0800][info] GC(372) Pause Young (Prepare Mixed) (G1 Evacuation Pause)
[2024-10-12T11:16:11.050+0800][info] GC(372) Using 3 workers of 48 for evacuation
[2024-10-12T11:16:11.051+0800][info] GC(372)   Pre Evacuate Collection Set: 0.1ms
[2024-10-12T11:16:11.051+0800][info] GC(372)   Merge Heap Roots: 0.1ms
[2024-10-12T11:16:11.051+0800][info] GC(372)   Evacuate Collection Set: 1.0ms
[2024-10-12T11:16:11.051+0800][info] GC(372)   Post Evacuate Collection Set: 0.2ms
[2024-10-12T11:16:11.051+0800][info] GC(372)   Other: 0.2ms
[2024-10-12T11:16:11.051+0800][info] GC(372) Eden regions: 2->0(2)
[2024-10-12T11:16:11.051+0800][info] GC(372) Survivor regions: 1->1(1)
[2024-10-12T11:16:11.051+0800][info] GC(372) Old regions: 47->49
[2024-10-12T11:16:11.051+0800][info] GC(372) Archive regions: 2->2
[2024-10-12T11:16:11.051+0800][info] GC(372) Humongous regions: 3->3
[2024-10-12T11:16:11.051+0800][info] GC(372) Metaspace: 1676K(1856K)->1676K(1856K) NonClass: 1552K(1664K)->1552K(1664K) Class: 124K(192K)->124K(192K)
[2024-10-12T11:16:11.051+0800][info] GC(372) Pause Young (Prepare Mixed) (G1 Evacuation Pause) 92M->93M(128M) 1.707ms
[2024-10-12T11:16:11.051+0800][info] GC(372) User=0.01s Sys=0.00s Real=0.00s
[2024-10-12T11:16:11.154+0800][info] GC(373) Pause Young (Mixed) (G1 Evacuation Pause)
[2024-10-12T11:16:11.154+0800][info] GC(373) Using 3 workers of 48 for evacuation
[2024-10-12T11:16:11.159+0800][info] GC(373) To-space exhausted
[2024-10-12T11:16:11.159+0800][info] GC(373)   Pre Evacuate Collection Set: 0.2ms
[2024-10-12T11:16:11.159+0800][info] GC(373)   Merge Heap Roots: 0.1ms
[2024-10-12T11:16:11.159+0800][info] GC(373)   Evacuate Collection Set: 3.5ms
[2024-10-12T11:16:11.159+0800][info] GC(373)   Post Evacuate Collection Set: 0.8ms
[2024-10-12T11:16:11.159+0800][info] GC(373)   Other: 0.2ms
[2024-10-12T11:16:11.159+0800][info] GC(373) Eden regions: 2->0(2)
[2024-10-12T11:16:11.159+0800][info] GC(373) Survivor regions: 1->1(1)
[2024-10-12T11:16:11.159+0800][info] GC(373) Old regions: 49->57
[2024-10-12T11:16:11.159+0800][info] GC(373) Archive regions: 2->2
[2024-10-12T11:16:11.159+0800][info] GC(373) Humongous regions: 3->3
[2024-10-12T11:16:11.159+0800][info] GC(373) Metaspace: 1676K(1856K)->1676K(1856K) NonClass: 1552K(1664K)->1552K(1664K) Class: 124K(192K)->124K(192K)
[2024-10-12T11:16:11.159+0800][info] GC(373) Pause Young (Mixed) (G1 Evacuation Pause) 96M->111M(128M) 4.902ms
[2024-10-12T11:16:11.159+0800][info] GC(373) User=0.01s Sys=0.01s Real=0.00s
[2024-10-12T11:16:11.220+0800][info] GC(374) Pause Young (Concurrent Start) (G1 Evacuation Pause)
[2024-10-12T11:16:11.220+0800][info] GC(374) Using 3 workers of 48 for evacuation
[2024-10-12T11:16:11.221+0800][info] GC(374) To-space exhausted
[2024-10-12T11:16:11.221+0800][info] GC(374)   Pre Evacuate Collection Set: 0.1ms
[2024-10-12T11:16:11.221+0800][info] GC(374)   Merge Heap Roots: 0.1ms
[2024-10-12T11:16:11.221+0800][info] GC(374)   Evacuate Collection Set: 0.4ms
[2024-10-12T11:16:11.221+0800][info] GC(374)   Post Evacuate Collection Set: 0.2ms
[2024-10-12T11:16:11.221+0800][info] GC(374)   Other: 0.3ms
[2024-10-12T11:16:11.221+0800][info] GC(374) Eden regions: 1->0(3)
[2024-10-12T11:16:11.221+0800][info] GC(374) Survivor regions: 1->0(0)
[2024-10-12T11:16:11.222+0800][info] GC(374) Old regions: 57->59
[2024-10-12T11:16:11.222+0800][info] GC(374) Archive regions: 2->2
[2024-10-12T11:16:11.222+0800][info] GC(374) Humongous regions: 3->3
[2024-10-12T11:16:11.222+0800][info] GC(374) Metaspace: 1676K(1856K)->1676K(1856K) NonClass: 1552K(1664K)->1552K(1664K) Class: 124K(192K)->124K(192K)
[2024-10-12T11:16:11.222+0800][info] GC(374) Pause Young (Concurrent Start) (G1 Evacuation Pause) 113M->113M(128M) 1.284ms
[2024-10-12T11:16:11.222+0800][info] GC(374) User=0.00s Sys=0.00s Real=0.00s
[2024-10-12T11:16:11.222+0800][info] Attempting full compaction
[2024-10-12T11:16:11.222+0800][info] GC(375) Using 3 workers of 48 for full compaction
[2024-10-12T11:16:11.222+0800][info] GC(375) Pause Full (G1 Compaction Pause)
[2024-10-12T11:16:11.222+0800][info] GC(376) Concurrent Mark Cycle
[2024-10-12T11:16:11.222+0800][info] GC(376) Concurrent Clear Claimed Marks
[2024-10-12T11:16:11.222+0800][info] GC(376) Concurrent Clear Claimed Marks 0.017ms
[2024-10-12T11:16:11.222+0800][info] GC(376) Concurrent Scan Root Regions
[2024-10-12T11:16:11.222+0800][info] GC(376) Concurrent Scan Root Regions 0.010ms
[2024-10-12T11:16:11.222+0800][info] GC(376) Concurrent Mark
[2024-10-12T11:16:11.222+0800][info] GC(376) Concurrent Mark From Roots
[2024-10-12T11:16:11.222+0800][info] GC(376) Using 12 workers of 12 for marking
[2024-10-12T11:16:11.222+0800][info] GC(375) Phase 1: Mark live objects
[2024-10-12T11:16:11.225+0800][info] GC(375) Phase 1: Mark live objects 3.320ms
[2024-10-12T11:16:11.225+0800][info] GC(375) Phase 2: Prepare for compaction
[2024-10-12T11:16:11.226+0800][info] GC(375) Phase 2: Prepare for compaction 0.591ms
[2024-10-12T11:16:11.226+0800][info] GC(375) Phase 3: Adjust pointers
[2024-10-12T11:16:11.228+0800][info] GC(375) Phase 3: Adjust pointers 1.684ms
[2024-10-12T11:16:11.228+0800][info] GC(375) Phase 4: Compact heap
[2024-10-12T11:16:11.241+0800][info] GC(375) Phase 4: Compact heap 12.903ms
[2024-10-12T11:16:11.242+0800][info] GC(375) Eden regions: 0->0(5)
[2024-10-12T11:16:11.242+0800][info] GC(375) Survivor regions: 0->0(0)
[2024-10-12T11:16:11.242+0800][info] GC(375) Old regions: 59->37
[2024-10-12T11:16:11.242+0800][info] GC(375) Archive regions: 2->2
[2024-10-12T11:16:11.242+0800][info] GC(375) Humongous regions: 3->3
[2024-10-12T11:16:11.242+0800][info] GC(375) Metaspace: 1676K(1856K)->1676K(1856K) NonClass: 1552K(1664K)->1552K(1664K) Class: 124K(192K)->124K(192K)
[2024-10-12T11:16:11.242+0800][info] GC(375) Pause Full (G1 Compaction Pause) 113M->71M(128M) 20.518ms
[2024-10-12T11:16:11.242+0800][info] GC(375) User=0.04s Sys=0.00s Real=0.02s
[2024-10-12T11:16:11.243+0800][info] GC(376) Concurrent Mark From Roots 20.727ms
[2024-10-12T11:16:11.243+0800][info] GC(376) Concurrent Mark Abort
[2024-10-12T11:16:11.243+0800][info] GC(376) Concurrent Mark Cycle 20.909ms
[2024-10-12T11:16:11.509+0800][info] GC(377) Pause Young (Normal) (G1 Evacuation Pause)
[2024-10-12T11:16:11.509+0800][info] GC(377) Using 3 workers of 48 for evacuation
[2024-10-12T11:16:11.511+0800][info] GC(377)   Pre Evacuate Collection Set: 0.1ms
[2024-10-12T11:16:11.511+0800][info] GC(377)   Merge Heap Roots: 0.0ms
[2024-10-12T11:16:11.511+0800][info] GC(377)   Evacuate Collection Set: 1.6ms
[2024-10-12T11:16:11.511+0800][info] GC(377)   Post Evacuate Collection Set: 0.2ms
[2024-10-12T11:16:11.511+0800][info] GC(377)   Other: 0.2ms
[2024-10-12T11:16:11.511+0800][info] GC(377) Eden regions: 5->0(2)
[2024-10-12T11:16:11.511+0800][info] GC(377) Survivor regions: 0->1(1)
[2024-10-12T11:16:11.511+0800][info] GC(377) Old regions: 37->41
[2024-10-12T11:16:11.511+0800][info] GC(377) Archive regions: 2->2
[2024-10-12T11:16:11.511+0800][info] GC(377) Humongous regions: 3->3
[2024-10-12T11:16:11.511+0800][info] GC(377) Metaspace: 1676K(1856K)->1676K(1856K) NonClass: 1552K(1664K)->1552K(1664K) Class: 124K(192K)->124K(192K)
[2024-10-12T11:16:11.511+0800][info] GC(377) Pause Young (Normal) (G1 Evacuation Pause) 81M->81M(128M) 2.303ms
[2024-10-12T11:16:11.511+0800][info] GC(377) User=0.00s Sys=0.00s Real=0.00s
[2024-10-12T11:16:11.614+0800][info] GC(378) Pause Young (Normal) (G1 Evacuation Pause)
[2024-10-12T11:16:11.614+0800][info] GC(378) Using 3 workers of 48 for evacuation
[2024-10-12T11:16:11.615+0800][info] GC(378)   Pre Evacuate Collection Set: 0.1ms
[2024-10-12T11:16:11.615+0800][info] GC(378)   Merge Heap Roots: 0.0ms
[2024-10-12T11:16:11.615+0800][info] GC(378)   Evacuate Collection Set: 0.9ms
[2024-10-12T11:16:11.615+0800][info] GC(378)   Post Evacuate Collection Set: 0.2ms
[2024-10-12T11:16:11.615+0800][info] GC(378)   Other: 0.2ms
[2024-10-12T11:16:11.615+0800][info] GC(378) Eden regions: 2->0(2)
[2024-10-12T11:16:11.615+0800][info] GC(378) Survivor regions: 1->1(1)
[2024-10-12T11:16:11.615+0800][info] GC(378) Old regions: 41->43
[2024-10-12T11:16:11.615+0800][info] GC(378) Archive regions: 2->2
[2024-10-12T11:16:11.615+0800][info] GC(378) Humongous regions: 4->4
[2024-10-12T11:16:11.615+0800][info] GC(378) Metaspace: 1676K(1856K)->1676K(1856K) NonClass: 1552K(1664K)->1552K(1664K) Class: 124K(192K)->124K(192K)
[2024-10-12T11:16:11.615+0800][info] GC(378) Pause Young (Normal) (G1 Evacuation Pause) 87M->87M(128M) 1.560ms
[2024-10-12T11:16:11.615+0800][info] GC(378) User=0.00s Sys=0.00s Real=0.00s
[2024-10-12T11:16:11.718+0800][info] GC(379) Pause Young (Normal) (G1 Evacuation Pause)
[2024-10-12T11:16:11.718+0800][info] GC(379) Using 3 workers of 48 for evacuation
[2024-10-12T11:16:11.719+0800][info] GC(379)   Pre Evacuate Collection Set: 0.1ms
[2024-10-12T11:16:11.719+0800][info] GC(379)   Merge Heap Roots: 0.1ms
[2024-10-12T11:16:11.719+0800][info] GC(379)   Evacuate Collection Set: 1.0ms
[2024-10-12T11:16:11.719+0800][info] GC(379)   Post Evacuate Collection Set: 0.2ms
[2024-10-12T11:16:11.719+0800][info] GC(379)   Other: 0.2ms
[2024-10-12T11:16:11.719+0800][info] GC(379) Eden regions: 2->0(2)
[2024-10-12T11:16:11.719+0800][info] GC(379) Survivor regions: 1->1(1)
[2024-10-12T11:16:11.719+0800][info] GC(379) Old regions: 43->45
[2024-10-12T11:16:11.719+0800][info] GC(379) Archive regions: 2->2
[2024-10-12T11:16:11.719+0800][info] GC(379) Humongous regions: 4->4
[2024-10-12T11:16:11.719+0800][info] GC(379) Metaspace: 1676K(1856K)->1676K(1856K) NonClass: 1552K(1664K)->1552K(1664K) Class: 124K(192K)->124K(192K)
[2024-10-12T11:16:11.719+0800][info] GC(379) Pause Young (Normal) (G1 Evacuation Pause) 90M->91M(128M) 1.680ms
[2024-10-12T11:16:11.719+0800][info] GC(379) User=0.01s Sys=0.00s Real=0.00s
[2024-10-12T11:16:11.822+0800][info] GC(380) Pause Young (Concurrent Start) (G1 Evacuation Pause)
[2024-10-12T11:16:11.822+0800][info] GC(380) Using 3 workers of 48 for evacuation
[2024-10-12T11:16:11.824+0800][info] GC(380)   Pre Evacuate Collection Set: 0.1ms
[2024-10-12T11:16:11.824+0800][info] GC(380)   Merge Heap Roots: 0.1ms
[2024-10-12T11:16:11.824+0800][info] GC(380)   Evacuate Collection Set: 1.1ms
[2024-10-12T11:16:11.824+0800][info] GC(380)   Post Evacuate Collection Set: 0.2ms
[2024-10-12T11:16:11.824+0800][info] GC(380)   Other: 0.4ms
[2024-10-12T11:16:11.824+0800][info] GC(380) Eden regions: 2->0(2)
[2024-10-12T11:16:11.824+0800][info] GC(380) Survivor regions: 1->1(1)
[2024-10-12T11:16:11.824+0800][info] GC(380) Old regions: 45->47
[2024-10-12T11:16:11.824+0800][info] GC(380) Archive regions: 2->2
[2024-10-12T11:16:11.824+0800][info] GC(380) Humongous regions: 4->4
[2024-10-12T11:16:11.824+0800][info] GC(380) Metaspace: 1676K(1856K)->1676K(1856K) NonClass: 1552K(1664K)->1552K(1664K) Class: 124K(192K)->124K(192K)
[2024-10-12T11:16:11.824+0800][info] GC(380) Pause Young (Concurrent Start) (G1 Evacuation Pause) 94M->94M(128M) 1.991ms
[2024-10-12T11:16:11.824+0800][info] GC(380) User=0.00s Sys=0.00s Real=0.00s
[2024-10-12T11:16:11.824+0800][info] GC(381) Concurrent Mark Cycle
[2024-10-12T11:16:11.824+0800][info] GC(381) Concurrent Clear Claimed Marks
[2024-10-12T11:16:11.824+0800][info] GC(381) Concurrent Clear Claimed Marks 0.017ms
[2024-10-12T11:16:11.824+0800][info] GC(381) Concurrent Scan Root Regions
[2024-10-12T11:16:11.824+0800][info] GC(381) Concurrent Scan Root Regions 0.106ms
[2024-10-12T11:16:11.824+0800][info] GC(381) Concurrent Mark
[2024-10-12T11:16:11.824+0800][info] GC(381) Concurrent Mark From Roots
[2024-10-12T11:16:11.824+0800][info] GC(381) Using 12 workers of 12 for marking
[2024-10-12T11:16:11.828+0800][info] GC(381) Concurrent Mark From Roots 3.338ms
[2024-10-12T11:16:11.828+0800][info] GC(381) Concurrent Preclean
[2024-10-12T11:16:11.829+0800][info] GC(381) Concurrent Preclean 1.687ms
[2024-10-12T11:16:11.829+0800][info] GC(381) Pause Remark
[2024-10-12T11:16:11.831+0800][info] GC(381) Pause Remark 95M->93M(128M) 1.724ms
[2024-10-12T11:16:11.831+0800][info] GC(381) User=0.00s Sys=0.00s Real=0.00s
[2024-10-12T11:16:11.831+0800][info] GC(381) Concurrent Mark 7.064ms
[2024-10-12T11:16:11.831+0800][info] GC(381) Concurrent Rebuild Remembered Sets
[2024-10-12T11:16:11.833+0800][info] GC(381) Concurrent Rebuild Remembered Sets 1.180ms
[2024-10-12T11:16:11.833+0800][info] GC(381) Pause Cleanup
[2024-10-12T11:16:11.833+0800][info] GC(381) Pause Cleanup 93M->93M(128M) 0.203ms
[2024-10-12T11:16:11.833+0800][info] GC(381) User=0.00s Sys=0.00s Real=0.00s
[2024-10-12T11:16:11.833+0800][info] GC(381) Concurrent Cleanup for Next Mark
[2024-10-12T11:16:11.833+0800][info] GC(381) Concurrent Cleanup for Next Mark 0.393ms
[2024-10-12T11:16:11.833+0800][info] GC(381) Concurrent Mark Cycle 9.318ms
[2024-10-12T11:16:11.977+0800][info] GC(382) Pause Young (Prepare Mixed) (G1 Evacuation Pause)
[2024-10-12T11:16:11.977+0800][info] GC(382) Using 3 workers of 48 for evacuation
[2024-10-12T11:16:11.979+0800][info] GC(382)   Pre Evacuate Collection Set: 0.1ms
[2024-10-12T11:16:11.979+0800][info] GC(382)   Merge Heap Roots: 0.1ms
[2024-10-12T11:16:11.979+0800][info] GC(382)   Evacuate Collection Set: 1.4ms
[2024-10-12T11:16:11.979+0800][info] GC(382)   Post Evacuate Collection Set: 0.2ms
[2024-10-12T11:16:11.979+0800][info] GC(382)   Other: 0.2ms
[2024-10-12T11:16:11.979+0800][info] GC(382) Eden regions: 2->0(2)
[2024-10-12T11:16:11.979+0800][info] GC(382) Survivor regions: 1->1(1)
[2024-10-12T11:16:11.979+0800][info] GC(382) Old regions: 47->49
[2024-10-12T11:16:11.979+0800][info] GC(382) Archive regions: 2->2
[2024-10-12T11:16:11.979+0800][info] GC(382) Humongous regions: 3->3
[2024-10-12T11:16:11.979+0800][info] GC(382) Metaspace: 1676K(1856K)->1676K(1856K) NonClass: 1552K(1664K)->1552K(1664K) Class: 124K(192K)->124K(192K)
[2024-10-12T11:16:11.979+0800][info] GC(382) Pause Young (Prepare Mixed) (G1 Evacuation Pause) 96M->96M(128M) 2.141ms
[2024-10-12T11:16:11.979+0800][info] GC(382) User=0.00s Sys=0.01s Real=0.00s
[2024-10-12T11:16:12.082+0800][info] GC(383) Pause Young (Mixed) (G1 Evacuation Pause)
[2024-10-12T11:16:12.082+0800][info] GC(383) Using 3 workers of 48 for evacuation
[2024-10-12T11:16:12.087+0800][info] GC(383) To-space exhausted
[2024-10-12T11:16:12.087+0800][info] GC(383)   Pre Evacuate Collection Set: 0.2ms
[2024-10-12T11:16:12.087+0800][info] GC(383)   Merge Heap Roots: 0.1ms
[2024-10-12T11:16:12.087+0800][info] GC(383)   Evacuate Collection Set: 4.2ms
[2024-10-12T11:16:12.087+0800][info] GC(383)   Post Evacuate Collection Set: 1.0ms
[2024-10-12T11:16:12.087+0800][info] GC(383)   Other: 0.2ms
[2024-10-12T11:16:12.087+0800][info] GC(383) Eden regions: 2->0(2)
[2024-10-12T11:16:12.087+0800][info] GC(383) Survivor regions: 1->1(1)
[2024-10-12T11:16:12.087+0800][info] GC(383) Old regions: 49->56
[2024-10-12T11:16:12.087+0800][info] GC(383) Archive regions: 2->2
[2024-10-12T11:16:12.087+0800][info] GC(383) Humongous regions: 3->3
[2024-10-12T11:16:12.087+0800][info] GC(383) Metaspace: 1676K(1856K)->1676K(1856K) NonClass: 1552K(1664K)->1552K(1664K) Class: 124K(192K)->124K(192K)
[2024-10-12T11:16:12.088+0800][info] GC(383) Pause Young (Mixed) (G1 Evacuation Pause) 100M->111M(128M) 5.767ms
[2024-10-12T11:16:12.088+0800][info] GC(383) User=0.02s Sys=0.00s Real=0.01s
[2024-10-12T11:16:12.149+0800][info] GC(384) Pause Young (Concurrent Start) (G1 Preventive Collection)
[2024-10-12T11:16:12.149+0800][info] GC(384) Using 3 workers of 48 for evacuation
[2024-10-12T11:16:12.150+0800][info] GC(384) To-space exhausted
[2024-10-12T11:16:12.150+0800][info] GC(384)   Pre Evacuate Collection Set: 0.1ms
[2024-10-12T11:16:12.150+0800][info] GC(384)   Merge Heap Roots: 0.1ms
[2024-10-12T11:16:12.150+0800][info] GC(384)   Evacuate Collection Set: 0.5ms
[2024-10-12T11:16:12.150+0800][info] GC(384)   Post Evacuate Collection Set: 0.2ms
[2024-10-12T11:16:12.150+0800][info] GC(384)   Other: 0.4ms
[2024-10-12T11:16:12.150+0800][info] GC(384) Eden regions: 1->0(2)
[2024-10-12T11:16:12.150+0800][info] GC(384) Survivor regions: 1->1(1)
[2024-10-12T11:16:12.150+0800][info] GC(384) Old regions: 56->57
[2024-10-12T11:16:12.150+0800][info] GC(384) Archive regions: 2->2
[2024-10-12T11:16:12.150+0800][info] GC(384) Humongous regions: 3->3
[2024-10-12T11:16:12.150+0800][info] GC(384) Metaspace: 1676K(1856K)->1676K(1856K) NonClass: 1552K(1664K)->1552K(1664K) Class: 124K(192K)->124K(192K)
[2024-10-12T11:16:12.150+0800][info] GC(384) Pause Young (Concurrent Start) (G1 Preventive Collection) 113M->113M(128M) 1.424ms
[2024-10-12T11:16:12.150+0800][info] GC(384) User=0.00s Sys=0.00s Real=0.00s
[2024-10-12T11:16:12.151+0800][info] GC(385) Concurrent Mark Cycle
[2024-10-12T11:16:12.151+0800][info] GC(385) Concurrent Clear Claimed Marks
[2024-10-12T11:16:12.151+0800][info] GC(385) Concurrent Clear Claimed Marks 0.017ms
[2024-10-12T11:16:12.151+0800][info] GC(385) Concurrent Scan Root Regions
[2024-10-12T11:16:12.151+0800][info] GC(385) Concurrent Scan Root Regions 0.148ms
[2024-10-12T11:16:12.151+0800][info] GC(385) Concurrent Mark
[2024-10-12T11:16:12.151+0800][info] GC(385) Concurrent Mark From Roots
[2024-10-12T11:16:12.151+0800][info] GC(385) Using 12 workers of 12 for marking
[2024-10-12T11:16:12.154+0800][info] GC(385) Concurrent Mark From Roots 3.420ms
[2024-10-12T11:16:12.154+0800][info] GC(385) Concurrent Preclean
[2024-10-12T11:16:12.156+0800][info] GC(385) Concurrent Preclean 1.678ms
[2024-10-12T11:16:12.156+0800][info] GC(385) Pause Remark
[2024-10-12T11:16:12.158+0800][info] GC(385) Pause Remark 114M->114M(128M) 1.792ms
[2024-10-12T11:16:12.158+0800][info] GC(385) User=0.01s Sys=0.00s Real=0.00s
[2024-10-12T11:16:12.158+0800][info] GC(385) Concurrent Mark 7.150ms
[2024-10-12T11:16:12.158+0800][info] GC(385) Concurrent Rebuild Remembered Sets
[2024-10-12T11:16:12.159+0800][info] GC(385) Concurrent Rebuild Remembered Sets 1.385ms
[2024-10-12T11:16:12.159+0800][info] GC(385) Pause Cleanup
[2024-10-12T11:16:12.160+0800][info] GC(385) Pause Cleanup 114M->114M(128M) 0.200ms
[2024-10-12T11:16:12.160+0800][info] GC(385) User=0.00s Sys=0.00s Real=0.00s
[2024-10-12T11:16:12.160+0800][info] GC(385) Concurrent Cleanup for Next Mark
[2024-10-12T11:16:12.160+0800][info] GC(385) Concurrent Cleanup for Next Mark 0.385ms
[2024-10-12T11:16:12.160+0800][info] GC(385) Concurrent Mark Cycle 9.620ms
[2024-10-12T11:16:12.243+0800][info] GC(386) Pause Young (Prepare Mixed) (G1 Evacuation Pause)
[2024-10-12T11:16:12.243+0800][info] GC(386) Using 3 workers of 48 for evacuation
[2024-10-12T11:16:12.243+0800][info] GC(386) To-space exhausted
[2024-10-12T11:16:12.243+0800][info] GC(386)   Pre Evacuate Collection Set: 0.1ms
[2024-10-12T11:16:12.243+0800][info] GC(386)   Merge Heap Roots: 0.1ms
[2024-10-12T11:16:12.243+0800][info] GC(386)   Evacuate Collection Set: 0.2ms
[2024-10-12T11:16:12.243+0800][info] GC(386)   Post Evacuate Collection Set: 0.3ms
[2024-10-12T11:16:12.243+0800][info] GC(386)   Other: 0.2ms
[2024-10-12T11:16:12.243+0800][info] GC(386) Eden regions: 1->0(3)
[2024-10-12T11:16:12.243+0800][info] GC(386) Survivor regions: 1->0(0)
[2024-10-12T11:16:12.243+0800][info] GC(386) Old regions: 57->59
[2024-10-12T11:16:12.243+0800][info] GC(386) Archive regions: 2->2
[2024-10-12T11:16:12.243+0800][info] GC(386) Humongous regions: 3->3
[2024-10-12T11:16:12.243+0800][info] GC(386) Metaspace: 1676K(1856K)->1676K(1856K) NonClass: 1552K(1664K)->1552K(1664K) Class: 124K(192K)->124K(192K)
[2024-10-12T11:16:12.243+0800][info] GC(386) Pause Young (Prepare Mixed) (G1 Evacuation Pause) 115M->115M(128M) 0.966ms
[2024-10-12T11:16:12.243+0800][info] GC(386) User=0.01s Sys=0.00s Real=0.00s
[2024-10-12T11:16:12.244+0800][info] Attempting full compaction
[2024-10-12T11:16:12.244+0800][info] GC(387) Using 3 workers of 48 for full compaction
[2024-10-12T11:16:12.244+0800][info] GC(387) Pause Full (G1 Compaction Pause)
[2024-10-12T11:16:12.244+0800][info] GC(387) Phase 1: Mark live objects
[2024-10-12T11:16:12.247+0800][info] GC(387) Phase 1: Mark live objects 3.515ms
[2024-10-12T11:16:12.247+0800][info] GC(387) Phase 2: Prepare for compaction
[2024-10-12T11:16:12.248+0800][info] GC(387) Phase 2: Prepare for compaction 0.579ms
[2024-10-12T11:16:12.248+0800][info] GC(387) Phase 3: Adjust pointers
[2024-10-12T11:16:12.249+0800][info] GC(387) Phase 3: Adjust pointers 1.641ms
[2024-10-12T11:16:12.249+0800][info] GC(387) Phase 4: Compact heap
[2024-10-12T11:16:12.265+0800][info] GC(387) Phase 4: Compact heap 15.332ms
[2024-10-12T11:16:12.266+0800][info] GC(387) Eden regions: 0->0(4)
[2024-10-12T11:16:12.266+0800][info] GC(387) Survivor regions: 0->0(0)
[2024-10-12T11:16:12.266+0800][info] GC(387) Old regions: 59->38
[2024-10-12T11:16:12.266+0800][info] GC(387) Archive regions: 2->2
[2024-10-12T11:16:12.266+0800][info] GC(387) Humongous regions: 3->3
[2024-10-12T11:16:12.266+0800][info] GC(387) Metaspace: 1676K(1856K)->1676K(1856K) NonClass: 1552K(1664K)->1552K(1664K) Class: 124K(192K)->124K(192K)
[2024-10-12T11:16:12.266+0800][info] GC(387) Pause Full (G1 Compaction Pause) 115M->72M(128M) 22.699ms
[2024-10-12T11:16:12.266+0800][info] GC(387) User=0.04s Sys=0.00s Real=0.03s
[2024-10-12T11:16:12.492+0800][info] GC(388) Pause Young (Normal) (G1 Evacuation Pause)
[2024-10-12T11:16:12.492+0800][info] GC(388) Using 3 workers of 48 for evacuation
[2024-10-12T11:16:12.493+0800][info] GC(388)   Pre Evacuate Collection Set: 0.1ms
[2024-10-12T11:16:12.493+0800][info] GC(388)   Merge Heap Roots: 0.0ms
[2024-10-12T11:16:12.493+0800][info] GC(388)   Evacuate Collection Set: 1.2ms
[2024-10-12T11:16:12.493+0800][info] GC(388)   Post Evacuate Collection Set: 0.2ms
[2024-10-12T11:16:12.494+0800][info] GC(388)   Other: 0.3ms
[2024-10-12T11:16:12.494+0800][info] GC(388) Eden regions: 4->0(2)
[2024-10-12T11:16:12.494+0800][info] GC(388) Survivor regions: 0->1(1)
[2024-10-12T11:16:12.494+0800][info] GC(388) Old regions: 38->42
[2024-10-12T11:16:12.494+0800][info] GC(388) Archive regions: 2->2
[2024-10-12T11:16:12.494+0800][info] GC(388) Humongous regions: 3->3
[2024-10-12T11:16:12.494+0800][info] GC(388) Metaspace: 1676K(1856K)->1676K(1856K) NonClass: 1552K(1664K)->1552K(1664K) Class: 124K(192K)->124K(192K)
[2024-10-12T11:16:12.494+0800][info] GC(388) Pause Young (Normal) (G1 Evacuation Pause) 79M->80M(128M) 2.011ms
[2024-10-12T11:16:12.494+0800][info] GC(388) User=0.01s Sys=0.00s Real=0.01s
[2024-10-12T11:16:12.596+0800][info] GC(389) Pause Young (Normal) (G1 Evacuation Pause)
[2024-10-12T11:16:12.596+0800][info] GC(389) Using 3 workers of 48 for evacuation
[2024-10-12T11:16:12.598+0800][info] GC(389)   Pre Evacuate Collection Set: 0.1ms
[2024-10-12T11:16:12.598+0800][info] GC(389)   Merge Heap Roots: 0.1ms
[2024-10-12T11:16:12.598+0800][info] GC(389)   Evacuate Collection Set: 0.9ms
[2024-10-12T11:16:12.598+0800][info] GC(389)   Post Evacuate Collection Set: 0.2ms
[2024-10-12T11:16:12.598+0800][info] GC(389)   Other: 0.2ms
[2024-10-12T11:16:12.598+0800][info] GC(389) Eden regions: 2->0(2)
[2024-10-12T11:16:12.598+0800][info] GC(389) Survivor regions: 1->1(1)
[2024-10-12T11:16:12.598+0800][info] GC(389) Old regions: 42->44
[2024-10-12T11:16:12.598+0800][info] GC(389) Archive regions: 2->2
[2024-10-12T11:16:12.598+0800][info] GC(389) Humongous regions: 3->3
[2024-10-12T11:16:12.598+0800][info] GC(389) Metaspace: 1676K(1856K)->1676K(1856K) NonClass: 1552K(1664K)->1552K(1664K) Class: 124K(192K)->124K(192K)
[2024-10-12T11:16:12.598+0800][info] GC(389) Pause Young (Normal) (G1 Evacuation Pause) 84M->84M(128M) 1.636ms
[2024-10-12T11:16:12.598+0800][info] GC(389) User=0.00s Sys=0.00s Real=0.00s
[2024-10-12T11:16:12.700+0800][info] GC(390) Pause Young (Normal) (G1 Evacuation Pause)
[2024-10-12T11:16:12.700+0800][info] GC(390) Using 3 workers of 48 for evacuation
[2024-10-12T11:16:12.702+0800][info] GC(390)   Pre Evacuate Collection Set: 0.1ms
[2024-10-12T11:16:12.702+0800][info] GC(390)   Merge Heap Roots: 0.1ms
[2024-10-12T11:16:12.702+0800][info] GC(390)   Evacuate Collection Set: 1.1ms
[2024-10-12T11:16:12.702+0800][info] GC(390)   Post Evacuate Collection Set: 0.2ms
[2024-10-12T11:16:12.702+0800][info] GC(390)   Other: 0.2ms
[2024-10-12T11:16:12.702+0800][info] GC(390) Eden regions: 2->0(2)
[2024-10-12T11:16:12.702+0800][info] GC(390) Survivor regions: 1->1(1)
[2024-10-12T11:16:12.702+0800][info] GC(390) Old regions: 44->46
[2024-10-12T11:16:12.702+0800][info] GC(390) Archive regions: 2->2
[2024-10-12T11:16:12.702+0800][info] GC(390) Humongous regions: 3->3
[2024-10-12T11:16:12.702+0800][info] GC(390) Metaspace: 1676K(1856K)->1676K(1856K) NonClass: 1552K(1664K)->1552K(1664K) Class: 124K(192K)->124K(192K)
[2024-10-12T11:16:12.702+0800][info] GC(390) Pause Young (Normal) (G1 Evacuation Pause) 88M->88M(128M) 1.813ms
[2024-10-12T11:16:12.702+0800][info] GC(390) User=0.00s Sys=0.00s Real=0.00s
[2024-10-12T11:16:12.804+0800][info] GC(391) Pause Young (Concurrent Start) (G1 Evacuation Pause)
[2024-10-12T11:16:12.804+0800][info] GC(391) Using 3 workers of 48 for evacuation
[2024-10-12T11:16:12.806+0800][info] GC(391)   Pre Evacuate Collection Set: 0.1ms
[2024-10-12T11:16:12.806+0800][info] GC(391)   Merge Heap Roots: 0.1ms
[2024-10-12T11:16:12.806+0800][info] GC(391)   Evacuate Collection Set: 1.0ms
[2024-10-12T11:16:12.806+0800][info] GC(391)   Post Evacuate Collection Set: 0.2ms
[2024-10-12T11:16:12.806+0800][info] GC(391)   Other: 0.4ms
[2024-10-12T11:16:12.806+0800][info] GC(391) Eden regions: 2->0(2)
[2024-10-12T11:16:12.806+0800][info] GC(391) Survivor regions: 1->1(1)
[2024-10-12T11:16:12.806+0800][info] GC(391) Old regions: 46->48
[2024-10-12T11:16:12.806+0800][info] GC(391) Archive regions: 2->2
[2024-10-12T11:16:12.806+0800][info] GC(391) Humongous regions: 3->3
[2024-10-12T11:16:12.806+0800][info] GC(391) Metaspace: 1676K(1856K)->1676K(1856K) NonClass: 1552K(1664K)->1552K(1664K) Class: 124K(192K)->124K(192K)
[2024-10-12T11:16:12.806+0800][info] GC(391) Pause Young (Concurrent Start) (G1 Evacuation Pause) 92M->92M(128M) 1.882ms
[2024-10-12T11:16:12.806+0800][info] GC(391) User=0.00s Sys=0.00s Real=0.01s
[2024-10-12T11:16:12.806+0800][info] GC(392) Concurrent Mark Cycle
[2024-10-12T11:16:12.806+0800][info] GC(392) Concurrent Clear Claimed Marks
[2024-10-12T11:16:12.806+0800][info] GC(392) Concurrent Clear Claimed Marks 0.017ms
[2024-10-12T11:16:12.806+0800][info] GC(392) Concurrent Scan Root Regions
[2024-10-12T11:16:12.807+0800][info] GC(392) Concurrent Scan Root Regions 0.168ms
[2024-10-12T11:16:12.807+0800][info] GC(392) Concurrent Mark
[2024-10-12T11:16:12.807+0800][info] GC(392) Concurrent Mark From Roots
[2024-10-12T11:16:12.807+0800][info] GC(392) Using 12 workers of 12 for marking
[2024-10-12T11:16:12.811+0800][info] GC(392) Concurrent Mark From Roots 3.990ms
[2024-10-12T11:16:12.811+0800][info] GC(392) Concurrent Preclean
[2024-10-12T11:16:12.812+0800][info] GC(392) Concurrent Preclean 1.664ms
[2024-10-12T11:16:12.812+0800][info] GC(392) Pause Remark
[2024-10-12T11:16:12.814+0800][info] GC(392) Pause Remark 93M->93M(128M) 1.732ms
[2024-10-12T11:16:12.814+0800][info] GC(392) User=0.00s Sys=0.00s Real=0.01s
[2024-10-12T11:16:12.814+0800][info] GC(392) Concurrent Mark 7.704ms
[2024-10-12T11:16:12.814+0800][info] GC(392) Concurrent Rebuild Remembered Sets
[2024-10-12T11:16:12.815+0800][info] GC(392) Concurrent Rebuild Remembered Sets 1.056ms
[2024-10-12T11:16:12.816+0800][info] GC(392) Pause Cleanup
[2024-10-12T11:16:12.816+0800][info] GC(392) Pause Cleanup 93M->93M(128M) 0.179ms
[2024-10-12T11:16:12.816+0800][info] GC(392) User=0.00s Sys=0.00s Real=0.00s
[2024-10-12T11:16:12.816+0800][info] GC(392) Concurrent Cleanup for Next Mark
[2024-10-12T11:16:12.816+0800][info] GC(392) Concurrent Cleanup for Next Mark 0.400ms
[2024-10-12T11:16:12.816+0800][info] GC(392) Concurrent Mark Cycle 9.893ms
[2024-10-12T11:16:12.959+0800][info] GC(393) Pause Young (Prepare Mixed) (G1 Evacuation Pause)
[2024-10-12T11:16:12.959+0800][info] GC(393) Using 3 workers of 48 for evacuation
[2024-10-12T11:16:12.961+0800][info] GC(393)   Pre Evacuate Collection Set: 0.1ms
[2024-10-12T11:16:12.961+0800][info] GC(393)   Merge Heap Roots: 0.1ms
[2024-10-12T11:16:12.961+0800][info] GC(393)   Evacuate Collection Set: 1.1ms
[2024-10-12T11:16:12.961+0800][info] GC(393)   Post Evacuate Collection Set: 0.2ms
[2024-10-12T11:16:12.961+0800][info] GC(393)   Other: 0.3ms
[2024-10-12T11:16:12.961+0800][info] GC(393) Eden regions: 2->0(2)
[2024-10-12T11:16:12.961+0800][info] GC(393) Survivor regions: 1->1(1)
[2024-10-12T11:16:12.961+0800][info] GC(393) Old regions: 48->50
[2024-10-12T11:16:12.961+0800][info] GC(393) Archive regions: 2->2
[2024-10-12T11:16:12.961+0800][info] GC(393) Humongous regions: 3->3
[2024-10-12T11:16:12.961+0800][info] GC(393) Metaspace: 1676K(1856K)->1676K(1856K) NonClass: 1552K(1664K)->1552K(1664K) Class: 124K(192K)->124K(192K)
[2024-10-12T11:16:12.961+0800][info] GC(393) Pause Young (Prepare Mixed) (G1 Evacuation Pause) 96M->96M(128M) 1.863ms
[2024-10-12T11:16:12.961+0800][info] GC(393) User=0.01s Sys=0.00s Real=0.00s
[2024-10-12T11:16:13.064+0800][info] GC(394) Pause Young (Mixed) (G1 Preventive Collection)
[2024-10-12T11:16:13.064+0800][info] GC(394) Using 3 workers of 48 for evacuation
[2024-10-12T11:16:13.068+0800][info] GC(394) To-space exhausted
[2024-10-12T11:16:13.069+0800][info] GC(394)   Pre Evacuate Collection Set: 0.2ms
[2024-10-12T11:16:13.069+0800][info] GC(394)   Merge Heap Roots: 0.1ms
[2024-10-12T11:16:13.069+0800][info] GC(394)   Evacuate Collection Set: 3.5ms
[2024-10-12T11:16:13.069+0800][info] GC(394)   Post Evacuate Collection Set: 0.9ms
[2024-10-12T11:16:13.069+0800][info] GC(394)   Other: 0.2ms
[2024-10-12T11:16:13.069+0800][info] GC(394) Eden regions: 2->0(2)
[2024-10-12T11:16:13.069+0800][info] GC(394) Survivor regions: 1->1(1)
[2024-10-12T11:16:13.069+0800][info] GC(394) Old regions: 50->57
[2024-10-12T11:16:13.069+0800][info] GC(394) Archive regions: 2->2
[2024-10-12T11:16:13.069+0800][info] GC(394) Humongous regions: 3->3
[2024-10-12T11:16:13.069+0800][info] GC(394) Metaspace: 1676K(1856K)->1676K(1856K) NonClass: 1552K(1664K)->1552K(1664K) Class: 124K(192K)->124K(192K)
[2024-10-12T11:16:13.069+0800][info] GC(394) Pause Young (Mixed) (G1 Preventive Collection) 100M->111M(128M) 4.967ms
[2024-10-12T11:16:13.069+0800][info] GC(394) User=0.01s Sys=0.00s Real=0.01s
[2024-10-12T11:16:13.130+0800][info] GC(395) Pause Young (Concurrent Start) (G1 Evacuation Pause)
[2024-10-12T11:16:13.130+0800][info] GC(395) Using 3 workers of 48 for evacuation
[2024-10-12T11:16:13.131+0800][info] GC(395) To-space exhausted
[2024-10-12T11:16:13.131+0800][info] GC(395)   Pre Evacuate Collection Set: 0.1ms
[2024-10-12T11:16:13.131+0800][info] GC(395)   Merge Heap Roots: 0.1ms
[2024-10-12T11:16:13.131+0800][info] GC(395)   Evacuate Collection Set: 0.4ms
[2024-10-12T11:16:13.131+0800][info] GC(395)   Post Evacuate Collection Set: 0.2ms
[2024-10-12T11:16:13.131+0800][info] GC(395)   Other: 0.3ms
[2024-10-12T11:16:13.131+0800][info] GC(395) Eden regions: 1->0(3)
[2024-10-12T11:16:13.131+0800][info] GC(395) Survivor regions: 1->0(0)
[2024-10-12T11:16:13.131+0800][info] GC(395) Old regions: 57->59
[2024-10-12T11:16:13.131+0800][info] GC(395) Archive regions: 2->2
[2024-10-12T11:16:13.131+0800][info] GC(395) Humongous regions: 3->3
[2024-10-12T11:16:13.131+0800][info] GC(395) Metaspace: 1676K(1856K)->1676K(1856K) NonClass: 1552K(1664K)->1552K(1664K) Class: 124K(192K)->124K(192K)
[2024-10-12T11:16:13.131+0800][info] GC(395) Pause Young (Concurrent Start) (G1 Evacuation Pause) 113M->113M(128M) 1.241ms
[2024-10-12T11:16:13.131+0800][info] GC(395) User=0.00s Sys=0.00s Real=0.00s
[2024-10-12T11:16:13.131+0800][info] Attempting full compaction
[2024-10-12T11:16:13.131+0800][info] GC(396) Using 3 workers of 48 for full compaction
[2024-10-12T11:16:13.132+0800][info] GC(396) Pause Full (G1 Compaction Pause)
[2024-10-12T11:16:13.132+0800][info] GC(397) Concurrent Mark Cycle
[2024-10-12T11:16:13.132+0800][info] GC(397) Concurrent Clear Claimed Marks
[2024-10-12T11:16:13.132+0800][info] GC(397) Concurrent Clear Claimed Marks 0.017ms
[2024-10-12T11:16:13.132+0800][info] GC(397) Concurrent Scan Root Regions
[2024-10-12T11:16:13.132+0800][info] GC(397) Concurrent Scan Root Regions 0.010ms
[2024-10-12T11:16:13.132+0800][info] GC(397) Concurrent Mark
[2024-10-12T11:16:13.132+0800][info] GC(397) Concurrent Mark From Roots
[2024-10-12T11:16:13.132+0800][info] GC(397) Using 12 workers of 12 for marking
[2024-10-12T11:16:13.132+0800][info] GC(396) Phase 1: Mark live objects
[2024-10-12T11:16:13.135+0800][info] GC(396) Phase 1: Mark live objects 3.482ms
[2024-10-12T11:16:13.135+0800][info] GC(396) Phase 2: Prepare for compaction
[2024-10-12T11:16:13.136+0800][info] GC(396) Phase 2: Prepare for compaction 0.841ms
[2024-10-12T11:16:13.136+0800][info] GC(396) Phase 3: Adjust pointers
[2024-10-12T11:16:13.138+0800][info] GC(396) Phase 3: Adjust pointers 1.722ms
[2024-10-12T11:16:13.138+0800][info] GC(396) Phase 4: Compact heap
[2024-10-12T11:16:13.152+0800][info] GC(396) Phase 4: Compact heap 14.234ms
[2024-10-12T11:16:13.154+0800][info] GC(396) Eden regions: 0->0(5)
[2024-10-12T11:16:13.154+0800][info] GC(396) Survivor regions: 0->0(0)
[2024-10-12T11:16:13.154+0800][info] GC(396) Old regions: 59->37
[2024-10-12T11:16:13.154+0800][info] GC(396) Archive regions: 2->2
[2024-10-12T11:16:13.154+0800][info] GC(396) Humongous regions: 3->3
[2024-10-12T11:16:13.154+0800][info] GC(396) Metaspace: 1676K(1856K)->1676K(1856K) NonClass: 1552K(1664K)->1552K(1664K) Class: 124K(192K)->124K(192K)
[2024-10-12T11:16:13.154+0800][info] GC(396) Pause Full (G1 Compaction Pause) 113M->72M(128M) 22.337ms
[2024-10-12T11:16:13.154+0800][info] GC(396) User=0.05s Sys=0.00s Real=0.03s
[2024-10-12T11:16:13.154+0800][info] GC(397) Concurrent Mark From Roots 22.542ms
[2024-10-12T11:16:13.154+0800][info] GC(397) Concurrent Mark Abort
[2024-10-12T11:16:13.154+0800][info] GC(397) Concurrent Mark Cycle 22.736ms
[2024-10-12T11:16:13.420+0800][info] GC(398) Pause Young (Normal) (G1 Evacuation Pause)
[2024-10-12T11:16:13.420+0800][info] GC(398) Using 3 workers of 48 for evacuation
[2024-10-12T11:16:13.422+0800][info] GC(398)   Pre Evacuate Collection Set: 0.1ms
[2024-10-12T11:16:13.422+0800][info] GC(398)   Merge Heap Roots: 0.1ms
[2024-10-12T11:16:13.422+0800][info] GC(398)   Evacuate Collection Set: 1.4ms
[2024-10-12T11:16:13.422+0800][info] GC(398)   Post Evacuate Collection Set: 0.2ms
[2024-10-12T11:16:13.422+0800][info] GC(398)   Other: 0.2ms
[2024-10-12T11:16:13.422+0800][info] GC(398) Eden regions: 5->0(2)
[2024-10-12T11:16:13.422+0800][info] GC(398) Survivor regions: 0->1(1)
[2024-10-12T11:16:13.422+0800][info] GC(398) Old regions: 37->41
[2024-10-12T11:16:13.422+0800][info] GC(398) Archive regions: 2->2
[2024-10-12T11:16:13.422+0800][info] GC(398) Humongous regions: 3->3
[2024-10-12T11:16:13.422+0800][info] GC(398) Metaspace: 1676K(1856K)->1676K(1856K) NonClass: 1552K(1664K)->1552K(1664K) Class: 124K(192K)->124K(192K)
[2024-10-12T11:16:13.422+0800][info] GC(398) Pause Young (Normal) (G1 Evacuation Pause) 81M->81M(128M) 2.179ms
[2024-10-12T11:16:13.422+0800][info] GC(398) User=0.01s Sys=0.00s Real=0.00s
[2024-10-12T11:16:13.525+0800][info] GC(399) Pause Young (Normal) (G1 Evacuation Pause)
[2024-10-12T11:16:13.525+0800][info] GC(399) Using 3 workers of 48 for evacuation
[2024-10-12T11:16:13.526+0800][info] GC(399)   Pre Evacuate Collection Set: 0.1ms
[2024-10-12T11:16:13.526+0800][info] GC(399)   Merge Heap Roots: 0.1ms
[2024-10-12T11:16:13.526+0800][info] GC(399)   Evacuate Collection Set: 1.0ms
[2024-10-12T11:16:13.526+0800][info] GC(399)   Post Evacuate Collection Set: 0.2ms
[2024-10-12T11:16:13.526+0800][info] GC(399)   Other: 0.2ms
[2024-10-12T11:16:13.526+0800][info] GC(399) Eden regions: 2->0(2)
[2024-10-12T11:16:13.526+0800][info] GC(399) Survivor regions: 1->1(1)
[2024-10-12T11:16:13.526+0800][info] GC(399) Old regions: 41->43
[2024-10-12T11:16:13.526+0800][info] GC(399) Archive regions: 2->2
[2024-10-12T11:16:13.526+0800][info] GC(399) Humongous regions: 3->3
[2024-10-12T11:16:13.526+0800][info] GC(399) Metaspace: 1676K(1856K)->1676K(1856K) NonClass: 1552K(1664K)->1552K(1664K) Class: 124K(192K)->124K(192K)
[2024-10-12T11:16:13.526+0800][info] GC(399) Pause Young (Normal) (G1 Evacuation Pause) 84M->85M(128M) 1.673ms
[2024-10-12T11:16:13.527+0800][info] GC(399) User=0.00s Sys=0.00s Real=0.01s
[2024-10-12T11:16:13.629+0800][info] GC(400) Pause Young (Normal) (G1 Evacuation Pause)
[2024-10-12T11:16:13.629+0800][info] GC(400) Using 3 workers of 48 for evacuation
[2024-10-12T11:16:13.630+0800][info] GC(400)   Pre Evacuate Collection Set: 0.1ms
[2024-10-12T11:16:13.630+0800][info] GC(400)   Merge Heap Roots: 0.0ms
[2024-10-12T11:16:13.630+0800][info] GC(400)   Evacuate Collection Set: 1.0ms
[2024-10-12T11:16:13.630+0800][info] GC(400)   Post Evacuate Collection Set: 0.2ms
[2024-10-12T11:16:13.630+0800][info] GC(400)   Other: 0.2ms
[2024-10-12T11:16:13.630+0800][info] GC(400) Eden regions: 2->0(2)
[2024-10-12T11:16:13.630+0800][info] GC(400) Survivor regions: 1->1(1)
[2024-10-12T11:16:13.630+0800][info] GC(400) Old regions: 43->45
[2024-10-12T11:16:13.630+0800][info] GC(400) Archive regions: 2->2
[2024-10-12T11:16:13.630+0800][info] GC(400) Humongous regions: 3->3
[2024-10-12T11:16:13.630+0800][info] GC(400) Metaspace: 1676K(1856K)->1676K(1856K) NonClass: 1552K(1664K)->1552K(1664K) Class: 124K(192K)->124K(192K)
[2024-10-12T11:16:13.630+0800][info] GC(400) Pause Young (Normal) (G1 Evacuation Pause) 88M->89M(128M) 1.726ms
[2024-10-12T11:16:13.630+0800][info] GC(400) User=0.01s Sys=0.00s Real=0.00s
[2024-10-12T11:16:13.733+0800][info] GC(401) Pause Young (Normal) (G1 Evacuation Pause)
[2024-10-12T11:16:13.733+0800][info] GC(401) Using 3 workers of 48 for evacuation
[2024-10-12T11:16:13.735+0800][info] GC(401)   Pre Evacuate Collection Set: 0.1ms
[2024-10-12T11:16:13.735+0800][info] GC(401)   Merge Heap Roots: 0.1ms
[2024-10-12T11:16:13.735+0800][info] GC(401)   Evacuate Collection Set: 1.1ms
[2024-10-12T11:16:13.735+0800][info] GC(401)   Post Evacuate Collection Set: 0.2ms
[2024-10-12T11:16:13.735+0800][info] GC(401)   Other: 0.2ms
[2024-10-12T11:16:13.735+0800][info] GC(401) Eden regions: 2->0(2)
[2024-10-12T11:16:13.735+0800][info] GC(401) Survivor regions: 1->1(1)
[2024-10-12T11:16:13.735+0800][info] GC(401) Old regions: 45->47
[2024-10-12T11:16:13.735+0800][info] GC(401) Archive regions: 2->2
[2024-10-12T11:16:13.735+0800][info] GC(401) Humongous regions: 3->3
[2024-10-12T11:16:13.735+0800][info] GC(401) Metaspace: 1676K(1856K)->1676K(1856K) NonClass: 1552K(1664K)->1552K(1664K) Class: 124K(192K)->124K(192K)
[2024-10-12T11:16:13.735+0800][info] GC(401) Pause Young (Normal) (G1 Evacuation Pause) 92M->93M(128M) 1.850ms
[2024-10-12T11:16:13.735+0800][info] GC(401) User=0.00s Sys=0.00s Real=0.01s
[2024-10-12T11:16:13.837+0800][info] GC(402) Pause Young (Concurrent Start) (G1 Evacuation Pause)
[2024-10-12T11:16:13.837+0800][info] GC(402) Using 3 workers of 48 for evacuation
[2024-10-12T11:16:13.839+0800][info] GC(402)   Pre Evacuate Collection Set: 0.2ms
[2024-10-12T11:16:13.839+0800][info] GC(402)   Merge Heap Roots: 0.1ms
[2024-10-12T11:16:13.839+0800][info] GC(402)   Evacuate Collection Set: 1.0ms
[2024-10-12T11:16:13.839+0800][info] GC(402)   Post Evacuate Collection Set: 0.2ms
[2024-10-12T11:16:13.839+0800][info] GC(402)   Other: 0.4ms
[2024-10-12T11:16:13.839+0800][info] GC(402) Eden regions: 2->0(2)
[2024-10-12T11:16:13.839+0800][info] GC(402) Survivor regions: 1->1(1)
[2024-10-12T11:16:13.839+0800][info] GC(402) Old regions: 47->49
[2024-10-12T11:16:13.839+0800][info] GC(402) Archive regions: 2->2
[2024-10-12T11:16:13.839+0800][info] GC(402) Humongous regions: 3->3
[2024-10-12T11:16:13.839+0800][info] GC(402) Metaspace: 1676K(1856K)->1676K(1856K) NonClass: 1552K(1664K)->1552K(1664K) Class: 124K(192K)->124K(192K)
[2024-10-12T11:16:13.839+0800][info] GC(402) Pause Young (Concurrent Start) (G1 Evacuation Pause) 96M->97M(128M) 1.956ms
[2024-10-12T11:16:13.839+0800][info] GC(402) User=0.01s Sys=0.00s Real=0.00s
[2024-10-12T11:16:13.839+0800][info] GC(403) Concurrent Mark Cycle
[2024-10-12T11:16:13.839+0800][info] GC(403) Concurrent Clear Claimed Marks
[2024-10-12T11:16:13.839+0800][info] GC(403) Concurrent Clear Claimed Marks 0.017ms
[2024-10-12T11:16:13.839+0800][info] GC(403) Concurrent Scan Root Regions
[2024-10-12T11:16:13.839+0800][info] GC(403) Concurrent Scan Root Regions 0.104ms
[2024-10-12T11:16:13.839+0800][info] GC(403) Concurrent Mark
[2024-10-12T11:16:13.839+0800][info] GC(403) Concurrent Mark From Roots
[2024-10-12T11:16:13.839+0800][info] GC(403) Using 12 workers of 12 for marking
[2024-10-12T11:16:13.842+0800][info] GC(403) Concurrent Mark From Roots 3.282ms
[2024-10-12T11:16:13.843+0800][info] GC(403) Concurrent Preclean
[2024-10-12T11:16:13.844+0800][info] GC(403) Concurrent Preclean 1.937ms
[2024-10-12T11:16:13.845+0800][info] GC(403) Pause Remark
[2024-10-12T11:16:13.846+0800][info] GC(403) Pause Remark 99M->99M(128M) 1.752ms
[2024-10-12T11:16:13.846+0800][info] GC(403) User=0.00s Sys=0.00s Real=0.01s
[2024-10-12T11:16:13.847+0800][info] GC(403) Concurrent Mark 7.315ms
[2024-10-12T11:16:13.847+0800][info] GC(403) Concurrent Rebuild Remembered Sets
[2024-10-12T11:16:13.848+0800][info] GC(403) Concurrent Rebuild Remembered Sets 1.241ms
[2024-10-12T11:16:13.848+0800][info] GC(403) Pause Cleanup
[2024-10-12T11:16:13.848+0800][info] GC(403) Pause Cleanup 99M->99M(128M) 0.234ms
[2024-10-12T11:16:13.848+0800][info] GC(403) User=0.00s Sys=0.00s Real=0.00s
[2024-10-12T11:16:13.848+0800][info] GC(403) Concurrent Cleanup for Next Mark
[2024-10-12T11:16:13.849+0800][info] GC(403) Concurrent Cleanup for Next Mark 0.407ms
[2024-10-12T11:16:13.849+0800][info] GC(403) Concurrent Mark Cycle 9.657ms
[2024-10-12T11:16:13.993+0800][info] GC(404) Pause Young (Prepare Mixed) (G1 Evacuation Pause)
[2024-10-12T11:16:13.993+0800][info] GC(404) Using 3 workers of 48 for evacuation
[2024-10-12T11:16:13.994+0800][info] GC(404)   Pre Evacuate Collection Set: 0.1ms
[2024-10-12T11:16:13.994+0800][info] GC(404)   Merge Heap Roots: 0.1ms
[2024-10-12T11:16:13.994+0800][info] GC(404)   Evacuate Collection Set: 1.0ms
[2024-10-12T11:16:13.994+0800][info] GC(404)   Post Evacuate Collection Set: 0.2ms
[2024-10-12T11:16:13.994+0800][info] GC(404)   Other: 0.2ms
[2024-10-12T11:16:13.994+0800][info] GC(404) Eden regions: 2->0(2)
[2024-10-12T11:16:13.994+0800][info] GC(404) Survivor regions: 1->1(1)
[2024-10-12T11:16:13.994+0800][info] GC(404) Old regions: 49->51
[2024-10-12T11:16:13.994+0800][info] GC(404) Archive regions: 2->2
[2024-10-12T11:16:13.994+0800][info] GC(404) Humongous regions: 4->3
[2024-10-12T11:16:13.994+0800][info] GC(404) Metaspace: 1676K(1856K)->1676K(1856K) NonClass: 1552K(1664K)->1552K(1664K) Class: 124K(192K)->124K(192K)
[2024-10-12T11:16:13.994+0800][info] GC(404) Pause Young (Prepare Mixed) (G1 Evacuation Pause) 102M->101M(128M) 1.734ms
[2024-10-12T11:16:13.994+0800][info] GC(404) User=0.00s Sys=0.00s Real=0.01s
[2024-10-12T11:16:14.097+0800][info] GC(405) Pause Young (Mixed) (G1 Preventive Collection)
[2024-10-12T11:16:14.097+0800][info] GC(405) Using 3 workers of 48 for evacuation
[2024-10-12T11:16:14.103+0800][info] GC(405) To-space exhausted
[2024-10-12T11:16:14.103+0800][info] GC(405)   Pre Evacuate Collection Set: 0.2ms
[2024-10-12T11:16:14.103+0800][info] GC(405)   Merge Heap Roots: 0.1ms
[2024-10-12T11:16:14.103+0800][info] GC(405)   Evacuate Collection Set: 4.0ms
[2024-10-12T11:16:14.103+0800][info] GC(405)   Post Evacuate Collection Set: 1.6ms
[2024-10-12T11:16:14.103+0800][info] GC(405)   Other: 0.2ms
[2024-10-12T11:16:14.103+0800][info] GC(405) Eden regions: 2->0(2)
[2024-10-12T11:16:14.103+0800][info] GC(405) Survivor regions: 1->1(1)
[2024-10-12T11:16:14.103+0800][info] GC(405) Old regions: 51->57
[2024-10-12T11:16:14.103+0800][info] GC(405) Archive regions: 2->2
[2024-10-12T11:16:14.103+0800][info] GC(405) Humongous regions: 3->3
[2024-10-12T11:16:14.103+0800][info] GC(405) Metaspace: 1676K(1856K)->1676K(1856K) NonClass: 1552K(1664K)->1552K(1664K) Class: 124K(192K)->124K(192K)
[2024-10-12T11:16:14.103+0800][info] GC(405) Pause Young (Mixed) (G1 Preventive Collection) 104M->113M(128M) 6.179ms
[2024-10-12T11:16:14.103+0800][info] GC(405) User=0.02s Sys=0.00s Real=0.00s
[2024-10-12T11:16:14.165+0800][info] GC(406) Pause Young (Concurrent Start) (G1 Evacuation Pause)
[2024-10-12T11:16:14.165+0800][info] GC(406) Using 3 workers of 48 for evacuation
[2024-10-12T11:16:14.166+0800][info] GC(406) To-space exhausted
[2024-10-12T11:16:14.166+0800][info] GC(406)   Pre Evacuate Collection Set: 0.1ms
[2024-10-12T11:16:14.166+0800][info] GC(406)   Merge Heap Roots: 0.1ms
[2024-10-12T11:16:14.166+0800][info] GC(406)   Evacuate Collection Set: 0.6ms
[2024-10-12T11:16:14.166+0800][info] GC(406)   Post Evacuate Collection Set: 0.2ms
[2024-10-12T11:16:14.166+0800][info] GC(406)   Other: 0.4ms
[2024-10-12T11:16:14.166+0800][info] GC(406) Eden regions: 1->0(3)
[2024-10-12T11:16:14.166+0800][info] GC(406) Survivor regions: 1->0(0)
[2024-10-12T11:16:14.166+0800][info] GC(406) Old regions: 57->59
[2024-10-12T11:16:14.166+0800][info] GC(406) Archive regions: 2->2
[2024-10-12T11:16:14.166+0800][info] GC(406) Humongous regions: 3->3
[2024-10-12T11:16:14.166+0800][info] GC(406) Metaspace: 1676K(1856K)->1676K(1856K) NonClass: 1552K(1664K)->1552K(1664K) Class: 124K(192K)->124K(192K)
[2024-10-12T11:16:14.166+0800][info] GC(406) Pause Young (Concurrent Start) (G1 Evacuation Pause) 115M->115M(128M) 1.493ms
[2024-10-12T11:16:14.166+0800][info] GC(406) User=0.00s Sys=0.00s Real=0.01s
[2024-10-12T11:16:14.166+0800][info] Attempting full compaction
[2024-10-12T11:16:14.166+0800][info] GC(407) Using 3 workers of 48 for full compaction
[2024-10-12T11:16:14.166+0800][info] GC(407) Pause Full (G1 Compaction Pause)
[2024-10-12T11:16:14.166+0800][info] GC(408) Concurrent Mark Cycle
[2024-10-12T11:16:14.167+0800][info] GC(408) Concurrent Clear Claimed Marks
[2024-10-12T11:16:14.167+0800][info] GC(408) Concurrent Clear Claimed Marks 0.017ms
[2024-10-12T11:16:14.167+0800][info] GC(408) Concurrent Scan Root Regions
[2024-10-12T11:16:14.167+0800][info] GC(408) Concurrent Scan Root Regions 0.010ms
[2024-10-12T11:16:14.167+0800][info] GC(408) Concurrent Mark
[2024-10-12T11:16:14.167+0800][info] GC(408) Concurrent Mark From Roots
[2024-10-12T11:16:14.167+0800][info] GC(408) Using 12 workers of 12 for marking
[2024-10-12T11:16:14.167+0800][info] GC(407) Phase 1: Mark live objects
[2024-10-12T11:16:14.170+0800][info] GC(407) Phase 1: Mark live objects 3.461ms
[2024-10-12T11:16:14.170+0800][info] GC(407) Phase 2: Prepare for compaction
[2024-10-12T11:16:14.171+0800][info] GC(407) Phase 2: Prepare for compaction 0.452ms
[2024-10-12T11:16:14.171+0800][info] GC(407) Phase 3: Adjust pointers
[2024-10-12T11:16:14.172+0800][info] GC(407) Phase 3: Adjust pointers 1.728ms
[2024-10-12T11:16:14.173+0800][info] GC(407) Phase 4: Compact heap
[2024-10-12T11:16:14.215+0800][info] GC(407) Phase 4: Compact heap 42.543ms
[2024-10-12T11:16:14.217+0800][info] GC(407) Eden regions: 0->0(4)
[2024-10-12T11:16:14.217+0800][info] GC(407) Survivor regions: 0->0(0)
[2024-10-12T11:16:14.217+0800][info] GC(407) Old regions: 59->38
[2024-10-12T11:16:14.217+0800][info] GC(407) Archive regions: 2->2
[2024-10-12T11:16:14.217+0800][info] GC(407) Humongous regions: 3->3
[2024-10-12T11:16:14.217+0800][info] GC(407) Metaspace: 1676K(1856K)->1676K(1856K) NonClass: 1552K(1664K)->1552K(1664K) Class: 124K(192K)->124K(192K)
[2024-10-12T11:16:14.217+0800][info] GC(407) Pause Full (G1 Compaction Pause) 115M->72M(128M) 50.924ms
[2024-10-12T11:16:14.217+0800][info] GC(407) User=0.05s Sys=0.02s Real=0.05s
[2024-10-12T11:16:14.218+0800][info] GC(408) Concurrent Mark From Roots 51.200ms
[2024-10-12T11:16:14.218+0800][info] GC(408) Concurrent Mark Abort
[2024-10-12T11:16:14.218+0800][info] GC(408) Concurrent Mark Cycle 51.395ms
[2024-10-12T11:16:14.433+0800][info] GC(409) Pause Young (Normal) (G1 Evacuation Pause)
[2024-10-12T11:16:14.433+0800][info] GC(409) Using 3 workers of 48 for evacuation
[2024-10-12T11:16:14.440+0800][info] GC(409)   Pre Evacuate Collection Set: 0.2ms
[2024-10-12T11:16:14.440+0800][info] GC(409)   Merge Heap Roots: 0.1ms
[2024-10-12T11:16:14.440+0800][info] GC(409)   Evacuate Collection Set: 6.1ms
[2024-10-12T11:16:14.440+0800][info] GC(409)   Post Evacuate Collection Set: 0.2ms
[2024-10-12T11:16:14.440+0800][info] GC(409)   Other: 0.3ms
[2024-10-12T11:16:14.440+0800][info] GC(409) Eden regions: 4->0(2)
[2024-10-12T11:16:14.440+0800][info] GC(409) Survivor regions: 0->1(1)
[2024-10-12T11:16:14.440+0800][info] GC(409) Old regions: 38->41
[2024-10-12T11:16:14.440+0800][info] GC(409) Archive regions: 2->2
[2024-10-12T11:16:14.440+0800][info] GC(409) Humongous regions: 3->3
[2024-10-12T11:16:14.440+0800][info] GC(409) Metaspace: 1676K(1856K)->1676K(1856K) NonClass: 1552K(1664K)->1552K(1664K) Class: 124K(192K)->124K(192K)
[2024-10-12T11:16:14.440+0800][info] GC(409) Pause Young (Normal) (G1 Evacuation Pause) 79M->79M(128M) 6.850ms
[2024-10-12T11:16:14.440+0800][info] GC(409) User=0.02s Sys=0.00s Real=0.01s
[2024-10-12T11:16:14.542+0800][info] GC(410) Pause Young (Normal) (G1 Evacuation Pause)
[2024-10-12T11:16:14.542+0800][info] GC(410) Using 3 workers of 48 for evacuation
[2024-10-12T11:16:14.547+0800][info] GC(410)   Pre Evacuate Collection Set: 0.1ms
[2024-10-12T11:16:14.547+0800][info] GC(410)   Merge Heap Roots: 0.0ms
[2024-10-12T11:16:14.547+0800][info] GC(410)   Evacuate Collection Set: 4.4ms
[2024-10-12T11:16:14.547+0800][info] GC(410)   Post Evacuate Collection Set: 0.2ms
[2024-10-12T11:16:14.547+0800][info] GC(410)   Other: 0.2ms
[2024-10-12T11:16:14.547+0800][info] GC(410) Eden regions: 2->0(2)
[2024-10-12T11:16:14.547+0800][info] GC(410) Survivor regions: 1->1(1)
[2024-10-12T11:16:14.547+0800][info] GC(410) Old regions: 41->43
[2024-10-12T11:16:14.547+0800][info] GC(410) Archive regions: 2->2
[2024-10-12T11:16:14.547+0800][info] GC(410) Humongous regions: 3->3
[2024-10-12T11:16:14.547+0800][info] GC(410) Metaspace: 1676K(1856K)->1676K(1856K) NonClass: 1552K(1664K)->1552K(1664K) Class: 124K(192K)->124K(192K)
[2024-10-12T11:16:14.547+0800][info] GC(410) Pause Young (Normal) (G1 Evacuation Pause) 83M->83M(128M) 5.089ms
[2024-10-12T11:16:14.547+0800][info] GC(410) User=0.01s Sys=0.00s Real=0.01s
[2024-10-12T11:16:14.650+0800][info] GC(411) Pause Young (Normal) (G1 Evacuation Pause)
[2024-10-12T11:16:14.650+0800][info] GC(411) Using 3 workers of 48 for evacuation
[2024-10-12T11:16:14.653+0800][info] GC(411)   Pre Evacuate Collection Set: 0.1ms
[2024-10-12T11:16:14.653+0800][info] GC(411)   Merge Heap Roots: 0.1ms
[2024-10-12T11:16:14.653+0800][info] GC(411)   Evacuate Collection Set: 3.1ms
[2024-10-12T11:16:14.653+0800][info] GC(411)   Post Evacuate Collection Set: 0.3ms
[2024-10-12T11:16:14.653+0800][info] GC(411)   Other: 0.2ms
[2024-10-12T11:16:14.653+0800][info] GC(411) Eden regions: 2->0(2)
[2024-10-12T11:16:14.653+0800][info] GC(411) Survivor regions: 1->1(1)
[2024-10-12T11:16:14.653+0800][info] GC(411) Old regions: 43->45
[2024-10-12T11:16:14.653+0800][info] GC(411) Archive regions: 2->2
[2024-10-12T11:16:14.653+0800][info] GC(411) Humongous regions: 3->3
[2024-10-12T11:16:14.653+0800][info] GC(411) Metaspace: 1676K(1856K)->1676K(1856K) NonClass: 1552K(1664K)->1552K(1664K) Class: 124K(192K)->124K(192K)
[2024-10-12T11:16:14.653+0800][info] GC(411) Pause Young (Normal) (G1 Evacuation Pause) 87M->87M(128M) 3.893ms
[2024-10-12T11:16:14.653+0800][info] GC(411) User=0.01s Sys=0.01s Real=0.01s
[2024-10-12T11:16:14.755+0800][info] GC(412) Pause Young (Normal) (G1 Evacuation Pause)
[2024-10-12T11:16:14.755+0800][info] GC(412) Using 3 workers of 48 for evacuation
[2024-10-12T11:16:14.759+0800][info] GC(412)   Pre Evacuate Collection Set: 0.1ms
[2024-10-12T11:16:14.759+0800][info] GC(412)   Merge Heap Roots: 0.1ms
[2024-10-12T11:16:14.759+0800][info] GC(412)   Evacuate Collection Set: 2.7ms
[2024-10-12T11:16:14.759+0800][info] GC(412)   Post Evacuate Collection Set: 0.2ms
[2024-10-12T11:16:14.759+0800][info] GC(412)   Other: 0.2ms
[2024-10-12T11:16:14.759+0800][info] GC(412) Eden regions: 2->0(2)
[2024-10-12T11:16:14.759+0800][info] GC(412) Survivor regions: 1->1(1)
[2024-10-12T11:16:14.759+0800][info] GC(412) Old regions: 45->47
[2024-10-12T11:16:14.759+0800][info] GC(412) Archive regions: 2->2
[2024-10-12T11:16:14.759+0800][info] GC(412) Humongous regions: 3->3
[2024-10-12T11:16:14.759+0800][info] GC(412) Metaspace: 1676K(1856K)->1676K(1856K) NonClass: 1552K(1664K)->1552K(1664K) Class: 124K(192K)->124K(192K)
[2024-10-12T11:16:14.759+0800][info] GC(412) Pause Young (Normal) (G1 Evacuation Pause) 91M->90M(128M) 3.354ms
[2024-10-12T11:16:14.759+0800][info] GC(412) User=0.00s Sys=0.00s Real=0.00s
[2024-10-12T11:16:14.861+0800][info] GC(413) Pause Young (Concurrent Start) (G1 Evacuation Pause)
[2024-10-12T11:16:14.861+0800][info] GC(413) Using 3 workers of 48 for evacuation
[2024-10-12T11:16:14.866+0800][info] GC(413)   Pre Evacuate Collection Set: 0.1ms
[2024-10-12T11:16:14.866+0800][info] GC(413)   Merge Heap Roots: 0.1ms
[2024-10-12T11:16:14.866+0800][info] GC(413)   Evacuate Collection Set: 4.1ms
[2024-10-12T11:16:14.866+0800][info] GC(413)   Post Evacuate Collection Set: 0.2ms
[2024-10-12T11:16:14.866+0800][info] GC(413)   Other: 0.4ms
[2024-10-12T11:16:14.866+0800][info] GC(413) Eden regions: 2->0(2)
[2024-10-12T11:16:14.866+0800][info] GC(413) Survivor regions: 1->1(1)
[2024-10-12T11:16:14.866+0800][info] GC(413) Old regions: 47->49
[2024-10-12T11:16:14.866+0800][info] GC(413) Archive regions: 2->2
[2024-10-12T11:16:14.866+0800][info] GC(413) Humongous regions: 3->3
[2024-10-12T11:16:14.866+0800][info] GC(413) Metaspace: 1676K(1856K)->1676K(1856K) NonClass: 1552K(1664K)->1552K(1664K) Class: 124K(192K)->124K(192K)
[2024-10-12T11:16:14.866+0800][info] GC(413) Pause Young (Concurrent Start) (G1 Evacuation Pause) 94M->94M(128M) 4.992ms
[2024-10-12T11:16:14.866+0800][info] GC(413) User=0.01s Sys=0.00s Real=0.01s
[2024-10-12T11:16:14.866+0800][info] GC(414) Concurrent Mark Cycle
[2024-10-12T11:16:14.866+0800][info] GC(414) Concurrent Clear Claimed Marks
[2024-10-12T11:16:14.866+0800][info] GC(414) Concurrent Clear Claimed Marks 0.017ms
[2024-10-12T11:16:14.867+0800][info] GC(414) Concurrent Scan Root Regions
[2024-10-12T11:16:14.867+0800][info] GC(414) Concurrent Scan Root Regions 0.105ms
[2024-10-12T11:16:14.867+0800][info] GC(414) Concurrent Mark
[2024-10-12T11:16:14.867+0800][info] GC(414) Concurrent Mark From Roots
[2024-10-12T11:16:14.867+0800][info] GC(414) Using 12 workers of 12 for marking
[2024-10-12T11:16:14.871+0800][info] GC(414) Concurrent Mark From Roots 4.099ms
[2024-10-12T11:16:14.871+0800][info] GC(414) Concurrent Preclean
[2024-10-12T11:16:14.872+0800][info] GC(414) Concurrent Preclean 1.697ms
[2024-10-12T11:16:14.873+0800][info] GC(414) Pause Remark
[2024-10-12T11:16:14.875+0800][info] GC(414) Pause Remark 95M->95M(128M) 2.434ms
[2024-10-12T11:16:14.875+0800][info] GC(414) User=0.00s Sys=0.00s Real=0.01s
[2024-10-12T11:16:14.875+0800][info] GC(414) Concurrent Mark 8.487ms
[2024-10-12T11:16:14.875+0800][info] GC(414) Concurrent Rebuild Remembered Sets
[2024-10-12T11:16:14.876+0800][info] GC(414) Concurrent Rebuild Remembered Sets 1.228ms
[2024-10-12T11:16:14.876+0800][info] GC(414) Pause Cleanup
[2024-10-12T11:16:14.877+0800][info] GC(414) Pause Cleanup 95M->95M(128M) 0.215ms
[2024-10-12T11:16:14.877+0800][info] GC(414) User=0.00s Sys=0.00s Real=0.00s
[2024-10-12T11:16:14.877+0800][info] GC(414) Concurrent Cleanup for Next Mark
[2024-10-12T11:16:14.877+0800][info] GC(414) Concurrent Cleanup for Next Mark 0.381ms
[2024-10-12T11:16:14.877+0800][info] GC(414) Concurrent Mark Cycle 10.730ms
[2024-10-12T11:16:15.019+0800][info] GC(415) Pause Young (Prepare Mixed) (G1 Evacuation Pause)
[2024-10-12T11:16:15.019+0800][info] GC(415) Using 3 workers of 48 for evacuation
[2024-10-12T11:16:15.024+0800][info] GC(415)   Pre Evacuate Collection Set: 0.1ms
[2024-10-12T11:16:15.024+0800][info] GC(415)   Merge Heap Roots: 0.1ms
[2024-10-12T11:16:15.024+0800][info] GC(415)   Evacuate Collection Set: 3.5ms
[2024-10-12T11:16:15.024+0800][info] GC(415)   Post Evacuate Collection Set: 0.2ms
[2024-10-12T11:16:15.024+0800][info] GC(415)   Other: 0.2ms
[2024-10-12T11:16:15.024+0800][info] GC(415) Eden regions: 2->0(2)
[2024-10-12T11:16:15.024+0800][info] GC(415) Survivor regions: 1->1(1)
[2024-10-12T11:16:15.024+0800][info] GC(415) Old regions: 49->51
[2024-10-12T11:16:15.024+0800][info] GC(415) Archive regions: 2->2
[2024-10-12T11:16:15.024+0800][info] GC(415) Humongous regions: 3->3
[2024-10-12T11:16:15.024+0800][info] GC(415) Metaspace: 1676K(1856K)->1676K(1856K) NonClass: 1552K(1664K)->1552K(1664K) Class: 124K(192K)->124K(192K)
[2024-10-12T11:16:15.024+0800][info] GC(415) Pause Young (Prepare Mixed) (G1 Evacuation Pause) 98M->98M(128M) 4.242ms
[2024-10-12T11:16:15.024+0800][info] GC(415) User=0.00s Sys=0.01s Real=0.00s
[2024-10-12T11:16:15.126+0800][info] GC(416) Pause Young (Mixed) (G1 Preventive Collection)
[2024-10-12T11:16:15.126+0800][info] GC(416) Using 3 workers of 48 for evacuation
[2024-10-12T11:16:15.136+0800][info] GC(416) To-space exhausted
[2024-10-12T11:16:15.136+0800][info] GC(416)   Pre Evacuate Collection Set: 0.2ms
[2024-10-12T11:16:15.136+0800][info] GC(416)   Merge Heap Roots: 0.1ms
[2024-10-12T11:16:15.136+0800][info] GC(416)   Evacuate Collection Set: 8.5ms
[2024-10-12T11:16:15.136+0800][info] GC(416)   Post Evacuate Collection Set: 0.7ms
[2024-10-12T11:16:15.136+0800][info] GC(416)   Other: 0.2ms
[2024-10-12T11:16:15.136+0800][info] GC(416) Eden regions: 2->0(2)
[2024-10-12T11:16:15.136+0800][info] GC(416) Survivor regions: 1->1(1)
[2024-10-12T11:16:15.136+0800][info] GC(416) Old regions: 51->56
[2024-10-12T11:16:15.136+0800][info] GC(416) Archive regions: 2->2
[2024-10-12T11:16:15.136+0800][info] GC(416) Humongous regions: 3->3
[2024-10-12T11:16:15.136+0800][info] GC(416) Metaspace: 1676K(1856K)->1676K(1856K) NonClass: 1552K(1664K)->1552K(1664K) Class: 124K(192K)->124K(192K)
[2024-10-12T11:16:15.136+0800][info] GC(416) Pause Young (Mixed) (G1 Preventive Collection) 102M->110M(128M) 9.858ms
[2024-10-12T11:16:15.136+0800][info] GC(416) User=0.01s Sys=0.02s Real=0.01s
[2024-10-12T11:16:15.200+0800][info] GC(417) Pause Young (Concurrent Start) (G1 Preventive Collection)
[2024-10-12T11:16:15.200+0800][info] GC(417) Using 3 workers of 48 for evacuation
[2024-10-12T11:16:15.202+0800][info] GC(417) To-space exhausted
[2024-10-12T11:16:15.202+0800][info] GC(417)   Pre Evacuate Collection Set: 0.1ms
[2024-10-12T11:16:15.202+0800][info] GC(417)   Merge Heap Roots: 0.1ms
[2024-10-12T11:16:15.202+0800][info] GC(417)   Evacuate Collection Set: 1.9ms
[2024-10-12T11:16:15.202+0800][info] GC(417)   Post Evacuate Collection Set: 0.2ms
[2024-10-12T11:16:15.202+0800][info] GC(417)   Other: 0.4ms
[2024-10-12T11:16:15.202+0800][info] GC(417) Eden regions: 1->0(2)
[2024-10-12T11:16:15.202+0800][info] GC(417) Survivor regions: 1->1(1)
[2024-10-12T11:16:15.202+0800][info] GC(417) Old regions: 56->57
[2024-10-12T11:16:15.202+0800][info] GC(417) Archive regions: 2->2
[2024-10-12T11:16:15.203+0800][info] GC(417) Humongous regions: 3->3
[2024-10-12T11:16:15.203+0800][info] GC(417) Metaspace: 1676K(1856K)->1676K(1856K) NonClass: 1552K(1664K)->1552K(1664K) Class: 124K(192K)->124K(192K)
[2024-10-12T11:16:15.203+0800][info] GC(417) Pause Young (Concurrent Start) (G1 Preventive Collection) 112M->112M(128M) 2.840ms
[2024-10-12T11:16:15.203+0800][info] GC(417) User=0.00s Sys=0.00s Real=0.00s
[2024-10-12T11:16:15.203+0800][info] GC(418) Concurrent Mark Cycle
[2024-10-12T11:16:15.203+0800][info] GC(418) Concurrent Clear Claimed Marks
[2024-10-12T11:16:15.203+0800][info] GC(418) Concurrent Clear Claimed Marks 0.018ms
[2024-10-12T11:16:15.203+0800][info] GC(418) Concurrent Scan Root Regions
[2024-10-12T11:16:15.203+0800][info] GC(418) Concurrent Scan Root Regions 0.149ms
[2024-10-12T11:16:15.203+0800][info] GC(418) Concurrent Mark
[2024-10-12T11:16:15.203+0800][info] GC(418) Concurrent Mark From Roots
[2024-10-12T11:16:15.203+0800][info] GC(418) Using 12 workers of 12 for marking
[2024-10-12T11:16:15.206+0800][info] GC(418) Concurrent Mark From Roots 3.505ms
[2024-10-12T11:16:15.206+0800][info] GC(418) Concurrent Preclean
[2024-10-12T11:16:15.208+0800][info] GC(418) Concurrent Preclean 1.679ms
[2024-10-12T11:16:15.208+0800][info] GC(418) Pause Remark
[2024-10-12T11:16:15.212+0800][info] GC(418) Pause Remark 112M->112M(128M) 4.194ms
[2024-10-12T11:16:15.212+0800][info] GC(418) User=0.01s Sys=0.00s Real=0.00s
[2024-10-12T11:16:15.213+0800][info] GC(418) Concurrent Mark 9.748ms
[2024-10-12T11:16:15.213+0800][info] GC(418) Concurrent Rebuild Remembered Sets
[2024-10-12T11:16:15.214+0800][info] GC(418) Concurrent Rebuild Remembered Sets 1.530ms
[2024-10-12T11:16:15.214+0800][info] GC(418) Pause Cleanup
[2024-10-12T11:16:15.215+0800][info] GC(418) Pause Cleanup 112M->112M(128M) 0.245ms
[2024-10-12T11:16:15.215+0800][info] GC(418) User=0.00s Sys=0.00s Real=0.00s
[2024-10-12T11:16:15.215+0800][info] GC(418) Concurrent Cleanup for Next Mark
[2024-10-12T11:16:15.216+0800][info] GC(418) Concurrent Cleanup for Next Mark 1.596ms
[2024-10-12T11:16:15.216+0800][info] GC(418) Concurrent Mark Cycle 13.685ms
[2024-10-12T11:16:15.296+0800][info] GC(419) Pause Young (Prepare Mixed) (G1 Evacuation Pause)
[2024-10-12T11:16:15.296+0800][info] GC(419) Using 3 workers of 48 for evacuation
[2024-10-12T11:16:15.297+0800][info] GC(419) To-space exhausted
[2024-10-12T11:16:15.297+0800][info] GC(419)   Pre Evacuate Collection Set: 0.1ms
[2024-10-12T11:16:15.297+0800][info] GC(419)   Merge Heap Roots: 0.1ms
[2024-10-12T11:16:15.297+0800][info] GC(419)   Evacuate Collection Set: 0.3ms
[2024-10-12T11:16:15.297+0800][info] GC(419)   Post Evacuate Collection Set: 0.4ms
[2024-10-12T11:16:15.297+0800][info] GC(419)   Other: 0.2ms
[2024-10-12T11:16:15.297+0800][info] GC(419) Eden regions: 1->0(3)
[2024-10-12T11:16:15.297+0800][info] GC(419) Survivor regions: 1->0(0)
[2024-10-12T11:16:15.297+0800][info] GC(419) Old regions: 57->59
[2024-10-12T11:16:15.297+0800][info] GC(419) Archive regions: 2->2
[2024-10-12T11:16:15.297+0800][info] GC(419) Humongous regions: 3->3
[2024-10-12T11:16:15.297+0800][info] GC(419) Metaspace: 1676K(1856K)->1676K(1856K) NonClass: 1552K(1664K)->1552K(1664K) Class: 124K(192K)->124K(192K)
[2024-10-12T11:16:15.297+0800][info] GC(419) Pause Young (Prepare Mixed) (G1 Evacuation Pause) 113M->113M(128M) 1.333ms
[2024-10-12T11:16:15.297+0800][info] GC(419) User=0.00s Sys=0.00s Real=0.00s
[2024-10-12T11:16:15.297+0800][info] Attempting full compaction
[2024-10-12T11:16:15.297+0800][info] GC(420) Using 3 workers of 48 for full compaction
[2024-10-12T11:16:15.297+0800][info] GC(420) Pause Full (G1 Compaction Pause)
[2024-10-12T11:16:15.297+0800][info] GC(420) Phase 1: Mark live objects
[2024-10-12T11:16:15.302+0800][info] GC(420) Phase 1: Mark live objects 4.715ms
[2024-10-12T11:16:15.302+0800][info] GC(420) Phase 2: Prepare for compaction
[2024-10-12T11:16:15.302+0800][info] GC(420) Phase 2: Prepare for compaction 0.413ms
[2024-10-12T11:16:15.303+0800][info] GC(420) Phase 3: Adjust pointers
[2024-10-12T11:16:15.304+0800][info] GC(420) Phase 3: Adjust pointers 1.000ms
[2024-10-12T11:16:15.304+0800][info] GC(420) Phase 4: Compact heap
[2024-10-12T11:16:15.379+0800][info] GC(420) Phase 4: Compact heap 75.113ms
[2024-10-12T11:16:15.381+0800][info] GC(420) Eden regions: 0->0(4)
[2024-10-12T11:16:15.381+0800][info] GC(420) Survivor regions: 0->0(0)
[2024-10-12T11:16:15.381+0800][info] GC(420) Old regions: 59->38
[2024-10-12T11:16:15.381+0800][info] GC(420) Archive regions: 2->2
[2024-10-12T11:16:15.381+0800][info] GC(420) Humongous regions: 3->3
[2024-10-12T11:16:15.381+0800][info] GC(420) Metaspace: 1676K(1856K)->1676K(1856K) NonClass: 1552K(1664K)->1552K(1664K) Class: 124K(192K)->124K(192K)
[2024-10-12T11:16:15.381+0800][info] GC(420) Pause Full (G1 Compaction Pause) 113M->72M(128M) 83.436ms
[2024-10-12T11:16:15.381+0800][info] GC(420) User=0.03s Sys=0.09s Real=0.08s
[2024-10-12T11:16:15.606+0800][info] GC(421) Pause Young (Normal) (G1 Evacuation Pause)
[2024-10-12T11:16:15.606+0800][info] GC(421) Using 3 workers of 48 for evacuation
[2024-10-12T11:16:15.608+0800][info] GC(421)   Pre Evacuate Collection Set: 0.1ms
[2024-10-12T11:16:15.608+0800][info] GC(421)   Merge Heap Roots: 0.1ms
[2024-10-12T11:16:15.609+0800][info] GC(421)   Evacuate Collection Set: 1.8ms
[2024-10-12T11:16:15.609+0800][info] GC(421)   Post Evacuate Collection Set: 0.2ms
[2024-10-12T11:16:15.609+0800][info] GC(421)   Other: 0.2ms
[2024-10-12T11:16:15.609+0800][info] GC(421) Eden regions: 4->0(2)
[2024-10-12T11:16:15.609+0800][info] GC(421) Survivor regions: 0->1(1)
[2024-10-12T11:16:15.609+0800][info] GC(421) Old regions: 38->41
[2024-10-12T11:16:15.609+0800][info] GC(421) Archive regions: 2->2
[2024-10-12T11:16:15.609+0800][info] GC(421) Humongous regions: 3->3
[2024-10-12T11:16:15.609+0800][info] GC(421) Metaspace: 1676K(1856K)->1676K(1856K) NonClass: 1552K(1664K)->1552K(1664K) Class: 124K(192K)->124K(192K)
[2024-10-12T11:16:15.609+0800][info] GC(421) Pause Young (Normal) (G1 Evacuation Pause) 80M->80M(128M) 2.523ms
[2024-10-12T11:16:15.609+0800][info] GC(421) User=0.01s Sys=0.00s Real=0.00s
[2024-10-12T11:16:15.711+0800][info] GC(422) Pause Young (Normal) (G1 Evacuation Pause)
[2024-10-12T11:16:15.711+0800][info] GC(422) Using 3 workers of 48 for evacuation
[2024-10-12T11:16:15.713+0800][info] GC(422)   Pre Evacuate Collection Set: 0.1ms
[2024-10-12T11:16:15.713+0800][info] GC(422)   Merge Heap Roots: 0.1ms
[2024-10-12T11:16:15.713+0800][info] GC(422)   Evacuate Collection Set: 1.5ms
[2024-10-12T11:16:15.713+0800][info] GC(422)   Post Evacuate Collection Set: 0.2ms
[2024-10-12T11:16:15.713+0800][info] GC(422)   Other: 0.2ms
[2024-10-12T11:16:15.713+0800][info] GC(422) Eden regions: 2->0(2)
[2024-10-12T11:16:15.713+0800][info] GC(422) Survivor regions: 1->1(1)
[2024-10-12T11:16:15.713+0800][info] GC(422) Old regions: 41->44
[2024-10-12T11:16:15.713+0800][info] GC(422) Archive regions: 2->2
[2024-10-12T11:16:15.713+0800][info] GC(422) Humongous regions: 3->3
[2024-10-12T11:16:15.713+0800][info] GC(422) Metaspace: 1676K(1856K)->1676K(1856K) NonClass: 1552K(1664K)->1552K(1664K) Class: 124K(192K)->124K(192K)
[2024-10-12T11:16:15.713+0800][info] GC(422) Pause Young (Normal) (G1 Evacuation Pause) 84M->85M(128M) 2.229ms
[2024-10-12T11:16:15.713+0800][info] GC(422) User=0.01s Sys=0.00s Real=0.01s
[2024-10-12T11:16:15.815+0800][info] GC(423) Pause Young (Normal) (G1 Evacuation Pause)
[2024-10-12T11:16:15.815+0800][info] GC(423) Using 3 workers of 48 for evacuation
[2024-10-12T11:16:15.817+0800][info] GC(423)   Pre Evacuate Collection Set: 0.1ms
[2024-10-12T11:16:15.817+0800][info] GC(423)   Merge Heap Roots: 0.1ms
[2024-10-12T11:16:15.817+0800][info] GC(423)   Evacuate Collection Set: 1.3ms
[2024-10-12T11:16:15.817+0800][info] GC(423)   Post Evacuate Collection Set: 0.2ms
[2024-10-12T11:16:15.817+0800][info] GC(423)   Other: 0.2ms
[2024-10-12T11:16:15.817+0800][info] GC(423) Eden regions: 2->0(2)
[2024-10-12T11:16:15.817+0800][info] GC(423) Survivor regions: 1->1(1)
[2024-10-12T11:16:15.817+0800][info] GC(423) Old regions: 44->46
[2024-10-12T11:16:15.817+0800][info] GC(423) Archive regions: 2->2
[2024-10-12T11:16:15.817+0800][info] GC(423) Humongous regions: 3->3
[2024-10-12T11:16:15.817+0800][info] GC(423) Metaspace: 1676K(1856K)->1676K(1856K) NonClass: 1552K(1664K)->1552K(1664K) Class: 124K(192K)->124K(192K)
[2024-10-12T11:16:15.817+0800][info] GC(423) Pause Young (Normal) (G1 Evacuation Pause) 88M->89M(128M) 2.073ms
[2024-10-12T11:16:15.817+0800][info] GC(423) User=0.00s Sys=0.00s Real=0.00s
[2024-10-12T11:16:15.920+0800][info] GC(424) Pause Young (Concurrent Start) (G1 Evacuation Pause)
[2024-10-12T11:16:15.920+0800][info] GC(424) Using 3 workers of 48 for evacuation
[2024-10-12T11:16:15.924+0800][info] GC(424)   Pre Evacuate Collection Set: 0.1ms
[2024-10-12T11:16:15.924+0800][info] GC(424)   Merge Heap Roots: 0.0ms
[2024-10-12T11:16:15.924+0800][info] GC(424)   Evacuate Collection Set: 3.0ms
[2024-10-12T11:16:15.924+0800][info] GC(424)   Post Evacuate Collection Set: 0.2ms
[2024-10-12T11:16:15.924+0800][info] GC(424)   Other: 0.4ms
[2024-10-12T11:16:15.924+0800][info] GC(424) Eden regions: 2->0(2)
[2024-10-12T11:16:15.924+0800][info] GC(424) Survivor regions: 1->1(1)
[2024-10-12T11:16:15.924+0800][info] GC(424) Old regions: 46->47
[2024-10-12T11:16:15.924+0800][info] GC(424) Archive regions: 2->2
[2024-10-12T11:16:15.924+0800][info] GC(424) Humongous regions: 3->3
[2024-10-12T11:16:15.924+0800][info] GC(424) Metaspace: 1676K(1856K)->1676K(1856K) NonClass: 1552K(1664K)->1552K(1664K) Class: 124K(192K)->124K(192K)
[2024-10-12T11:16:15.924+0800][info] GC(424) Pause Young (Concurrent Start) (G1 Evacuation Pause) 92M->92M(128M) 3.857ms
[2024-10-12T11:16:15.924+0800][info] GC(424) User=0.01s Sys=0.00s Real=0.00s
[2024-10-12T11:16:15.924+0800][info] GC(425) Concurrent Mark Cycle
[2024-10-12T11:16:15.924+0800][info] GC(425) Concurrent Clear Claimed Marks
[2024-10-12T11:16:15.924+0800][info] GC(425) Concurrent Clear Claimed Marks 0.017ms
[2024-10-12T11:16:15.924+0800][info] GC(425) Concurrent Scan Root Regions
[2024-10-12T11:16:15.924+0800][info] GC(425) Concurrent Scan Root Regions 0.166ms
[2024-10-12T11:16:15.924+0800][info] GC(425) Concurrent Mark
[2024-10-12T11:16:15.924+0800][info] GC(425) Concurrent Mark From Roots
[2024-10-12T11:16:15.924+0800][info] GC(425) Using 12 workers of 12 for marking
[2024-10-12T11:16:15.928+0800][info] GC(425) Concurrent Mark From Roots 3.454ms
[2024-10-12T11:16:15.928+0800][info] GC(425) Concurrent Preclean
[2024-10-12T11:16:15.929+0800][info] GC(425) Concurrent Preclean 1.736ms
[2024-10-12T11:16:15.929+0800][info] GC(425) Pause Remark
[2024-10-12T11:16:15.931+0800][info] GC(425) Pause Remark 92M->92M(128M) 1.604ms
[2024-10-12T11:16:15.931+0800][info] GC(425) User=0.00s Sys=0.00s Real=0.00s
[2024-10-12T11:16:15.931+0800][info] GC(425) Concurrent Mark 7.043ms
[2024-10-12T11:16:15.931+0800][info] GC(425) Concurrent Rebuild Remembered Sets
[2024-10-12T11:16:15.933+0800][info] GC(425) Concurrent Rebuild Remembered Sets 1.551ms
[2024-10-12T11:16:15.933+0800][info] GC(425) Pause Cleanup
[2024-10-12T11:16:15.933+0800][info] GC(425) Pause Cleanup 92M->92M(128M) 0.221ms
[2024-10-12T11:16:15.933+0800][info] GC(425) User=0.00s Sys=0.00s Real=0.01s
[2024-10-12T11:16:15.933+0800][info] GC(425) Concurrent Cleanup for Next Mark
[2024-10-12T11:16:15.934+0800][info] GC(425) Concurrent Cleanup for Next Mark 0.405ms
[2024-10-12T11:16:15.934+0800][info] GC(425) Concurrent Mark Cycle 9.763ms
[2024-10-12T11:16:16.077+0800][info] GC(426) Pause Young (Prepare Mixed) (G1 Evacuation Pause)
[2024-10-12T11:16:16.077+0800][info] GC(426) Using 3 workers of 48 for evacuation
[2024-10-12T11:16:16.079+0800][info] GC(426)   Pre Evacuate Collection Set: 0.1ms
[2024-10-12T11:16:16.079+0800][info] GC(426)   Merge Heap Roots: 0.1ms
[2024-10-12T11:16:16.079+0800][info] GC(426)   Evacuate Collection Set: 1.3ms
[2024-10-12T11:16:16.079+0800][info] GC(426)   Post Evacuate Collection Set: 0.2ms
[2024-10-12T11:16:16.079+0800][info] GC(426)   Other: 0.2ms
[2024-10-12T11:16:16.079+0800][info] GC(426) Eden regions: 2->0(2)
[2024-10-12T11:16:16.079+0800][info] GC(426) Survivor regions: 1->1(1)
[2024-10-12T11:16:16.079+0800][info] GC(426) Old regions: 47->49
[2024-10-12T11:16:16.079+0800][info] GC(426) Archive regions: 2->2
[2024-10-12T11:16:16.079+0800][info] GC(426) Humongous regions: 3->3
[2024-10-12T11:16:16.079+0800][info] GC(426) Metaspace: 1676K(1856K)->1676K(1856K) NonClass: 1552K(1664K)->1552K(1664K) Class: 124K(192K)->124K(192K)
[2024-10-12T11:16:16.079+0800][info] GC(426) Pause Young (Prepare Mixed) (G1 Evacuation Pause) 95M->96M(128M) 2.097ms
[2024-10-12T11:16:16.079+0800][info] GC(426) User=0.01s Sys=0.00s Real=0.00s
[2024-10-12T11:16:16.181+0800][info] GC(427) Pause Young (Mixed) (G1 Evacuation Pause)
[2024-10-12T11:16:16.181+0800][info] GC(427) Using 3 workers of 48 for evacuation
[2024-10-12T11:16:16.189+0800][info] GC(427) To-space exhausted
[2024-10-12T11:16:16.189+0800][info] GC(427)   Pre Evacuate Collection Set: 0.2ms
[2024-10-12T11:16:16.189+0800][info] GC(427)   Merge Heap Roots: 0.1ms
[2024-10-12T11:16:16.189+0800][info] GC(427)   Evacuate Collection Set: 6.0ms
[2024-10-12T11:16:16.189+0800][info] GC(427)   Post Evacuate Collection Set: 1.5ms
[2024-10-12T11:16:16.189+0800][info] GC(427)   Other: 0.2ms
[2024-10-12T11:16:16.189+0800][info] GC(427) Eden regions: 2->0(2)
[2024-10-12T11:16:16.190+0800][info] GC(427) Survivor regions: 1->1(1)
[2024-10-12T11:16:16.190+0800][info] GC(427) Old regions: 49->56
[2024-10-12T11:16:16.190+0800][info] GC(427) Archive regions: 2->2
[2024-10-12T11:16:16.190+0800][info] GC(427) Humongous regions: 3->3
[2024-10-12T11:16:16.190+0800][info] GC(427) Metaspace: 1676K(1856K)->1676K(1856K) NonClass: 1552K(1664K)->1552K(1664K) Class: 124K(192K)->124K(192K)
[2024-10-12T11:16:16.190+0800][info] GC(427) Pause Young (Mixed) (G1 Evacuation Pause) 99M->111M(128M) 8.122ms
[2024-10-12T11:16:16.190+0800][info] GC(427) User=0.01s Sys=0.01s Real=0.01s
[2024-10-12T11:16:16.251+0800][info] GC(428) Pause Young (Concurrent Start) (G1 Preventive Collection)
[2024-10-12T11:16:16.251+0800][info] GC(428) Using 3 workers of 48 for evacuation
[2024-10-12T11:16:16.253+0800][info] GC(428) To-space exhausted
[2024-10-12T11:16:16.253+0800][info] GC(428)   Pre Evacuate Collection Set: 0.1ms
[2024-10-12T11:16:16.253+0800][info] GC(428)   Merge Heap Roots: 0.1ms
[2024-10-12T11:16:16.253+0800][info] GC(428)   Evacuate Collection Set: 1.6ms
[2024-10-12T11:16:16.253+0800][info] GC(428)   Post Evacuate Collection Set: 0.3ms
[2024-10-12T11:16:16.253+0800][info] GC(428)   Other: 0.4ms
[2024-10-12T11:16:16.253+0800][info] GC(428) Eden regions: 1->0(2)
[2024-10-12T11:16:16.253+0800][info] GC(428) Survivor regions: 1->1(1)
[2024-10-12T11:16:16.253+0800][info] GC(428) Old regions: 56->57
[2024-10-12T11:16:16.253+0800][info] GC(428) Archive regions: 2->2
[2024-10-12T11:16:16.254+0800][info] GC(428) Humongous regions: 3->3
[2024-10-12T11:16:16.254+0800][info] GC(428) Metaspace: 1676K(1856K)->1676K(1856K) NonClass: 1552K(1664K)->1552K(1664K) Class: 124K(192K)->124K(192K)
[2024-10-12T11:16:16.254+0800][info] GC(428) Pause Young (Concurrent Start) (G1 Preventive Collection) 113M->113M(128M) 2.509ms
[2024-10-12T11:16:16.254+0800][info] GC(428) User=0.01s Sys=0.00s Real=0.01s
[2024-10-12T11:16:16.254+0800][info] GC(429) Concurrent Mark Cycle
[2024-10-12T11:16:16.254+0800][info] GC(429) Concurrent Clear Claimed Marks
[2024-10-12T11:16:16.254+0800][info] GC(429) Concurrent Clear Claimed Marks 0.017ms
[2024-10-12T11:16:16.254+0800][info] GC(429) Concurrent Scan Root Regions
[2024-10-12T11:16:16.254+0800][info] GC(429) Concurrent Scan Root Regions 0.100ms
[2024-10-12T11:16:16.254+0800][info] GC(429) Concurrent Mark
[2024-10-12T11:16:16.254+0800][info] GC(429) Concurrent Mark From Roots
[2024-10-12T11:16:16.254+0800][info] GC(429) Using 12 workers of 12 for marking
[2024-10-12T11:16:16.257+0800][info] GC(429) Concurrent Mark From Roots 3.142ms
[2024-10-12T11:16:16.257+0800][info] GC(429) Concurrent Preclean
[2024-10-12T11:16:16.259+0800][info] GC(429) Concurrent Preclean 1.694ms
[2024-10-12T11:16:16.259+0800][info] GC(429) Pause Remark
[2024-10-12T11:16:16.260+0800][info] GC(429) Pause Remark 113M->112M(128M) 1.585ms
[2024-10-12T11:16:16.260+0800][info] GC(429) User=0.00s Sys=0.00s Real=0.00s
[2024-10-12T11:16:16.261+0800][info] GC(429) Concurrent Mark 6.689ms
[2024-10-12T11:16:16.261+0800][info] GC(429) Concurrent Rebuild Remembered Sets
[2024-10-12T11:16:16.262+0800][info] GC(429) Concurrent Rebuild Remembered Sets 1.162ms
[2024-10-12T11:16:16.262+0800][info] GC(429) Pause Cleanup
[2024-10-12T11:16:16.262+0800][info] GC(429) Pause Cleanup 112M->112M(128M) 0.262ms
[2024-10-12T11:16:16.262+0800][info] GC(429) User=0.00s Sys=0.00s Real=0.00s
[2024-10-12T11:16:16.262+0800][info] GC(429) Concurrent Cleanup for Next Mark
[2024-10-12T11:16:16.263+0800][info] GC(429) Concurrent Cleanup for Next Mark 0.352ms
[2024-10-12T11:16:16.263+0800][info] GC(429) Concurrent Mark Cycle 8.924ms
[2024-10-12T11:16:16.346+0800][info] GC(430) Pause Young (Prepare Mixed) (G1 Preventive Collection)
[2024-10-12T11:16:16.346+0800][info] GC(430) Using 3 workers of 48 for evacuation
[2024-10-12T11:16:16.347+0800][info] GC(430) To-space exhausted
[2024-10-12T11:16:16.347+0800][info] GC(430)   Pre Evacuate Collection Set: 0.1ms
[2024-10-12T11:16:16.347+0800][info] GC(430)   Merge Heap Roots: 0.1ms
[2024-10-12T11:16:16.347+0800][info] GC(430)   Evacuate Collection Set: 0.5ms
[2024-10-12T11:16:16.347+0800][info] GC(430)   Post Evacuate Collection Set: 0.2ms
[2024-10-12T11:16:16.347+0800][info] GC(430)   Other: 0.2ms
[2024-10-12T11:16:16.347+0800][info] GC(430) Eden regions: 1->0(2)
[2024-10-12T11:16:16.347+0800][info] GC(430) Survivor regions: 1->1(1)
[2024-10-12T11:16:16.347+0800][info] GC(430) Old regions: 56->57
[2024-10-12T11:16:16.347+0800][info] GC(430) Archive regions: 2->2
[2024-10-12T11:16:16.347+0800][info] GC(430) Humongous regions: 3->3
[2024-10-12T11:16:16.347+0800][info] GC(430) Metaspace: 1676K(1856K)->1676K(1856K) NonClass: 1552K(1664K)->1552K(1664K) Class: 124K(192K)->124K(192K)
[2024-10-12T11:16:16.347+0800][info] GC(430) Pause Young (Prepare Mixed) (G1 Preventive Collection) 113M->113M(128M) 1.233ms
[2024-10-12T11:16:16.347+0800][info] GC(430) User=0.00s Sys=0.00s Real=0.00s
[2024-10-12T11:16:16.368+0800][info] GC(431) Pause Young (Mixed) (G1 Humongous Allocation)
[2024-10-12T11:16:16.368+0800][info] GC(431) Using 3 workers of 48 for evacuation
[2024-10-12T11:16:16.371+0800][info] GC(431) To-space exhausted
[2024-10-12T11:16:16.371+0800][info] GC(431)   Pre Evacuate Collection Set: 0.2ms
[2024-10-12T11:16:16.371+0800][info] GC(431)   Merge Heap Roots: 0.1ms
[2024-10-12T11:16:16.371+0800][info] GC(431)   Evacuate Collection Set: 1.8ms
[2024-10-12T11:16:16.371+0800][info] GC(431)   Post Evacuate Collection Set: 1.4ms
[2024-10-12T11:16:16.371+0800][info] GC(431)   Other: 0.2ms
[2024-10-12T11:16:16.371+0800][info] GC(431) Eden regions: 1->0(3)
[2024-10-12T11:16:16.371+0800][info] GC(431) Survivor regions: 1->0(0)
[2024-10-12T11:16:16.371+0800][info] GC(431) Old regions: 57->59
[2024-10-12T11:16:16.371+0800][info] GC(431) Archive regions: 2->2
[2024-10-12T11:16:16.371+0800][info] GC(431) Humongous regions: 3->3
[2024-10-12T11:16:16.371+0800][info] GC(431) Metaspace: 1676K(1856K)->1676K(1856K) NonClass: 1552K(1664K)->1552K(1664K) Class: 124K(192K)->124K(192K)
[2024-10-12T11:16:16.371+0800][info] GC(431) Pause Young (Mixed) (G1 Humongous Allocation) 114M->114M(128M) 3.714ms
[2024-10-12T11:16:16.371+0800][info] GC(431) User=0.01s Sys=0.00s Real=0.00s
[2024-10-12T11:16:16.371+0800][info] Attempting full compaction
[2024-10-12T11:16:16.371+0800][info] GC(432) Using 3 workers of 48 for full compaction
[2024-10-12T11:16:16.371+0800][info] GC(432) Pause Full (G1 Compaction Pause)
[2024-10-12T11:16:16.371+0800][info] GC(432) Phase 1: Mark live objects
[2024-10-12T11:16:16.375+0800][info] GC(432) Phase 1: Mark live objects 3.558ms
[2024-10-12T11:16:16.375+0800][info] GC(432) Phase 2: Prepare for compaction
[2024-10-12T11:16:16.376+0800][info] GC(432) Phase 2: Prepare for compaction 0.491ms
[2024-10-12T11:16:16.376+0800][info] GC(432) Phase 3: Adjust pointers
[2024-10-12T11:16:16.377+0800][info] GC(432) Phase 3: Adjust pointers 1.613ms
[2024-10-12T11:16:16.377+0800][info] GC(432) Phase 4: Compact heap
[2024-10-12T11:16:16.394+0800][info] GC(432) Phase 4: Compact heap 16.740ms
[2024-10-12T11:16:16.395+0800][info] GC(432) Eden regions: 0->0(4)
[2024-10-12T11:16:16.395+0800][info] GC(432) Survivor regions: 0->0(0)
[2024-10-12T11:16:16.395+0800][info] GC(432) Old regions: 59->38
[2024-10-12T11:16:16.395+0800][info] GC(432) Archive regions: 2->2
[2024-10-12T11:16:16.395+0800][info] GC(432) Humongous regions: 3->3
[2024-10-12T11:16:16.395+0800][info] GC(432) Metaspace: 1676K(1856K)->1676K(1856K) NonClass: 1552K(1664K)->1552K(1664K) Class: 124K(192K)->124K(192K)
[2024-10-12T11:16:16.395+0800][info] GC(432) Pause Full (G1 Compaction Pause) 114M->72M(128M) 24.023ms
[2024-10-12T11:16:16.395+0800][info] GC(432) User=0.04s Sys=0.00s Real=0.03s
[2024-10-12T11:16:16.622+0800][info] GC(433) Pause Young (Normal) (G1 Evacuation Pause)
[2024-10-12T11:16:16.622+0800][info] GC(433) Using 3 workers of 48 for evacuation
[2024-10-12T11:16:16.624+0800][info] GC(433)   Pre Evacuate Collection Set: 0.1ms
[2024-10-12T11:16:16.624+0800][info] GC(433)   Merge Heap Roots: 0.1ms
[2024-10-12T11:16:16.624+0800][info] GC(433)   Evacuate Collection Set: 1.4ms
[2024-10-12T11:16:16.624+0800][info] GC(433)   Post Evacuate Collection Set: 0.2ms
[2024-10-12T11:16:16.624+0800][info] GC(433)   Other: 0.3ms
[2024-10-12T11:16:16.624+0800][info] GC(433) Eden regions: 4->0(2)
[2024-10-12T11:16:16.624+0800][info] GC(433) Survivor regions: 0->1(1)
[2024-10-12T11:16:16.624+0800][info] GC(433) Old regions: 38->41
[2024-10-12T11:16:16.624+0800][info] GC(433) Archive regions: 2->2
[2024-10-12T11:16:16.624+0800][info] GC(433) Humongous regions: 4->4
[2024-10-12T11:16:16.624+0800][info] GC(433) Metaspace: 1676K(1856K)->1676K(1856K) NonClass: 1552K(1664K)->1552K(1664K) Class: 124K(192K)->124K(192K)
[2024-10-12T11:16:16.624+0800][info] GC(433) Pause Young (Normal) (G1 Evacuation Pause) 81M->81M(128M) 2.172ms
[2024-10-12T11:16:16.624+0800][info] GC(433) User=0.00s Sys=0.01s Real=0.00s
[2024-10-12T11:16:16.726+0800][info] GC(434) Pause Young (Normal) (G1 Evacuation Pause)
[2024-10-12T11:16:16.726+0800][info] GC(434) Using 3 workers of 48 for evacuation
[2024-10-12T11:16:16.727+0800][info] GC(434)   Pre Evacuate Collection Set: 0.1ms
[2024-10-12T11:16:16.727+0800][info] GC(434)   Merge Heap Roots: 0.0ms
[2024-10-12T11:16:16.727+0800][info] GC(434)   Evacuate Collection Set: 1.1ms
[2024-10-12T11:16:16.727+0800][info] GC(434)   Post Evacuate Collection Set: 0.2ms
[2024-10-12T11:16:16.727+0800][info] GC(434)   Other: 0.2ms
[2024-10-12T11:16:16.727+0800][info] GC(434) Eden regions: 2->0(2)
[2024-10-12T11:16:16.727+0800][info] GC(434) Survivor regions: 1->1(1)
[2024-10-12T11:16:16.727+0800][info] GC(434) Old regions: 41->43
[2024-10-12T11:16:16.728+0800][info] GC(434) Archive regions: 2->2
[2024-10-12T11:16:16.728+0800][info] GC(434) Humongous regions: 4->4
[2024-10-12T11:16:16.728+0800][info] GC(434) Metaspace: 1676K(1856K)->1676K(1856K) NonClass: 1552K(1664K)->1552K(1664K) Class: 124K(192K)->124K(192K)
[2024-10-12T11:16:16.728+0800][info] GC(434) Pause Young (Normal) (G1 Evacuation Pause) 85M->85M(128M) 1.721ms
[2024-10-12T11:16:16.728+0800][info] GC(434) User=0.00s Sys=0.00s Real=0.00s
[2024-10-12T11:16:16.830+0800][info] GC(435) Pause Young (Normal) (G1 Evacuation Pause)
[2024-10-12T11:16:16.830+0800][info] GC(435) Using 3 workers of 48 for evacuation
[2024-10-12T11:16:16.832+0800][info] GC(435)   Pre Evacuate Collection Set: 0.1ms
[2024-10-12T11:16:16.832+0800][info] GC(435)   Merge Heap Roots: 0.1ms
[2024-10-12T11:16:16.832+0800][info] GC(435)   Evacuate Collection Set: 1.6ms
[2024-10-12T11:16:16.832+0800][info] GC(435)   Post Evacuate Collection Set: 0.2ms
[2024-10-12T11:16:16.832+0800][info] GC(435)   Other: 0.2ms
[2024-10-12T11:16:16.832+0800][info] GC(435) Eden regions: 2->0(2)
[2024-10-12T11:16:16.832+0800][info] GC(435) Survivor regions: 1->1(1)
[2024-10-12T11:16:16.832+0800][info] GC(435) Old regions: 43->45
[2024-10-12T11:16:16.832+0800][info] GC(435) Archive regions: 2->2
[2024-10-12T11:16:16.832+0800][info] GC(435) Humongous regions: 4->4
[2024-10-12T11:16:16.832+0800][info] GC(435) Metaspace: 1676K(1856K)->1676K(1856K) NonClass: 1552K(1664K)->1552K(1664K) Class: 124K(192K)->124K(192K)
[2024-10-12T11:16:16.832+0800][info] GC(435) Pause Young (Normal) (G1 Evacuation Pause) 89M->89M(128M) 2.344ms
[2024-10-12T11:16:16.832+0800][info] GC(435) User=0.00s Sys=0.00s Real=0.00s
[2024-10-12T11:16:16.934+0800][info] GC(436) Pause Young (Concurrent Start) (G1 Evacuation Pause)
[2024-10-12T11:16:16.934+0800][info] GC(436) Using 3 workers of 48 for evacuation
[2024-10-12T11:16:16.936+0800][info] GC(436)   Pre Evacuate Collection Set: 0.1ms
[2024-10-12T11:16:16.936+0800][info] GC(436)   Merge Heap Roots: 0.1ms
[2024-10-12T11:16:16.936+0800][info] GC(436)   Evacuate Collection Set: 1.2ms
[2024-10-12T11:16:16.936+0800][info] GC(436)   Post Evacuate Collection Set: 0.2ms
[2024-10-12T11:16:16.936+0800][info] GC(436)   Other: 0.4ms
[2024-10-12T11:16:16.936+0800][info] GC(436) Eden regions: 2->0(2)
[2024-10-12T11:16:16.936+0800][info] GC(436) Survivor regions: 1->1(1)
[2024-10-12T11:16:16.936+0800][info] GC(436) Old regions: 45->47
[2024-10-12T11:16:16.936+0800][info] GC(436) Archive regions: 2->2
[2024-10-12T11:16:16.936+0800][info] GC(436) Humongous regions: 4->4
[2024-10-12T11:16:16.936+0800][info] GC(436) Metaspace: 1676K(1856K)->1676K(1856K) NonClass: 1552K(1664K)->1552K(1664K) Class: 124K(192K)->124K(192K)
[2024-10-12T11:16:16.936+0800][info] GC(436) Pause Young (Concurrent Start) (G1 Evacuation Pause) 92M->93M(128M) 2.013ms
[2024-10-12T11:16:16.936+0800][info] GC(436) User=0.01s Sys=0.00s Real=0.00s
[2024-10-12T11:16:16.937+0800][info] GC(437) Concurrent Mark Cycle
[2024-10-12T11:16:16.937+0800][info] GC(437) Concurrent Clear Claimed Marks
[2024-10-12T11:16:16.937+0800][info] GC(437) Concurrent Clear Claimed Marks 0.018ms
[2024-10-12T11:16:16.937+0800][info] GC(437) Concurrent Scan Root Regions
[2024-10-12T11:16:16.937+0800][info] GC(437) Concurrent Scan Root Regions 0.155ms
[2024-10-12T11:16:16.937+0800][info] GC(437) Concurrent Mark
[2024-10-12T11:16:16.937+0800][info] GC(437) Concurrent Mark From Roots
[2024-10-12T11:16:16.937+0800][info] GC(437) Using 12 workers of 12 for marking
[2024-10-12T11:16:16.940+0800][info] GC(437) Concurrent Mark From Roots 3.301ms
[2024-10-12T11:16:16.940+0800][info] GC(437) Concurrent Preclean
[2024-10-12T11:16:16.942+0800][info] GC(437) Concurrent Preclean 1.698ms
[2024-10-12T11:16:16.942+0800][info] GC(437) Pause Remark
[2024-10-12T11:16:16.944+0800][info] GC(437) Pause Remark 93M->91M(128M) 1.647ms
[2024-10-12T11:16:16.944+0800][info] GC(437) User=0.00s Sys=0.00s Real=0.00s
[2024-10-12T11:16:16.944+0800][info] GC(437) Concurrent Mark 6.963ms
[2024-10-12T11:16:16.944+0800][info] GC(437) Concurrent Rebuild Remembered Sets
[2024-10-12T11:16:16.945+0800][info] GC(437) Concurrent Rebuild Remembered Sets 1.202ms
[2024-10-12T11:16:16.945+0800][info] GC(437) Pause Cleanup
[2024-10-12T11:16:16.945+0800][info] GC(437) Pause Cleanup 91M->91M(128M) 0.231ms
[2024-10-12T11:16:16.945+0800][info] GC(437) User=0.00s Sys=0.00s Real=0.00s
[2024-10-12T11:16:16.945+0800][info] GC(437) Concurrent Cleanup for Next Mark
[2024-10-12T11:16:16.946+0800][info] GC(437) Concurrent Cleanup for Next Mark 0.427ms
[2024-10-12T11:16:16.946+0800][info] GC(437) Concurrent Mark Cycle 9.341ms
[2024-10-12T11:16:17.090+0800][info] GC(438) Pause Young (Prepare Mixed) (G1 Evacuation Pause)
[2024-10-12T11:16:17.090+0800][info] GC(438) Using 3 workers of 48 for evacuation
[2024-10-12T11:16:17.092+0800][info] GC(438)   Pre Evacuate Collection Set: 0.1ms
[2024-10-12T11:16:17.092+0800][info] GC(438)   Merge Heap Roots: 0.1ms
[2024-10-12T11:16:17.092+0800][info] GC(438)   Evacuate Collection Set: 1.8ms
[2024-10-12T11:16:17.092+0800][info] GC(438)   Post Evacuate Collection Set: 0.2ms
[2024-10-12T11:16:17.092+0800][info] GC(438)   Other: 0.2ms
[2024-10-12T11:16:17.092+0800][info] GC(438) Eden regions: 2->0(2)
[2024-10-12T11:16:17.092+0800][info] GC(438) Survivor regions: 1->1(1)
[2024-10-12T11:16:17.092+0800][info] GC(438) Old regions: 47->49
[2024-10-12T11:16:17.092+0800][info] GC(438) Archive regions: 2->2
[2024-10-12T11:16:17.092+0800][info] GC(438) Humongous regions: 3->3
[2024-10-12T11:16:17.092+0800][info] GC(438) Metaspace: 1676K(1856K)->1676K(1856K) NonClass: 1552K(1664K)->1552K(1664K) Class: 124K(192K)->124K(192K)
[2024-10-12T11:16:17.092+0800][info] GC(438) Pause Young (Prepare Mixed) (G1 Evacuation Pause) 94M->95M(128M) 2.612ms
[2024-10-12T11:16:17.092+0800][info] GC(438) User=0.00s Sys=0.01s Real=0.00s
[2024-10-12T11:16:17.194+0800][info] GC(439) Pause Young (Mixed) (G1 Evacuation Pause)
[2024-10-12T11:16:17.194+0800][info] GC(439) Using 3 workers of 48 for evacuation
[2024-10-12T11:16:17.201+0800][info] GC(439) To-space exhausted
[2024-10-12T11:16:17.201+0800][info] GC(439)   Pre Evacuate Collection Set: 0.2ms
[2024-10-12T11:16:17.201+0800][info] GC(439)   Merge Heap Roots: 0.1ms
[2024-10-12T11:16:17.201+0800][info] GC(439)   Evacuate Collection Set: 3.9ms
[2024-10-12T11:16:17.201+0800][info] GC(439)   Post Evacuate Collection Set: 1.7ms
[2024-10-12T11:16:17.201+0800][info] GC(439)   Other: 0.2ms
[2024-10-12T11:16:17.201+0800][info] GC(439) Eden regions: 2->0(2)
[2024-10-12T11:16:17.201+0800][info] GC(439) Survivor regions: 1->1(1)
[2024-10-12T11:16:17.201+0800][info] GC(439) Old regions: 49->55
[2024-10-12T11:16:17.201+0800][info] GC(439) Archive regions: 2->2
[2024-10-12T11:16:17.201+0800][info] GC(439) Humongous regions: 3->3
[2024-10-12T11:16:17.201+0800][info] GC(439) Metaspace: 1676K(1856K)->1676K(1856K) NonClass: 1552K(1664K)->1552K(1664K) Class: 124K(192K)->124K(192K)
[2024-10-12T11:16:17.201+0800][info] GC(439) Pause Young (Mixed) (G1 Evacuation Pause) 98M->109M(128M) 6.246ms
[2024-10-12T11:16:17.201+0800][info] GC(439) User=0.02s Sys=0.00s Real=0.00s
[2024-10-12T11:16:17.263+0800][info] GC(440) Pause Young (Concurrent Start) (G1 Preventive Collection)
[2024-10-12T11:16:17.263+0800][info] GC(440) Using 3 workers of 48 for evacuation
[2024-10-12T11:16:17.265+0800][info] GC(440)   Pre Evacuate Collection Set: 0.1ms
[2024-10-12T11:16:17.265+0800][info] GC(440)   Merge Heap Roots: 0.1ms
[2024-10-12T11:16:17.265+0800][info] GC(440)   Evacuate Collection Set: 1.3ms
[2024-10-12T11:16:17.265+0800][info] GC(440)   Post Evacuate Collection Set: 0.2ms
[2024-10-12T11:16:17.265+0800][info] GC(440)   Other: 0.4ms
[2024-10-12T11:16:17.265+0800][info] GC(440) Eden regions: 1->0(2)
[2024-10-12T11:16:17.265+0800][info] GC(440) Survivor regions: 1->1(1)
[2024-10-12T11:16:17.265+0800][info] GC(440) Old regions: 55->56
[2024-10-12T11:16:17.265+0800][info] GC(440) Archive regions: 2->2
[2024-10-12T11:16:17.265+0800][info] GC(440) Humongous regions: 3->3
[2024-10-12T11:16:17.265+0800][info] GC(440) Metaspace: 1676K(1856K)->1676K(1856K) NonClass: 1552K(1664K)->1552K(1664K) Class: 124K(192K)->124K(192K)
[2024-10-12T11:16:17.265+0800][info] GC(440) Pause Young (Concurrent Start) (G1 Preventive Collection) 111M->111M(128M) 2.244ms
[2024-10-12T11:16:17.265+0800][info] GC(440) User=0.00s Sys=0.00s Real=0.00s
[2024-10-12T11:16:17.265+0800][info] GC(441) Concurrent Mark Cycle
[2024-10-12T11:16:17.265+0800][info] GC(441) Concurrent Clear Claimed Marks
[2024-10-12T11:16:17.265+0800][info] GC(441) Concurrent Clear Claimed Marks 0.017ms
[2024-10-12T11:16:17.265+0800][info] GC(441) Concurrent Scan Root Regions
[2024-10-12T11:16:17.265+0800][info] GC(441) Concurrent Scan Root Regions 0.149ms
[2024-10-12T11:16:17.265+0800][info] GC(441) Concurrent Mark
[2024-10-12T11:16:17.265+0800][info] GC(441) Concurrent Mark From Roots
[2024-10-12T11:16:17.265+0800][info] GC(441) Using 12 workers of 12 for marking
[2024-10-12T11:16:17.269+0800][info] GC(441) Concurrent Mark From Roots 3.220ms
[2024-10-12T11:16:17.269+0800][info] GC(441) Concurrent Preclean
[2024-10-12T11:16:17.270+0800][info] GC(441) Concurrent Preclean 1.684ms
[2024-10-12T11:16:17.270+0800][info] GC(441) Pause Remark
[2024-10-12T11:16:17.272+0800][info] GC(441) Pause Remark 112M->112M(128M) 1.492ms
[2024-10-12T11:16:17.272+0800][info] GC(441) User=0.00s Sys=0.00s Real=0.00s
[2024-10-12T11:16:17.272+0800][info] GC(441) Concurrent Mark 6.657ms
[2024-10-12T11:16:17.272+0800][info] GC(441) Concurrent Rebuild Remembered Sets
[2024-10-12T11:16:17.273+0800][info] GC(441) Concurrent Rebuild Remembered Sets 1.054ms
[2024-10-12T11:16:17.273+0800][info] GC(441) Pause Cleanup
[2024-10-12T11:16:17.273+0800][info] GC(441) Pause Cleanup 112M->112M(128M) 0.176ms
[2024-10-12T11:16:17.273+0800][info] GC(441) User=0.00s Sys=0.00s Real=0.00s
[2024-10-12T11:16:17.273+0800][info] GC(441) Concurrent Cleanup for Next Mark
[2024-10-12T11:16:17.274+0800][info] GC(441) Concurrent Cleanup for Next Mark 0.344ms
[2024-10-12T11:16:17.274+0800][info] GC(441) Concurrent Mark Cycle 8.776ms
[2024-10-12T11:16:17.358+0800][info] GC(442) Pause Young (Prepare Mixed) (G1 Preventive Collection)
[2024-10-12T11:16:17.358+0800][info] GC(442) Using 3 workers of 48 for evacuation
[2024-10-12T11:16:17.358+0800][info] GC(442) To-space exhausted
[2024-10-12T11:16:17.358+0800][info] GC(442)   Pre Evacuate Collection Set: 0.1ms
[2024-10-12T11:16:17.358+0800][info] GC(442)   Merge Heap Roots: 0.1ms
[2024-10-12T11:16:17.358+0800][info] GC(442)   Evacuate Collection Set: 0.4ms
[2024-10-12T11:16:17.358+0800][info] GC(442)   Post Evacuate Collection Set: 0.2ms
[2024-10-12T11:16:17.359+0800][info] GC(442)   Other: 0.2ms
[2024-10-12T11:16:17.359+0800][info] GC(442) Eden regions: 1->0(2)
[2024-10-12T11:16:17.359+0800][info] GC(442) Survivor regions: 1->1(1)
[2024-10-12T11:16:17.359+0800][info] GC(442) Old regions: 56->57
[2024-10-12T11:16:17.359+0800][info] GC(442) Archive regions: 2->2
[2024-10-12T11:16:17.359+0800][info] GC(442) Humongous regions: 3->3
[2024-10-12T11:16:17.359+0800][info] GC(442) Metaspace: 1676K(1856K)->1676K(1856K) NonClass: 1552K(1664K)->1552K(1664K) Class: 124K(192K)->124K(192K)
[2024-10-12T11:16:17.359+0800][info] GC(442) Pause Young (Prepare Mixed) (G1 Preventive Collection) 112M->113M(128M) 1.069ms
[2024-10-12T11:16:17.359+0800][info] GC(442) User=0.00s Sys=0.00s Real=0.00s
[2024-10-12T11:16:17.420+0800][info] GC(443) Pause Young (Mixed) (G1 Evacuation Pause)
[2024-10-12T11:16:17.420+0800][info] GC(443) Using 3 workers of 48 for evacuation
[2024-10-12T11:16:17.425+0800][info] GC(443) To-space exhausted
[2024-10-12T11:16:17.425+0800][info] GC(443)   Pre Evacuate Collection Set: 0.2ms
[2024-10-12T11:16:17.425+0800][info] GC(443)   Merge Heap Roots: 0.1ms
[2024-10-12T11:16:17.425+0800][info] GC(443)   Evacuate Collection Set: 2.7ms
[2024-10-12T11:16:17.425+0800][info] GC(443)   Post Evacuate Collection Set: 2.3ms
[2024-10-12T11:16:17.425+0800][info] GC(443)   Other: 0.2ms
[2024-10-12T11:16:17.425+0800][info] GC(443) Eden regions: 1->0(3)
[2024-10-12T11:16:17.425+0800][info] GC(443) Survivor regions: 1->0(0)
[2024-10-12T11:16:17.425+0800][info] GC(443) Old regions: 57->58
[2024-10-12T11:16:17.426+0800][info] GC(443) Archive regions: 2->2
[2024-10-12T11:16:17.426+0800][info] GC(443) Humongous regions: 3->3
[2024-10-12T11:16:17.426+0800][info] GC(443) Metaspace: 1676K(1856K)->1676K(1856K) NonClass: 1552K(1664K)->1552K(1664K) Class: 124K(192K)->124K(192K)
[2024-10-12T11:16:17.426+0800][info] GC(443) Pause Young (Mixed) (G1 Evacuation Pause) 114M->113M(128M) 5.539ms
[2024-10-12T11:16:17.426+0800][info] GC(443) User=0.01s Sys=0.00s Real=0.01s
[2024-10-12T11:16:17.467+0800][info] GC(444) Pause Young (Concurrent Start) (G1 Evacuation Pause)
[2024-10-12T11:16:17.467+0800][info] GC(444) Using 3 workers of 48 for evacuation
[2024-10-12T11:16:17.468+0800][info] GC(444) To-space exhausted
[2024-10-12T11:16:17.468+0800][info] GC(444)   Pre Evacuate Collection Set: 0.1ms
[2024-10-12T11:16:17.468+0800][info] GC(444)   Merge Heap Roots: 0.1ms
[2024-10-12T11:16:17.468+0800][info] GC(444)   Evacuate Collection Set: 0.7ms
[2024-10-12T11:16:17.468+0800][info] GC(444)   Post Evacuate Collection Set: 0.2ms
[2024-10-12T11:16:17.468+0800][info] GC(444)   Other: 0.4ms
[2024-10-12T11:16:17.468+0800][info] GC(444) Eden regions: 1->0(3)
[2024-10-12T11:16:17.468+0800][info] GC(444) Survivor regions: 0->0(0)
[2024-10-12T11:16:17.468+0800][info] GC(444) Old regions: 58->59
[2024-10-12T11:16:17.468+0800][info] GC(444) Archive regions: 2->2
[2024-10-12T11:16:17.468+0800][info] GC(444) Humongous regions: 3->3
[2024-10-12T11:16:17.468+0800][info] GC(444) Metaspace: 1676K(1856K)->1676K(1856K) NonClass: 1552K(1664K)->1552K(1664K) Class: 124K(192K)->124K(192K)
[2024-10-12T11:16:17.468+0800][info] GC(444) Pause Young (Concurrent Start) (G1 Evacuation Pause) 114M->114M(128M) 1.677ms
[2024-10-12T11:16:17.468+0800][info] GC(444) User=0.00s Sys=0.00s Real=0.00s
[2024-10-12T11:16:17.468+0800][info] Attempting full compaction
[2024-10-12T11:16:17.469+0800][info] GC(445) Using 3 workers of 48 for full compaction
[2024-10-12T11:16:17.469+0800][info] GC(445) Pause Full (G1 Compaction Pause)
[2024-10-12T11:16:17.469+0800][info] GC(446) Concurrent Mark Cycle
[2024-10-12T11:16:17.469+0800][info] GC(446) Concurrent Clear Claimed Marks
[2024-10-12T11:16:17.469+0800][info] GC(446) Concurrent Clear Claimed Marks 0.016ms
[2024-10-12T11:16:17.469+0800][info] GC(446) Concurrent Scan Root Regions
[2024-10-12T11:16:17.469+0800][info] GC(446) Concurrent Scan Root Regions 0.010ms
[2024-10-12T11:16:17.469+0800][info] GC(446) Concurrent Mark
[2024-10-12T11:16:17.469+0800][info] GC(446) Concurrent Mark From Roots
[2024-10-12T11:16:17.469+0800][info] GC(446) Using 12 workers of 12 for marking
[2024-10-12T11:16:17.469+0800][info] GC(445) Phase 1: Mark live objects
[2024-10-12T11:16:17.472+0800][info] GC(445) Phase 1: Mark live objects 3.472ms
[2024-10-12T11:16:17.472+0800][info] GC(445) Phase 2: Prepare for compaction
[2024-10-12T11:16:17.473+0800][info] GC(445) Phase 2: Prepare for compaction 0.784ms
[2024-10-12T11:16:17.473+0800][info] GC(445) Phase 3: Adjust pointers
[2024-10-12T11:16:17.475+0800][info] GC(445) Phase 3: Adjust pointers 1.695ms
[2024-10-12T11:16:17.475+0800][info] GC(445) Phase 4: Compact heap
[2024-10-12T11:16:17.493+0800][info] GC(445) Phase 4: Compact heap 17.811ms
[2024-10-12T11:16:17.494+0800][info] GC(445) Eden regions: 0->0(5)
[2024-10-12T11:16:17.494+0800][info] GC(445) Survivor regions: 0->0(0)
[2024-10-12T11:16:17.494+0800][info] GC(445) Old regions: 59->37
[2024-10-12T11:16:17.494+0800][info] GC(445) Archive regions: 2->2
[2024-10-12T11:16:17.494+0800][info] GC(445) Humongous regions: 3->3
[2024-10-12T11:16:17.494+0800][info] GC(445) Metaspace: 1676K(1856K)->1676K(1856K) NonClass: 1552K(1664K)->1552K(1664K) Class: 124K(192K)->124K(192K)
[2024-10-12T11:16:17.494+0800][info] GC(445) Pause Full (G1 Compaction Pause) 114M->71M(128M) 25.724ms
[2024-10-12T11:16:17.494+0800][info] GC(445) User=0.04s Sys=0.00s Real=0.03s
[2024-10-12T11:16:17.495+0800][info] GC(446) Concurrent Mark From Roots 25.937ms
[2024-10-12T11:16:17.495+0800][info] GC(446) Concurrent Mark Abort
[2024-10-12T11:16:17.495+0800][info] GC(446) Concurrent Mark Cycle 26.118ms
[2024-10-12T11:16:17.761+0800][info] GC(447) Pause Young (Normal) (G1 Evacuation Pause)
[2024-10-12T11:16:17.761+0800][info] GC(447) Using 3 workers of 48 for evacuation
[2024-10-12T11:16:17.763+0800][info] GC(447)   Pre Evacuate Collection Set: 0.1ms
[2024-10-12T11:16:17.763+0800][info] GC(447)   Merge Heap Roots: 0.1ms
[2024-10-12T11:16:17.763+0800][info] GC(447)   Evacuate Collection Set: 1.5ms
[2024-10-12T11:16:17.763+0800][info] GC(447)   Post Evacuate Collection Set: 0.2ms
[2024-10-12T11:16:17.763+0800][info] GC(447)   Other: 0.2ms
[2024-10-12T11:16:17.764+0800][info] GC(447) Eden regions: 5->0(3)
[2024-10-12T11:16:17.764+0800][info] GC(447) Survivor regions: 0->1(1)
[2024-10-12T11:16:17.764+0800][info] GC(447) Old regions: 37->41
[2024-10-12T11:16:17.764+0800][info] GC(447) Archive regions: 2->2
[2024-10-12T11:16:17.764+0800][info] GC(447) Humongous regions: 3->3
[2024-10-12T11:16:17.764+0800][info] GC(447) Metaspace: 1676K(1856K)->1676K(1856K) NonClass: 1552K(1664K)->1552K(1664K) Class: 124K(192K)->124K(192K)
[2024-10-12T11:16:17.764+0800][info] GC(447) Pause Young (Normal) (G1 Evacuation Pause) 81M->80M(128M) 2.273ms
[2024-10-12T11:16:17.764+0800][info] GC(447) User=0.00s Sys=0.01s Real=0.00s
[2024-10-12T11:16:17.927+0800][info] GC(448) Pause Young (Normal) (G1 Evacuation Pause)
[2024-10-12T11:16:17.927+0800][info] GC(448) Using 3 workers of 48 for evacuation
[2024-10-12T11:16:17.929+0800][info] GC(448)   Pre Evacuate Collection Set: 0.1ms
[2024-10-12T11:16:17.929+0800][info] GC(448)   Merge Heap Roots: 0.0ms
[2024-10-12T11:16:17.929+0800][info] GC(448)   Evacuate Collection Set: 1.3ms
[2024-10-12T11:16:17.929+0800][info] GC(448)   Post Evacuate Collection Set: 0.2ms
[2024-10-12T11:16:17.929+0800][info] GC(448)   Other: 0.2ms
[2024-10-12T11:16:17.929+0800][info] GC(448) Eden regions: 3->0(2)
[2024-10-12T11:16:17.929+0800][info] GC(448) Survivor regions: 1->1(1)
[2024-10-12T11:16:17.929+0800][info] GC(448) Old regions: 41->44
[2024-10-12T11:16:17.929+0800][info] GC(448) Archive regions: 2->2
[2024-10-12T11:16:17.929+0800][info] GC(448) Humongous regions: 3->3
[2024-10-12T11:16:17.929+0800][info] GC(448) Metaspace: 1676K(1856K)->1676K(1856K) NonClass: 1552K(1664K)->1552K(1664K) Class: 124K(192K)->124K(192K)
[2024-10-12T11:16:17.929+0800][info] GC(448) Pause Young (Normal) (G1 Evacuation Pause) 86M->87M(128M) 2.045ms
[2024-10-12T11:16:17.929+0800][info] GC(448) User=0.00s Sys=0.00s Real=0.00s
[2024-10-12T11:16:18.032+0800][info] GC(449) Pause Young (Normal) (G1 Evacuation Pause)
[2024-10-12T11:16:18.032+0800][info] GC(449) Using 3 workers of 48 for evacuation
[2024-10-12T11:16:18.033+0800][info] GC(449)   Pre Evacuate Collection Set: 0.1ms
[2024-10-12T11:16:18.033+0800][info] GC(449)   Merge Heap Roots: 0.0ms
[2024-10-12T11:16:18.033+0800][info] GC(449)   Evacuate Collection Set: 0.9ms
[2024-10-12T11:16:18.033+0800][info] GC(449)   Post Evacuate Collection Set: 0.2ms
[2024-10-12T11:16:18.033+0800][info] GC(449)   Other: 0.2ms
[2024-10-12T11:16:18.033+0800][info] GC(449) Eden regions: 2->0(2)
[2024-10-12T11:16:18.033+0800][info] GC(449) Survivor regions: 1->1(1)
[2024-10-12T11:16:18.033+0800][info] GC(449) Old regions: 44->46
[2024-10-12T11:16:18.033+0800][info] GC(449) Archive regions: 2->2
[2024-10-12T11:16:18.033+0800][info] GC(449) Humongous regions: 3->3
[2024-10-12T11:16:18.033+0800][info] GC(449) Metaspace: 1676K(1856K)->1676K(1856K) NonClass: 1552K(1664K)->1552K(1664K) Class: 124K(192K)->124K(192K)
[2024-10-12T11:16:18.033+0800][info] GC(449) Pause Young (Normal) (G1 Evacuation Pause) 90M->91M(128M) 1.597ms
[2024-10-12T11:16:18.033+0800][info] GC(449) User=0.00s Sys=0.00s Real=0.01s
[2024-10-12T11:16:18.136+0800][info] GC(450) Pause Young (Concurrent Start) (G1 Evacuation Pause)
[2024-10-12T11:16:18.136+0800][info] GC(450) Using 3 workers of 48 for evacuation
[2024-10-12T11:16:18.137+0800][info] GC(450)   Pre Evacuate Collection Set: 0.1ms
[2024-10-12T11:16:18.137+0800][info] GC(450)   Merge Heap Roots: 0.1ms
[2024-10-12T11:16:18.137+0800][info] GC(450)   Evacuate Collection Set: 0.9ms
[2024-10-12T11:16:18.137+0800][info] GC(450)   Post Evacuate Collection Set: 0.2ms
[2024-10-12T11:16:18.137+0800][info] GC(450)   Other: 0.4ms
[2024-10-12T11:16:18.137+0800][info] GC(450) Eden regions: 2->0(2)
[2024-10-12T11:16:18.137+0800][info] GC(450) Survivor regions: 1->1(1)
[2024-10-12T11:16:18.137+0800][info] GC(450) Old regions: 46->48
[2024-10-12T11:16:18.137+0800][info] GC(450) Archive regions: 2->2
[2024-10-12T11:16:18.137+0800][info] GC(450) Humongous regions: 3->3
[2024-10-12T11:16:18.137+0800][info] GC(450) Metaspace: 1676K(1856K)->1676K(1856K) NonClass: 1552K(1664K)->1552K(1664K) Class: 124K(192K)->124K(192K)
[2024-10-12T11:16:18.137+0800][info] GC(450) Pause Young (Concurrent Start) (G1 Evacuation Pause) 94M->94M(128M) 1.770ms
[2024-10-12T11:16:18.137+0800][info] GC(450) User=0.00s Sys=0.00s Real=0.00s
[2024-10-12T11:16:18.137+0800][info] GC(451) Concurrent Mark Cycle
[2024-10-12T11:16:18.138+0800][info] GC(451) Concurrent Clear Claimed Marks
[2024-10-12T11:16:18.138+0800][info] GC(451) Concurrent Clear Claimed Marks 0.018ms
[2024-10-12T11:16:18.138+0800][info] GC(451) Concurrent Scan Root Regions
[2024-10-12T11:16:18.138+0800][info] GC(451) Concurrent Scan Root Regions 0.171ms
[2024-10-12T11:16:18.138+0800][info] GC(451) Concurrent Mark
[2024-10-12T11:16:18.138+0800][info] GC(451) Concurrent Mark From Roots
[2024-10-12T11:16:18.138+0800][info] GC(451) Using 12 workers of 12 for marking
[2024-10-12T11:16:18.141+0800][info] GC(451) Concurrent Mark From Roots 3.105ms
[2024-10-12T11:16:18.141+0800][info] GC(451) Concurrent Preclean
[2024-10-12T11:16:18.143+0800][info] GC(451) Concurrent Preclean 1.711ms
[2024-10-12T11:16:18.143+0800][info] GC(451) Pause Remark
[2024-10-12T11:16:18.144+0800][info] GC(451) Pause Remark 95M->95M(128M) 1.625ms
[2024-10-12T11:16:18.144+0800][info] GC(451) User=0.01s Sys=0.00s Real=0.00s
[2024-10-12T11:16:18.144+0800][info] GC(451) Concurrent Mark 6.699ms
[2024-10-12T11:16:18.144+0800][info] GC(451) Concurrent Rebuild Remembered Sets
[2024-10-12T11:16:18.146+0800][info] GC(451) Concurrent Rebuild Remembered Sets 1.203ms
[2024-10-12T11:16:18.146+0800][info] GC(451) Pause Cleanup
[2024-10-12T11:16:18.146+0800][info] GC(451) Pause Cleanup 95M->95M(128M) 0.237ms
[2024-10-12T11:16:18.146+0800][info] GC(451) User=0.00s Sys=0.00s Real=0.00s
[2024-10-12T11:16:18.146+0800][info] GC(451) Concurrent Cleanup for Next Mark
[2024-10-12T11:16:18.147+0800][info] GC(451) Concurrent Cleanup for Next Mark 0.377ms
[2024-10-12T11:16:18.147+0800][info] GC(451) Concurrent Mark Cycle 9.067ms
[2024-10-12T11:16:18.291+0800][info] GC(452) Pause Young (Prepare Mixed) (G1 Evacuation Pause)
[2024-10-12T11:16:18.291+0800][info] GC(452) Using 3 workers of 48 for evacuation
[2024-10-12T11:16:18.292+0800][info] GC(452)   Pre Evacuate Collection Set: 0.1ms
[2024-10-12T11:16:18.292+0800][info] GC(452)   Merge Heap Roots: 0.1ms
[2024-10-12T11:16:18.292+0800][info] GC(452)   Evacuate Collection Set: 0.9ms
[2024-10-12T11:16:18.292+0800][info] GC(452)   Post Evacuate Collection Set: 0.2ms
[2024-10-12T11:16:18.292+0800][info] GC(452)   Other: 0.2ms
[2024-10-12T11:16:18.292+0800][info] GC(452) Eden regions: 2->0(2)
[2024-10-12T11:16:18.292+0800][info] GC(452) Survivor regions: 1->1(1)
[2024-10-12T11:16:18.292+0800][info] GC(452) Old regions: 48->50
[2024-10-12T11:16:18.292+0800][info] GC(452) Archive regions: 2->2
[2024-10-12T11:16:18.292+0800][info] GC(452) Humongous regions: 3->3
[2024-10-12T11:16:18.292+0800][info] GC(452) Metaspace: 1676K(1856K)->1676K(1856K) NonClass: 1552K(1664K)->1552K(1664K) Class: 124K(192K)->124K(192K)
[2024-10-12T11:16:18.292+0800][info] GC(452) Pause Young (Prepare Mixed) (G1 Evacuation Pause) 98M->98M(128M) 1.644ms
[2024-10-12T11:16:18.292+0800][info] GC(452) User=0.00s Sys=0.00s Real=0.00s
[2024-10-12T11:16:18.395+0800][info] GC(453) Pause Young (Mixed) (G1 Preventive Collection)
[2024-10-12T11:16:18.395+0800][info] GC(453) Using 3 workers of 48 for evacuation
[2024-10-12T11:16:18.400+0800][info] GC(453) To-space exhausted
[2024-10-12T11:16:18.400+0800][info] GC(453)   Pre Evacuate Collection Set: 0.2ms
[2024-10-12T11:16:18.400+0800][info] GC(453)   Merge Heap Roots: 0.1ms
[2024-10-12T11:16:18.400+0800][info] GC(453)   Evacuate Collection Set: 4.2ms
[2024-10-12T11:16:18.400+0800][info] GC(453)   Post Evacuate Collection Set: 1.2ms
[2024-10-12T11:16:18.401+0800][info] GC(453)   Other: 0.2ms
[2024-10-12T11:16:18.401+0800][info] GC(453) Eden regions: 2->0(2)
[2024-10-12T11:16:18.401+0800][info] GC(453) Survivor regions: 1->1(1)
[2024-10-12T11:16:18.401+0800][info] GC(453) Old regions: 50->57
[2024-10-12T11:16:18.401+0800][info] GC(453) Archive regions: 2->2
[2024-10-12T11:16:18.401+0800][info] GC(453) Humongous regions: 3->3
[2024-10-12T11:16:18.401+0800][info] GC(453) Metaspace: 1676K(1856K)->1676K(1856K) NonClass: 1552K(1664K)->1552K(1664K) Class: 124K(192K)->124K(192K)
[2024-10-12T11:16:18.401+0800][info] GC(453) Pause Young (Mixed) (G1 Preventive Collection) 102M->113M(128M) 6.020ms
[2024-10-12T11:16:18.401+0800][info] GC(453) User=0.02s Sys=0.00s Real=0.00s
[2024-10-12T11:16:18.462+0800][info] GC(454) Pause Young (Concurrent Start) (G1 Evacuation Pause)
[2024-10-12T11:16:18.462+0800][info] GC(454) Using 3 workers of 48 for evacuation
[2024-10-12T11:16:18.463+0800][info] GC(454) To-space exhausted
[2024-10-12T11:16:18.463+0800][info] GC(454)   Pre Evacuate Collection Set: 0.1ms
[2024-10-12T11:16:18.463+0800][info] GC(454)   Merge Heap Roots: 0.1ms
[2024-10-12T11:16:18.463+0800][info] GC(454)   Evacuate Collection Set: 0.4ms
[2024-10-12T11:16:18.464+0800][info] GC(454)   Post Evacuate Collection Set: 0.2ms
[2024-10-12T11:16:18.464+0800][info] GC(454)   Other: 0.4ms
[2024-10-12T11:16:18.464+0800][info] GC(454) Eden regions: 1->0(3)
[2024-10-12T11:16:18.464+0800][info] GC(454) Survivor regions: 1->0(0)
[2024-10-12T11:16:18.464+0800][info] GC(454) Old regions: 57->59
[2024-10-12T11:16:18.464+0800][info] GC(454) Archive regions: 2->2
[2024-10-12T11:16:18.464+0800][info] GC(454) Humongous regions: 3->3
[2024-10-12T11:16:18.464+0800][info] GC(454) Metaspace: 1676K(1856K)->1676K(1856K) NonClass: 1552K(1664K)->1552K(1664K) Class: 124K(192K)->124K(192K)
[2024-10-12T11:16:18.464+0800][info] GC(454) Pause Young (Concurrent Start) (G1 Evacuation Pause) 115M->115M(128M) 1.261ms
[2024-10-12T11:16:18.464+0800][info] GC(454) User=0.00s Sys=0.00s Real=0.00s
[2024-10-12T11:16:18.464+0800][info] Attempting full compaction
[2024-10-12T11:16:18.464+0800][info] GC(455) Using 3 workers of 48 for full compaction
[2024-10-12T11:16:18.464+0800][info] GC(455) Pause Full (G1 Compaction Pause)
[2024-10-12T11:16:18.464+0800][info] GC(456) Concurrent Mark Cycle
[2024-10-12T11:16:18.464+0800][info] GC(456) Concurrent Clear Claimed Marks
[2024-10-12T11:16:18.464+0800][info] GC(456) Concurrent Clear Claimed Marks 0.018ms
[2024-10-12T11:16:18.464+0800][info] GC(456) Concurrent Scan Root Regions
[2024-10-12T11:16:18.464+0800][info] GC(456) Concurrent Scan Root Regions 0.010ms
[2024-10-12T11:16:18.464+0800][info] GC(456) Concurrent Mark
[2024-10-12T11:16:18.464+0800][info] GC(456) Concurrent Mark From Roots
[2024-10-12T11:16:18.464+0800][info] GC(456) Using 12 workers of 12 for marking
[2024-10-12T11:16:18.464+0800][info] GC(455) Phase 1: Mark live objects
[2024-10-12T11:16:18.468+0800][info] GC(455) Phase 1: Mark live objects 3.567ms
[2024-10-12T11:16:18.468+0800][info] GC(455) Phase 2: Prepare for compaction
[2024-10-12T11:16:18.468+0800][info] GC(455) Phase 2: Prepare for compaction 0.657ms
[2024-10-12T11:16:18.468+0800][info] GC(455) Phase 3: Adjust pointers
[2024-10-12T11:16:18.470+0800][info] GC(455) Phase 3: Adjust pointers 1.702ms
[2024-10-12T11:16:18.470+0800][info] GC(455) Phase 4: Compact heap
[2024-10-12T11:16:18.480+0800][info] GC(455) Phase 4: Compact heap 9.913ms
[2024-10-12T11:16:18.481+0800][info] GC(455) Eden regions: 0->0(4)
[2024-10-12T11:16:18.482+0800][info] GC(455) Survivor regions: 0->0(0)
[2024-10-12T11:16:18.482+0800][info] GC(455) Old regions: 59->38
[2024-10-12T11:16:18.482+0800][info] GC(455) Archive regions: 2->2
[2024-10-12T11:16:18.482+0800][info] GC(455) Humongous regions: 3->3
[2024-10-12T11:16:18.482+0800][info] GC(455) Metaspace: 1676K(1856K)->1676K(1856K) NonClass: 1552K(1664K)->1552K(1664K) Class: 124K(192K)->124K(192K)
[2024-10-12T11:16:18.482+0800][info] GC(455) Pause Full (G1 Compaction Pause) 115M->71M(128M) 17.854ms
[2024-10-12T11:16:18.482+0800][info] GC(455) User=0.04s Sys=0.00s Real=0.02s
[2024-10-12T11:16:18.482+0800][info] GC(456) Concurrent Mark From Roots 18.065ms
[2024-10-12T11:16:18.482+0800][info] GC(456) Concurrent Mark Abort
[2024-10-12T11:16:18.482+0800][info] GC(456) Concurrent Mark Cycle 18.262ms
[2024-10-12T11:16:18.687+0800][info] GC(457) Pause Young (Normal) (G1 Evacuation Pause)
[2024-10-12T11:16:18.687+0800][info] GC(457) Using 3 workers of 48 for evacuation
[2024-10-12T11:16:18.689+0800][info] GC(457)   Pre Evacuate Collection Set: 0.1ms
[2024-10-12T11:16:18.689+0800][info] GC(457)   Merge Heap Roots: 0.0ms
[2024-10-12T11:16:18.689+0800][info] GC(457)   Evacuate Collection Set: 1.4ms
[2024-10-12T11:16:18.689+0800][info] GC(457)   Post Evacuate Collection Set: 0.2ms
[2024-10-12T11:16:18.689+0800][info] GC(457)   Other: 0.2ms
[2024-10-12T11:16:18.689+0800][info] GC(457) Eden regions: 4->0(2)
[2024-10-12T11:16:18.689+0800][info] GC(457) Survivor regions: 0->1(1)
[2024-10-12T11:16:18.689+0800][info] GC(457) Old regions: 38->42
[2024-10-12T11:16:18.689+0800][info] GC(457) Archive regions: 2->2
[2024-10-12T11:16:18.689+0800][info] GC(457) Humongous regions: 3->3
[2024-10-12T11:16:18.689+0800][info] GC(457) Metaspace: 1676K(1856K)->1676K(1856K) NonClass: 1552K(1664K)->1552K(1664K) Class: 124K(192K)->124K(192K)
[2024-10-12T11:16:18.689+0800][info] GC(457) Pause Young (Normal) (G1 Evacuation Pause) 79M->79M(128M) 2.142ms
[2024-10-12T11:16:18.689+0800][info] GC(457) User=0.00s Sys=0.00s Real=0.00s
[2024-10-12T11:16:18.792+0800][info] GC(458) Pause Young (Normal) (G1 Evacuation Pause)
[2024-10-12T11:16:18.792+0800][info] GC(458) Using 3 workers of 48 for evacuation
[2024-10-12T11:16:18.793+0800][info] GC(458)   Pre Evacuate Collection Set: 0.1ms
[2024-10-12T11:16:18.793+0800][info] GC(458)   Merge Heap Roots: 0.1ms
[2024-10-12T11:16:18.794+0800][info] GC(458)   Evacuate Collection Set: 1.1ms
[2024-10-12T11:16:18.794+0800][info] GC(458)   Post Evacuate Collection Set: 0.2ms
[2024-10-12T11:16:18.794+0800][info] GC(458)   Other: 0.2ms
[2024-10-12T11:16:18.794+0800][info] GC(458) Eden regions: 2->0(2)
[2024-10-12T11:16:18.794+0800][info] GC(458) Survivor regions: 1->1(1)
[2024-10-12T11:16:18.794+0800][info] GC(458) Old regions: 42->44
[2024-10-12T11:16:18.794+0800][info] GC(458) Archive regions: 2->2
[2024-10-12T11:16:18.794+0800][info] GC(458) Humongous regions: 4->4
[2024-10-12T11:16:18.794+0800][info] GC(458) Metaspace: 1676K(1856K)->1676K(1856K) NonClass: 1552K(1664K)->1552K(1664K) Class: 124K(192K)->124K(192K)
[2024-10-12T11:16:18.794+0800][info] GC(458) Pause Young (Normal) (G1 Evacuation Pause) 85M->85M(128M) 1.768ms
[2024-10-12T11:16:18.794+0800][info] GC(458) User=0.00s Sys=0.00s Real=0.01s
[2024-10-12T11:16:18.896+0800][info] GC(459) Pause Young (Normal) (G1 Evacuation Pause)
[2024-10-12T11:16:18.896+0800][info] GC(459) Using 3 workers of 48 for evacuation
[2024-10-12T11:16:18.897+0800][info] GC(459)   Pre Evacuate Collection Set: 0.1ms
[2024-10-12T11:16:18.897+0800][info] GC(459)   Merge Heap Roots: 0.0ms
[2024-10-12T11:16:18.897+0800][info] GC(459)   Evacuate Collection Set: 1.1ms
[2024-10-12T11:16:18.897+0800][info] GC(459)   Post Evacuate Collection Set: 0.2ms
[2024-10-12T11:16:18.897+0800][info] GC(459)   Other: 0.2ms
[2024-10-12T11:16:18.897+0800][info] GC(459) Eden regions: 2->0(2)
[2024-10-12T11:16:18.897+0800][info] GC(459) Survivor regions: 1->1(1)
[2024-10-12T11:16:18.897+0800][info] GC(459) Old regions: 44->46
[2024-10-12T11:16:18.897+0800][info] GC(459) Archive regions: 2->2
[2024-10-12T11:16:18.898+0800][info] GC(459) Humongous regions: 4->4
[2024-10-12T11:16:18.898+0800][info] GC(459) Metaspace: 1676K(1856K)->1676K(1856K) NonClass: 1552K(1664K)->1552K(1664K) Class: 124K(192K)->124K(192K)
[2024-10-12T11:16:18.898+0800][info] GC(459) Pause Young (Normal) (G1 Evacuation Pause) 89M->89M(128M) 1.824ms
[2024-10-12T11:16:18.898+0800][info] GC(459) User=0.00s Sys=0.00s Real=0.00s
[2024-10-12T11:16:19.000+0800][info] GC(460) Pause Young (Concurrent Start) (G1 Evacuation Pause)
[2024-10-12T11:16:19.000+0800][info] GC(460) Using 3 workers of 48 for evacuation
[2024-10-12T11:16:19.002+0800][info] GC(460)   Pre Evacuate Collection Set: 0.1ms
[2024-10-12T11:16:19.002+0800][info] GC(460)   Merge Heap Roots: 0.1ms
[2024-10-12T11:16:19.002+0800][info] GC(460)   Evacuate Collection Set: 1.0ms
[2024-10-12T11:16:19.002+0800][info] GC(460)   Post Evacuate Collection Set: 0.2ms
[2024-10-12T11:16:19.002+0800][info] GC(460)   Other: 0.4ms
[2024-10-12T11:16:19.002+0800][info] GC(460) Eden regions: 2->0(2)
[2024-10-12T11:16:19.002+0800][info] GC(460) Survivor regions: 1->1(1)
[2024-10-12T11:16:19.002+0800][info] GC(460) Old regions: 46->47
[2024-10-12T11:16:19.002+0800][info] GC(460) Archive regions: 2->2
[2024-10-12T11:16:19.002+0800][info] GC(460) Humongous regions: 4->4
[2024-10-12T11:16:19.002+0800][info] GC(460) Metaspace: 1676K(1856K)->1676K(1856K) NonClass: 1552K(1664K)->1552K(1664K) Class: 124K(192K)->124K(192K)
[2024-10-12T11:16:19.002+0800][info] GC(460) Pause Young (Concurrent Start) (G1 Evacuation Pause) 93M->93M(128M) 1.912ms
[2024-10-12T11:16:19.002+0800][info] GC(460) User=0.01s Sys=0.00s Real=0.00s
[2024-10-12T11:16:19.002+0800][info] GC(461) Concurrent Mark Cycle
[2024-10-12T11:16:19.002+0800][info] GC(461) Concurrent Clear Claimed Marks
[2024-10-12T11:16:19.002+0800][info] GC(461) Concurrent Clear Claimed Marks 0.015ms
[2024-10-12T11:16:19.002+0800][info] GC(461) Concurrent Scan Root Regions
[2024-10-12T11:16:19.002+0800][info] GC(461) Concurrent Scan Root Regions 0.097ms
[2024-10-12T11:16:19.002+0800][info] GC(461) Concurrent Mark
[2024-10-12T11:16:19.002+0800][info] GC(461) Concurrent Mark From Roots
[2024-10-12T11:16:19.002+0800][info] GC(461) Using 12 workers of 12 for marking
[2024-10-12T11:16:19.005+0800][info] GC(461) Concurrent Mark From Roots 3.338ms
[2024-10-12T11:16:19.005+0800][info] GC(461) Concurrent Preclean
[2024-10-12T11:16:19.007+0800][info] GC(461) Concurrent Preclean 1.676ms
[2024-10-12T11:16:19.007+0800][info] GC(461) Pause Remark
[2024-10-12T11:16:19.009+0800][info] GC(461) Pause Remark 93M->91M(128M) 1.932ms
[2024-10-12T11:16:19.009+0800][info] GC(461) User=0.00s Sys=0.00s Real=0.00s
[2024-10-12T11:16:19.009+0800][info] GC(461) Concurrent Mark 7.174ms
[2024-10-12T11:16:19.009+0800][info] GC(461) Concurrent Rebuild Remembered Sets
[2024-10-12T11:16:19.010+0800][info] GC(461) Concurrent Rebuild Remembered Sets 1.157ms
[2024-10-12T11:16:19.011+0800][info] GC(461) Pause Cleanup
[2024-10-12T11:16:19.011+0800][info] GC(461) Pause Cleanup 91M->91M(128M) 0.164ms
[2024-10-12T11:16:19.011+0800][info] GC(461) User=0.00s Sys=0.00s Real=0.00s
[2024-10-12T11:16:19.011+0800][info] GC(461) Concurrent Cleanup for Next Mark
[2024-10-12T11:16:19.011+0800][info] GC(461) Concurrent Cleanup for Next Mark 0.394ms
[2024-10-12T11:16:19.011+0800][info] GC(461) Concurrent Mark Cycle 9.323ms
[2024-10-12T11:16:19.155+0800][info] GC(462) Pause Young (Prepare Mixed) (G1 Evacuation Pause)
[2024-10-12T11:16:19.155+0800][info] GC(462) Using 3 workers of 48 for evacuation
[2024-10-12T11:16:19.157+0800][info] GC(462)   Pre Evacuate Collection Set: 0.1ms
[2024-10-12T11:16:19.157+0800][info] GC(462)   Merge Heap Roots: 0.1ms
[2024-10-12T11:16:19.157+0800][info] GC(462)   Evacuate Collection Set: 1.1ms
[2024-10-12T11:16:19.157+0800][info] GC(462)   Post Evacuate Collection Set: 0.2ms
[2024-10-12T11:16:19.157+0800][info] GC(462)   Other: 0.2ms
[2024-10-12T11:16:19.157+0800][info] GC(462) Eden regions: 2->0(2)
[2024-10-12T11:16:19.157+0800][info] GC(462) Survivor regions: 1->1(1)
[2024-10-12T11:16:19.157+0800][info] GC(462) Old regions: 47->49
[2024-10-12T11:16:19.157+0800][info] GC(462) Archive regions: 2->2
[2024-10-12T11:16:19.157+0800][info] GC(462) Humongous regions: 3->3
[2024-10-12T11:16:19.157+0800][info] GC(462) Metaspace: 1676K(1856K)->1676K(1856K) NonClass: 1552K(1664K)->1552K(1664K) Class: 124K(192K)->124K(192K)
[2024-10-12T11:16:19.157+0800][info] GC(462) Pause Young (Prepare Mixed) (G1 Evacuation Pause) 94M->95M(128M) 1.848ms
[2024-10-12T11:16:19.157+0800][info] GC(462) User=0.00s Sys=0.00s Real=0.00s
[2024-10-12T11:16:19.259+0800][info] GC(463) Pause Young (Mixed) (G1 Evacuation Pause)
[2024-10-12T11:16:19.259+0800][info] GC(463) Using 3 workers of 48 for evacuation
[2024-10-12T11:16:19.266+0800][info] GC(463) To-space exhausted
[2024-10-12T11:16:19.266+0800][info] GC(463)   Pre Evacuate Collection Set: 0.2ms
[2024-10-12T11:16:19.266+0800][info] GC(463)   Merge Heap Roots: 0.1ms
[2024-10-12T11:16:19.267+0800][info] GC(463)   Evacuate Collection Set: 5.3ms
[2024-10-12T11:16:19.267+0800][info] GC(463)   Post Evacuate Collection Set: 1.6ms
[2024-10-12T11:16:19.267+0800][info] GC(463)   Other: 0.2ms
[2024-10-12T11:16:19.267+0800][info] GC(463) Eden regions: 2->0(2)
[2024-10-12T11:16:19.267+0800][info] GC(463) Survivor regions: 1->1(1)
[2024-10-12T11:16:19.267+0800][info] GC(463) Old regions: 49->55
[2024-10-12T11:16:19.267+0800][info] GC(463) Archive regions: 2->2
[2024-10-12T11:16:19.267+0800][info] GC(463) Humongous regions: 3->3
[2024-10-12T11:16:19.267+0800][info] GC(463) Metaspace: 1676K(1856K)->1676K(1856K) NonClass: 1552K(1664K)->1552K(1664K) Class: 124K(192K)->124K(192K)
[2024-10-12T11:16:19.267+0800][info] GC(463) Pause Young (Mixed) (G1 Evacuation Pause) 98M->107M(128M) 7.501ms
[2024-10-12T11:16:19.267+0800][info] GC(463) User=0.02s Sys=0.01s Real=0.01s
[2024-10-12T11:16:19.328+0800][info] GC(464) Pause Young (Concurrent Start) (G1 Preventive Collection)
[2024-10-12T11:16:19.328+0800][info] GC(464) Using 3 workers of 48 for evacuation
[2024-10-12T11:16:19.330+0800][info] GC(464)   Pre Evacuate Collection Set: 0.1ms
[2024-10-12T11:16:19.330+0800][info] GC(464)   Merge Heap Roots: 0.1ms
[2024-10-12T11:16:19.330+0800][info] GC(464)   Evacuate Collection Set: 1.1ms
[2024-10-12T11:16:19.330+0800][info] GC(464)   Post Evacuate Collection Set: 0.2ms
[2024-10-12T11:16:19.330+0800][info] GC(464)   Other: 0.4ms
[2024-10-12T11:16:19.330+0800][info] GC(464) Eden regions: 1->0(2)
[2024-10-12T11:16:19.330+0800][info] GC(464) Survivor regions: 1->1(1)
[2024-10-12T11:16:19.330+0800][info] GC(464) Old regions: 55->56
[2024-10-12T11:16:19.330+0800][info] GC(464) Archive regions: 2->2
[2024-10-12T11:16:19.330+0800][info] GC(464) Humongous regions: 3->3
[2024-10-12T11:16:19.330+0800][info] GC(464) Metaspace: 1676K(1856K)->1676K(1856K) NonClass: 1552K(1664K)->1552K(1664K) Class: 124K(192K)->124K(192K)
[2024-10-12T11:16:19.330+0800][info] GC(464) Pause Young (Concurrent Start) (G1 Preventive Collection) 109M->109M(128M) 2.015ms
[2024-10-12T11:16:19.330+0800][info] GC(464) User=0.00s Sys=0.00s Real=0.00s
[2024-10-12T11:16:19.330+0800][info] GC(465) Concurrent Mark Cycle
[2024-10-12T11:16:19.330+0800][info] GC(465) Concurrent Clear Claimed Marks
[2024-10-12T11:16:19.330+0800][info] GC(465) Concurrent Clear Claimed Marks 0.015ms
[2024-10-12T11:16:19.330+0800][info] GC(465) Concurrent Scan Root Regions
[2024-10-12T11:16:19.330+0800][info] GC(465) Concurrent Scan Root Regions 0.139ms
[2024-10-12T11:16:19.330+0800][info] GC(465) Concurrent Mark
[2024-10-12T11:16:19.330+0800][info] GC(465) Concurrent Mark From Roots
[2024-10-12T11:16:19.330+0800][info] GC(465) Using 12 workers of 12 for marking
[2024-10-12T11:16:19.334+0800][info] GC(465) Concurrent Mark From Roots 3.315ms
[2024-10-12T11:16:19.334+0800][info] GC(465) Concurrent Preclean
[2024-10-12T11:16:19.335+0800][info] GC(465) Concurrent Preclean 1.663ms
[2024-10-12T11:16:19.335+0800][info] GC(465) Pause Remark
[2024-10-12T11:16:19.337+0800][info] GC(465) Pause Remark 110M->110M(128M) 1.508ms
[2024-10-12T11:16:19.337+0800][info] GC(465) User=0.00s Sys=0.00s Real=0.00s
[2024-10-12T11:16:19.337+0800][info] GC(465) Concurrent Mark 6.652ms
[2024-10-12T11:16:19.337+0800][info] GC(465) Concurrent Rebuild Remembered Sets
[2024-10-12T11:16:19.338+0800][info] GC(465) Concurrent Rebuild Remembered Sets 1.216ms
[2024-10-12T11:16:19.338+0800][info] GC(465) Pause Cleanup
[2024-10-12T11:16:19.338+0800][info] GC(465) Pause Cleanup 110M->110M(128M) 0.164ms
[2024-10-12T11:16:19.338+0800][info] GC(465) User=0.00s Sys=0.00s Real=0.00s
[2024-10-12T11:16:19.339+0800][info] GC(465) Concurrent Cleanup for Next Mark
[2024-10-12T11:16:19.339+0800][info] GC(465) Concurrent Cleanup for Next Mark 0.360ms
[2024-10-12T11:16:19.339+0800][info] GC(465) Concurrent Mark Cycle 8.808ms
[2024-10-12T11:16:19.422+0800][info] GC(466) Pause Young (Prepare Mixed) (G1 Preventive Collection)
[2024-10-12T11:16:19.422+0800][info] GC(466) Using 3 workers of 48 for evacuation
[2024-10-12T11:16:19.423+0800][info] GC(466) To-space exhausted
[2024-10-12T11:16:19.423+0800][info] GC(466)   Pre Evacuate Collection Set: 0.1ms
[2024-10-12T11:16:19.423+0800][info] GC(466)   Merge Heap Roots: 0.1ms
[2024-10-12T11:16:19.423+0800][info] GC(466)   Evacuate Collection Set: 0.4ms
[2024-10-12T11:16:19.423+0800][info] GC(466)   Post Evacuate Collection Set: 0.2ms
[2024-10-12T11:16:19.423+0800][info] GC(466)   Other: 0.2ms
[2024-10-12T11:16:19.423+0800][info] GC(466) Eden regions: 1->0(2)
[2024-10-12T11:16:19.423+0800][info] GC(466) Survivor regions: 1->1(1)
[2024-10-12T11:16:19.423+0800][info] GC(466) Old regions: 56->57
[2024-10-12T11:16:19.423+0800][info] GC(466) Archive regions: 2->2
[2024-10-12T11:16:19.423+0800][info] GC(466) Humongous regions: 3->3
[2024-10-12T11:16:19.423+0800][info] GC(466) Metaspace: 1676K(1856K)->1676K(1856K) NonClass: 1552K(1664K)->1552K(1664K) Class: 124K(192K)->124K(192K)
[2024-10-12T11:16:19.423+0800][info] GC(466) Pause Young (Prepare Mixed) (G1 Preventive Collection) 110M->111M(128M) 1.112ms
[2024-10-12T11:16:19.423+0800][info] GC(466) User=0.00s Sys=0.00s Real=0.00s
[2024-10-12T11:16:19.485+0800][info] GC(467) Pause Young (Mixed) (G1 Evacuation Pause)
[2024-10-12T11:16:19.485+0800][info] GC(467) Using 3 workers of 48 for evacuation
[2024-10-12T11:16:19.489+0800][info] GC(467) To-space exhausted
[2024-10-12T11:16:19.489+0800][info] GC(467)   Pre Evacuate Collection Set: 0.2ms
[2024-10-12T11:16:19.489+0800][info] GC(467)   Merge Heap Roots: 0.1ms
[2024-10-12T11:16:19.489+0800][info] GC(467)   Evacuate Collection Set: 1.8ms
[2024-10-12T11:16:19.489+0800][info] GC(467)   Post Evacuate Collection Set: 1.2ms
[2024-10-12T11:16:19.489+0800][info] GC(467)   Other: 0.2ms
[2024-10-12T11:16:19.489+0800][info] GC(467) Eden regions: 1->0(3)
[2024-10-12T11:16:19.489+0800][info] GC(467) Survivor regions: 1->0(0)
[2024-10-12T11:16:19.489+0800][info] GC(467) Old regions: 57->58
[2024-10-12T11:16:19.489+0800][info] GC(467) Archive regions: 2->2
[2024-10-12T11:16:19.489+0800][info] GC(467) Humongous regions: 3->3
[2024-10-12T11:16:19.489+0800][info] GC(467) Metaspace: 1676K(1856K)->1676K(1856K) NonClass: 1552K(1664K)->1552K(1664K) Class: 124K(192K)->124K(192K)
[2024-10-12T11:16:19.489+0800][info] GC(467) Pause Young (Mixed) (G1 Evacuation Pause) 113M->111M(128M) 3.672ms
[2024-10-12T11:16:19.489+0800][info] GC(467) User=0.01s Sys=0.00s Real=0.01s
[2024-10-12T11:16:19.530+0800][info] GC(468) Pause Young (Concurrent Start) (G1 Evacuation Pause)
[2024-10-12T11:16:19.530+0800][info] GC(468) Using 3 workers of 48 for evacuation
[2024-10-12T11:16:19.532+0800][info] GC(468) To-space exhausted
[2024-10-12T11:16:19.532+0800][info] GC(468)   Pre Evacuate Collection Set: 0.1ms
[2024-10-12T11:16:19.532+0800][info] GC(468)   Merge Heap Roots: 0.1ms
[2024-10-12T11:16:19.532+0800][info] GC(468)   Evacuate Collection Set: 0.8ms
[2024-10-12T11:16:19.532+0800][info] GC(468)   Post Evacuate Collection Set: 0.3ms
[2024-10-12T11:16:19.532+0800][info] GC(468)   Other: 0.4ms
[2024-10-12T11:16:19.532+0800][info] GC(468) Eden regions: 1->0(3)
[2024-10-12T11:16:19.532+0800][info] GC(468) Survivor regions: 0->0(0)
[2024-10-12T11:16:19.532+0800][info] GC(468) Old regions: 58->59
[2024-10-12T11:16:19.532+0800][info] GC(468) Archive regions: 2->2
[2024-10-12T11:16:19.532+0800][info] GC(468) Humongous regions: 3->3
[2024-10-12T11:16:19.532+0800][info] GC(468) Metaspace: 1676K(1856K)->1676K(1856K) NonClass: 1552K(1664K)->1552K(1664K) Class: 124K(192K)->124K(192K)
[2024-10-12T11:16:19.532+0800][info] GC(468) Pause Young (Concurrent Start) (G1 Evacuation Pause) 113M->113M(128M) 1.795ms
[2024-10-12T11:16:19.532+0800][info] GC(468) User=0.00s Sys=0.00s Real=0.00s
[2024-10-12T11:16:19.532+0800][info] Attempting full compaction
[2024-10-12T11:16:19.532+0800][info] GC(469) Concurrent Mark Cycle
[2024-10-12T11:16:19.532+0800][info] GC(469) Concurrent Clear Claimed Marks
[2024-10-12T11:16:19.532+0800][info] GC(470) Using 3 workers of 48 for full compaction
[2024-10-12T11:16:19.532+0800][info] GC(469) Concurrent Clear Claimed Marks 0.018ms
[2024-10-12T11:16:19.532+0800][info] GC(469) Concurrent Scan Root Regions
[2024-10-12T11:16:19.532+0800][info] GC(469) Concurrent Scan Root Regions 0.014ms
[2024-10-12T11:16:19.532+0800][info] GC(469) Concurrent Mark
[2024-10-12T11:16:19.532+0800][info] GC(469) Concurrent Mark From Roots
[2024-10-12T11:16:19.532+0800][info] GC(469) Using 12 workers of 12 for marking
[2024-10-12T11:16:19.532+0800][info] GC(470) Pause Full (G1 Compaction Pause)
[2024-10-12T11:16:19.532+0800][info] GC(470) Phase 1: Mark live objects
[2024-10-12T11:16:19.535+0800][info] GC(470) Phase 1: Mark live objects 3.045ms
[2024-10-12T11:16:19.535+0800][info] GC(470) Phase 2: Prepare for compaction
[2024-10-12T11:16:19.536+0800][info] GC(470) Phase 2: Prepare for compaction 0.774ms
[2024-10-12T11:16:19.536+0800][info] GC(470) Phase 3: Adjust pointers
[2024-10-12T11:16:19.538+0800][info] GC(470) Phase 3: Adjust pointers 1.728ms
[2024-10-12T11:16:19.538+0800][info] GC(470) Phase 4: Compact heap
[2024-10-12T11:16:19.550+0800][info] GC(470) Phase 4: Compact heap 11.844ms
[2024-10-12T11:16:19.551+0800][info] GC(470) Eden regions: 0->0(4)
[2024-10-12T11:16:19.551+0800][info] GC(470) Survivor regions: 0->0(0)
[2024-10-12T11:16:19.551+0800][info] GC(470) Old regions: 59->38
[2024-10-12T11:16:19.551+0800][info] GC(470) Archive regions: 2->2
[2024-10-12T11:16:19.551+0800][info] GC(470) Humongous regions: 3->3
[2024-10-12T11:16:19.551+0800][info] GC(470) Metaspace: 1676K(1856K)->1676K(1856K) NonClass: 1552K(1664K)->1552K(1664K) Class: 124K(192K)->124K(192K)
[2024-10-12T11:16:19.551+0800][info] GC(470) Pause Full (G1 Compaction Pause) 113M->72M(128M) 19.353ms
[2024-10-12T11:16:19.551+0800][info] GC(470) User=0.05s Sys=0.00s Real=0.02s
[2024-10-12T11:16:19.552+0800][info] GC(469) Concurrent Mark From Roots 19.637ms
[2024-10-12T11:16:19.552+0800][info] GC(469) Concurrent Mark Abort
[2024-10-12T11:16:19.552+0800][info] GC(469) Concurrent Mark Cycle 19.854ms
[2024-10-12T11:16:19.777+0800][info] GC(471) Pause Young (Normal) (G1 Evacuation Pause)
[2024-10-12T11:16:19.777+0800][info] GC(471) Using 3 workers of 48 for evacuation
[2024-10-12T11:16:19.779+0800][info] GC(471)   Pre Evacuate Collection Set: 0.1ms
[2024-10-12T11:16:19.779+0800][info] GC(471)   Merge Heap Roots: 0.0ms
[2024-10-12T11:16:19.779+0800][info] GC(471)   Evacuate Collection Set: 1.3ms
[2024-10-12T11:16:19.779+0800][info] GC(471)   Post Evacuate Collection Set: 0.2ms
[2024-10-12T11:16:19.779+0800][info] GC(471)   Other: 0.2ms
[2024-10-12T11:16:19.779+0800][info] GC(471) Eden regions: 4->0(2)
[2024-10-12T11:16:19.779+0800][info] GC(471) Survivor regions: 0->1(1)
[2024-10-12T11:16:19.779+0800][info] GC(471) Old regions: 38->41
[2024-10-12T11:16:19.779+0800][info] GC(471) Archive regions: 2->2
[2024-10-12T11:16:19.779+0800][info] GC(471) Humongous regions: 3->3
[2024-10-12T11:16:19.779+0800][info] GC(471) Metaspace: 1676K(1856K)->1676K(1856K) NonClass: 1552K(1664K)->1552K(1664K) Class: 124K(192K)->124K(192K)
[2024-10-12T11:16:19.779+0800][info] GC(471) Pause Young (Normal) (G1 Evacuation Pause) 80M->79M(128M) 2.084ms
[2024-10-12T11:16:19.779+0800][info] GC(471) User=0.01s Sys=0.00s Real=0.00s
[2024-10-12T11:16:19.882+0800][info] GC(472) Pause Young (Normal) (G1 Evacuation Pause)
[2024-10-12T11:16:19.882+0800][info] GC(472) Using 3 workers of 48 for evacuation
[2024-10-12T11:16:19.883+0800][info] GC(472)   Pre Evacuate Collection Set: 0.1ms
[2024-10-12T11:16:19.883+0800][info] GC(472)   Merge Heap Roots: 0.0ms
[2024-10-12T11:16:19.883+0800][info] GC(472)   Evacuate Collection Set: 1.1ms
[2024-10-12T11:16:19.883+0800][info] GC(472)   Post Evacuate Collection Set: 0.2ms
[2024-10-12T11:16:19.883+0800][info] GC(472)   Other: 0.2ms
[2024-10-12T11:16:19.883+0800][info] GC(472) Eden regions: 2->0(2)
[2024-10-12T11:16:19.883+0800][info] GC(472) Survivor regions: 1->1(1)
[2024-10-12T11:16:19.883+0800][info] GC(472) Old regions: 41->43
[2024-10-12T11:16:19.883+0800][info] GC(472) Archive regions: 2->2
[2024-10-12T11:16:19.883+0800][info] GC(472) Humongous regions: 3->3
[2024-10-12T11:16:19.883+0800][info] GC(472) Metaspace: 1676K(1856K)->1676K(1856K) NonClass: 1552K(1664K)->1552K(1664K) Class: 124K(192K)->124K(192K)
[2024-10-12T11:16:19.883+0800][info] GC(472) Pause Young (Normal) (G1 Evacuation Pause) 83M->83M(128M) 1.796ms
[2024-10-12T11:16:19.884+0800][info] GC(472) User=0.00s Sys=0.00s Real=0.00s
[2024-10-12T11:16:19.986+0800][info] GC(473) Pause Young (Normal) (G1 Evacuation Pause)
[2024-10-12T11:16:19.986+0800][info] GC(473) Using 3 workers of 48 for evacuation
[2024-10-12T11:16:19.987+0800][info] GC(473)   Pre Evacuate Collection Set: 0.1ms
[2024-10-12T11:16:19.987+0800][info] GC(473)   Merge Heap Roots: 0.0ms
[2024-10-12T11:16:19.987+0800][info] GC(473)   Evacuate Collection Set: 1.0ms
[2024-10-12T11:16:19.987+0800][info] GC(473)   Post Evacuate Collection Set: 0.2ms
[2024-10-12T11:16:19.987+0800][info] GC(473)   Other: 0.2ms
[2024-10-12T11:16:19.987+0800][info] GC(473) Eden regions: 2->0(2)
[2024-10-12T11:16:19.987+0800][info] GC(473) Survivor regions: 1->1(1)
[2024-10-12T11:16:19.987+0800][info] GC(473) Old regions: 43->45
[2024-10-12T11:16:19.987+0800][info] GC(473) Archive regions: 2->2
[2024-10-12T11:16:19.987+0800][info] GC(473) Humongous regions: 3->3
[2024-10-12T11:16:19.987+0800][info] GC(473) Metaspace: 1676K(1856K)->1676K(1856K) NonClass: 1552K(1664K)->1552K(1664K) Class: 124K(192K)->124K(192K)
[2024-10-12T11:16:19.987+0800][info] GC(473) Pause Young (Normal) (G1 Evacuation Pause) 87M->87M(128M) 1.661ms
[2024-10-12T11:16:19.987+0800][info] GC(473) User=0.00s Sys=0.00s Real=0.00s
[2024-10-12T11:16:20.090+0800][info] GC(474) Pause Young (Normal) (G1 Evacuation Pause)
[2024-10-12T11:16:20.090+0800][info] GC(474) Using 3 workers of 48 for evacuation
[2024-10-12T11:16:20.092+0800][info] GC(474)   Pre Evacuate Collection Set: 0.1ms
[2024-10-12T11:16:20.092+0800][info] GC(474)   Merge Heap Roots: 0.0ms
[2024-10-12T11:16:20.092+0800][info] GC(474)   Evacuate Collection Set: 1.1ms
[2024-10-12T11:16:20.092+0800][info] GC(474)   Post Evacuate Collection Set: 0.2ms
[2024-10-12T11:16:20.092+0800][info] GC(474)   Other: 0.2ms
[2024-10-12T11:16:20.092+0800][info] GC(474) Eden regions: 2->0(2)
[2024-10-12T11:16:20.092+0800][info] GC(474) Survivor regions: 1->1(1)
[2024-10-12T11:16:20.092+0800][info] GC(474) Old regions: 45->47
[2024-10-12T11:16:20.092+0800][info] GC(474) Archive regions: 2->2
[2024-10-12T11:16:20.092+0800][info] GC(474) Humongous regions: 3->3
[2024-10-12T11:16:20.092+0800][info] GC(474) Metaspace: 1676K(1856K)->1676K(1856K) NonClass: 1552K(1664K)->1552K(1664K) Class: 124K(192K)->124K(192K)
[2024-10-12T11:16:20.092+0800][info] GC(474) Pause Young (Normal) (G1 Evacuation Pause) 90M->91M(128M) 1.773ms
[2024-10-12T11:16:20.092+0800][info] GC(474) User=0.01s Sys=0.00s Real=0.00s
[2024-10-12T11:16:20.194+0800][info] GC(475) Pause Young (Concurrent Start) (G1 Evacuation Pause)
[2024-10-12T11:16:20.194+0800][info] GC(475) Using 3 workers of 48 for evacuation
[2024-10-12T11:16:20.195+0800][info] GC(475)   Pre Evacuate Collection Set: 0.1ms
[2024-10-12T11:16:20.195+0800][info] GC(475)   Merge Heap Roots: 0.1ms
[2024-10-12T11:16:20.195+0800][info] GC(475)   Evacuate Collection Set: 0.9ms
[2024-10-12T11:16:20.195+0800][info] GC(475)   Post Evacuate Collection Set: 0.2ms
[2024-10-12T11:16:20.195+0800][info] GC(475)   Other: 0.4ms
[2024-10-12T11:16:20.195+0800][info] GC(475) Eden regions: 2->0(2)
[2024-10-12T11:16:20.195+0800][info] GC(475) Survivor regions: 1->1(1)
[2024-10-12T11:16:20.195+0800][info] GC(475) Old regions: 47->49
[2024-10-12T11:16:20.195+0800][info] GC(475) Archive regions: 2->2
[2024-10-12T11:16:20.195+0800][info] GC(475) Humongous regions: 3->3
[2024-10-12T11:16:20.195+0800][info] GC(475) Metaspace: 1676K(1856K)->1676K(1856K) NonClass: 1552K(1664K)->1552K(1664K) Class: 124K(192K)->124K(192K)
[2024-10-12T11:16:20.195+0800][info] GC(475) Pause Young (Concurrent Start) (G1 Evacuation Pause) 94M->94M(128M) 1.742ms
[2024-10-12T11:16:20.195+0800][info] GC(475) User=0.00s Sys=0.00s Real=0.00s
[2024-10-12T11:16:20.196+0800][info] GC(476) Concurrent Mark Cycle
[2024-10-12T11:16:20.196+0800][info] GC(476) Concurrent Clear Claimed Marks
[2024-10-12T11:16:20.196+0800][info] GC(476) Concurrent Clear Claimed Marks 0.015ms
[2024-10-12T11:16:20.196+0800][info] GC(476) Concurrent Scan Root Regions
[2024-10-12T11:16:20.196+0800][info] GC(476) Concurrent Scan Root Regions 0.099ms
[2024-10-12T11:16:20.196+0800][info] GC(476) Concurrent Mark
[2024-10-12T11:16:20.196+0800][info] GC(476) Concurrent Mark From Roots
[2024-10-12T11:16:20.196+0800][info] GC(476) Using 12 workers of 12 for marking
[2024-10-12T11:16:20.199+0800][info] GC(476) Concurrent Mark From Roots 3.764ms
[2024-10-12T11:16:20.200+0800][info] GC(476) Concurrent Preclean
[2024-10-12T11:16:20.201+0800][info] GC(476) Concurrent Preclean 1.675ms
[2024-10-12T11:16:20.201+0800][info] GC(476) Pause Remark
[2024-10-12T11:16:20.203+0800][info] GC(476) Pause Remark 95M->93M(128M) 1.604ms
[2024-10-12T11:16:20.203+0800][info] GC(476) User=0.00s Sys=0.00s Real=0.00s
[2024-10-12T11:16:20.203+0800][info] GC(476) Concurrent Mark 7.233ms
[2024-10-12T11:16:20.203+0800][info] GC(476) Concurrent Rebuild Remembered Sets
[2024-10-12T11:16:20.204+0800][info] GC(476) Concurrent Rebuild Remembered Sets 1.217ms
[2024-10-12T11:16:20.204+0800][info] GC(476) Pause Cleanup
[2024-10-12T11:16:20.205+0800][info] GC(476) Pause Cleanup 93M->93M(128M) 0.175ms
[2024-10-12T11:16:20.205+0800][info] GC(476) User=0.00s Sys=0.00s Real=0.00s
[2024-10-12T11:16:20.205+0800][info] GC(476) Concurrent Cleanup for Next Mark
[2024-10-12T11:16:20.205+0800][info] GC(476) Concurrent Cleanup for Next Mark 0.422ms
[2024-10-12T11:16:20.205+0800][info] GC(476) Concurrent Mark Cycle 9.477ms
[2024-10-12T11:16:20.349+0800][info] GC(477) Pause Young (Prepare Mixed) (G1 Evacuation Pause)
[2024-10-12T11:16:20.349+0800][info] GC(477) Using 3 workers of 48 for evacuation
[2024-10-12T11:16:20.350+0800][info] GC(477)   Pre Evacuate Collection Set: 0.1ms
[2024-10-12T11:16:20.350+0800][info] GC(477)   Merge Heap Roots: 0.1ms
[2024-10-12T11:16:20.350+0800][info] GC(477)   Evacuate Collection Set: 0.9ms
[2024-10-12T11:16:20.350+0800][info] GC(477)   Post Evacuate Collection Set: 0.2ms
[2024-10-12T11:16:20.350+0800][info] GC(477)   Other: 0.2ms
[2024-10-12T11:16:20.350+0800][info] GC(477) Eden regions: 2->0(2)
[2024-10-12T11:16:20.350+0800][info] GC(477) Survivor regions: 1->1(1)
[2024-10-12T11:16:20.350+0800][info] GC(477) Old regions: 48->49
[2024-10-12T11:16:20.350+0800][info] GC(477) Archive regions: 2->2
[2024-10-12T11:16:20.350+0800][info] GC(477) Humongous regions: 3->3
[2024-10-12T11:16:20.351+0800][info] GC(477) Metaspace: 1676K(1856K)->1676K(1856K) NonClass: 1552K(1664K)->1552K(1664K) Class: 124K(192K)->124K(192K)
[2024-10-12T11:16:20.351+0800][info] GC(477) Pause Young (Prepare Mixed) (G1 Evacuation Pause) 96M->96M(128M) 1.701ms
[2024-10-12T11:16:20.351+0800][info] GC(477) User=0.00s Sys=0.00s Real=0.00s
[2024-10-12T11:16:20.453+0800][info] GC(478) Pause Young (Mixed) (G1 Evacuation Pause)
[2024-10-12T11:16:20.453+0800][info] GC(478) Using 3 workers of 48 for evacuation
[2024-10-12T11:16:20.458+0800][info] GC(478) To-space exhausted
[2024-10-12T11:16:20.458+0800][info] GC(478)   Pre Evacuate Collection Set: 0.2ms
[2024-10-12T11:16:20.458+0800][info] GC(478)   Merge Heap Roots: 0.1ms
[2024-10-12T11:16:20.458+0800][info] GC(478)   Evacuate Collection Set: 3.6ms
[2024-10-12T11:16:20.458+0800][info] GC(478)   Post Evacuate Collection Set: 0.8ms
[2024-10-12T11:16:20.458+0800][info] GC(478)   Other: 0.2ms
[2024-10-12T11:16:20.458+0800][info] GC(478) Eden regions: 2->0(2)
[2024-10-12T11:16:20.458+0800][info] GC(478) Survivor regions: 1->1(1)
[2024-10-12T11:16:20.458+0800][info] GC(478) Old regions: 49->56
[2024-10-12T11:16:20.458+0800][info] GC(478) Archive regions: 2->2
[2024-10-12T11:16:20.458+0800][info] GC(478) Humongous regions: 3->3
[2024-10-12T11:16:20.458+0800][info] GC(478) Metaspace: 1676K(1856K)->1676K(1856K) NonClass: 1552K(1664K)->1552K(1664K) Class: 124K(192K)->124K(192K)
[2024-10-12T11:16:20.458+0800][info] GC(478) Pause Young (Mixed) (G1 Evacuation Pause) 99M->112M(128M) 5.016ms
[2024-10-12T11:16:20.458+0800][info] GC(478) User=0.02s Sys=0.00s Real=0.01s
[2024-10-12T11:16:20.519+0800][info] GC(479) Pause Young (Concurrent Start) (G1 Preventive Collection)
[2024-10-12T11:16:20.519+0800][info] GC(479) Using 3 workers of 48 for evacuation
[2024-10-12T11:16:20.521+0800][info] GC(479) To-space exhausted
[2024-10-12T11:16:20.521+0800][info] GC(479)   Pre Evacuate Collection Set: 0.1ms
[2024-10-12T11:16:20.521+0800][info] GC(479)   Merge Heap Roots: 0.1ms
[2024-10-12T11:16:20.521+0800][info] GC(479)   Evacuate Collection Set: 0.8ms
[2024-10-12T11:16:20.521+0800][info] GC(479)   Post Evacuate Collection Set: 0.2ms
[2024-10-12T11:16:20.521+0800][info] GC(479)   Other: 0.4ms
[2024-10-12T11:16:20.521+0800][info] GC(479) Eden regions: 1->0(2)
[2024-10-12T11:16:20.521+0800][info] GC(479) Survivor regions: 1->1(1)
[2024-10-12T11:16:20.521+0800][info] GC(479) Old regions: 56->57
[2024-10-12T11:16:20.521+0800][info] GC(479) Archive regions: 2->2
[2024-10-12T11:16:20.521+0800][info] GC(479) Humongous regions: 3->3
[2024-10-12T11:16:20.521+0800][info] GC(479) Metaspace: 1676K(1856K)->1676K(1856K) NonClass: 1552K(1664K)->1552K(1664K) Class: 124K(192K)->124K(192K)
[2024-10-12T11:16:20.521+0800][info] GC(479) Pause Young (Concurrent Start) (G1 Preventive Collection) 113M->113M(128M) 1.780ms
[2024-10-12T11:16:20.521+0800][info] GC(479) User=0.00s Sys=0.00s Real=0.00s
[2024-10-12T11:16:20.521+0800][info] GC(480) Concurrent Mark Cycle
[2024-10-12T11:16:20.521+0800][info] GC(480) Concurrent Clear Claimed Marks
[2024-10-12T11:16:20.521+0800][info] GC(480) Concurrent Clear Claimed Marks 0.015ms
[2024-10-12T11:16:20.521+0800][info] GC(480) Concurrent Scan Root Regions
[2024-10-12T11:16:20.521+0800][info] GC(480) Concurrent Scan Root Regions 0.110ms
[2024-10-12T11:16:20.521+0800][info] GC(480) Concurrent Mark
[2024-10-12T11:16:20.521+0800][info] GC(480) Concurrent Mark From Roots
[2024-10-12T11:16:20.521+0800][info] GC(480) Using 12 workers of 12 for marking
[2024-10-12T11:16:20.525+0800][info] GC(480) Concurrent Mark From Roots 3.175ms
[2024-10-12T11:16:20.525+0800][info] GC(480) Concurrent Preclean
[2024-10-12T11:16:20.526+0800][info] GC(480) Concurrent Preclean 1.688ms
[2024-10-12T11:16:20.526+0800][info] GC(480) Pause Remark
[2024-10-12T11:16:20.528+0800][info] GC(480) Pause Remark 114M->114M(128M) 1.778ms
[2024-10-12T11:16:20.528+0800][info] GC(480) User=0.01s Sys=0.00s Real=0.00s
[2024-10-12T11:16:20.528+0800][info] GC(480) Concurrent Mark 6.828ms
[2024-10-12T11:16:20.528+0800][info] GC(480) Concurrent Rebuild Remembered Sets
[2024-10-12T11:16:20.529+0800][info] GC(480) Concurrent Rebuild Remembered Sets 1.002ms
[2024-10-12T11:16:20.529+0800][info] GC(480) Pause Cleanup
[2024-10-12T11:16:20.530+0800][info] GC(480) Pause Cleanup 114M->114M(128M) 0.198ms
[2024-10-12T11:16:20.530+0800][info] GC(480) User=0.00s Sys=0.00s Real=0.00s
[2024-10-12T11:16:20.530+0800][info] GC(480) Concurrent Cleanup for Next Mark
[2024-10-12T11:16:20.530+0800][info] GC(480) Concurrent Cleanup for Next Mark 0.384ms
[2024-10-12T11:16:20.530+0800][info] GC(480) Concurrent Mark Cycle 8.863ms
[2024-10-12T11:16:20.614+0800][info] GC(481) Pause Young (Prepare Mixed) (G1 Evacuation Pause)
[2024-10-12T11:16:20.614+0800][info] GC(481) Using 3 workers of 48 for evacuation
[2024-10-12T11:16:20.614+0800][info] GC(481) To-space exhausted
[2024-10-12T11:16:20.614+0800][info] GC(481)   Pre Evacuate Collection Set: 0.1ms
[2024-10-12T11:16:20.614+0800][info] GC(481)   Merge Heap Roots: 0.1ms
[2024-10-12T11:16:20.614+0800][info] GC(481)   Evacuate Collection Set: 0.2ms
[2024-10-12T11:16:20.614+0800][info] GC(481)   Post Evacuate Collection Set: 0.3ms
[2024-10-12T11:16:20.614+0800][info] GC(481)   Other: 0.2ms
[2024-10-12T11:16:20.614+0800][info] GC(481) Eden regions: 1->0(3)
[2024-10-12T11:16:20.614+0800][info] GC(481) Survivor regions: 1->0(0)
[2024-10-12T11:16:20.614+0800][info] GC(481) Old regions: 57->59
[2024-10-12T11:16:20.614+0800][info] GC(481) Archive regions: 2->2
[2024-10-12T11:16:20.614+0800][info] GC(481) Humongous regions: 3->3
[2024-10-12T11:16:20.614+0800][info] GC(481) Metaspace: 1676K(1856K)->1676K(1856K) NonClass: 1552K(1664K)->1552K(1664K) Class: 124K(192K)->124K(192K)
[2024-10-12T11:16:20.614+0800][info] GC(481) Pause Young (Prepare Mixed) (G1 Evacuation Pause) 115M->115M(128M) 0.917ms
[2024-10-12T11:16:20.614+0800][info] GC(481) User=0.00s Sys=0.00s Real=0.00s
[2024-10-12T11:16:20.615+0800][info] Attempting full compaction
[2024-10-12T11:16:20.615+0800][info] GC(482) Using 3 workers of 48 for full compaction
[2024-10-12T11:16:20.615+0800][info] GC(482) Pause Full (G1 Compaction Pause)
[2024-10-12T11:16:20.615+0800][info] GC(482) Phase 1: Mark live objects
[2024-10-12T11:16:20.618+0800][info] GC(482) Phase 1: Mark live objects 3.027ms
[2024-10-12T11:16:20.618+0800][info] GC(482) Phase 2: Prepare for compaction
[2024-10-12T11:16:20.618+0800][info] GC(482) Phase 2: Prepare for compaction 0.503ms
[2024-10-12T11:16:20.618+0800][info] GC(482) Phase 3: Adjust pointers
[2024-10-12T11:16:20.620+0800][info] GC(482) Phase 3: Adjust pointers 1.670ms
[2024-10-12T11:16:20.620+0800][info] GC(482) Phase 4: Compact heap
[2024-10-12T11:16:20.631+0800][info] GC(482) Phase 4: Compact heap 11.162ms
[2024-10-12T11:16:20.632+0800][info] GC(482) Eden regions: 0->0(5)
[2024-10-12T11:16:20.632+0800][info] GC(482) Survivor regions: 0->0(0)
[2024-10-12T11:16:20.632+0800][info] GC(482) Old regions: 59->37
[2024-10-12T11:16:20.632+0800][info] GC(482) Archive regions: 2->2
[2024-10-12T11:16:20.632+0800][info] GC(482) Humongous regions: 3->3
[2024-10-12T11:16:20.632+0800][info] GC(482) Metaspace: 1676K(1856K)->1676K(1856K) NonClass: 1552K(1664K)->1552K(1664K) Class: 124K(192K)->124K(192K)
[2024-10-12T11:16:20.633+0800][info] GC(482) Pause Full (G1 Compaction Pause) 115M->72M(128M) 17.951ms
[2024-10-12T11:16:20.633+0800][info] GC(482) User=0.04s Sys=0.00s Real=0.01s
[2024-10-12T11:16:20.899+0800][info] GC(483) Pause Young (Normal) (G1 Evacuation Pause)
[2024-10-12T11:16:20.899+0800][info] GC(483) Using 3 workers of 48 for evacuation
[2024-10-12T11:16:20.901+0800][info] GC(483)   Pre Evacuate Collection Set: 0.1ms
[2024-10-12T11:16:20.901+0800][info] GC(483)   Merge Heap Roots: 0.1ms
[2024-10-12T11:16:20.901+0800][info] GC(483)   Evacuate Collection Set: 1.5ms
[2024-10-12T11:16:20.901+0800][info] GC(483)   Post Evacuate Collection Set: 0.2ms
[2024-10-12T11:16:20.901+0800][info] GC(483)   Other: 0.2ms
[2024-10-12T11:16:20.901+0800][info] GC(483) Eden regions: 5->0(2)
[2024-10-12T11:16:20.901+0800][info] GC(483) Survivor regions: 0->1(1)
[2024-10-12T11:16:20.901+0800][info] GC(483) Old regions: 37->41
[2024-10-12T11:16:20.901+0800][info] GC(483) Archive regions: 2->2
[2024-10-12T11:16:20.901+0800][info] GC(483) Humongous regions: 3->3
[2024-10-12T11:16:20.901+0800][info] GC(483) Metaspace: 1676K(1856K)->1676K(1856K) NonClass: 1552K(1664K)->1552K(1664K) Class: 124K(192K)->124K(192K)
[2024-10-12T11:16:20.901+0800][info] GC(483) Pause Young (Normal) (G1 Evacuation Pause) 82M->82M(128M) 2.282ms
[2024-10-12T11:16:20.901+0800][info] GC(483) User=0.00s Sys=0.00s Real=0.00s
[2024-10-12T11:16:21.003+0800][info] GC(484) Pause Young (Normal) (G1 Evacuation Pause)
[2024-10-12T11:16:21.003+0800][info] GC(484) Using 3 workers of 48 for evacuation
[2024-10-12T11:16:21.005+0800][info] GC(484)   Pre Evacuate Collection Set: 0.1ms
[2024-10-12T11:16:21.005+0800][info] GC(484)   Merge Heap Roots: 0.0ms
[2024-10-12T11:16:21.005+0800][info] GC(484)   Evacuate Collection Set: 0.9ms
[2024-10-12T11:16:21.005+0800][info] GC(484)   Post Evacuate Collection Set: 0.2ms
[2024-10-12T11:16:21.005+0800][info] GC(484)   Other: 0.2ms
[2024-10-12T11:16:21.005+0800][info] GC(484) Eden regions: 2->0(2)
[2024-10-12T11:16:21.005+0800][info] GC(484) Survivor regions: 1->1(1)
[2024-10-12T11:16:21.005+0800][info] GC(484) Old regions: 41->43
[2024-10-12T11:16:21.005+0800][info] GC(484) Archive regions: 2->2
[2024-10-12T11:16:21.005+0800][info] GC(484) Humongous regions: 3->3
[2024-10-12T11:16:21.005+0800][info] GC(484) Metaspace: 1676K(1856K)->1676K(1856K) NonClass: 1552K(1664K)->1552K(1664K) Class: 124K(192K)->124K(192K)
[2024-10-12T11:16:21.005+0800][info] GC(484) Pause Young (Normal) (G1 Evacuation Pause) 85M->85M(128M) 1.559ms
[2024-10-12T11:16:21.005+0800][info] GC(484) User=0.00s Sys=0.00s Real=0.00s
[2024-10-12T11:16:21.108+0800][info] GC(485) Pause Young (Normal) (G1 Evacuation Pause)
[2024-10-12T11:16:21.108+0800][info] GC(485) Using 3 workers of 48 for evacuation
[2024-10-12T11:16:21.110+0800][info] GC(485)   Pre Evacuate Collection Set: 0.1ms
[2024-10-12T11:16:21.110+0800][info] GC(485)   Merge Heap Roots: 0.1ms
[2024-10-12T11:16:21.110+0800][info] GC(485)   Evacuate Collection Set: 1.2ms
[2024-10-12T11:16:21.110+0800][info] GC(485)   Post Evacuate Collection Set: 0.2ms
[2024-10-12T11:16:21.110+0800][info] GC(485)   Other: 0.2ms
[2024-10-12T11:16:21.110+0800][info] GC(485) Eden regions: 2->0(2)
[2024-10-12T11:16:21.110+0800][info] GC(485) Survivor regions: 1->1(1)
[2024-10-12T11:16:21.110+0800][info] GC(485) Old regions: 43->45
[2024-10-12T11:16:21.110+0800][info] GC(485) Archive regions: 2->2
[2024-10-12T11:16:21.110+0800][info] GC(485) Humongous regions: 4->4
[2024-10-12T11:16:21.110+0800][info] GC(485) Metaspace: 1676K(1856K)->1676K(1856K) NonClass: 1552K(1664K)->1552K(1664K) Class: 124K(192K)->124K(192K)
[2024-10-12T11:16:21.110+0800][info] GC(485) Pause Young (Normal) (G1 Evacuation Pause) 90M->91M(128M) 1.915ms
[2024-10-12T11:16:21.110+0800][info] GC(485) User=0.01s Sys=0.00s Real=0.00s
[2024-10-12T11:16:21.212+0800][info] GC(486) Pause Young (Concurrent Start) (G1 Evacuation Pause)
[2024-10-12T11:16:21.212+0800][info] GC(486) Using 3 workers of 48 for evacuation
[2024-10-12T11:16:21.214+0800][info] GC(486)   Pre Evacuate Collection Set: 0.1ms
[2024-10-12T11:16:21.214+0800][info] GC(486)   Merge Heap Roots: 0.1ms
[2024-10-12T11:16:21.214+0800][info] GC(486)   Evacuate Collection Set: 1.2ms
[2024-10-12T11:16:21.214+0800][info] GC(486)   Post Evacuate Collection Set: 0.2ms
[2024-10-12T11:16:21.214+0800][info] GC(486)   Other: 0.4ms
[2024-10-12T11:16:21.214+0800][info] GC(486) Eden regions: 2->0(2)
[2024-10-12T11:16:21.214+0800][info] GC(486) Survivor regions: 1->1(1)
[2024-10-12T11:16:21.214+0800][info] GC(486) Old regions: 45->47
[2024-10-12T11:16:21.214+0800][info] GC(486) Archive regions: 2->2
[2024-10-12T11:16:21.214+0800][info] GC(486) Humongous regions: 4->4
[2024-10-12T11:16:21.214+0800][info] GC(486) Metaspace: 1676K(1856K)->1676K(1856K) NonClass: 1552K(1664K)->1552K(1664K) Class: 124K(192K)->124K(192K)
[2024-10-12T11:16:21.214+0800][info] GC(486) Pause Young (Concurrent Start) (G1 Evacuation Pause) 94M->95M(128M) 2.001ms
[2024-10-12T11:16:21.214+0800][info] GC(486) User=0.00s Sys=0.00s Real=0.01s
[2024-10-12T11:16:21.214+0800][info] GC(487) Concurrent Mark Cycle
[2024-10-12T11:16:21.214+0800][info] GC(487) Concurrent Clear Claimed Marks
[2024-10-12T11:16:21.214+0800][info] GC(487) Concurrent Clear Claimed Marks 0.015ms
[2024-10-12T11:16:21.214+0800][info] GC(487) Concurrent Scan Root Regions
[2024-10-12T11:16:21.214+0800][info] GC(487) Concurrent Scan Root Regions 0.112ms
[2024-10-12T11:16:21.214+0800][info] GC(487) Concurrent Mark
[2024-10-12T11:16:21.214+0800][info] GC(487) Concurrent Mark From Roots
[2024-10-12T11:16:21.214+0800][info] GC(487) Using 12 workers of 12 for marking
[2024-10-12T11:16:21.218+0800][info] GC(487) Concurrent Mark From Roots 3.827ms
[2024-10-12T11:16:21.218+0800][info] GC(487) Concurrent Preclean
[2024-10-12T11:16:21.220+0800][info] GC(487) Concurrent Preclean 1.669ms
[2024-10-12T11:16:21.220+0800][info] GC(487) Pause Remark
[2024-10-12T11:16:21.221+0800][info] GC(487) Pause Remark 95M->92M(128M) 1.608ms
[2024-10-12T11:16:21.221+0800][info] GC(487) User=0.01s Sys=0.00s Real=0.00s
[2024-10-12T11:16:21.221+0800][info] GC(487) Concurrent Mark 7.299ms
[2024-10-12T11:16:21.222+0800][info] GC(487) Concurrent Rebuild Remembered Sets
[2024-10-12T11:16:21.223+0800][info] GC(487) Concurrent Rebuild Remembered Sets 1.122ms
[2024-10-12T11:16:21.223+0800][info] GC(487) Pause Cleanup
[2024-10-12T11:16:21.223+0800][info] GC(487) Pause Cleanup 92M->92M(128M) 0.140ms
[2024-10-12T11:16:21.223+0800][info] GC(487) User=0.00s Sys=0.00s Real=0.00s
[2024-10-12T11:16:21.223+0800][info] GC(487) Concurrent Cleanup for Next Mark
[2024-10-12T11:16:21.223+0800][info] GC(487) Concurrent Cleanup for Next Mark 0.364ms
[2024-10-12T11:16:21.223+0800][info] GC(487) Concurrent Mark Cycle 9.301ms
[2024-10-12T11:16:21.367+0800][info] GC(488) Pause Young (Prepare Mixed) (G1 Evacuation Pause)
[2024-10-12T11:16:21.367+0800][info] GC(488) Using 3 workers of 48 for evacuation
[2024-10-12T11:16:21.370+0800][info] GC(488)   Pre Evacuate Collection Set: 0.1ms
[2024-10-12T11:16:21.370+0800][info] GC(488)   Merge Heap Roots: 0.1ms
[2024-10-12T11:16:21.370+0800][info] GC(488)   Evacuate Collection Set: 1.9ms
[2024-10-12T11:16:21.370+0800][info] GC(488)   Post Evacuate Collection Set: 0.3ms
[2024-10-12T11:16:21.370+0800][info] GC(488)   Other: 0.2ms
[2024-10-12T11:16:21.370+0800][info] GC(488) Eden regions: 2->0(2)
[2024-10-12T11:16:21.370+0800][info] GC(488) Survivor regions: 1->1(1)
[2024-10-12T11:16:21.370+0800][info] GC(488) Old regions: 46->48
[2024-10-12T11:16:21.370+0800][info] GC(488) Archive regions: 2->2
[2024-10-12T11:16:21.370+0800][info] GC(488) Humongous regions: 3->3
[2024-10-12T11:16:21.370+0800][info] GC(488) Metaspace: 1676K(1856K)->1676K(1856K) NonClass: 1552K(1664K)->1552K(1664K) Class: 124K(192K)->124K(192K)
[2024-10-12T11:16:21.370+0800][info] GC(488) Pause Young (Prepare Mixed) (G1 Evacuation Pause) 95M->95M(128M) 2.639ms
[2024-10-12T11:16:21.370+0800][info] GC(488) User=0.01s Sys=0.00s Real=0.00s
[2024-10-12T11:16:21.472+0800][info] GC(489) Pause Young (Mixed) (G1 Evacuation Pause)
[2024-10-12T11:16:21.472+0800][info] GC(489) Using 3 workers of 48 for evacuation
[2024-10-12T11:16:21.478+0800][info] GC(489) To-space exhausted
[2024-10-12T11:16:21.478+0800][info] GC(489)   Pre Evacuate Collection Set: 0.2ms
[2024-10-12T11:16:21.478+0800][info] GC(489)   Merge Heap Roots: 0.1ms
[2024-10-12T11:16:21.478+0800][info] GC(489)   Evacuate Collection Set: 4.7ms
[2024-10-12T11:16:21.478+0800][info] GC(489)   Post Evacuate Collection Set: 0.9ms
[2024-10-12T11:16:21.478+0800][info] GC(489)   Other: 0.2ms
[2024-10-12T11:16:21.478+0800][info] GC(489) Eden regions: 2->0(2)
[2024-10-12T11:16:21.478+0800][info] GC(489) Survivor regions: 1->1(1)
[2024-10-12T11:16:21.478+0800][info] GC(489) Old regions: 48->56
[2024-10-12T11:16:21.478+0800][info] GC(489) Archive regions: 2->2
[2024-10-12T11:16:21.478+0800][info] GC(489) Humongous regions: 3->3
[2024-10-12T11:16:21.478+0800][info] GC(489) Metaspace: 1676K(1856K)->1676K(1856K) NonClass: 1552K(1664K)->1552K(1664K) Class: 124K(192K)->124K(192K)
[2024-10-12T11:16:21.478+0800][info] GC(489) Pause Young (Mixed) (G1 Evacuation Pause) 99M->112M(128M) 6.186ms
[2024-10-12T11:16:21.478+0800][info] GC(489) User=0.01s Sys=0.01s Real=0.01s
[2024-10-12T11:16:21.541+0800][info] GC(490) Pause Young (Concurrent Start) (G1 Preventive Collection)
[2024-10-12T11:16:21.541+0800][info] GC(490) Using 3 workers of 48 for evacuation
[2024-10-12T11:16:21.542+0800][info] GC(490) To-space exhausted
[2024-10-12T11:16:21.542+0800][info] GC(490)   Pre Evacuate Collection Set: 0.1ms
[2024-10-12T11:16:21.542+0800][info] GC(490)   Merge Heap Roots: 0.1ms
[2024-10-12T11:16:21.542+0800][info] GC(490)   Evacuate Collection Set: 0.8ms
[2024-10-12T11:16:21.542+0800][info] GC(490)   Post Evacuate Collection Set: 0.2ms
[2024-10-12T11:16:21.542+0800][info] GC(490)   Other: 0.4ms
[2024-10-12T11:16:21.542+0800][info] GC(490) Eden regions: 1->0(2)
[2024-10-12T11:16:21.542+0800][info] GC(490) Survivor regions: 1->1(1)
[2024-10-12T11:16:21.542+0800][info] GC(490) Old regions: 56->57
[2024-10-12T11:16:21.542+0800][info] GC(490) Archive regions: 2->2
[2024-10-12T11:16:21.542+0800][info] GC(490) Humongous regions: 3->3
[2024-10-12T11:16:21.542+0800][info] GC(490) Metaspace: 1676K(1856K)->1676K(1856K) NonClass: 1552K(1664K)->1552K(1664K) Class: 124K(192K)->124K(192K)
[2024-10-12T11:16:21.542+0800][info] GC(490) Pause Young (Concurrent Start) (G1 Preventive Collection) 114M->114M(128M) 1.725ms
[2024-10-12T11:16:21.542+0800][info] GC(490) User=0.00s Sys=0.00s Real=0.00s
[2024-10-12T11:16:21.542+0800][info] GC(491) Concurrent Mark Cycle
[2024-10-12T11:16:21.542+0800][info] GC(491) Concurrent Clear Claimed Marks
[2024-10-12T11:16:21.542+0800][info] GC(491) Concurrent Clear Claimed Marks 0.016ms
[2024-10-12T11:16:21.542+0800][info] GC(491) Concurrent Scan Root Regions
[2024-10-12T11:16:21.543+0800][info] GC(491) Concurrent Scan Root Regions 0.142ms
[2024-10-12T11:16:21.543+0800][info] GC(491) Concurrent Mark
[2024-10-12T11:16:21.543+0800][info] GC(491) Concurrent Mark From Roots
[2024-10-12T11:16:21.543+0800][info] GC(491) Using 12 workers of 12 for marking
[2024-10-12T11:16:21.546+0800][info] GC(491) Concurrent Mark From Roots 3.264ms
[2024-10-12T11:16:21.546+0800][info] GC(491) Concurrent Preclean
[2024-10-12T11:16:21.548+0800][info] GC(491) Concurrent Preclean 1.679ms
[2024-10-12T11:16:21.548+0800][info] GC(491) Pause Remark
[2024-10-12T11:16:21.549+0800][info] GC(491) Pause Remark 115M->115M(128M) 1.603ms
[2024-10-12T11:16:21.549+0800][info] GC(491) User=0.01s Sys=0.00s Real=0.00s
[2024-10-12T11:16:21.549+0800][info] GC(491) Concurrent Mark 6.810ms
[2024-10-12T11:16:21.549+0800][info] GC(491) Concurrent Rebuild Remembered Sets
[2024-10-12T11:16:21.551+0800][info] GC(491) Concurrent Rebuild Remembered Sets 1.217ms
[2024-10-12T11:16:21.551+0800][info] GC(491) Pause Cleanup
[2024-10-12T11:16:21.551+0800][info] GC(491) Pause Cleanup 115M->115M(128M) 0.184ms
[2024-10-12T11:16:21.551+0800][info] GC(491) User=0.00s Sys=0.00s Real=0.00s
[2024-10-12T11:16:21.551+0800][info] GC(491) Concurrent Cleanup for Next Mark
[2024-10-12T11:16:21.551+0800][info] GC(491) Concurrent Cleanup for Next Mark 0.387ms
[2024-10-12T11:16:21.551+0800][info] GC(491) Concurrent Mark Cycle 9.075ms
[2024-10-12T11:16:21.634+0800][info] GC(492) Pause Young (Prepare Mixed) (G1 Evacuation Pause)
[2024-10-12T11:16:21.634+0800][info] GC(492) Using 3 workers of 48 for evacuation
[2024-10-12T11:16:21.635+0800][info] GC(492) To-space exhausted
[2024-10-12T11:16:21.635+0800][info] GC(492)   Pre Evacuate Collection Set: 0.1ms
[2024-10-12T11:16:21.635+0800][info] GC(492)   Merge Heap Roots: 0.1ms
[2024-10-12T11:16:21.635+0800][info] GC(492)   Evacuate Collection Set: 0.2ms
[2024-10-12T11:16:21.635+0800][info] GC(492)   Post Evacuate Collection Set: 0.2ms
[2024-10-12T11:16:21.635+0800][info] GC(492)   Other: 0.2ms
[2024-10-12T11:16:21.635+0800][info] GC(492) Eden regions: 1->0(3)
[2024-10-12T11:16:21.635+0800][info] GC(492) Survivor regions: 1->0(0)
[2024-10-12T11:16:21.635+0800][info] GC(492) Old regions: 57->59
[2024-10-12T11:16:21.635+0800][info] GC(492) Archive regions: 2->2
[2024-10-12T11:16:21.635+0800][info] GC(492) Humongous regions: 3->3
[2024-10-12T11:16:21.635+0800][info] GC(492) Metaspace: 1676K(1856K)->1676K(1856K) NonClass: 1552K(1664K)->1552K(1664K) Class: 124K(192K)->124K(192K)
[2024-10-12T11:16:21.635+0800][info] GC(492) Pause Young (Prepare Mixed) (G1 Evacuation Pause) 115M->115M(128M) 0.963ms
[2024-10-12T11:16:21.635+0800][info] GC(492) User=0.00s Sys=0.00s Real=0.00s
[2024-10-12T11:16:21.635+0800][info] Attempting full compaction
[2024-10-12T11:16:21.635+0800][info] GC(493) Using 3 workers of 48 for full compaction
[2024-10-12T11:16:21.635+0800][info] GC(493) Pause Full (G1 Compaction Pause)
[2024-10-12T11:16:21.636+0800][info] GC(493) Phase 1: Mark live objects
[2024-10-12T11:16:21.639+0800][info] GC(493) Phase 1: Mark live objects 3.131ms
[2024-10-12T11:16:21.639+0800][info] GC(493) Phase 2: Prepare for compaction
[2024-10-12T11:16:21.640+0800][info] GC(493) Phase 2: Prepare for compaction 0.791ms
[2024-10-12T11:16:21.640+0800][info] GC(493) Phase 3: Adjust pointers
[2024-10-12T11:16:21.641+0800][info] GC(493) Phase 3: Adjust pointers 1.776ms
[2024-10-12T11:16:21.641+0800][info] GC(493) Phase 4: Compact heap
[2024-10-12T11:16:21.657+0800][info] GC(493) Phase 4: Compact heap 15.998ms
[2024-10-12T11:16:21.659+0800][info] GC(493) Eden regions: 0->0(4)
[2024-10-12T11:16:21.659+0800][info] GC(493) Survivor regions: 0->0(0)
[2024-10-12T11:16:21.659+0800][info] GC(493) Old regions: 59->38
[2024-10-12T11:16:21.659+0800][info] GC(493) Archive regions: 2->2
[2024-10-12T11:16:21.659+0800][info] GC(493) Humongous regions: 3->3
[2024-10-12T11:16:21.659+0800][info] GC(493) Metaspace: 1676K(1856K)->1676K(1856K) NonClass: 1552K(1664K)->1552K(1664K) Class: 124K(192K)->124K(192K)
[2024-10-12T11:16:21.659+0800][info] GC(493) Pause Full (G1 Compaction Pause) 115M->72M(128M) 23.554ms
[2024-10-12T11:16:21.659+0800][info] GC(493) User=0.04s Sys=0.00s Real=0.02s
[2024-10-12T11:16:21.884+0800][info] GC(494) Pause Young (Normal) (G1 Evacuation Pause)
[2024-10-12T11:16:21.884+0800][info] GC(494) Using 3 workers of 48 for evacuation
[2024-10-12T11:16:21.886+0800][info] GC(494)   Pre Evacuate Collection Set: 0.1ms
[2024-10-12T11:16:21.886+0800][info] GC(494)   Merge Heap Roots: 0.1ms
[2024-10-12T11:16:21.886+0800][info] GC(494)   Evacuate Collection Set: 1.5ms
[2024-10-12T11:16:21.886+0800][info] GC(494)   Post Evacuate Collection Set: 0.2ms
[2024-10-12T11:16:21.887+0800][info] GC(494)   Other: 0.3ms
[2024-10-12T11:16:21.887+0800][info] GC(494) Eden regions: 4->0(2)
[2024-10-12T11:16:21.887+0800][info] GC(494) Survivor regions: 0->1(1)
[2024-10-12T11:16:21.887+0800][info] GC(494) Old regions: 38->42
[2024-10-12T11:16:21.887+0800][info] GC(494) Archive regions: 2->2
[2024-10-12T11:16:21.887+0800][info] GC(494) Humongous regions: 3->3
[2024-10-12T11:16:21.887+0800][info] GC(494) Metaspace: 1676K(1856K)->1676K(1856K) NonClass: 1552K(1664K)->1552K(1664K) Class: 124K(192K)->124K(192K)
[2024-10-12T11:16:21.887+0800][info] GC(494) Pause Young (Normal) (G1 Evacuation Pause) 80M->80M(128M) 2.228ms
[2024-10-12T11:16:21.887+0800][info] GC(494) User=0.00s Sys=0.00s Real=0.01s
[2024-10-12T11:16:21.989+0800][info] GC(495) Pause Young (Normal) (G1 Evacuation Pause)
[2024-10-12T11:16:21.989+0800][info] GC(495) Using 3 workers of 48 for evacuation
[2024-10-12T11:16:21.991+0800][info] GC(495)   Pre Evacuate Collection Set: 0.1ms
[2024-10-12T11:16:21.991+0800][info] GC(495)   Merge Heap Roots: 0.1ms
[2024-10-12T11:16:21.991+0800][info] GC(495)   Evacuate Collection Set: 1.3ms
[2024-10-12T11:16:21.991+0800][info] GC(495)   Post Evacuate Collection Set: 0.2ms
[2024-10-12T11:16:21.991+0800][info] GC(495)   Other: 0.2ms
[2024-10-12T11:16:21.991+0800][info] GC(495) Eden regions: 2->0(2)
[2024-10-12T11:16:21.991+0800][info] GC(495) Survivor regions: 1->1(1)
[2024-10-12T11:16:21.991+0800][info] GC(495) Old regions: 42->44
[2024-10-12T11:16:21.991+0800][info] GC(495) Archive regions: 2->2
[2024-10-12T11:16:21.991+0800][info] GC(495) Humongous regions: 3->3
[2024-10-12T11:16:21.991+0800][info] GC(495) Metaspace: 1676K(1856K)->1676K(1856K) NonClass: 1552K(1664K)->1552K(1664K) Class: 124K(192K)->124K(192K)
[2024-10-12T11:16:21.991+0800][info] GC(495) Pause Young (Normal) (G1 Evacuation Pause) 84M->84M(128M) 1.998ms
[2024-10-12T11:16:21.991+0800][info] GC(495) User=0.00s Sys=0.00s Real=0.00s
[2024-10-12T11:16:22.093+0800][info] GC(496) Pause Young (Normal) (G1 Evacuation Pause)
[2024-10-12T11:16:22.093+0800][info] GC(496) Using 3 workers of 48 for evacuation
[2024-10-12T11:16:22.095+0800][info] GC(496)   Pre Evacuate Collection Set: 0.1ms
[2024-10-12T11:16:22.095+0800][info] GC(496)   Merge Heap Roots: 0.1ms
[2024-10-12T11:16:22.095+0800][info] GC(496)   Evacuate Collection Set: 0.8ms
[2024-10-12T11:16:22.095+0800][info] GC(496)   Post Evacuate Collection Set: 0.2ms
[2024-10-12T11:16:22.095+0800][info] GC(496)   Other: 0.2ms
[2024-10-12T11:16:22.095+0800][info] GC(496) Eden regions: 2->0(2)
[2024-10-12T11:16:22.095+0800][info] GC(496) Survivor regions: 1->1(1)
[2024-10-12T11:16:22.095+0800][info] GC(496) Old regions: 44->46
[2024-10-12T11:16:22.095+0800][info] GC(496) Archive regions: 2->2
[2024-10-12T11:16:22.095+0800][info] GC(496) Humongous regions: 3->3
[2024-10-12T11:16:22.095+0800][info] GC(496) Metaspace: 1676K(1856K)->1676K(1856K) NonClass: 1552K(1664K)->1552K(1664K) Class: 124K(192K)->124K(192K)
[2024-10-12T11:16:22.095+0800][info] GC(496) Pause Young (Normal) (G1 Evacuation Pause) 88M->88M(128M) 1.555ms
[2024-10-12T11:16:22.095+0800][info] GC(496) User=0.00s Sys=0.00s Real=0.00s
[2024-10-12T11:16:22.197+0800][info] GC(497) Pause Young (Concurrent Start) (G1 Evacuation Pause)
[2024-10-12T11:16:22.197+0800][info] GC(497) Using 3 workers of 48 for evacuation
[2024-10-12T11:16:22.199+0800][info] GC(497)   Pre Evacuate Collection Set: 0.2ms
[2024-10-12T11:16:22.199+0800][info] GC(497)   Merge Heap Roots: 0.1ms
[2024-10-12T11:16:22.199+0800][info] GC(497)   Evacuate Collection Set: 1.0ms
[2024-10-12T11:16:22.199+0800][info] GC(497)   Post Evacuate Collection Set: 0.2ms
[2024-10-12T11:16:22.199+0800][info] GC(497)   Other: 0.3ms
[2024-10-12T11:16:22.199+0800][info] GC(497) Eden regions: 2->0(2)
[2024-10-12T11:16:22.199+0800][info] GC(497) Survivor regions: 1->1(1)
[2024-10-12T11:16:22.199+0800][info] GC(497) Old regions: 46->48
[2024-10-12T11:16:22.199+0800][info] GC(497) Archive regions: 2->2
[2024-10-12T11:16:22.199+0800][info] GC(497) Humongous regions: 3->3
[2024-10-12T11:16:22.199+0800][info] GC(497) Metaspace: 1676K(1856K)->1676K(1856K) NonClass: 1552K(1664K)->1552K(1664K) Class: 124K(192K)->124K(192K)
[2024-10-12T11:16:22.199+0800][info] GC(497) Pause Young (Concurrent Start) (G1 Evacuation Pause) 92M->92M(128M) 1.877ms
[2024-10-12T11:16:22.199+0800][info] GC(497) User=0.00s Sys=0.00s Real=0.00s
[2024-10-12T11:16:22.199+0800][info] GC(498) Concurrent Mark Cycle
[2024-10-12T11:16:22.199+0800][info] GC(498) Concurrent Clear Claimed Marks
[2024-10-12T11:16:22.199+0800][info] GC(498) Concurrent Clear Claimed Marks 0.015ms
[2024-10-12T11:16:22.199+0800][info] GC(498) Concurrent Scan Root Regions
[2024-10-12T11:16:22.199+0800][info] GC(498) Concurrent Scan Root Regions 0.105ms
[2024-10-12T11:16:22.199+0800][info] GC(498) Concurrent Mark
[2024-10-12T11:16:22.199+0800][info] GC(498) Concurrent Mark From Roots
[2024-10-12T11:16:22.199+0800][info] GC(498) Using 12 workers of 12 for marking
[2024-10-12T11:16:22.203+0800][info] GC(498) Concurrent Mark From Roots 3.462ms
[2024-10-12T11:16:22.203+0800][info] GC(498) Concurrent Preclean
[2024-10-12T11:16:22.204+0800][info] GC(498) Concurrent Preclean 1.679ms
[2024-10-12T11:16:22.204+0800][info] GC(498) Pause Remark
[2024-10-12T11:16:22.206+0800][info] GC(498) Pause Remark 93M->93M(128M) 1.501ms
[2024-10-12T11:16:22.206+0800][info] GC(498) User=0.00s Sys=0.00s Real=0.01s
[2024-10-12T11:16:22.206+0800][info] GC(498) Concurrent Mark 6.838ms
[2024-10-12T11:16:22.206+0800][info] GC(498) Concurrent Rebuild Remembered Sets
[2024-10-12T11:16:22.207+0800][info] GC(498) Concurrent Rebuild Remembered Sets 1.157ms
[2024-10-12T11:16:22.207+0800][info] GC(498) Pause Cleanup
[2024-10-12T11:16:22.207+0800][info] GC(498) Pause Cleanup 93M->93M(128M) 0.165ms
[2024-10-12T11:16:22.207+0800][info] GC(498) User=0.00s Sys=0.00s Real=0.00s
[2024-10-12T11:16:22.207+0800][info] GC(498) Concurrent Cleanup for Next Mark
[2024-10-12T11:16:22.208+0800][info] GC(498) Concurrent Cleanup for Next Mark 0.416ms
[2024-10-12T11:16:22.208+0800][info] GC(498) Concurrent Mark Cycle 9.016ms
[2024-10-12T11:16:22.352+0800][info] GC(499) Pause Young (Prepare Mixed) (G1 Evacuation Pause)
[2024-10-12T11:16:22.352+0800][info] GC(499) Using 3 workers of 48 for evacuation
[2024-10-12T11:16:22.354+0800][info] GC(499)   Pre Evacuate Collection Set: 0.1ms
[2024-10-12T11:16:22.354+0800][info] GC(499)   Merge Heap Roots: 0.1ms
[2024-10-12T11:16:22.354+0800][info] GC(499)   Evacuate Collection Set: 1.0ms
[2024-10-12T11:16:22.354+0800][info] GC(499)   Post Evacuate Collection Set: 0.2ms
[2024-10-12T11:16:22.354+0800][info] GC(499)   Other: 0.2ms
[2024-10-12T11:16:22.354+0800][info] GC(499) Eden regions: 2->0(2)
[2024-10-12T11:16:22.354+0800][info] GC(499) Survivor regions: 1->1(1)
[2024-10-12T11:16:22.354+0800][info] GC(499) Old regions: 48->50
[2024-10-12T11:16:22.354+0800][info] GC(499) Archive regions: 2->2
[2024-10-12T11:16:22.354+0800][info] GC(499) Humongous regions: 3->3
[2024-10-12T11:16:22.354+0800][info] GC(499) Metaspace: 1676K(1856K)->1676K(1856K) NonClass: 1552K(1664K)->1552K(1664K) Class: 124K(192K)->124K(192K)
[2024-10-12T11:16:22.354+0800][info] GC(499) Pause Young (Prepare Mixed) (G1 Evacuation Pause) 96M->96M(128M) 1.760ms
[2024-10-12T11:16:22.354+0800][info] GC(499) User=0.00s Sys=0.00s Real=0.01s
[2024-10-12T11:16:22.456+0800][info] GC(500) Pause Young (Mixed) (G1 Preventive Collection)
[2024-10-12T11:16:22.456+0800][info] GC(500) Using 3 workers of 48 for evacuation
[2024-10-12T11:16:22.463+0800][info] GC(500) To-space exhausted
[2024-10-12T11:16:22.463+0800][info] GC(500)   Pre Evacuate Collection Set: 0.2ms
[2024-10-12T11:16:22.463+0800][info] GC(500)   Merge Heap Roots: 0.1ms
[2024-10-12T11:16:22.463+0800][info] GC(500)   Evacuate Collection Set: 4.5ms
[2024-10-12T11:16:22.463+0800][info] GC(500)   Post Evacuate Collection Set: 1.7ms
[2024-10-12T11:16:22.463+0800][info] GC(500)   Other: 0.2ms
[2024-10-12T11:16:22.463+0800][info] GC(500) Eden regions: 2->0(2)
[2024-10-12T11:16:22.463+0800][info] GC(500) Survivor regions: 1->1(1)
[2024-10-12T11:16:22.463+0800][info] GC(500) Old regions: 50->58
[2024-10-12T11:16:22.463+0800][info] GC(500) Archive regions: 2->2
[2024-10-12T11:16:22.463+0800][info] GC(500) Humongous regions: 3->3
[2024-10-12T11:16:22.463+0800][info] GC(500) Metaspace: 1676K(1856K)->1676K(1856K) NonClass: 1552K(1664K)->1552K(1664K) Class: 124K(192K)->124K(192K)
[2024-10-12T11:16:22.463+0800][info] GC(500) Pause Young (Mixed) (G1 Preventive Collection) 100M->113M(128M) 6.827ms
[2024-10-12T11:16:22.463+0800][info] GC(500) User=0.02s Sys=0.00s Real=0.00s
[2024-10-12T11:16:22.463+0800][info] Attempting full compaction
[2024-10-12T11:16:22.463+0800][info] GC(501) Using 3 workers of 48 for full compaction
[2024-10-12T11:16:22.463+0800][info] GC(501) Pause Full (G1 Compaction Pause)
[2024-10-12T11:16:22.463+0800][info] GC(501) Phase 1: Mark live objects
[2024-10-12T11:16:22.467+0800][info] GC(501) Phase 1: Mark live objects 3.397ms
[2024-10-12T11:16:22.467+0800][info] GC(501) Phase 2: Prepare for compaction
[2024-10-12T11:16:22.467+0800][info] GC(501) Phase 2: Prepare for compaction 0.678ms
[2024-10-12T11:16:22.467+0800][info] GC(501) Phase 3: Adjust pointers
[2024-10-12T11:16:22.469+0800][info] GC(501) Phase 3: Adjust pointers 1.641ms
[2024-10-12T11:16:22.469+0800][info] GC(501) Phase 4: Compact heap
[2024-10-12T11:16:22.483+0800][info] GC(501) Phase 4: Compact heap 14.212ms
[2024-10-12T11:16:22.485+0800][info] GC(501) Eden regions: 0->0(4)
[2024-10-12T11:16:22.485+0800][info] GC(501) Survivor regions: 1->0(1)
[2024-10-12T11:16:22.485+0800][info] GC(501) Old regions: 58->38
[2024-10-12T11:16:22.485+0800][info] GC(501) Archive regions: 2->2
[2024-10-12T11:16:22.485+0800][info] GC(501) Humongous regions: 3->3
[2024-10-12T11:16:22.485+0800][info] GC(501) Metaspace: 1676K(1856K)->1676K(1856K) NonClass: 1552K(1664K)->1552K(1664K) Class: 124K(192K)->124K(192K)
[2024-10-12T11:16:22.485+0800][info] GC(501) Pause Full (G1 Compaction Pause) 113M->72M(128M) 21.617ms
[2024-10-12T11:16:22.485+0800][info] GC(501) User=0.05s Sys=0.00s Real=0.02s
[2024-10-12T11:16:22.710+0800][info] GC(502) Pause Young (Normal) (G1 Evacuation Pause)
[2024-10-12T11:16:22.710+0800][info] GC(502) Using 3 workers of 48 for evacuation
[2024-10-12T11:16:22.712+0800][info] GC(502)   Pre Evacuate Collection Set: 0.1ms
[2024-10-12T11:16:22.712+0800][info] GC(502)   Merge Heap Roots: 0.1ms
[2024-10-12T11:16:22.712+0800][info] GC(502)   Evacuate Collection Set: 1.2ms
[2024-10-12T11:16:22.712+0800][info] GC(502)   Post Evacuate Collection Set: 0.2ms
[2024-10-12T11:16:22.712+0800][info] GC(502)   Other: 0.2ms
[2024-10-12T11:16:22.712+0800][info] GC(502) Eden regions: 4->0(2)
[2024-10-12T11:16:22.712+0800][info] GC(502) Survivor regions: 0->1(1)
[2024-10-12T11:16:22.712+0800][info] GC(502) Old regions: 38->41
[2024-10-12T11:16:22.712+0800][info] GC(502) Archive regions: 2->2
[2024-10-12T11:16:22.712+0800][info] GC(502) Humongous regions: 3->3
[2024-10-12T11:16:22.712+0800][info] GC(502) Metaspace: 1676K(1856K)->1676K(1856K) NonClass: 1552K(1664K)->1552K(1664K) Class: 124K(192K)->124K(192K)
[2024-10-12T11:16:22.712+0800][info] GC(502) Pause Young (Normal) (G1 Evacuation Pause) 79M->79M(128M) 1.997ms
[2024-10-12T11:16:22.712+0800][info] GC(502) User=0.00s Sys=0.00s Real=0.00s
[2024-10-12T11:16:22.814+0800][info] GC(503) Pause Young (Normal) (G1 Evacuation Pause)
[2024-10-12T11:16:22.814+0800][info] GC(503) Using 3 workers of 48 for evacuation
[2024-10-12T11:16:22.816+0800][info] GC(503)   Pre Evacuate Collection Set: 0.1ms
[2024-10-12T11:16:22.816+0800][info] GC(503)   Merge Heap Roots: 0.0ms
[2024-10-12T11:16:22.816+0800][info] GC(503)   Evacuate Collection Set: 1.1ms
[2024-10-12T11:16:22.816+0800][info] GC(503)   Post Evacuate Collection Set: 0.2ms
[2024-10-12T11:16:22.816+0800][info] GC(503)   Other: 0.2ms
[2024-10-12T11:16:22.816+0800][info] GC(503) Eden regions: 2->0(2)
[2024-10-12T11:16:22.816+0800][info] GC(503) Survivor regions: 1->1(1)
[2024-10-12T11:16:22.816+0800][info] GC(503) Old regions: 41->43
[2024-10-12T11:16:22.816+0800][info] GC(503) Archive regions: 2->2
[2024-10-12T11:16:22.816+0800][info] GC(503) Humongous regions: 3->3
[2024-10-12T11:16:22.816+0800][info] GC(503) Metaspace: 1676K(1856K)->1676K(1856K) NonClass: 1552K(1664K)->1552K(1664K) Class: 124K(192K)->124K(192K)
[2024-10-12T11:16:22.816+0800][info] GC(503) Pause Young (Normal) (G1 Evacuation Pause) 83M->83M(128M) 1.787ms
[2024-10-12T11:16:22.816+0800][info] GC(503) User=0.00s Sys=0.00s Real=0.00s
[2024-10-12T11:16:22.919+0800][info] GC(504) Pause Young (Normal) (G1 Evacuation Pause)
[2024-10-12T11:16:22.919+0800][info] GC(504) Using 3 workers of 48 for evacuation
[2024-10-12T11:16:22.920+0800][info] GC(504)   Pre Evacuate Collection Set: 0.1ms
[2024-10-12T11:16:22.920+0800][info] GC(504)   Merge Heap Roots: 0.1ms
[2024-10-12T11:16:22.920+0800][info] GC(504)   Evacuate Collection Set: 0.9ms
[2024-10-12T11:16:22.920+0800][info] GC(504)   Post Evacuate Collection Set: 0.2ms
[2024-10-12T11:16:22.920+0800][info] GC(504)   Other: 0.3ms
[2024-10-12T11:16:22.920+0800][info] GC(504) Eden regions: 2->0(2)
[2024-10-12T11:16:22.920+0800][info] GC(504) Survivor regions: 1->1(1)
[2024-10-12T11:16:22.920+0800][info] GC(504) Old regions: 43->45
[2024-10-12T11:16:22.920+0800][info] GC(504) Archive regions: 2->2
[2024-10-12T11:16:22.920+0800][info] GC(504) Humongous regions: 3->3
[2024-10-12T11:16:22.920+0800][info] GC(504) Metaspace: 1676K(1856K)->1676K(1856K) NonClass: 1552K(1664K)->1552K(1664K) Class: 124K(192K)->124K(192K)
[2024-10-12T11:16:22.920+0800][info] GC(504) Pause Young (Normal) (G1 Evacuation Pause) 86M->86M(128M) 1.630ms
[2024-10-12T11:16:22.920+0800][info] GC(504) User=0.00s Sys=0.00s Real=0.00s
[2024-10-12T11:16:23.022+0800][info] GC(505) Pause Young (Normal) (G1 Evacuation Pause)
[2024-10-12T11:16:23.023+0800][info] GC(505) Using 3 workers of 48 for evacuation
[2024-10-12T11:16:23.024+0800][info] GC(505)   Pre Evacuate Collection Set: 0.1ms
[2024-10-12T11:16:23.024+0800][info] GC(505)   Merge Heap Roots: 0.1ms
[2024-10-12T11:16:23.024+0800][info] GC(505)   Evacuate Collection Set: 1.0ms
[2024-10-12T11:16:23.024+0800][info] GC(505)   Post Evacuate Collection Set: 0.2ms
[2024-10-12T11:16:23.024+0800][info] GC(505)   Other: 0.2ms
[2024-10-12T11:16:23.024+0800][info] GC(505) Eden regions: 2->0(2)
[2024-10-12T11:16:23.024+0800][info] GC(505) Survivor regions: 1->1(1)
[2024-10-12T11:16:23.024+0800][info] GC(505) Old regions: 45->47
[2024-10-12T11:16:23.024+0800][info] GC(505) Archive regions: 2->2
[2024-10-12T11:16:23.024+0800][info] GC(505) Humongous regions: 3->3
[2024-10-12T11:16:23.024+0800][info] GC(505) Metaspace: 1676K(1856K)->1676K(1856K) NonClass: 1552K(1664K)->1552K(1664K) Class: 124K(192K)->124K(192K)
[2024-10-12T11:16:23.024+0800][info] GC(505) Pause Young (Normal) (G1 Evacuation Pause) 90M->90M(128M) 1.750ms
[2024-10-12T11:16:23.024+0800][info] GC(505) User=0.01s Sys=0.00s Real=0.00s
[2024-10-12T11:16:23.127+0800][info] GC(506) Pause Young (Concurrent Start) (G1 Evacuation Pause)
[2024-10-12T11:16:23.127+0800][info] GC(506) Using 3 workers of 48 for evacuation
[2024-10-12T11:16:23.129+0800][info] GC(506)   Pre Evacuate Collection Set: 0.1ms
[2024-10-12T11:16:23.129+0800][info] GC(506)   Merge Heap Roots: 0.1ms
[2024-10-12T11:16:23.129+0800][info] GC(506)   Evacuate Collection Set: 1.0ms
[2024-10-12T11:16:23.129+0800][info] GC(506)   Post Evacuate Collection Set: 0.2ms
[2024-10-12T11:16:23.129+0800][info] GC(506)   Other: 0.4ms
[2024-10-12T11:16:23.129+0800][info] GC(506) Eden regions: 2->0(2)
[2024-10-12T11:16:23.129+0800][info] GC(506) Survivor regions: 1->1(1)
[2024-10-12T11:16:23.129+0800][info] GC(506) Old regions: 47->49
[2024-10-12T11:16:23.129+0800][info] GC(506) Archive regions: 2->2
[2024-10-12T11:16:23.129+0800][info] GC(506) Humongous regions: 3->3
[2024-10-12T11:16:23.129+0800][info] GC(506) Metaspace: 1676K(1856K)->1676K(1856K) NonClass: 1552K(1664K)->1552K(1664K) Class: 124K(192K)->124K(192K)
[2024-10-12T11:16:23.129+0800][info] GC(506) Pause Young (Concurrent Start) (G1 Evacuation Pause) 94M->94M(128M) 1.901ms
[2024-10-12T11:16:23.129+0800][info] GC(506) User=0.00s Sys=0.00s Real=0.00s
[2024-10-12T11:16:23.129+0800][info] GC(507) Concurrent Mark Cycle
[2024-10-12T11:16:23.129+0800][info] GC(507) Concurrent Clear Claimed Marks
[2024-10-12T11:16:23.129+0800][info] GC(507) Concurrent Clear Claimed Marks 0.016ms
[2024-10-12T11:16:23.129+0800][info] GC(507) Concurrent Scan Root Regions
[2024-10-12T11:16:23.129+0800][info] GC(507) Concurrent Scan Root Regions 0.169ms
[2024-10-12T11:16:23.129+0800][info] GC(507) Concurrent Mark
[2024-10-12T11:16:23.129+0800][info] GC(507) Concurrent Mark From Roots
[2024-10-12T11:16:23.129+0800][info] GC(507) Using 12 workers of 12 for marking
[2024-10-12T11:16:23.133+0800][info] GC(507) Concurrent Mark From Roots 3.479ms
[2024-10-12T11:16:23.133+0800][info] GC(507) Concurrent Preclean
[2024-10-12T11:16:23.134+0800][info] GC(507) Concurrent Preclean 1.679ms
[2024-10-12T11:16:23.134+0800][info] GC(507) Pause Remark
[2024-10-12T11:16:23.136+0800][info] GC(507) Pause Remark 95M->95M(128M) 1.860ms
[2024-10-12T11:16:23.136+0800][info] GC(507) User=0.00s Sys=0.00s Real=0.00s
[2024-10-12T11:16:23.136+0800][info] GC(507) Concurrent Mark 7.278ms
[2024-10-12T11:16:23.136+0800][info] GC(507) Concurrent Rebuild Remembered Sets
[2024-10-12T11:16:23.137+0800][info] GC(507) Concurrent Rebuild Remembered Sets 1.016ms
[2024-10-12T11:16:23.138+0800][info] GC(507) Pause Cleanup
[2024-10-12T11:16:23.138+0800][info] GC(507) Pause Cleanup 95M->95M(128M) 0.178ms
[2024-10-12T11:16:23.138+0800][info] GC(507) User=0.00s Sys=0.00s Real=0.00s
[2024-10-12T11:16:23.138+0800][info] GC(507) Concurrent Cleanup for Next Mark
[2024-10-12T11:16:23.138+0800][info] GC(507) Concurrent Cleanup for Next Mark 0.420ms
[2024-10-12T11:16:23.138+0800][info] GC(507) Concurrent Mark Cycle 9.425ms
[2024-10-12T11:16:23.282+0800][info] GC(508) Pause Young (Prepare Mixed) (G1 Evacuation Pause)
[2024-10-12T11:16:23.282+0800][info] GC(508) Using 3 workers of 48 for evacuation
[2024-10-12T11:16:23.283+0800][info] GC(508)   Pre Evacuate Collection Set: 0.1ms
[2024-10-12T11:16:23.283+0800][info] GC(508)   Merge Heap Roots: 0.1ms
[2024-10-12T11:16:23.284+0800][info] GC(508)   Evacuate Collection Set: 1.1ms
[2024-10-12T11:16:23.284+0800][info] GC(508)   Post Evacuate Collection Set: 0.2ms
[2024-10-12T11:16:23.284+0800][info] GC(508)   Other: 0.2ms
[2024-10-12T11:16:23.284+0800][info] GC(508) Eden regions: 2->0(2)
[2024-10-12T11:16:23.284+0800][info] GC(508) Survivor regions: 1->1(1)
[2024-10-12T11:16:23.284+0800][info] GC(508) Old regions: 49->51
[2024-10-12T11:16:23.284+0800][info] GC(508) Archive regions: 2->2
[2024-10-12T11:16:23.284+0800][info] GC(508) Humongous regions: 3->3
[2024-10-12T11:16:23.284+0800][info] GC(508) Metaspace: 1676K(1856K)->1676K(1856K) NonClass: 1552K(1664K)->1552K(1664K) Class: 124K(192K)->124K(192K)
[2024-10-12T11:16:23.284+0800][info] GC(508) Pause Young (Prepare Mixed) (G1 Evacuation Pause) 98M->98M(128M) 1.815ms
[2024-10-12T11:16:23.284+0800][info] GC(508) User=0.00s Sys=0.00s Real=0.00s
[2024-10-12T11:16:23.366+0800][info] GC(509) Pause Young (Mixed) (G1 Preventive Collection)
[2024-10-12T11:16:23.366+0800][info] GC(509) Using 3 workers of 48 for evacuation
[2024-10-12T11:16:23.370+0800][info] GC(509) To-space exhausted
[2024-10-12T11:16:23.370+0800][info] GC(509)   Pre Evacuate Collection Set: 0.2ms
[2024-10-12T11:16:23.370+0800][info] GC(509)   Merge Heap Roots: 0.1ms
[2024-10-12T11:16:23.370+0800][info] GC(509)   Evacuate Collection Set: 3.0ms
[2024-10-12T11:16:23.370+0800][info] GC(509)   Post Evacuate Collection Set: 0.9ms
[2024-10-12T11:16:23.370+0800][info] GC(509)   Other: 0.2ms
[2024-10-12T11:16:23.370+0800][info] GC(509) Eden regions: 2->0(2)
[2024-10-12T11:16:23.370+0800][info] GC(509) Survivor regions: 1->1(1)
[2024-10-12T11:16:23.370+0800][info] GC(509) Old regions: 51->58
[2024-10-12T11:16:23.370+0800][info] GC(509) Archive regions: 2->2
[2024-10-12T11:16:23.370+0800][info] GC(509) Humongous regions: 3->3
[2024-10-12T11:16:23.370+0800][info] GC(509) Metaspace: 1676K(1856K)->1676K(1856K) NonClass: 1552K(1664K)->1552K(1664K) Class: 124K(192K)->124K(192K)
[2024-10-12T11:16:23.370+0800][info] GC(509) Pause Young (Mixed) (G1 Preventive Collection) 101M->113M(128M) 4.454ms
[2024-10-12T11:16:23.370+0800][info] GC(509) User=0.01s Sys=0.00s Real=0.00s
[2024-10-12T11:16:23.370+0800][info] Attempting full compaction
[2024-10-12T11:16:23.370+0800][info] GC(510) Using 3 workers of 48 for full compaction
[2024-10-12T11:16:23.370+0800][info] GC(510) Pause Full (G1 Compaction Pause)
[2024-10-12T11:16:23.370+0800][info] GC(510) Phase 1: Mark live objects
[2024-10-12T11:16:23.373+0800][info] GC(510) Phase 1: Mark live objects 3.317ms
[2024-10-12T11:16:23.373+0800][info] GC(510) Phase 2: Prepare for compaction
[2024-10-12T11:16:23.374+0800][info] GC(510) Phase 2: Prepare for compaction 0.536ms
[2024-10-12T11:16:23.374+0800][info] GC(510) Phase 3: Adjust pointers
[2024-10-12T11:16:23.376+0800][info] GC(510) Phase 3: Adjust pointers 1.702ms
[2024-10-12T11:16:23.376+0800][info] GC(510) Phase 4: Compact heap
[2024-10-12T11:16:23.387+0800][info] GC(510) Phase 4: Compact heap 11.370ms
[2024-10-12T11:16:23.389+0800][info] GC(510) Eden regions: 0->0(4)
[2024-10-12T11:16:23.389+0800][info] GC(510) Survivor regions: 1->0(1)
[2024-10-12T11:16:23.389+0800][info] GC(510) Old regions: 58->37
[2024-10-12T11:16:23.389+0800][info] GC(510) Archive regions: 2->2
[2024-10-12T11:16:23.389+0800][info] GC(510) Humongous regions: 3->3
[2024-10-12T11:16:23.389+0800][info] GC(510) Metaspace: 1676K(1856K)->1676K(1856K) NonClass: 1552K(1664K)->1552K(1664K) Class: 124K(192K)->124K(192K)
[2024-10-12T11:16:23.389+0800][info] GC(510) Pause Full (G1 Compaction Pause) 113M->71M(128M) 18.547ms
[2024-10-12T11:16:23.389+0800][info] GC(510) User=0.05s Sys=0.00s Real=0.02s
[2024-10-12T11:16:23.615+0800][info] GC(511) Pause Young (Normal) (G1 Evacuation Pause)
[2024-10-12T11:16:23.615+0800][info] GC(511) Using 3 workers of 48 for evacuation
[2024-10-12T11:16:23.617+0800][info] GC(511)   Pre Evacuate Collection Set: 0.1ms
[2024-10-12T11:16:23.617+0800][info] GC(511)   Merge Heap Roots: 0.1ms
[2024-10-12T11:16:23.617+0800][info] GC(511)   Evacuate Collection Set: 1.3ms
[2024-10-12T11:16:23.617+0800][info] GC(511)   Post Evacuate Collection Set: 0.2ms
[2024-10-12T11:16:23.617+0800][info] GC(511)   Other: 0.2ms
[2024-10-12T11:16:23.617+0800][info] GC(511) Eden regions: 4->0(2)
[2024-10-12T11:16:23.617+0800][info] GC(511) Survivor regions: 0->1(1)
[2024-10-12T11:16:23.617+0800][info] GC(511) Old regions: 37->40
[2024-10-12T11:16:23.617+0800][info] GC(511) Archive regions: 2->2
[2024-10-12T11:16:23.617+0800][info] GC(511) Humongous regions: 4->4
[2024-10-12T11:16:23.617+0800][info] GC(511) Metaspace: 1684K(1856K)->1684K(1856K) NonClass: 1559K(1664K)->1559K(1664K) Class: 124K(192K)->124K(192K)
[2024-10-12T11:16:23.617+0800][info] GC(511) Pause Young (Normal) (G1 Evacuation Pause) 81M->81M(128M) 2.022ms
[2024-10-12T11:16:23.617+0800][info] GC(511) User=0.00s Sys=0.00s Real=0.00s
[2024-10-12T11:16:23.719+0800][info] GC(512) Pause Young (Normal) (G1 Evacuation Pause)
[2024-10-12T11:16:23.719+0800][info] GC(512) Using 3 workers of 48 for evacuation
[2024-10-12T11:16:23.720+0800][info] GC(512)   Pre Evacuate Collection Set: 0.1ms
[2024-10-12T11:16:23.720+0800][info] GC(512)   Merge Heap Roots: 0.0ms
[2024-10-12T11:16:23.720+0800][info] GC(512)   Evacuate Collection Set: 0.8ms
[2024-10-12T11:16:23.720+0800][info] GC(512)   Post Evacuate Collection Set: 0.2ms
[2024-10-12T11:16:23.720+0800][info] GC(512)   Other: 0.2ms
[2024-10-12T11:16:23.720+0800][info] GC(512) Eden regions: 2->0(2)
[2024-10-12T11:16:23.720+0800][info] GC(512) Survivor regions: 1->1(1)
[2024-10-12T11:16:23.720+0800][info] GC(512) Old regions: 40->42
[2024-10-12T11:16:23.720+0800][info] GC(512) Archive regions: 2->2
[2024-10-12T11:16:23.720+0800][info] GC(512) Humongous regions: 4->4
[2024-10-12T11:16:23.720+0800][info] GC(512) Metaspace: 1684K(1856K)->1684K(1856K) NonClass: 1559K(1664K)->1559K(1664K) Class: 124K(192K)->124K(192K)
[2024-10-12T11:16:23.720+0800][info] GC(512) Pause Young (Normal) (G1 Evacuation Pause) 84M->84M(128M) 1.479ms
[2024-10-12T11:16:23.720+0800][info] GC(512) User=0.00s Sys=0.00s Real=0.00s
[2024-10-12T11:16:23.823+0800][info] GC(513) Pause Young (Normal) (G1 Evacuation Pause)
[2024-10-12T11:16:23.823+0800][info] GC(513) Using 3 workers of 48 for evacuation
[2024-10-12T11:16:23.824+0800][info] GC(513)   Pre Evacuate Collection Set: 0.1ms
[2024-10-12T11:16:23.824+0800][info] GC(513)   Merge Heap Roots: 0.1ms
[2024-10-12T11:16:23.824+0800][info] GC(513)   Evacuate Collection Set: 1.0ms
[2024-10-12T11:16:23.824+0800][info] GC(513)   Post Evacuate Collection Set: 0.2ms
[2024-10-12T11:16:23.824+0800][info] GC(513)   Other: 0.2ms
[2024-10-12T11:16:23.824+0800][info] GC(513) Eden regions: 2->0(2)
[2024-10-12T11:16:23.824+0800][info] GC(513) Survivor regions: 1->1(1)
[2024-10-12T11:16:23.824+0800][info] GC(513) Old regions: 42->44
[2024-10-12T11:16:23.824+0800][info] GC(513) Archive regions: 2->2
[2024-10-12T11:16:23.824+0800][info] GC(513) Humongous regions: 4->4
[2024-10-12T11:16:23.824+0800][info] GC(513) Metaspace: 1684K(1856K)->1684K(1856K) NonClass: 1559K(1664K)->1559K(1664K) Class: 124K(192K)->124K(192K)
[2024-10-12T11:16:23.824+0800][info] GC(513) Pause Young (Normal) (G1 Evacuation Pause) 88M->88M(128M) 1.696ms
[2024-10-12T11:16:23.824+0800][info] GC(513) User=0.00s Sys=0.00s Real=0.00s
[2024-10-12T11:16:23.926+0800][info] GC(514) Pause Young (Normal) (G1 Evacuation Pause)
[2024-10-12T11:16:23.926+0800][info] GC(514) Using 3 workers of 48 for evacuation
[2024-10-12T11:16:23.928+0800][info] GC(514)   Pre Evacuate Collection Set: 0.1ms
[2024-10-12T11:16:23.928+0800][info] GC(514)   Merge Heap Roots: 0.1ms
[2024-10-12T11:16:23.928+0800][info] GC(514)   Evacuate Collection Set: 1.0ms
[2024-10-12T11:16:23.928+0800][info] GC(514)   Post Evacuate Collection Set: 0.2ms
[2024-10-12T11:16:23.928+0800][info] GC(514)   Other: 0.2ms
[2024-10-12T11:16:23.928+0800][info] GC(514) Eden regions: 2->0(2)
[2024-10-12T11:16:23.928+0800][info] GC(514) Survivor regions: 1->1(1)
[2024-10-12T11:16:23.928+0800][info] GC(514) Old regions: 44->46
[2024-10-12T11:16:23.928+0800][info] GC(514) Archive regions: 2->2
[2024-10-12T11:16:23.928+0800][info] GC(514) Humongous regions: 4->4
[2024-10-12T11:16:23.928+0800][info] GC(514) Metaspace: 1684K(1856K)->1684K(1856K) NonClass: 1559K(1664K)->1559K(1664K) Class: 124K(192K)->124K(192K)
[2024-10-12T11:16:23.928+0800][info] GC(514) Pause Young (Normal) (G1 Evacuation Pause) 92M->92M(128M) 1.614ms
[2024-10-12T11:16:23.928+0800][info] GC(514) User=0.00s Sys=0.00s Real=0.00s
[2024-10-12T11:16:24.030+0800][info] GC(515) Pause Young (Concurrent Start) (G1 Evacuation Pause)
[2024-10-12T11:16:24.031+0800][info] GC(515) Using 3 workers of 48 for evacuation
[2024-10-12T11:16:24.032+0800][info] GC(515)   Pre Evacuate Collection Set: 0.1ms
[2024-10-12T11:16:24.032+0800][info] GC(515)   Merge Heap Roots: 0.1ms
[2024-10-12T11:16:24.032+0800][info] GC(515)   Evacuate Collection Set: 1.0ms
[2024-10-12T11:16:24.032+0800][info] GC(515)   Post Evacuate Collection Set: 0.2ms
[2024-10-12T11:16:24.032+0800][info] GC(515)   Other: 0.4ms
[2024-10-12T11:16:24.032+0800][info] GC(515) Eden regions: 2->0(2)
[2024-10-12T11:16:24.032+0800][info] GC(515) Survivor regions: 1->1(1)
[2024-10-12T11:16:24.032+0800][info] GC(515) Old regions: 46->48
[2024-10-12T11:16:24.032+0800][info] GC(515) Archive regions: 2->2
[2024-10-12T11:16:24.032+0800][info] GC(515) Humongous regions: 4->4
[2024-10-12T11:16:24.032+0800][info] GC(515) Metaspace: 1684K(1856K)->1684K(1856K) NonClass: 1559K(1664K)->1559K(1664K) Class: 124K(192K)->124K(192K)
[2024-10-12T11:16:24.032+0800][info] GC(515) Pause Young (Concurrent Start) (G1 Evacuation Pause) 96M->96M(128M) 1.840ms
[2024-10-12T11:16:24.032+0800][info] GC(515) User=0.00s Sys=0.00s Real=0.00s
[2024-10-12T11:16:24.032+0800][info] GC(516) Concurrent Mark Cycle
[2024-10-12T11:16:24.032+0800][info] GC(516) Concurrent Clear Claimed Marks
[2024-10-12T11:16:24.032+0800][info] GC(516) Concurrent Clear Claimed Marks 0.035ms
[2024-10-12T11:16:24.032+0800][info] GC(516) Concurrent Scan Root Regions
[2024-10-12T11:16:24.033+0800][info] GC(516) Concurrent Scan Root Regions 0.104ms
[2024-10-12T11:16:24.033+0800][info] GC(516) Concurrent Mark
[2024-10-12T11:16:24.033+0800][info] GC(516) Concurrent Mark From Roots
[2024-10-12T11:16:24.033+0800][info] GC(516) Using 12 workers of 12 for marking
[2024-10-12T11:16:24.036+0800][info] GC(516) Concurrent Mark From Roots 3.801ms
[2024-10-12T11:16:24.036+0800][info] GC(516) Concurrent Preclean
[2024-10-12T11:16:24.038+0800][info] GC(516) Concurrent Preclean 1.687ms
[2024-10-12T11:16:24.038+0800][info] GC(516) Pause Remark
[2024-10-12T11:16:24.040+0800][info] GC(516) Pause Remark 97M->95M(128M) 1.570ms
[2024-10-12T11:16:24.040+0800][info] GC(516) User=0.00s Sys=0.00s Real=0.00s
[2024-10-12T11:16:24.040+0800][info] GC(516) Concurrent Mark 7.251ms
[2024-10-12T11:16:24.040+0800][info] GC(516) Concurrent Rebuild Remembered Sets
[2024-10-12T11:16:24.041+0800][info] GC(516) Concurrent Rebuild Remembered Sets 1.159ms
[2024-10-12T11:16:24.041+0800][info] GC(516) Pause Cleanup
[2024-10-12T11:16:24.041+0800][info] GC(516) Pause Cleanup 95M->95M(128M) 0.151ms
[2024-10-12T11:16:24.041+0800][info] GC(516) User=0.00s Sys=0.00s Real=0.00s
[2024-10-12T11:16:24.041+0800][info] GC(516) Concurrent Cleanup for Next Mark
[2024-10-12T11:16:24.042+0800][info] GC(516) Concurrent Cleanup for Next Mark 0.420ms
[2024-10-12T11:16:24.042+0800][info] GC(516) Concurrent Mark Cycle 9.446ms
[2024-10-12T11:16:24.185+0800][info] GC(517) Pause Young (Prepare Mixed) (G1 Evacuation Pause)
[2024-10-12T11:16:24.185+0800][info] GC(517) Using 3 workers of 48 for evacuation
[2024-10-12T11:16:24.187+0800][info] GC(517)   Pre Evacuate Collection Set: 0.1ms
[2024-10-12T11:16:24.187+0800][info] GC(517)   Merge Heap Roots: 0.1ms
[2024-10-12T11:16:24.187+0800][info] GC(517)   Evacuate Collection Set: 1.0ms
[2024-10-12T11:16:24.187+0800][info] GC(517)   Post Evacuate Collection Set: 0.2ms
[2024-10-12T11:16:24.187+0800][info] GC(517)   Other: 0.2ms
[2024-10-12T11:16:24.187+0800][info] GC(517) Eden regions: 2->0(2)
[2024-10-12T11:16:24.187+0800][info] GC(517) Survivor regions: 1->1(1)
[2024-10-12T11:16:24.187+0800][info] GC(517) Old regions: 48->50
[2024-10-12T11:16:24.187+0800][info] GC(517) Archive regions: 2->2
[2024-10-12T11:16:24.187+0800][info] GC(517) Humongous regions: 3->3
[2024-10-12T11:16:24.187+0800][info] GC(517) Metaspace: 1684K(1856K)->1684K(1856K) NonClass: 1559K(1664K)->1559K(1664K) Class: 124K(192K)->124K(192K)
[2024-10-12T11:16:24.187+0800][info] GC(517) Pause Young (Prepare Mixed) (G1 Evacuation Pause) 98M->98M(128M) 1.674ms
[2024-10-12T11:16:24.187+0800][info] GC(517) User=0.00s Sys=0.00s Real=0.00s
[2024-10-12T11:16:24.290+0800][info] GC(518) Pause Young (Mixed) (G1 Preventive Collection)
[2024-10-12T11:16:24.290+0800][info] GC(518) Using 3 workers of 48 for evacuation
[2024-10-12T11:16:24.295+0800][info] GC(518) To-space exhausted
[2024-10-12T11:16:24.295+0800][info] GC(518)   Pre Evacuate Collection Set: 0.2ms
[2024-10-12T11:16:24.295+0800][info] GC(518)   Merge Heap Roots: 0.1ms
[2024-10-12T11:16:24.295+0800][info] GC(518)   Evacuate Collection Set: 4.0ms
[2024-10-12T11:16:24.295+0800][info] GC(518)   Post Evacuate Collection Set: 1.1ms
[2024-10-12T11:16:24.295+0800][info] GC(518)   Other: 0.2ms
[2024-10-12T11:16:24.295+0800][info] GC(518) Eden regions: 2->0(2)
[2024-10-12T11:16:24.295+0800][info] GC(518) Survivor regions: 1->1(1)
[2024-10-12T11:16:24.295+0800][info] GC(518) Old regions: 50->55
[2024-10-12T11:16:24.295+0800][info] GC(518) Archive regions: 2->2
[2024-10-12T11:16:24.295+0800][info] GC(518) Humongous regions: 3->3
[2024-10-12T11:16:24.295+0800][info] GC(518) Metaspace: 1684K(1856K)->1684K(1856K) NonClass: 1559K(1664K)->1559K(1664K) Class: 124K(192K)->124K(192K)
[2024-10-12T11:16:24.295+0800][info] GC(518) Pause Young (Mixed) (G1 Preventive Collection) 101M->109M(128M) 5.652ms
[2024-10-12T11:16:24.295+0800][info] GC(518) User=0.01s Sys=0.01s Real=0.01s
[2024-10-12T11:16:24.357+0800][info] GC(519) Pause Young (Concurrent Start) (G1 Preventive Collection)
[2024-10-12T11:16:24.357+0800][info] GC(519) Using 3 workers of 48 for evacuation
[2024-10-12T11:16:24.359+0800][info] GC(519)   Pre Evacuate Collection Set: 0.1ms
[2024-10-12T11:16:24.359+0800][info] GC(519)   Merge Heap Roots: 0.1ms
[2024-10-12T11:16:24.359+0800][info] GC(519)   Evacuate Collection Set: 1.1ms
[2024-10-12T11:16:24.359+0800][info] GC(519)   Post Evacuate Collection Set: 0.2ms
[2024-10-12T11:16:24.359+0800][info] GC(519)   Other: 0.4ms
[2024-10-12T11:16:24.359+0800][info] GC(519) Eden regions: 1->0(2)
[2024-10-12T11:16:24.359+0800][info] GC(519) Survivor regions: 1->1(1)
[2024-10-12T11:16:24.359+0800][info] GC(519) Old regions: 55->56
[2024-10-12T11:16:24.359+0800][info] GC(519) Archive regions: 2->2
[2024-10-12T11:16:24.359+0800][info] GC(519) Humongous regions: 3->3
[2024-10-12T11:16:24.359+0800][info] GC(519) Metaspace: 1684K(1856K)->1684K(1856K) NonClass: 1559K(1664K)->1559K(1664K) Class: 124K(192K)->124K(192K)
[2024-10-12T11:16:24.359+0800][info] GC(519) Pause Young (Concurrent Start) (G1 Preventive Collection) 111M->111M(128M) 2.039ms
[2024-10-12T11:16:24.359+0800][info] GC(519) User=0.00s Sys=0.00s Real=0.00s
[2024-10-12T11:16:24.359+0800][info] GC(520) Concurrent Mark Cycle
[2024-10-12T11:16:24.359+0800][info] GC(520) Concurrent Clear Claimed Marks
[2024-10-12T11:16:24.359+0800][info] GC(520) Concurrent Clear Claimed Marks 0.015ms
[2024-10-12T11:16:24.359+0800][info] GC(520) Concurrent Scan Root Regions
[2024-10-12T11:16:24.359+0800][info] GC(520) Concurrent Scan Root Regions 0.141ms
[2024-10-12T11:16:24.359+0800][info] GC(520) Concurrent Mark
[2024-10-12T11:16:24.359+0800][info] GC(520) Concurrent Mark From Roots
[2024-10-12T11:16:24.359+0800][info] GC(520) Using 12 workers of 12 for marking
[2024-10-12T11:16:24.363+0800][info] GC(520) Concurrent Mark From Roots 3.682ms
[2024-10-12T11:16:24.363+0800][info] GC(520) Concurrent Preclean
[2024-10-12T11:16:24.364+0800][info] GC(520) Concurrent Preclean 1.661ms
[2024-10-12T11:16:24.364+0800][info] GC(520) Pause Remark
[2024-10-12T11:16:24.366+0800][info] GC(520) Pause Remark 111M->111M(128M) 1.664ms
[2024-10-12T11:16:24.366+0800][info] GC(520) User=0.00s Sys=0.00s Real=0.01s
[2024-10-12T11:16:24.366+0800][info] GC(520) Concurrent Mark 7.240ms
[2024-10-12T11:16:24.366+0800][info] GC(520) Concurrent Rebuild Remembered Sets
[2024-10-12T11:16:24.367+0800][info] GC(520) Concurrent Rebuild Remembered Sets 1.192ms
[2024-10-12T11:16:24.368+0800][info] GC(520) Pause Cleanup
[2024-10-12T11:16:24.368+0800][info] GC(520) Pause Cleanup 111M->111M(128M) 0.202ms
[2024-10-12T11:16:24.368+0800][info] GC(520) User=0.00s Sys=0.00s Real=0.00s
[2024-10-12T11:16:24.368+0800][info] GC(520) Concurrent Cleanup for Next Mark
[2024-10-12T11:16:24.368+0800][info] GC(520) Concurrent Cleanup for Next Mark 0.376ms
[2024-10-12T11:16:24.368+0800][info] GC(520) Concurrent Mark Cycle 9.479ms
[2024-10-12T11:16:24.451+0800][info] GC(521) Pause Young (Prepare Mixed) (G1 Preventive Collection)
[2024-10-12T11:16:24.451+0800][info] GC(521) Using 3 workers of 48 for evacuation
[2024-10-12T11:16:24.452+0800][info] GC(521) To-space exhausted
[2024-10-12T11:16:24.452+0800][info] GC(521)   Pre Evacuate Collection Set: 0.1ms
[2024-10-12T11:16:24.452+0800][info] GC(521)   Merge Heap Roots: 0.1ms
[2024-10-12T11:16:24.452+0800][info] GC(521)   Evacuate Collection Set: 0.4ms
[2024-10-12T11:16:24.452+0800][info] GC(521)   Post Evacuate Collection Set: 0.2ms
[2024-10-12T11:16:24.452+0800][info] GC(521)   Other: 0.2ms
[2024-10-12T11:16:24.452+0800][info] GC(521) Eden regions: 1->0(2)
[2024-10-12T11:16:24.452+0800][info] GC(521) Survivor regions: 1->1(1)
[2024-10-12T11:16:24.452+0800][info] GC(521) Old regions: 56->57
[2024-10-12T11:16:24.452+0800][info] GC(521) Archive regions: 2->2
[2024-10-12T11:16:24.452+0800][info] GC(521) Humongous regions: 3->3
[2024-10-12T11:16:24.452+0800][info] GC(521) Metaspace: 1684K(1856K)->1684K(1856K) NonClass: 1559K(1664K)->1559K(1664K) Class: 124K(192K)->124K(192K)
[2024-10-12T11:16:24.452+0800][info] GC(521) Pause Young (Prepare Mixed) (G1 Preventive Collection) 112M->112M(128M) 1.159ms
[2024-10-12T11:16:24.452+0800][info] GC(521) User=0.00s Sys=0.00s Real=0.00s
[2024-10-12T11:16:24.513+0800][info] GC(522) Pause Young (Mixed) (G1 Evacuation Pause)
[2024-10-12T11:16:24.513+0800][info] GC(522) Using 3 workers of 48 for evacuation
[2024-10-12T11:16:24.519+0800][info] GC(522) To-space exhausted
[2024-10-12T11:16:24.519+0800][info] GC(522)   Pre Evacuate Collection Set: 0.2ms
[2024-10-12T11:16:24.519+0800][info] GC(522)   Merge Heap Roots: 0.1ms
[2024-10-12T11:16:24.519+0800][info] GC(522)   Evacuate Collection Set: 2.8ms
[2024-10-12T11:16:24.519+0800][info] GC(522)   Post Evacuate Collection Set: 2.2ms
[2024-10-12T11:16:24.519+0800][info] GC(522)   Other: 0.2ms
[2024-10-12T11:16:24.519+0800][info] GC(522) Eden regions: 1->0(3)
[2024-10-12T11:16:24.519+0800][info] GC(522) Survivor regions: 1->0(0)
[2024-10-12T11:16:24.519+0800][info] GC(522) Old regions: 57->59
[2024-10-12T11:16:24.519+0800][info] GC(522) Archive regions: 2->2
[2024-10-12T11:16:24.519+0800][info] GC(522) Humongous regions: 3->3
[2024-10-12T11:16:24.519+0800][info] GC(522) Metaspace: 1684K(1856K)->1684K(1856K) NonClass: 1559K(1664K)->1559K(1664K) Class: 124K(192K)->124K(192K)
[2024-10-12T11:16:24.519+0800][info] GC(522) Pause Young (Mixed) (G1 Evacuation Pause) 114M->114M(128M) 5.625ms
[2024-10-12T11:16:24.519+0800][info] GC(522) User=0.01s Sys=0.00s Real=0.00s
[2024-10-12T11:16:24.519+0800][info] Attempting full compaction
[2024-10-12T11:16:24.519+0800][info] GC(523) Using 3 workers of 48 for full compaction
[2024-10-12T11:16:24.519+0800][info] GC(523) Pause Full (G1 Compaction Pause)
[2024-10-12T11:16:24.519+0800][info] GC(523) Phase 1: Mark live objects
[2024-10-12T11:16:24.523+0800][info] GC(523) Phase 1: Mark live objects 3.608ms
[2024-10-12T11:16:24.523+0800][info] GC(523) Phase 2: Prepare for compaction
[2024-10-12T11:16:24.523+0800][info] GC(523) Phase 2: Prepare for compaction 0.552ms
[2024-10-12T11:16:24.523+0800][info] GC(523) Phase 3: Adjust pointers
[2024-10-12T11:16:24.525+0800][info] GC(523) Phase 3: Adjust pointers 1.638ms
[2024-10-12T11:16:24.525+0800][info] GC(523) Phase 4: Compact heap
[2024-10-12T11:16:24.536+0800][info] GC(523) Phase 4: Compact heap 10.675ms
[2024-10-12T11:16:24.537+0800][info] GC(523) Eden regions: 0->0(3)
[2024-10-12T11:16:24.537+0800][info] GC(523) Survivor regions: 0->0(0)
[2024-10-12T11:16:24.537+0800][info] GC(523) Old regions: 59->39
[2024-10-12T11:16:24.537+0800][info] GC(523) Archive regions: 2->2
[2024-10-12T11:16:24.537+0800][info] GC(523) Humongous regions: 3->3
[2024-10-12T11:16:24.537+0800][info] GC(523) Metaspace: 1684K(1856K)->1684K(1856K) NonClass: 1559K(1664K)->1559K(1664K) Class: 124K(192K)->124K(192K)
[2024-10-12T11:16:24.537+0800][info] GC(523) Pause Full (G1 Compaction Pause) 114M->71M(128M) 18.148ms
[2024-10-12T11:16:24.537+0800][info] GC(523) User=0.05s Sys=0.00s Real=0.02s
[2024-10-12T11:16:24.701+0800][info] GC(524) Pause Young (Normal) (G1 Evacuation Pause)
[2024-10-12T11:16:24.701+0800][info] GC(524) Using 3 workers of 48 for evacuation
[2024-10-12T11:16:24.703+0800][info] GC(524)   Pre Evacuate Collection Set: 0.1ms
[2024-10-12T11:16:24.703+0800][info] GC(524)   Merge Heap Roots: 0.0ms
[2024-10-12T11:16:24.703+0800][info] GC(524)   Evacuate Collection Set: 1.0ms
[2024-10-12T11:16:24.703+0800][info] GC(524)   Post Evacuate Collection Set: 0.2ms
[2024-10-12T11:16:24.703+0800][info] GC(524)   Other: 0.3ms
[2024-10-12T11:16:24.703+0800][info] GC(524) Eden regions: 3->0(2)
[2024-10-12T11:16:24.703+0800][info] GC(524) Survivor regions: 0->1(1)
[2024-10-12T11:16:24.703+0800][info] GC(524) Old regions: 39->41
[2024-10-12T11:16:24.703+0800][info] GC(524) Archive regions: 2->2
[2024-10-12T11:16:24.703+0800][info] GC(524) Humongous regions: 3->3
[2024-10-12T11:16:24.703+0800][info] GC(524) Metaspace: 1684K(1856K)->1684K(1856K) NonClass: 1559K(1664K)->1559K(1664K) Class: 124K(192K)->124K(192K)
[2024-10-12T11:16:24.703+0800][info] GC(524) Pause Young (Normal) (G1 Evacuation Pause) 77M->77M(128M) 1.828ms
[2024-10-12T11:16:24.703+0800][info] GC(524) User=0.01s Sys=0.00s Real=0.00s
[2024-10-12T11:16:24.805+0800][info] GC(525) Pause Young (Normal) (G1 Evacuation Pause)
[2024-10-12T11:16:24.805+0800][info] GC(525) Using 3 workers of 48 for evacuation
[2024-10-12T11:16:24.807+0800][info] GC(525)   Pre Evacuate Collection Set: 0.1ms
[2024-10-12T11:16:24.807+0800][info] GC(525)   Merge Heap Roots: 0.0ms
[2024-10-12T11:16:24.807+0800][info] GC(525)   Evacuate Collection Set: 0.9ms
[2024-10-12T11:16:24.807+0800][info] GC(525)   Post Evacuate Collection Set: 0.2ms
[2024-10-12T11:16:24.807+0800][info] GC(525)   Other: 0.2ms
[2024-10-12T11:16:24.807+0800][info] GC(525) Eden regions: 2->0(2)
[2024-10-12T11:16:24.807+0800][info] GC(525) Survivor regions: 1->1(1)
[2024-10-12T11:16:24.807+0800][info] GC(525) Old regions: 41->44
[2024-10-12T11:16:24.807+0800][info] GC(525) Archive regions: 2->2
[2024-10-12T11:16:24.807+0800][info] GC(525) Humongous regions: 3->3
[2024-10-12T11:16:24.807+0800][info] GC(525) Metaspace: 1684K(1856K)->1684K(1856K) NonClass: 1559K(1664K)->1559K(1664K) Class: 124K(192K)->124K(192K)
[2024-10-12T11:16:24.807+0800][info] GC(525) Pause Young (Normal) (G1 Evacuation Pause) 81M->82M(128M) 1.597ms
[2024-10-12T11:16:24.807+0800][info] GC(525) User=0.00s Sys=0.00s Real=0.00s
[2024-10-12T11:16:24.909+0800][info] GC(526) Pause Young (Normal) (G1 Evacuation Pause)
[2024-10-12T11:16:24.909+0800][info] GC(526) Using 3 workers of 48 for evacuation
[2024-10-12T11:16:24.911+0800][info] GC(526)   Pre Evacuate Collection Set: 0.1ms
[2024-10-12T11:16:24.911+0800][info] GC(526)   Merge Heap Roots: 0.0ms
[2024-10-12T11:16:24.911+0800][info] GC(526)   Evacuate Collection Set: 0.9ms
[2024-10-12T11:16:24.911+0800][info] GC(526)   Post Evacuate Collection Set: 0.2ms
[2024-10-12T11:16:24.911+0800][info] GC(526)   Other: 0.2ms
[2024-10-12T11:16:24.911+0800][info] GC(526) Eden regions: 2->0(2)
[2024-10-12T11:16:24.911+0800][info] GC(526) Survivor regions: 1->1(1)
[2024-10-12T11:16:24.911+0800][info] GC(526) Old regions: 44->45
[2024-10-12T11:16:24.911+0800][info] GC(526) Archive regions: 2->2
[2024-10-12T11:16:24.911+0800][info] GC(526) Humongous regions: 3->3
[2024-10-12T11:16:24.911+0800][info] GC(526) Metaspace: 1684K(1856K)->1684K(1856K) NonClass: 1559K(1664K)->1559K(1664K) Class: 124K(192K)->124K(192K)
[2024-10-12T11:16:24.911+0800][info] GC(526) Pause Young (Normal) (G1 Evacuation Pause) 85M->85M(128M) 1.609ms
[2024-10-12T11:16:24.911+0800][info] GC(526) User=0.00s Sys=0.01s Real=0.00s
[2024-10-12T11:16:25.013+0800][info] GC(527) Pause Young (Normal) (G1 Evacuation Pause)
[2024-10-12T11:16:25.013+0800][info] GC(527) Using 3 workers of 48 for evacuation
[2024-10-12T11:16:25.015+0800][info] GC(527)   Pre Evacuate Collection Set: 0.1ms
[2024-10-12T11:16:25.015+0800][info] GC(527)   Merge Heap Roots: 0.1ms
[2024-10-12T11:16:25.015+0800][info] GC(527)   Evacuate Collection Set: 1.1ms
[2024-10-12T11:16:25.015+0800][info] GC(527)   Post Evacuate Collection Set: 0.2ms
[2024-10-12T11:16:25.015+0800][info] GC(527)   Other: 0.2ms
[2024-10-12T11:16:25.015+0800][info] GC(527) Eden regions: 2->0(2)
[2024-10-12T11:16:25.015+0800][info] GC(527) Survivor regions: 1->1(1)
[2024-10-12T11:16:25.015+0800][info] GC(527) Old regions: 45->47
[2024-10-12T11:16:25.015+0800][info] GC(527) Archive regions: 2->2
[2024-10-12T11:16:25.015+0800][info] GC(527) Humongous regions: 3->3
[2024-10-12T11:16:25.015+0800][info] GC(527) Metaspace: 1684K(1856K)->1684K(1856K) NonClass: 1559K(1664K)->1559K(1664K) Class: 124K(192K)->124K(192K)
[2024-10-12T11:16:25.015+0800][info] GC(527) Pause Young (Normal) (G1 Evacuation Pause) 89M->89M(128M) 1.706ms
[2024-10-12T11:16:25.015+0800][info] GC(527) User=0.01s Sys=0.00s Real=0.00s
[2024-10-12T11:16:25.117+0800][info] GC(528) Pause Young (Concurrent Start) (G1 Evacuation Pause)
[2024-10-12T11:16:25.117+0800][info] GC(528) Using 3 workers of 48 for evacuation
[2024-10-12T11:16:25.119+0800][info] GC(528)   Pre Evacuate Collection Set: 0.1ms
[2024-10-12T11:16:25.119+0800][info] GC(528)   Merge Heap Roots: 0.0ms
[2024-10-12T11:16:25.119+0800][info] GC(528)   Evacuate Collection Set: 1.1ms
[2024-10-12T11:16:25.119+0800][info] GC(528)   Post Evacuate Collection Set: 0.2ms
[2024-10-12T11:16:25.119+0800][info] GC(528)   Other: 0.4ms
[2024-10-12T11:16:25.119+0800][info] GC(528) Eden regions: 2->0(2)
[2024-10-12T11:16:25.119+0800][info] GC(528) Survivor regions: 1->1(1)
[2024-10-12T11:16:25.119+0800][info] GC(528) Old regions: 47->49
[2024-10-12T11:16:25.119+0800][info] GC(528) Archive regions: 2->2
[2024-10-12T11:16:25.119+0800][info] GC(528) Humongous regions: 3->3
[2024-10-12T11:16:25.119+0800][info] GC(528) Metaspace: 1684K(1856K)->1684K(1856K) NonClass: 1559K(1664K)->1559K(1664K) Class: 124K(192K)->124K(192K)
[2024-10-12T11:16:25.119+0800][info] GC(528) Pause Young (Concurrent Start) (G1 Evacuation Pause) 92M->93M(128M) 2.016ms
[2024-10-12T11:16:25.119+0800][info] GC(528) User=0.00s Sys=0.00s Real=0.00s
[2024-10-12T11:16:25.119+0800][info] GC(529) Concurrent Mark Cycle
[2024-10-12T11:16:25.119+0800][info] GC(529) Concurrent Clear Claimed Marks
[2024-10-12T11:16:25.119+0800][info] GC(529) Concurrent Clear Claimed Marks 0.015ms
[2024-10-12T11:16:25.119+0800][info] GC(529) Concurrent Scan Root Regions
[2024-10-12T11:16:25.119+0800][info] GC(529) Concurrent Scan Root Regions 0.113ms
[2024-10-12T11:16:25.119+0800][info] GC(529) Concurrent Mark
[2024-10-12T11:16:25.119+0800][info] GC(529) Concurrent Mark From Roots
[2024-10-12T11:16:25.119+0800][info] GC(529) Using 12 workers of 12 for marking
[2024-10-12T11:16:25.124+0800][info] GC(529) Concurrent Mark From Roots 4.124ms
[2024-10-12T11:16:25.124+0800][info] GC(529) Concurrent Preclean
[2024-10-12T11:16:25.125+0800][info] GC(529) Concurrent Preclean 1.675ms
[2024-10-12T11:16:25.125+0800][info] GC(529) Pause Remark
[2024-10-12T11:16:25.127+0800][info] GC(529) Pause Remark 93M->93M(128M) 1.777ms
[2024-10-12T11:16:25.127+0800][info] GC(529) User=0.00s Sys=0.01s Real=0.00s
[2024-10-12T11:16:25.127+0800][info] GC(529) Concurrent Mark 7.753ms
[2024-10-12T11:16:25.127+0800][info] GC(529) Concurrent Rebuild Remembered Sets
[2024-10-12T11:16:25.128+0800][info] GC(529) Concurrent Rebuild Remembered Sets 1.233ms
[2024-10-12T11:16:25.129+0800][info] GC(529) Pause Cleanup
[2024-10-12T11:16:25.129+0800][info] GC(529) Pause Cleanup 93M->93M(128M) 0.172ms
[2024-10-12T11:16:25.129+0800][info] GC(529) User=0.00s Sys=0.00s Real=0.00s
[2024-10-12T11:16:25.129+0800][info] GC(529) Concurrent Cleanup for Next Mark
[2024-10-12T11:16:25.129+0800][info] GC(529) Concurrent Cleanup for Next Mark 0.374ms
[2024-10-12T11:16:25.129+0800][info] GC(529) Concurrent Mark Cycle 9.986ms
[2024-10-12T11:16:25.273+0800][info] GC(530) Pause Young (Prepare Mixed) (G1 Evacuation Pause)
[2024-10-12T11:16:25.273+0800][info] GC(530) Using 3 workers of 48 for evacuation
[2024-10-12T11:16:25.274+0800][info] GC(530)   Pre Evacuate Collection Set: 0.1ms
[2024-10-12T11:16:25.274+0800][info] GC(530)   Merge Heap Roots: 0.1ms
[2024-10-12T11:16:25.274+0800][info] GC(530)   Evacuate Collection Set: 1.2ms
[2024-10-12T11:16:25.274+0800][info] GC(530)   Post Evacuate Collection Set: 0.2ms
[2024-10-12T11:16:25.274+0800][info] GC(530)   Other: 0.2ms
[2024-10-12T11:16:25.274+0800][info] GC(530) Eden regions: 2->0(2)
[2024-10-12T11:16:25.274+0800][info] GC(530) Survivor regions: 1->1(1)
[2024-10-12T11:16:25.274+0800][info] GC(530) Old regions: 49->51
[2024-10-12T11:16:25.274+0800][info] GC(530) Archive regions: 2->2
[2024-10-12T11:16:25.274+0800][info] GC(530) Humongous regions: 3->3
[2024-10-12T11:16:25.274+0800][info] GC(530) Metaspace: 1684K(1856K)->1684K(1856K) NonClass: 1559K(1664K)->1559K(1664K) Class: 124K(192K)->124K(192K)
[2024-10-12T11:16:25.274+0800][info] GC(530) Pause Young (Prepare Mixed) (G1 Evacuation Pause) 96M->97M(128M) 1.889ms
[2024-10-12T11:16:25.274+0800][info] GC(530) User=0.00s Sys=0.00s Real=0.01s
[2024-10-12T11:16:25.377+0800][info] GC(531) Pause Young (Mixed) (G1 Preventive Collection)
[2024-10-12T11:16:25.377+0800][info] GC(531) Using 3 workers of 48 for evacuation
[2024-10-12T11:16:25.382+0800][info] GC(531) To-space exhausted
[2024-10-12T11:16:25.382+0800][info] GC(531)   Pre Evacuate Collection Set: 0.2ms
[2024-10-12T11:16:25.382+0800][info] GC(531)   Merge Heap Roots: 0.1ms
[2024-10-12T11:16:25.382+0800][info] GC(531)   Evacuate Collection Set: 3.7ms
[2024-10-12T11:16:25.382+0800][info] GC(531)   Post Evacuate Collection Set: 1.2ms
[2024-10-12T11:16:25.382+0800][info] GC(531)   Other: 0.2ms
[2024-10-12T11:16:25.382+0800][info] GC(531) Eden regions: 2->0(2)
[2024-10-12T11:16:25.382+0800][info] GC(531) Survivor regions: 1->1(1)
[2024-10-12T11:16:25.382+0800][info] GC(531) Old regions: 51->57
[2024-10-12T11:16:25.382+0800][info] GC(531) Archive regions: 2->2
[2024-10-12T11:16:25.382+0800][info] GC(531) Humongous regions: 3->3
[2024-10-12T11:16:25.382+0800][info] GC(531) Metaspace: 1684K(1856K)->1684K(1856K) NonClass: 1559K(1664K)->1559K(1664K) Class: 124K(192K)->124K(192K)
[2024-10-12T11:16:25.382+0800][info] GC(531) Pause Young (Mixed) (G1 Preventive Collection) 100M->109M(128M) 5.502ms
[2024-10-12T11:16:25.382+0800][info] GC(531) User=0.01s Sys=0.00s Real=0.00s
[2024-10-12T11:16:25.444+0800][info] GC(532) Pause Young (Concurrent Start) (G1 Evacuation Pause)
[2024-10-12T11:16:25.444+0800][info] GC(532) Using 3 workers of 48 for evacuation
[2024-10-12T11:16:25.445+0800][info] GC(532) To-space exhausted
[2024-10-12T11:16:25.445+0800][info] GC(532)   Pre Evacuate Collection Set: 0.1ms
[2024-10-12T11:16:25.445+0800][info] GC(532)   Merge Heap Roots: 0.1ms
[2024-10-12T11:16:25.445+0800][info] GC(532)   Evacuate Collection Set: 0.5ms
[2024-10-12T11:16:25.445+0800][info] GC(532)   Post Evacuate Collection Set: 0.2ms
[2024-10-12T11:16:25.445+0800][info] GC(532)   Other: 0.3ms
[2024-10-12T11:16:25.445+0800][info] GC(532) Eden regions: 1->0(3)
[2024-10-12T11:16:25.445+0800][info] GC(532) Survivor regions: 1->0(0)
[2024-10-12T11:16:25.445+0800][info] GC(532) Old regions: 57->59
[2024-10-12T11:16:25.445+0800][info] GC(532) Archive regions: 2->2
[2024-10-12T11:16:25.445+0800][info] GC(532) Humongous regions: 3->3
[2024-10-12T11:16:25.445+0800][info] GC(532) Metaspace: 1684K(1856K)->1684K(1856K) NonClass: 1559K(1664K)->1559K(1664K) Class: 124K(192K)->124K(192K)
[2024-10-12T11:16:25.445+0800][info] GC(532) Pause Young (Concurrent Start) (G1 Evacuation Pause) 111M->111M(128M) 1.405ms
[2024-10-12T11:16:25.445+0800][info] GC(532) User=0.00s Sys=0.00s Real=0.00s
[2024-10-12T11:16:25.445+0800][info] Attempting full compaction
[2024-10-12T11:16:25.445+0800][info] GC(533) Concurrent Mark Cycle
[2024-10-12T11:16:25.445+0800][info] GC(533) Concurrent Clear Claimed Marks
[2024-10-12T11:16:25.445+0800][info] GC(534) Using 3 workers of 48 for full compaction
[2024-10-12T11:16:25.445+0800][info] GC(533) Concurrent Clear Claimed Marks 0.019ms
[2024-10-12T11:16:25.445+0800][info] GC(533) Concurrent Scan Root Regions
[2024-10-12T11:16:25.445+0800][info] GC(533) Concurrent Scan Root Regions 0.010ms
[2024-10-12T11:16:25.445+0800][info] GC(533) Concurrent Mark
[2024-10-12T11:16:25.445+0800][info] GC(533) Concurrent Mark From Roots
[2024-10-12T11:16:25.445+0800][info] GC(533) Using 12 workers of 12 for marking
[2024-10-12T11:16:25.445+0800][info] GC(534) Pause Full (G1 Compaction Pause)
[2024-10-12T11:16:25.446+0800][info] GC(534) Phase 1: Mark live objects
[2024-10-12T11:16:25.449+0800][info] GC(534) Phase 1: Mark live objects 3.246ms
[2024-10-12T11:16:25.449+0800][info] GC(534) Phase 2: Prepare for compaction
[2024-10-12T11:16:25.450+0800][info] GC(534) Phase 2: Prepare for compaction 0.699ms
[2024-10-12T11:16:25.450+0800][info] GC(534) Phase 3: Adjust pointers
[2024-10-12T11:16:25.451+0800][info] GC(534) Phase 3: Adjust pointers 1.798ms
[2024-10-12T11:16:25.452+0800][info] GC(534) Phase 4: Compact heap
[2024-10-12T11:16:25.464+0800][info] GC(534) Phase 4: Compact heap 12.682ms
[2024-10-12T11:16:25.466+0800][info] GC(534) Eden regions: 0->0(4)
[2024-10-12T11:16:25.466+0800][info] GC(534) Survivor regions: 0->0(0)
[2024-10-12T11:16:25.466+0800][info] GC(534) Old regions: 59->38
[2024-10-12T11:16:25.466+0800][info] GC(534) Archive regions: 2->2
[2024-10-12T11:16:25.466+0800][info] GC(534) Humongous regions: 3->3
[2024-10-12T11:16:25.466+0800][info] GC(534) Metaspace: 1684K(1856K)->1684K(1856K) NonClass: 1559K(1664K)->1559K(1664K) Class: 124K(192K)->124K(192K)
[2024-10-12T11:16:25.466+0800][info] GC(534) Pause Full (G1 Compaction Pause) 111M->71M(128M) 20.675ms
[2024-10-12T11:16:25.466+0800][info] GC(534) User=0.05s Sys=0.00s Real=0.02s
[2024-10-12T11:16:25.466+0800][info] GC(533) Concurrent Mark From Roots 20.982ms
[2024-10-12T11:16:25.466+0800][info] GC(533) Concurrent Mark Abort
[2024-10-12T11:16:25.466+0800][info] GC(533) Concurrent Mark Cycle 21.217ms
[2024-10-12T11:16:25.671+0800][info] GC(535) Pause Young (Normal) (G1 Evacuation Pause)
[2024-10-12T11:16:25.671+0800][info] GC(535) Using 3 workers of 48 for evacuation
[2024-10-12T11:16:25.673+0800][info] GC(535)   Pre Evacuate Collection Set: 0.1ms
[2024-10-12T11:16:25.673+0800][info] GC(535)   Merge Heap Roots: 0.0ms
[2024-10-12T11:16:25.673+0800][info] GC(535)   Evacuate Collection Set: 1.4ms
[2024-10-12T11:16:25.673+0800][info] GC(535)   Post Evacuate Collection Set: 0.2ms
[2024-10-12T11:16:25.673+0800][info] GC(535)   Other: 0.2ms
[2024-10-12T11:16:25.673+0800][info] GC(535) Eden regions: 4->0(2)
[2024-10-12T11:16:25.673+0800][info] GC(535) Survivor regions: 0->1(1)
[2024-10-12T11:16:25.673+0800][info] GC(535) Old regions: 38->41
[2024-10-12T11:16:25.673+0800][info] GC(535) Archive regions: 2->2
[2024-10-12T11:16:25.673+0800][info] GC(535) Humongous regions: 3->3
[2024-10-12T11:16:25.673+0800][info] GC(535) Metaspace: 1684K(1856K)->1684K(1856K) NonClass: 1559K(1664K)->1559K(1664K) Class: 124K(192K)->124K(192K)
[2024-10-12T11:16:25.673+0800][info] GC(535) Pause Young (Normal) (G1 Evacuation Pause) 78M->79M(128M) 2.142ms
[2024-10-12T11:16:25.673+0800][info] GC(535) User=0.00s Sys=0.00s Real=0.00s
[2024-10-12T11:16:25.776+0800][info] GC(536) Pause Young (Normal) (G1 Evacuation Pause)
[2024-10-12T11:16:25.776+0800][info] GC(536) Using 3 workers of 48 for evacuation
[2024-10-12T11:16:25.778+0800][info] GC(536)   Pre Evacuate Collection Set: 0.1ms
[2024-10-12T11:16:25.778+0800][info] GC(536)   Merge Heap Roots: 0.0ms
[2024-10-12T11:16:25.778+0800][info] GC(536)   Evacuate Collection Set: 1.0ms
[2024-10-12T11:16:25.778+0800][info] GC(536)   Post Evacuate Collection Set: 0.2ms
[2024-10-12T11:16:25.778+0800][info] GC(536)   Other: 0.2ms
[2024-10-12T11:16:25.778+0800][info] GC(536) Eden regions: 2->0(2)
[2024-10-12T11:16:25.778+0800][info] GC(536) Survivor regions: 1->1(1)
[2024-10-12T11:16:25.778+0800][info] GC(536) Old regions: 41->43
[2024-10-12T11:16:25.778+0800][info] GC(536) Archive regions: 2->2
[2024-10-12T11:16:25.778+0800][info] GC(536) Humongous regions: 4->4
[2024-10-12T11:16:25.778+0800][info] GC(536) Metaspace: 1690K(1856K)->1690K(1856K) NonClass: 1566K(1664K)->1566K(1664K) Class: 124K(192K)->124K(192K)
[2024-10-12T11:16:25.778+0800][info] GC(536) Pause Young (Normal) (G1 Evacuation Pause) 84M->85M(128M) 1.689ms
[2024-10-12T11:16:25.778+0800][info] GC(536) User=0.00s Sys=0.00s Real=0.00s
[2024-10-12T11:16:25.880+0800][info] GC(537) Pause Young (Normal) (G1 Evacuation Pause)
[2024-10-12T11:16:25.880+0800][info] GC(537) Using 3 workers of 48 for evacuation
[2024-10-12T11:16:25.882+0800][info] GC(537)   Pre Evacuate Collection Set: 0.1ms
[2024-10-12T11:16:25.882+0800][info] GC(537)   Merge Heap Roots: 0.1ms
[2024-10-12T11:16:25.882+0800][info] GC(537)   Evacuate Collection Set: 1.0ms
[2024-10-12T11:16:25.882+0800][info] GC(537)   Post Evacuate Collection Set: 0.2ms
[2024-10-12T11:16:25.882+0800][info] GC(537)   Other: 0.2ms
[2024-10-12T11:16:25.882+0800][info] GC(537) Eden regions: 2->0(2)
[2024-10-12T11:16:25.882+0800][info] GC(537) Survivor regions: 1->1(1)
[2024-10-12T11:16:25.882+0800][info] GC(537) Old regions: 43->45
[2024-10-12T11:16:25.882+0800][info] GC(537) Archive regions: 2->2
[2024-10-12T11:16:25.882+0800][info] GC(537) Humongous regions: 4->4
[2024-10-12T11:16:25.882+0800][info] GC(537) Metaspace: 1690K(1856K)->1690K(1856K) NonClass: 1566K(1664K)->1566K(1664K) Class: 124K(192K)->124K(192K)
[2024-10-12T11:16:25.882+0800][info] GC(537) Pause Young (Normal) (G1 Evacuation Pause) 88M->88M(128M) 1.792ms
[2024-10-12T11:16:25.882+0800][info] GC(537) User=0.00s Sys=0.00s Real=0.00s
[2024-10-12T11:16:25.984+0800][info] GC(538) Pause Young (Concurrent Start) (G1 Evacuation Pause)
[2024-10-12T11:16:25.984+0800][info] GC(538) Using 3 workers of 48 for evacuation
[2024-10-12T11:16:25.986+0800][info] GC(538)   Pre Evacuate Collection Set: 0.1ms
[2024-10-12T11:16:25.986+0800][info] GC(538)   Merge Heap Roots: 0.1ms
[2024-10-12T11:16:25.986+0800][info] GC(538)   Evacuate Collection Set: 1.2ms
[2024-10-12T11:16:25.986+0800][info] GC(538)   Post Evacuate Collection Set: 0.2ms
[2024-10-12T11:16:25.986+0800][info] GC(538)   Other: 0.4ms
[2024-10-12T11:16:25.986+0800][info] GC(538) Eden regions: 2->0(2)
[2024-10-12T11:16:25.986+0800][info] GC(538) Survivor regions: 1->1(1)
[2024-10-12T11:16:25.986+0800][info] GC(538) Old regions: 45->47
[2024-10-12T11:16:25.986+0800][info] GC(538) Archive regions: 2->2
[2024-10-12T11:16:25.986+0800][info] GC(538) Humongous regions: 4->4
[2024-10-12T11:16:25.986+0800][info] GC(538) Metaspace: 1695K(1856K)->1695K(1856K) NonClass: 1571K(1664K)->1571K(1664K) Class: 124K(192K)->124K(192K)
[2024-10-12T11:16:25.986+0800][info] GC(538) Pause Young (Concurrent Start) (G1 Evacuation Pause) 92M->92M(128M) 2.031ms
[2024-10-12T11:16:25.986+0800][info] GC(538) User=0.00s Sys=0.00s Real=0.01s
[2024-10-12T11:16:25.986+0800][info] GC(539) Concurrent Mark Cycle
[2024-10-12T11:16:25.986+0800][info] GC(539) Concurrent Clear Claimed Marks
[2024-10-12T11:16:25.986+0800][info] GC(539) Concurrent Clear Claimed Marks 0.015ms
[2024-10-12T11:16:25.986+0800][info] GC(539) Concurrent Scan Root Regions
[2024-10-12T11:16:25.987+0800][info] GC(539) Concurrent Scan Root Regions 0.111ms
[2024-10-12T11:16:25.987+0800][info] GC(539) Concurrent Mark
[2024-10-12T11:16:25.987+0800][info] GC(539) Concurrent Mark From Roots
[2024-10-12T11:16:25.987+0800][info] GC(539) Using 12 workers of 12 for marking
[2024-10-12T11:16:25.990+0800][info] GC(539) Concurrent Mark From Roots 3.779ms
[2024-10-12T11:16:25.990+0800][info] GC(539) Concurrent Preclean
[2024-10-12T11:16:25.992+0800][info] GC(539) Concurrent Preclean 1.666ms
[2024-10-12T11:16:25.992+0800][info] GC(539) Pause Remark
[2024-10-12T11:16:25.994+0800][info] GC(539) Pause Remark 93M->91M(128M) 1.598ms
[2024-10-12T11:16:25.994+0800][info] GC(539) User=0.00s Sys=0.00s Real=0.01s
[2024-10-12T11:16:25.994+0800][info] GC(539) Concurrent Mark 7.237ms
[2024-10-12T11:16:25.994+0800][info] GC(539) Concurrent Rebuild Remembered Sets
[2024-10-12T11:16:25.995+0800][info] GC(539) Concurrent Rebuild Remembered Sets 1.188ms
[2024-10-12T11:16:25.995+0800][info] GC(539) Pause Cleanup
[2024-10-12T11:16:25.995+0800][info] GC(539) Pause Cleanup 91M->91M(128M) 0.163ms
[2024-10-12T11:16:25.995+0800][info] GC(539) User=0.00s Sys=0.00s Real=0.00s
[2024-10-12T11:16:25.995+0800][info] GC(539) Concurrent Cleanup for Next Mark
[2024-10-12T11:16:25.996+0800][info] GC(539) Concurrent Cleanup for Next Mark 0.395ms
[2024-10-12T11:16:25.996+0800][info] GC(539) Concurrent Mark Cycle 9.401ms
[2024-10-12T11:16:26.139+0800][info] GC(540) Pause Young (Prepare Mixed) (G1 Evacuation Pause)
[2024-10-12T11:16:26.139+0800][info] GC(540) Using 3 workers of 48 for evacuation
[2024-10-12T11:16:26.141+0800][info] GC(540)   Pre Evacuate Collection Set: 0.1ms
[2024-10-12T11:16:26.141+0800][info] GC(540)   Merge Heap Roots: 0.1ms
[2024-10-12T11:16:26.141+0800][info] GC(540)   Evacuate Collection Set: 1.0ms
[2024-10-12T11:16:26.141+0800][info] GC(540)   Post Evacuate Collection Set: 0.2ms
[2024-10-12T11:16:26.141+0800][info] GC(540)   Other: 0.2ms
[2024-10-12T11:16:26.141+0800][info] GC(540) Eden regions: 2->0(2)
[2024-10-12T11:16:26.141+0800][info] GC(540) Survivor regions: 1->1(1)
[2024-10-12T11:16:26.141+0800][info] GC(540) Old regions: 47->49
[2024-10-12T11:16:26.141+0800][info] GC(540) Archive regions: 2->2
[2024-10-12T11:16:26.141+0800][info] GC(540) Humongous regions: 3->3
[2024-10-12T11:16:26.141+0800][info] GC(540) Metaspace: 1695K(1856K)->1695K(1856K) NonClass: 1571K(1664K)->1571K(1664K) Class: 124K(192K)->124K(192K)
[2024-10-12T11:16:26.141+0800][info] GC(540) Pause Young (Prepare Mixed) (G1 Evacuation Pause) 94M->94M(128M) 1.832ms
[2024-10-12T11:16:26.141+0800][info] GC(540) User=0.00s Sys=0.00s Real=0.00s
[2024-10-12T11:16:26.244+0800][info] GC(541) Pause Young (Mixed) (G1 Evacuation Pause)
[2024-10-12T11:16:26.244+0800][info] GC(541) Using 3 workers of 48 for evacuation
[2024-10-12T11:16:26.249+0800][info] GC(541) To-space exhausted
[2024-10-12T11:16:26.249+0800][info] GC(541)   Pre Evacuate Collection Set: 0.2ms
[2024-10-12T11:16:26.249+0800][info] GC(541)   Merge Heap Roots: 0.1ms
[2024-10-12T11:16:26.249+0800][info] GC(541)   Evacuate Collection Set: 4.0ms
[2024-10-12T11:16:26.249+0800][info] GC(541)   Post Evacuate Collection Set: 1.1ms
[2024-10-12T11:16:26.249+0800][info] GC(541)   Other: 0.2ms
[2024-10-12T11:16:26.249+0800][info] GC(541) Eden regions: 2->0(2)
[2024-10-12T11:16:26.249+0800][info] GC(541) Survivor regions: 1->1(1)
[2024-10-12T11:16:26.249+0800][info] GC(541) Old regions: 49->58
[2024-10-12T11:16:26.249+0800][info] GC(541) Archive regions: 2->2
[2024-10-12T11:16:26.249+0800][info] GC(541) Humongous regions: 3->3
[2024-10-12T11:16:26.249+0800][info] GC(541) Metaspace: 1695K(1856K)->1695K(1856K) NonClass: 1571K(1664K)->1571K(1664K) Class: 124K(192K)->124K(192K)
[2024-10-12T11:16:26.249+0800][info] GC(541) Pause Young (Mixed) (G1 Evacuation Pause) 98M->112M(128M) 5.729ms
[2024-10-12T11:16:26.249+0800][info] GC(541) User=0.01s Sys=0.01s Real=0.01s
[2024-10-12T11:16:26.249+0800][info] Attempting full compaction
[2024-10-12T11:16:26.249+0800][info] GC(542) Using 3 workers of 48 for full compaction
[2024-10-12T11:16:26.250+0800][info] GC(542) Pause Full (G1 Compaction Pause)
[2024-10-12T11:16:26.250+0800][info] GC(542) Phase 1: Mark live objects
[2024-10-12T11:16:26.253+0800][info] GC(542) Phase 1: Mark live objects 3.693ms
[2024-10-12T11:16:26.253+0800][info] GC(542) Phase 2: Prepare for compaction
[2024-10-12T11:16:26.254+0800][info] GC(542) Phase 2: Prepare for compaction 0.492ms
[2024-10-12T11:16:26.254+0800][info] GC(542) Phase 3: Adjust pointers
[2024-10-12T11:16:26.256+0800][info] GC(542) Phase 3: Adjust pointers 1.738ms
[2024-10-12T11:16:26.256+0800][info] GC(542) Phase 4: Compact heap
[2024-10-12T11:16:26.266+0800][info] GC(542) Phase 4: Compact heap 9.981ms
[2024-10-12T11:16:26.267+0800][info] GC(542) Eden regions: 0->0(4)
[2024-10-12T11:16:26.267+0800][info] GC(542) Survivor regions: 1->0(1)
[2024-10-12T11:16:26.267+0800][info] GC(542) Old regions: 58->38
[2024-10-12T11:16:26.267+0800][info] GC(542) Archive regions: 2->2
[2024-10-12T11:16:26.267+0800][info] GC(542) Humongous regions: 3->3
[2024-10-12T11:16:26.267+0800][info] GC(542) Metaspace: 1695K(1856K)->1695K(1856K) NonClass: 1571K(1664K)->1571K(1664K) Class: 124K(192K)->124K(192K)
[2024-10-12T11:16:26.267+0800][info] GC(542) Pause Full (G1 Compaction Pause) 112M->71M(128M) 17.581ms
[2024-10-12T11:16:26.267+0800][info] GC(542) User=0.04s Sys=0.00s Real=0.02s
[2024-10-12T11:16:26.492+0800][info] GC(543) Pause Young (Normal) (G1 Evacuation Pause)
[2024-10-12T11:16:26.492+0800][info] GC(543) Using 3 workers of 48 for evacuation
[2024-10-12T11:16:26.494+0800][info] GC(543)   Pre Evacuate Collection Set: 0.1ms
[2024-10-12T11:16:26.494+0800][info] GC(543)   Merge Heap Roots: 0.1ms
[2024-10-12T11:16:26.494+0800][info] GC(543)   Evacuate Collection Set: 1.4ms
[2024-10-12T11:16:26.494+0800][info] GC(543)   Post Evacuate Collection Set: 0.2ms
[2024-10-12T11:16:26.494+0800][info] GC(543)   Other: 0.2ms
[2024-10-12T11:16:26.494+0800][info] GC(543) Eden regions: 4->0(2)
[2024-10-12T11:16:26.494+0800][info] GC(543) Survivor regions: 0->1(1)
[2024-10-12T11:16:26.494+0800][info] GC(543) Old regions: 38->42
[2024-10-12T11:16:26.494+0800][info] GC(543) Archive regions: 2->2
[2024-10-12T11:16:26.494+0800][info] GC(543) Humongous regions: 3->3
[2024-10-12T11:16:26.494+0800][info] GC(543) Metaspace: 1695K(1856K)->1695K(1856K) NonClass: 1571K(1664K)->1571K(1664K) Class: 124K(192K)->124K(192K)
[2024-10-12T11:16:26.494+0800][info] GC(543) Pause Young (Normal) (G1 Evacuation Pause) 79M->79M(128M) 2.215ms
[2024-10-12T11:16:26.494+0800][info] GC(543) User=0.00s Sys=0.00s Real=0.01s
[2024-10-12T11:16:26.597+0800][info] GC(544) Pause Young (Normal) (G1 Evacuation Pause)
[2024-10-12T11:16:26.597+0800][info] GC(544) Using 3 workers of 48 for evacuation
[2024-10-12T11:16:26.599+0800][info] GC(544)   Pre Evacuate Collection Set: 0.1ms
[2024-10-12T11:16:26.599+0800][info] GC(544)   Merge Heap Roots: 0.1ms
[2024-10-12T11:16:26.599+0800][info] GC(544)   Evacuate Collection Set: 1.1ms
[2024-10-12T11:16:26.599+0800][info] GC(544)   Post Evacuate Collection Set: 0.2ms
[2024-10-12T11:16:26.599+0800][info] GC(544)   Other: 0.2ms
[2024-10-12T11:16:26.599+0800][info] GC(544) Eden regions: 2->0(2)
[2024-10-12T11:16:26.599+0800][info] GC(544) Survivor regions: 1->1(1)
[2024-10-12T11:16:26.599+0800][info] GC(544) Old regions: 42->44
[2024-10-12T11:16:26.599+0800][info] GC(544) Archive regions: 2->2
[2024-10-12T11:16:26.599+0800][info] GC(544) Humongous regions: 3->3
[2024-10-12T11:16:26.599+0800][info] GC(544) Metaspace: 1695K(1856K)->1695K(1856K) NonClass: 1571K(1664K)->1571K(1664K) Class: 124K(192K)->124K(192K)
[2024-10-12T11:16:26.599+0800][info] GC(544) Pause Young (Normal) (G1 Evacuation Pause) 83M->83M(128M) 1.881ms
[2024-10-12T11:16:26.599+0800][info] GC(544) User=0.01s Sys=0.00s Real=0.00s
[2024-10-12T11:16:26.701+0800][info] GC(545) Pause Young (Normal) (G1 Evacuation Pause)
[2024-10-12T11:16:26.701+0800][info] GC(545) Using 3 workers of 48 for evacuation
[2024-10-12T11:16:26.702+0800][info] GC(545)   Pre Evacuate Collection Set: 0.1ms
[2024-10-12T11:16:26.702+0800][info] GC(545)   Merge Heap Roots: 0.1ms
[2024-10-12T11:16:26.702+0800][info] GC(545)   Evacuate Collection Set: 1.0ms
[2024-10-12T11:16:26.702+0800][info] GC(545)   Post Evacuate Collection Set: 0.2ms
[2024-10-12T11:16:26.702+0800][info] GC(545)   Other: 0.2ms
[2024-10-12T11:16:26.702+0800][info] GC(545) Eden regions: 2->0(2)
[2024-10-12T11:16:26.703+0800][info] GC(545) Survivor regions: 1->1(1)
[2024-10-12T11:16:26.703+0800][info] GC(545) Old regions: 44->46
[2024-10-12T11:16:26.703+0800][info] GC(545) Archive regions: 2->2
[2024-10-12T11:16:26.703+0800][info] GC(545) Humongous regions: 3->3
[2024-10-12T11:16:26.703+0800][info] GC(545) Metaspace: 1695K(1856K)->1695K(1856K) NonClass: 1571K(1664K)->1571K(1664K) Class: 124K(192K)->124K(192K)
[2024-10-12T11:16:26.703+0800][info] GC(545) Pause Young (Normal) (G1 Evacuation Pause) 87M->87M(128M) 1.735ms
[2024-10-12T11:16:26.703+0800][info] GC(545) User=0.00s Sys=0.01s Real=0.00s
[2024-10-12T11:16:26.805+0800][info] GC(546) Pause Young (Concurrent Start) (G1 Evacuation Pause)
[2024-10-12T11:16:26.805+0800][info] GC(546) Using 3 workers of 48 for evacuation
[2024-10-12T11:16:26.807+0800][info] GC(546)   Pre Evacuate Collection Set: 0.1ms
[2024-10-12T11:16:26.807+0800][info] GC(546)   Merge Heap Roots: 0.1ms
[2024-10-12T11:16:26.807+0800][info] GC(546)   Evacuate Collection Set: 1.1ms
[2024-10-12T11:16:26.807+0800][info] GC(546)   Post Evacuate Collection Set: 0.2ms
[2024-10-12T11:16:26.807+0800][info] GC(546)   Other: 0.4ms
[2024-10-12T11:16:26.807+0800][info] GC(546) Eden regions: 2->0(2)
[2024-10-12T11:16:26.807+0800][info] GC(546) Survivor regions: 1->1(1)
[2024-10-12T11:16:26.807+0800][info] GC(546) Old regions: 46->47
[2024-10-12T11:16:26.807+0800][info] GC(546) Archive regions: 2->2
[2024-10-12T11:16:26.807+0800][info] GC(546) Humongous regions: 3->3
[2024-10-12T11:16:26.807+0800][info] GC(546) Metaspace: 1695K(1856K)->1695K(1856K) NonClass: 1571K(1664K)->1571K(1664K) Class: 124K(192K)->124K(192K)
[2024-10-12T11:16:26.807+0800][info] GC(546) Pause Young (Concurrent Start) (G1 Evacuation Pause) 91M->91M(128M) 1.982ms
[2024-10-12T11:16:26.807+0800][info] GC(546) User=0.00s Sys=0.00s Real=0.01s
[2024-10-12T11:16:26.807+0800][info] GC(547) Concurrent Mark Cycle
[2024-10-12T11:16:26.807+0800][info] GC(547) Concurrent Clear Claimed Marks
[2024-10-12T11:16:26.807+0800][info] GC(547) Concurrent Clear Claimed Marks 0.015ms
[2024-10-12T11:16:26.807+0800][info] GC(547) Concurrent Scan Root Regions
[2024-10-12T11:16:26.807+0800][info] GC(547) Concurrent Scan Root Regions 0.107ms
[2024-10-12T11:16:26.807+0800][info] GC(547) Concurrent Mark
[2024-10-12T11:16:26.807+0800][info] GC(547) Concurrent Mark From Roots
[2024-10-12T11:16:26.807+0800][info] GC(547) Using 12 workers of 12 for marking
[2024-10-12T11:16:26.811+0800][info] GC(547) Concurrent Mark From Roots 3.410ms
[2024-10-12T11:16:26.811+0800][info] GC(547) Concurrent Preclean
[2024-10-12T11:16:26.812+0800][info] GC(547) Concurrent Preclean 1.662ms
[2024-10-12T11:16:26.812+0800][info] GC(547) Pause Remark
[2024-10-12T11:16:26.814+0800][info] GC(547) Pause Remark 91M->91M(128M) 1.726ms
[2024-10-12T11:16:26.814+0800][info] GC(547) User=0.00s Sys=0.00s Real=0.01s
[2024-10-12T11:16:26.814+0800][info] GC(547) Concurrent Mark 7.030ms
[2024-10-12T11:16:26.814+0800][info] GC(547) Concurrent Rebuild Remembered Sets
[2024-10-12T11:16:26.815+0800][info] GC(547) Concurrent Rebuild Remembered Sets 0.984ms
[2024-10-12T11:16:26.815+0800][info] GC(547) Pause Cleanup
[2024-10-12T11:16:26.815+0800][info] GC(547) Pause Cleanup 91M->91M(128M) 0.179ms
[2024-10-12T11:16:26.816+0800][info] GC(547) User=0.00s Sys=0.00s Real=0.00s
[2024-10-12T11:16:26.816+0800][info] GC(547) Concurrent Cleanup for Next Mark
[2024-10-12T11:16:26.816+0800][info] GC(547) Concurrent Cleanup for Next Mark 0.375ms
[2024-10-12T11:16:26.816+0800][info] GC(547) Concurrent Mark Cycle 9.024ms
[2024-10-12T11:16:26.960+0800][info] GC(548) Pause Young (Prepare Mixed) (G1 Evacuation Pause)
[2024-10-12T11:16:26.960+0800][info] GC(548) Using 3 workers of 48 for evacuation
[2024-10-12T11:16:26.961+0800][info] GC(548)   Pre Evacuate Collection Set: 0.1ms
[2024-10-12T11:16:26.961+0800][info] GC(548)   Merge Heap Roots: 0.1ms
[2024-10-12T11:16:26.961+0800][info] GC(548)   Evacuate Collection Set: 1.1ms
[2024-10-12T11:16:26.961+0800][info] GC(548)   Post Evacuate Collection Set: 0.2ms
[2024-10-12T11:16:26.961+0800][info] GC(548)   Other: 0.2ms
[2024-10-12T11:16:26.961+0800][info] GC(548) Eden regions: 2->0(2)
[2024-10-12T11:16:26.961+0800][info] GC(548) Survivor regions: 1->1(1)
[2024-10-12T11:16:26.962+0800][info] GC(548) Old regions: 47->49
[2024-10-12T11:16:26.962+0800][info] GC(548) Archive regions: 2->2
[2024-10-12T11:16:26.962+0800][info] GC(548) Humongous regions: 3->3
[2024-10-12T11:16:26.962+0800][info] GC(548) Metaspace: 1695K(1856K)->1695K(1856K) NonClass: 1571K(1664K)->1571K(1664K) Class: 124K(192K)->124K(192K)
[2024-10-12T11:16:26.962+0800][info] GC(548) Pause Young (Prepare Mixed) (G1 Evacuation Pause) 94M->94M(128M) 1.803ms
[2024-10-12T11:16:26.962+0800][info] GC(548) User=0.00s Sys=0.00s Real=0.00s
[2024-10-12T11:16:27.064+0800][info] GC(549) Pause Young (Mixed) (G1 Evacuation Pause)
[2024-10-12T11:16:27.064+0800][info] GC(549) Using 3 workers of 48 for evacuation
[2024-10-12T11:16:27.070+0800][info] GC(549) To-space exhausted
[2024-10-12T11:16:27.070+0800][info] GC(549)   Pre Evacuate Collection Set: 0.2ms
[2024-10-12T11:16:27.070+0800][info] GC(549)   Merge Heap Roots: 0.1ms
[2024-10-12T11:16:27.070+0800][info] GC(549)   Evacuate Collection Set: 3.8ms
[2024-10-12T11:16:27.070+0800][info] GC(549)   Post Evacuate Collection Set: 1.1ms
[2024-10-12T11:16:27.070+0800][info] GC(549)   Other: 0.3ms
[2024-10-12T11:16:27.070+0800][info] GC(549) Eden regions: 2->0(2)
[2024-10-12T11:16:27.070+0800][info] GC(549) Survivor regions: 1->1(1)
[2024-10-12T11:16:27.070+0800][info] GC(549) Old regions: 49->58
[2024-10-12T11:16:27.070+0800][info] GC(549) Archive regions: 2->2
[2024-10-12T11:16:27.070+0800][info] GC(549) Humongous regions: 3->3
[2024-10-12T11:16:27.070+0800][info] GC(549) Metaspace: 1695K(1856K)->1695K(1856K) NonClass: 1571K(1664K)->1571K(1664K) Class: 124K(192K)->124K(192K)
[2024-10-12T11:16:27.070+0800][info] GC(549) Pause Young (Mixed) (G1 Evacuation Pause) 98M->112M(128M) 5.580ms
[2024-10-12T11:16:27.070+0800][info] GC(549) User=0.01s Sys=0.00s Real=0.01s
[2024-10-12T11:16:27.070+0800][info] Attempting full compaction
[2024-10-12T11:16:27.070+0800][info] GC(550) Using 3 workers of 48 for full compaction
[2024-10-12T11:16:27.070+0800][info] GC(550) Pause Full (G1 Compaction Pause)
[2024-10-12T11:16:27.070+0800][info] GC(550) Phase 1: Mark live objects
[2024-10-12T11:16:27.073+0800][info] GC(550) Phase 1: Mark live objects 3.544ms
[2024-10-12T11:16:27.073+0800][info] GC(550) Phase 2: Prepare for compaction
[2024-10-12T11:16:27.074+0800][info] GC(550) Phase 2: Prepare for compaction 0.501ms
[2024-10-12T11:16:27.074+0800][info] GC(550) Phase 3: Adjust pointers
[2024-10-12T11:16:27.076+0800][info] GC(550) Phase 3: Adjust pointers 1.796ms
[2024-10-12T11:16:27.076+0800][info] GC(550) Phase 4: Compact heap
[2024-10-12T11:16:27.088+0800][info] GC(550) Phase 4: Compact heap 11.961ms
[2024-10-12T11:16:27.089+0800][info] GC(550) Eden regions: 0->0(4)
[2024-10-12T11:16:27.089+0800][info] GC(550) Survivor regions: 1->0(1)
[2024-10-12T11:16:27.089+0800][info] GC(550) Old regions: 58->38
[2024-10-12T11:16:27.089+0800][info] GC(550) Archive regions: 2->2
[2024-10-12T11:16:27.089+0800][info] GC(550) Humongous regions: 3->3
[2024-10-12T11:16:27.089+0800][info] GC(550) Metaspace: 1695K(1856K)->1695K(1856K) NonClass: 1571K(1664K)->1571K(1664K) Class: 124K(192K)->124K(192K)
[2024-10-12T11:16:27.089+0800][info] GC(550) Pause Full (G1 Compaction Pause) 112M->72M(128M) 19.618ms
[2024-10-12T11:16:27.090+0800][info] GC(550) User=0.05s Sys=0.00s Real=0.02s
[2024-10-12T11:16:27.314+0800][info] GC(551) Pause Young (Normal) (G1 Evacuation Pause)
[2024-10-12T11:16:27.315+0800][info] GC(551) Using 3 workers of 48 for evacuation
[2024-10-12T11:16:27.316+0800][info] GC(551)   Pre Evacuate Collection Set: 0.1ms
[2024-10-12T11:16:27.316+0800][info] GC(551)   Merge Heap Roots: 0.1ms
[2024-10-12T11:16:27.316+0800][info] GC(551)   Evacuate Collection Set: 1.3ms
[2024-10-12T11:16:27.316+0800][info] GC(551)   Post Evacuate Collection Set: 0.2ms
[2024-10-12T11:16:27.316+0800][info] GC(551)   Other: 0.2ms
[2024-10-12T11:16:27.316+0800][info] GC(551) Eden regions: 4->0(2)
[2024-10-12T11:16:27.316+0800][info] GC(551) Survivor regions: 0->1(1)
[2024-10-12T11:16:27.316+0800][info] GC(551) Old regions: 38->41
[2024-10-12T11:16:27.316+0800][info] GC(551) Archive regions: 2->2
[2024-10-12T11:16:27.316+0800][info] GC(551) Humongous regions: 3->3
[2024-10-12T11:16:27.316+0800][info] GC(551) Metaspace: 1695K(1856K)->1695K(1856K) NonClass: 1571K(1664K)->1571K(1664K) Class: 124K(192K)->124K(192K)
[2024-10-12T11:16:27.316+0800][info] GC(551) Pause Young (Normal) (G1 Evacuation Pause) 80M->79M(128M) 1.997ms
[2024-10-12T11:16:27.317+0800][info] GC(551) User=0.00s Sys=0.00s Real=0.00s
[2024-10-12T11:16:27.419+0800][info] GC(552) Pause Young (Normal) (G1 Evacuation Pause)
[2024-10-12T11:16:27.419+0800][info] GC(552) Using 3 workers of 48 for evacuation
[2024-10-12T11:16:27.420+0800][info] GC(552)   Pre Evacuate Collection Set: 0.1ms
[2024-10-12T11:16:27.420+0800][info] GC(552)   Merge Heap Roots: 0.0ms
[2024-10-12T11:16:27.420+0800][info] GC(552)   Evacuate Collection Set: 1.0ms
[2024-10-12T11:16:27.420+0800][info] GC(552)   Post Evacuate Collection Set: 0.2ms
[2024-10-12T11:16:27.420+0800][info] GC(552)   Other: 0.2ms
[2024-10-12T11:16:27.420+0800][info] GC(552) Eden regions: 2->0(2)
[2024-10-12T11:16:27.420+0800][info] GC(552) Survivor regions: 1->1(1)
[2024-10-12T11:16:27.420+0800][info] GC(552) Old regions: 41->43
[2024-10-12T11:16:27.420+0800][info] GC(552) Archive regions: 2->2
[2024-10-12T11:16:27.420+0800][info] GC(552) Humongous regions: 3->3
[2024-10-12T11:16:27.420+0800][info] GC(552) Metaspace: 1695K(1856K)->1695K(1856K) NonClass: 1571K(1664K)->1571K(1664K) Class: 124K(192K)->124K(192K)
[2024-10-12T11:16:27.420+0800][info] GC(552) Pause Young (Normal) (G1 Evacuation Pause) 83M->84M(128M) 1.673ms
[2024-10-12T11:16:27.420+0800][info] GC(552) User=0.00s Sys=0.00s Real=0.00s
[2024-10-12T11:16:27.523+0800][info] GC(553) Pause Young (Normal) (G1 Evacuation Pause)
[2024-10-12T11:16:27.523+0800][info] GC(553) Using 3 workers of 48 for evacuation
[2024-10-12T11:16:27.524+0800][info] GC(553)   Pre Evacuate Collection Set: 0.1ms
[2024-10-12T11:16:27.524+0800][info] GC(553)   Merge Heap Roots: 0.0ms
[2024-10-12T11:16:27.524+0800][info] GC(553)   Evacuate Collection Set: 1.0ms
[2024-10-12T11:16:27.524+0800][info] GC(553)   Post Evacuate Collection Set: 0.2ms
[2024-10-12T11:16:27.524+0800][info] GC(553)   Other: 0.2ms
[2024-10-12T11:16:27.524+0800][info] GC(553) Eden regions: 2->0(2)
[2024-10-12T11:16:27.524+0800][info] GC(553) Survivor regions: 1->1(1)
[2024-10-12T11:16:27.524+0800][info] GC(553) Old regions: 43->45
[2024-10-12T11:16:27.524+0800][info] GC(553) Archive regions: 2->2
[2024-10-12T11:16:27.524+0800][info] GC(553) Humongous regions: 3->3
[2024-10-12T11:16:27.524+0800][info] GC(553) Metaspace: 1695K(1856K)->1695K(1856K) NonClass: 1571K(1664K)->1571K(1664K) Class: 124K(192K)->124K(192K)
[2024-10-12T11:16:27.525+0800][info] GC(553) Pause Young (Normal) (G1 Evacuation Pause) 87M->88M(128M) 1.674ms
[2024-10-12T11:16:27.525+0800][info] GC(553) User=0.01s Sys=0.00s Real=0.00s
[2024-10-12T11:16:27.626+0800][info] GC(554) Pause Young (Normal) (G1 Evacuation Pause)
[2024-10-12T11:16:27.626+0800][info] GC(554) Using 3 workers of 48 for evacuation
[2024-10-12T11:16:27.628+0800][info] GC(554)   Pre Evacuate Collection Set: 0.1ms
[2024-10-12T11:16:27.628+0800][info] GC(554)   Merge Heap Roots: 0.0ms
[2024-10-12T11:16:27.628+0800][info] GC(554)   Evacuate Collection Set: 0.9ms
[2024-10-12T11:16:27.628+0800][info] GC(554)   Post Evacuate Collection Set: 0.2ms
[2024-10-12T11:16:27.628+0800][info] GC(554)   Other: 0.2ms
[2024-10-12T11:16:27.628+0800][info] GC(554) Eden regions: 2->0(2)
[2024-10-12T11:16:27.628+0800][info] GC(554) Survivor regions: 1->1(1)
[2024-10-12T11:16:27.628+0800][info] GC(554) Old regions: 45->47
[2024-10-12T11:16:27.628+0800][info] GC(554) Archive regions: 2->2
[2024-10-12T11:16:27.628+0800][info] GC(554) Humongous regions: 3->3
[2024-10-12T11:16:27.628+0800][info] GC(554) Metaspace: 1695K(1856K)->1695K(1856K) NonClass: 1571K(1664K)->1571K(1664K) Class: 124K(192K)->124K(192K)
[2024-10-12T11:16:27.628+0800][info] GC(554) Pause Young (Normal) (G1 Evacuation Pause) 91M->91M(128M) 1.581ms
[2024-10-12T11:16:27.628+0800][info] GC(554) User=0.00s Sys=0.00s Real=0.00s
[2024-10-12T11:16:27.730+0800][info] GC(555) Pause Young (Concurrent Start) (G1 Evacuation Pause)
[2024-10-12T11:16:27.730+0800][info] GC(555) Using 3 workers of 48 for evacuation
[2024-10-12T11:16:27.732+0800][info] GC(555)   Pre Evacuate Collection Set: 0.1ms
[2024-10-12T11:16:27.732+0800][info] GC(555)   Merge Heap Roots: 0.1ms
[2024-10-12T11:16:27.732+0800][info] GC(555)   Evacuate Collection Set: 0.9ms
[2024-10-12T11:16:27.732+0800][info] GC(555)   Post Evacuate Collection Set: 0.2ms
[2024-10-12T11:16:27.732+0800][info] GC(555)   Other: 0.4ms
[2024-10-12T11:16:27.732+0800][info] GC(555) Eden regions: 2->0(2)
[2024-10-12T11:16:27.732+0800][info] GC(555) Survivor regions: 1->1(1)
[2024-10-12T11:16:27.732+0800][info] GC(555) Old regions: 47->49
[2024-10-12T11:16:27.732+0800][info] GC(555) Archive regions: 2->2
[2024-10-12T11:16:27.732+0800][info] GC(555) Humongous regions: 3->3
[2024-10-12T11:16:27.732+0800][info] GC(555) Metaspace: 1695K(1856K)->1695K(1856K) NonClass: 1571K(1664K)->1571K(1664K) Class: 124K(192K)->124K(192K)
[2024-10-12T11:16:27.732+0800][info] GC(555) Pause Young (Concurrent Start) (G1 Evacuation Pause) 95M->95M(128M) 1.785ms
[2024-10-12T11:16:27.732+0800][info] GC(555) User=0.01s Sys=0.00s Real=0.00s
[2024-10-12T11:16:27.732+0800][info] GC(556) Concurrent Mark Cycle
[2024-10-12T11:16:27.732+0800][info] GC(556) Concurrent Clear Claimed Marks
[2024-10-12T11:16:27.732+0800][info] GC(556) Concurrent Clear Claimed Marks 0.015ms
[2024-10-12T11:16:27.732+0800][info] GC(556) Concurrent Scan Root Regions
[2024-10-12T11:16:27.733+0800][info] GC(556) Concurrent Scan Root Regions 0.145ms
[2024-10-12T11:16:27.733+0800][info] GC(556) Concurrent Mark
[2024-10-12T11:16:27.733+0800][info] GC(556) Concurrent Mark From Roots
[2024-10-12T11:16:27.733+0800][info] GC(556) Using 12 workers of 12 for marking
[2024-10-12T11:16:27.736+0800][info] GC(556) Concurrent Mark From Roots 3.690ms
[2024-10-12T11:16:27.736+0800][info] GC(556) Concurrent Preclean
[2024-10-12T11:16:27.738+0800][info] GC(556) Concurrent Preclean 1.676ms
[2024-10-12T11:16:27.738+0800][info] GC(556) Pause Remark
[2024-10-12T11:16:27.740+0800][info] GC(556) Pause Remark 96M->94M(128M) 1.707ms
[2024-10-12T11:16:27.740+0800][info] GC(556) User=0.01s Sys=0.00s Real=0.00s
[2024-10-12T11:16:27.740+0800][info] GC(556) Concurrent Mark 7.306ms
[2024-10-12T11:16:27.740+0800][info] GC(556) Concurrent Rebuild Remembered Sets
[2024-10-12T11:16:27.741+0800][info] GC(556) Concurrent Rebuild Remembered Sets 1.010ms
[2024-10-12T11:16:27.741+0800][info] GC(556) Pause Cleanup
[2024-10-12T11:16:27.741+0800][info] GC(556) Pause Cleanup 94M->94M(128M) 0.196ms
[2024-10-12T11:16:27.741+0800][info] GC(556) User=0.00s Sys=0.00s Real=0.00s
[2024-10-12T11:16:27.741+0800][info] GC(556) Concurrent Cleanup for Next Mark
[2024-10-12T11:16:27.742+0800][info] GC(556) Concurrent Cleanup for Next Mark 0.399ms
[2024-10-12T11:16:27.742+0800][info] GC(556) Concurrent Mark Cycle 9.391ms
[2024-10-12T11:16:27.885+0800][info] GC(557) Pause Young (Prepare Mixed) (G1 Evacuation Pause)
[2024-10-12T11:16:27.885+0800][info] GC(557) Using 3 workers of 48 for evacuation
[2024-10-12T11:16:27.887+0800][info] GC(557)   Pre Evacuate Collection Set: 0.1ms
[2024-10-12T11:16:27.887+0800][info] GC(557)   Merge Heap Roots: 0.1ms
[2024-10-12T11:16:27.887+0800][info] GC(557)   Evacuate Collection Set: 1.0ms
[2024-10-12T11:16:27.887+0800][info] GC(557)   Post Evacuate Collection Set: 0.2ms
[2024-10-12T11:16:27.887+0800][info] GC(557)   Other: 0.2ms
[2024-10-12T11:16:27.887+0800][info] GC(557) Eden regions: 2->0(2)
[2024-10-12T11:16:27.887+0800][info] GC(557) Survivor regions: 1->1(1)
[2024-10-12T11:16:27.887+0800][info] GC(557) Old regions: 47->49
[2024-10-12T11:16:27.887+0800][info] GC(557) Archive regions: 2->2
[2024-10-12T11:16:27.887+0800][info] GC(557) Humongous regions: 3->3
[2024-10-12T11:16:27.887+0800][info] GC(557) Metaspace: 1695K(1856K)->1695K(1856K) NonClass: 1571K(1664K)->1571K(1664K) Class: 124K(192K)->124K(192K)
[2024-10-12T11:16:27.887+0800][info] GC(557) Pause Young (Prepare Mixed) (G1 Evacuation Pause) 97M->97M(128M) 1.722ms
[2024-10-12T11:16:27.887+0800][info] GC(557) User=0.01s Sys=0.00s Real=0.00s
[2024-10-12T11:16:27.990+0800][info] GC(558) Pause Young (Mixed) (G1 Preventive Collection)
[2024-10-12T11:16:27.990+0800][info] GC(558) Using 3 workers of 48 for evacuation
[2024-10-12T11:16:27.995+0800][info] GC(558) To-space exhausted
[2024-10-12T11:16:27.995+0800][info] GC(558)   Pre Evacuate Collection Set: 0.2ms
[2024-10-12T11:16:27.996+0800][info] GC(558)   Merge Heap Roots: 0.1ms
[2024-10-12T11:16:27.996+0800][info] GC(558)   Evacuate Collection Set: 3.8ms
[2024-10-12T11:16:27.996+0800][info] GC(558)   Post Evacuate Collection Set: 1.2ms
[2024-10-12T11:16:27.996+0800][info] GC(558)   Other: 0.2ms
[2024-10-12T11:16:27.996+0800][info] GC(558) Eden regions: 2->0(2)
[2024-10-12T11:16:27.996+0800][info] GC(558) Survivor regions: 1->1(1)
[2024-10-12T11:16:27.996+0800][info] GC(558) Old regions: 49->57
[2024-10-12T11:16:27.996+0800][info] GC(558) Archive regions: 2->2
[2024-10-12T11:16:27.996+0800][info] GC(558) Humongous regions: 4->3
[2024-10-12T11:16:27.996+0800][info] GC(558) Metaspace: 1695K(1856K)->1695K(1856K) NonClass: 1571K(1664K)->1571K(1664K) Class: 124K(192K)->124K(192K)
[2024-10-12T11:16:27.996+0800][info] GC(558) Pause Young (Mixed) (G1 Preventive Collection) 102M->113M(128M) 5.608ms
[2024-10-12T11:16:27.996+0800][info] GC(558) User=0.02s Sys=0.00s Real=0.01s
[2024-10-12T11:16:28.057+0800][info] GC(559) Pause Young (Concurrent Start) (G1 Evacuation Pause)
[2024-10-12T11:16:28.058+0800][info] GC(559) Using 3 workers of 48 for evacuation
[2024-10-12T11:16:28.059+0800][info] GC(559) To-space exhausted
[2024-10-12T11:16:28.059+0800][info] GC(559)   Pre Evacuate Collection Set: 0.1ms
[2024-10-12T11:16:28.059+0800][info] GC(559)   Merge Heap Roots: 0.1ms
[2024-10-12T11:16:28.059+0800][info] GC(559)   Evacuate Collection Set: 0.4ms
[2024-10-12T11:16:28.059+0800][info] GC(559)   Post Evacuate Collection Set: 0.2ms
[2024-10-12T11:16:28.059+0800][info] GC(559)   Other: 0.4ms
[2024-10-12T11:16:28.059+0800][info] GC(559) Eden regions: 1->0(3)
[2024-10-12T11:16:28.059+0800][info] GC(559) Survivor regions: 1->0(0)
[2024-10-12T11:16:28.059+0800][info] GC(559) Old regions: 57->59
[2024-10-12T11:16:28.059+0800][info] GC(559) Archive regions: 2->2
[2024-10-12T11:16:28.059+0800][info] GC(559) Humongous regions: 3->3
[2024-10-12T11:16:28.059+0800][info] GC(559) Metaspace: 1695K(1856K)->1695K(1856K) NonClass: 1571K(1664K)->1571K(1664K) Class: 124K(192K)->124K(192K)
[2024-10-12T11:16:28.059+0800][info] GC(559) Pause Young (Concurrent Start) (G1 Evacuation Pause) 115M->115M(128M) 1.374ms
[2024-10-12T11:16:28.059+0800][info] GC(559) User=0.00s Sys=0.00s Real=0.00s
[2024-10-12T11:16:28.059+0800][info] Attempting full compaction
[2024-10-12T11:16:28.059+0800][info] GC(560) Concurrent Mark Cycle
[2024-10-12T11:16:28.059+0800][info] GC(560) Concurrent Clear Claimed Marks
[2024-10-12T11:16:28.059+0800][info] GC(561) Using 3 workers of 48 for full compaction
[2024-10-12T11:16:28.059+0800][info] GC(560) Concurrent Clear Claimed Marks 0.018ms
[2024-10-12T11:16:28.059+0800][info] GC(560) Concurrent Scan Root Regions
[2024-10-12T11:16:28.059+0800][info] GC(560) Concurrent Scan Root Regions 0.010ms
[2024-10-12T11:16:28.059+0800][info] GC(560) Concurrent Mark
[2024-10-12T11:16:28.059+0800][info] GC(560) Concurrent Mark From Roots
[2024-10-12T11:16:28.059+0800][info] GC(560) Using 12 workers of 12 for marking
[2024-10-12T11:16:28.059+0800][info] GC(561) Pause Full (G1 Compaction Pause)
[2024-10-12T11:16:28.059+0800][info] GC(561) Phase 1: Mark live objects
[2024-10-12T11:16:28.063+0800][info] GC(561) Phase 1: Mark live objects 3.278ms
[2024-10-12T11:16:28.063+0800][info] GC(561) Phase 2: Prepare for compaction
[2024-10-12T11:16:28.063+0800][info] GC(561) Phase 2: Prepare for compaction 0.661ms
[2024-10-12T11:16:28.063+0800][info] GC(561) Phase 3: Adjust pointers
[2024-10-12T11:16:28.065+0800][info] GC(561) Phase 3: Adjust pointers 1.765ms
[2024-10-12T11:16:28.065+0800][info] GC(561) Phase 4: Compact heap
[2024-10-12T11:16:28.077+0800][info] GC(561) Phase 4: Compact heap 11.802ms
[2024-10-12T11:16:28.079+0800][info] GC(561) Eden regions: 0->0(4)
[2024-10-12T11:16:28.079+0800][info] GC(561) Survivor regions: 0->0(0)
[2024-10-12T11:16:28.079+0800][info] GC(561) Old regions: 59->38
[2024-10-12T11:16:28.079+0800][info] GC(561) Archive regions: 2->2
[2024-10-12T11:16:28.079+0800][info] GC(561) Humongous regions: 3->3
[2024-10-12T11:16:28.079+0800][info] GC(561) Metaspace: 1695K(1856K)->1695K(1856K) NonClass: 1571K(1664K)->1571K(1664K) Class: 124K(192K)->124K(192K)
[2024-10-12T11:16:28.079+0800][info] GC(561) Pause Full (G1 Compaction Pause) 115M->72M(128M) 19.652ms
[2024-10-12T11:16:28.079+0800][info] GC(561) User=0.04s Sys=0.00s Real=0.02s
[2024-10-12T11:16:28.079+0800][info] GC(560) Concurrent Mark From Roots 19.964ms
[2024-10-12T11:16:28.079+0800][info] GC(560) Concurrent Mark Abort
[2024-10-12T11:16:28.079+0800][info] GC(560) Concurrent Mark Cycle 20.177ms
[2024-10-12T11:16:28.284+0800][info] GC(562) Pause Young (Normal) (G1 Evacuation Pause)
[2024-10-12T11:16:28.284+0800][info] GC(562) Using 3 workers of 48 for evacuation
[2024-10-12T11:16:28.285+0800][info] GC(562)   Pre Evacuate Collection Set: 0.1ms
[2024-10-12T11:16:28.285+0800][info] GC(562)   Merge Heap Roots: 0.0ms
[2024-10-12T11:16:28.285+0800][info] GC(562)   Evacuate Collection Set: 1.2ms
[2024-10-12T11:16:28.285+0800][info] GC(562)   Post Evacuate Collection Set: 0.3ms
[2024-10-12T11:16:28.285+0800][info] GC(562)   Other: 0.2ms
[2024-10-12T11:16:28.285+0800][info] GC(562) Eden regions: 4->0(2)
[2024-10-12T11:16:28.285+0800][info] GC(562) Survivor regions: 0->1(1)
[2024-10-12T11:16:28.285+0800][info] GC(562) Old regions: 38->41
[2024-10-12T11:16:28.285+0800][info] GC(562) Archive regions: 2->2
[2024-10-12T11:16:28.285+0800][info] GC(562) Humongous regions: 3->3
[2024-10-12T11:16:28.286+0800][info] GC(562) Metaspace: 1695K(1856K)->1695K(1856K) NonClass: 1571K(1664K)->1571K(1664K) Class: 124K(192K)->124K(192K)
[2024-10-12T11:16:28.286+0800][info] GC(562) Pause Young (Normal) (G1 Evacuation Pause) 79M->79M(128M) 2.029ms
[2024-10-12T11:16:28.286+0800][info] GC(562) User=0.00s Sys=0.00s Real=0.01s
[2024-10-12T11:16:28.388+0800][info] GC(563) Pause Young (Normal) (G1 Evacuation Pause)
[2024-10-12T11:16:28.388+0800][info] GC(563) Using 3 workers of 48 for evacuation
[2024-10-12T11:16:28.389+0800][info] GC(563)   Pre Evacuate Collection Set: 0.1ms
[2024-10-12T11:16:28.389+0800][info] GC(563)   Merge Heap Roots: 0.1ms
[2024-10-12T11:16:28.389+0800][info] GC(563)   Evacuate Collection Set: 0.9ms
[2024-10-12T11:16:28.389+0800][info] GC(563)   Post Evacuate Collection Set: 0.2ms
[2024-10-12T11:16:28.389+0800][info] GC(563)   Other: 0.2ms
[2024-10-12T11:16:28.389+0800][info] GC(563) Eden regions: 2->0(2)
[2024-10-12T11:16:28.389+0800][info] GC(563) Survivor regions: 1->1(1)
[2024-10-12T11:16:28.389+0800][info] GC(563) Old regions: 41->43
[2024-10-12T11:16:28.389+0800][info] GC(563) Archive regions: 2->2
[2024-10-12T11:16:28.389+0800][info] GC(563) Humongous regions: 3->3
[2024-10-12T11:16:28.389+0800][info] GC(563) Metaspace: 1695K(1856K)->1695K(1856K) NonClass: 1571K(1664K)->1571K(1664K) Class: 124K(192K)->124K(192K)
[2024-10-12T11:16:28.389+0800][info] GC(563) Pause Young (Normal) (G1 Evacuation Pause) 83M->83M(128M) 1.636ms
[2024-10-12T11:16:28.389+0800][info] GC(563) User=0.00s Sys=0.01s Real=0.00s
[2024-10-12T11:16:28.491+0800][info] GC(564) Pause Young (Normal) (G1 Evacuation Pause)
[2024-10-12T11:16:28.491+0800][info] GC(564) Using 3 workers of 48 for evacuation
[2024-10-12T11:16:28.493+0800][info] GC(564)   Pre Evacuate Collection Set: 0.1ms
[2024-10-12T11:16:28.493+0800][info] GC(564)   Merge Heap Roots: 0.1ms
[2024-10-12T11:16:28.493+0800][info] GC(564)   Evacuate Collection Set: 1.0ms
[2024-10-12T11:16:28.493+0800][info] GC(564)   Post Evacuate Collection Set: 0.2ms
[2024-10-12T11:16:28.493+0800][info] GC(564)   Other: 0.2ms
[2024-10-12T11:16:28.493+0800][info] GC(564) Eden regions: 2->0(2)
[2024-10-12T11:16:28.493+0800][info] GC(564) Survivor regions: 1->1(1)
[2024-10-12T11:16:28.493+0800][info] GC(564) Old regions: 43->45
[2024-10-12T11:16:28.493+0800][info] GC(564) Archive regions: 2->2
[2024-10-12T11:16:28.493+0800][info] GC(564) Humongous regions: 3->3
[2024-10-12T11:16:28.493+0800][info] GC(564) Metaspace: 1695K(1856K)->1695K(1856K) NonClass: 1571K(1664K)->1571K(1664K) Class: 124K(192K)->124K(192K)
[2024-10-12T11:16:28.493+0800][info] GC(564) Pause Young (Normal) (G1 Evacuation Pause) 87M->87M(128M) 1.769ms
[2024-10-12T11:16:28.493+0800][info] GC(564) User=0.00s Sys=0.00s Real=0.01s
[2024-10-12T11:16:28.595+0800][info] GC(565) Pause Young (Normal) (G1 Evacuation Pause)
[2024-10-12T11:16:28.595+0800][info] GC(565) Using 3 workers of 48 for evacuation
[2024-10-12T11:16:28.597+0800][info] GC(565)   Pre Evacuate Collection Set: 0.1ms
[2024-10-12T11:16:28.597+0800][info] GC(565)   Merge Heap Roots: 0.1ms
[2024-10-12T11:16:28.597+0800][info] GC(565)   Evacuate Collection Set: 1.0ms
[2024-10-12T11:16:28.597+0800][info] GC(565)   Post Evacuate Collection Set: 0.2ms
[2024-10-12T11:16:28.597+0800][info] GC(565)   Other: 0.2ms
[2024-10-12T11:16:28.597+0800][info] GC(565) Eden regions: 2->0(2)
[2024-10-12T11:16:28.597+0800][info] GC(565) Survivor regions: 1->1(1)
[2024-10-12T11:16:28.597+0800][info] GC(565) Old regions: 45->47
[2024-10-12T11:16:28.597+0800][info] GC(565) Archive regions: 2->2
[2024-10-12T11:16:28.597+0800][info] GC(565) Humongous regions: 3->3
[2024-10-12T11:16:28.597+0800][info] GC(565) Metaspace: 1695K(1856K)->1695K(1856K) NonClass: 1571K(1664K)->1571K(1664K) Class: 124K(192K)->124K(192K)
[2024-10-12T11:16:28.597+0800][info] GC(565) Pause Young (Normal) (G1 Evacuation Pause) 90M->91M(128M) 1.737ms
[2024-10-12T11:16:28.597+0800][info] GC(565) User=0.00s Sys=0.00s Real=0.00s
[2024-10-12T11:16:28.699+0800][info] GC(566) Pause Young (Concurrent Start) (G1 Evacuation Pause)
[2024-10-12T11:16:28.699+0800][info] GC(566) Using 3 workers of 48 for evacuation
[2024-10-12T11:16:28.701+0800][info] GC(566)   Pre Evacuate Collection Set: 0.1ms
[2024-10-12T11:16:28.701+0800][info] GC(566)   Merge Heap Roots: 0.1ms
[2024-10-12T11:16:28.701+0800][info] GC(566)   Evacuate Collection Set: 1.0ms
[2024-10-12T11:16:28.701+0800][info] GC(566)   Post Evacuate Collection Set: 0.2ms
[2024-10-12T11:16:28.701+0800][info] GC(566)   Other: 0.4ms
[2024-10-12T11:16:28.701+0800][info] GC(566) Eden regions: 2->0(2)
[2024-10-12T11:16:28.701+0800][info] GC(566) Survivor regions: 1->1(1)
[2024-10-12T11:16:28.701+0800][info] GC(566) Old regions: 47->49
[2024-10-12T11:16:28.701+0800][info] GC(566) Archive regions: 2->2
[2024-10-12T11:16:28.701+0800][info] GC(566) Humongous regions: 3->3
[2024-10-12T11:16:28.701+0800][info] GC(566) Metaspace: 1695K(1856K)->1695K(1856K) NonClass: 1571K(1664K)->1571K(1664K) Class: 124K(192K)->124K(192K)
[2024-10-12T11:16:28.701+0800][info] GC(566) Pause Young (Concurrent Start) (G1 Evacuation Pause) 94M->95M(128M) 1.901ms
[2024-10-12T11:16:28.701+0800][info] GC(566) User=0.01s Sys=0.00s Real=0.00s
[2024-10-12T11:16:28.701+0800][info] GC(567) Concurrent Mark Cycle
[2024-10-12T11:16:28.701+0800][info] GC(567) Concurrent Clear Claimed Marks
[2024-10-12T11:16:28.701+0800][info] GC(567) Concurrent Clear Claimed Marks 0.016ms
[2024-10-12T11:16:28.701+0800][info] GC(567) Concurrent Scan Root Regions
[2024-10-12T11:16:28.702+0800][info] GC(567) Concurrent Scan Root Regions 0.150ms
[2024-10-12T11:16:28.702+0800][info] GC(567) Concurrent Mark
[2024-10-12T11:16:28.702+0800][info] GC(567) Concurrent Mark From Roots
[2024-10-12T11:16:28.702+0800][info] GC(567) Using 12 workers of 12 for marking
[2024-10-12T11:16:28.705+0800][info] GC(567) Concurrent Mark From Roots 3.466ms
[2024-10-12T11:16:28.705+0800][info] GC(567) Concurrent Preclean
[2024-10-12T11:16:28.707+0800][info] GC(567) Concurrent Preclean 1.680ms
[2024-10-12T11:16:28.707+0800][info] GC(567) Pause Remark
[2024-10-12T11:16:28.709+0800][info] GC(567) Pause Remark 95M->95M(128M) 1.731ms
[2024-10-12T11:16:28.709+0800][info] GC(567) User=0.00s Sys=0.00s Real=0.00s
[2024-10-12T11:16:28.709+0800][info] GC(567) Concurrent Mark 7.035ms
[2024-10-12T11:16:28.709+0800][info] GC(567) Concurrent Rebuild Remembered Sets
[2024-10-12T11:16:28.710+0800][info] GC(567) Concurrent Rebuild Remembered Sets 1.181ms
[2024-10-12T11:16:28.710+0800][info] GC(567) Pause Cleanup
[2024-10-12T11:16:28.710+0800][info] GC(567) Pause Cleanup 95M->95M(128M) 0.179ms
[2024-10-12T11:16:28.710+0800][info] GC(567) User=0.00s Sys=0.00s Real=0.00s
[2024-10-12T11:16:28.710+0800][info] GC(567) Concurrent Cleanup for Next Mark
[2024-10-12T11:16:28.711+0800][info] GC(567) Concurrent Cleanup for Next Mark 0.396ms
[2024-10-12T11:16:28.711+0800][info] GC(567) Concurrent Mark Cycle 9.278ms
[2024-10-12T11:16:28.854+0800][info] GC(568) Pause Young (Prepare Mixed) (G1 Evacuation Pause)
[2024-10-12T11:16:28.854+0800][info] GC(568) Using 3 workers of 48 for evacuation
[2024-10-12T11:16:28.856+0800][info] GC(568)   Pre Evacuate Collection Set: 0.1ms
[2024-10-12T11:16:28.856+0800][info] GC(568)   Merge Heap Roots: 0.1ms
[2024-10-12T11:16:28.856+0800][info] GC(568)   Evacuate Collection Set: 1.1ms
[2024-10-12T11:16:28.856+0800][info] GC(568)   Post Evacuate Collection Set: 0.2ms
[2024-10-12T11:16:28.856+0800][info] GC(568)   Other: 0.2ms
[2024-10-12T11:16:28.856+0800][info] GC(568) Eden regions: 2->0(2)
[2024-10-12T11:16:28.856+0800][info] GC(568) Survivor regions: 1->1(1)
[2024-10-12T11:16:28.856+0800][info] GC(568) Old regions: 49->51
[2024-10-12T11:16:28.856+0800][info] GC(568) Archive regions: 2->2
[2024-10-12T11:16:28.856+0800][info] GC(568) Humongous regions: 3->3
[2024-10-12T11:16:28.856+0800][info] GC(568) Metaspace: 1695K(1856K)->1695K(1856K) NonClass: 1571K(1664K)->1571K(1664K) Class: 124K(192K)->124K(192K)
[2024-10-12T11:16:28.856+0800][info] GC(568) Pause Young (Prepare Mixed) (G1 Evacuation Pause) 98M->98M(128M) 1.818ms
[2024-10-12T11:16:28.856+0800][info] GC(568) User=0.00s Sys=0.00s Real=0.00s
[2024-10-12T11:16:28.958+0800][info] GC(569) Pause Young (Mixed) (G1 Preventive Collection)
[2024-10-12T11:16:28.958+0800][info] GC(569) Using 3 workers of 48 for evacuation
[2024-10-12T11:16:28.964+0800][info] GC(569) To-space exhausted
[2024-10-12T11:16:28.964+0800][info] GC(569)   Pre Evacuate Collection Set: 0.2ms
[2024-10-12T11:16:28.964+0800][info] GC(569)   Merge Heap Roots: 0.1ms
[2024-10-12T11:16:28.964+0800][info] GC(569)   Evacuate Collection Set: 3.9ms
[2024-10-12T11:16:28.964+0800][info] GC(569)   Post Evacuate Collection Set: 1.2ms
[2024-10-12T11:16:28.964+0800][info] GC(569)   Other: 0.2ms
[2024-10-12T11:16:28.964+0800][info] GC(569) Eden regions: 2->0(2)
[2024-10-12T11:16:28.964+0800][info] GC(569) Survivor regions: 1->1(1)
[2024-10-12T11:16:28.964+0800][info] GC(569) Old regions: 51->56
[2024-10-12T11:16:28.964+0800][info] GC(569) Archive regions: 2->2
[2024-10-12T11:16:28.964+0800][info] GC(569) Humongous regions: 3->3
[2024-10-12T11:16:28.964+0800][info] GC(569) Metaspace: 1695K(1856K)->1695K(1856K) NonClass: 1571K(1664K)->1571K(1664K) Class: 124K(192K)->124K(192K)
[2024-10-12T11:16:28.964+0800][info] GC(569) Pause Young (Mixed) (G1 Preventive Collection) 102M->109M(128M) 5.624ms
[2024-10-12T11:16:28.964+0800][info] GC(569) User=0.02s Sys=0.00s Real=0.00s
[2024-10-12T11:16:29.026+0800][info] GC(570) Pause Young (Concurrent Start) (G1 Preventive Collection)
[2024-10-12T11:16:29.026+0800][info] GC(570) Using 3 workers of 48 for evacuation
[2024-10-12T11:16:29.027+0800][info] GC(570) To-space exhausted
[2024-10-12T11:16:29.027+0800][info] GC(570)   Pre Evacuate Collection Set: 0.1ms
[2024-10-12T11:16:29.027+0800][info] GC(570)   Merge Heap Roots: 0.1ms
[2024-10-12T11:16:29.027+0800][info] GC(570)   Evacuate Collection Set: 0.9ms
[2024-10-12T11:16:29.027+0800][info] GC(570)   Post Evacuate Collection Set: 0.2ms
[2024-10-12T11:16:29.027+0800][info] GC(570)   Other: 0.4ms
[2024-10-12T11:16:29.027+0800][info] GC(570) Eden regions: 1->0(2)
[2024-10-12T11:16:29.027+0800][info] GC(570) Survivor regions: 1->1(1)
[2024-10-12T11:16:29.027+0800][info] GC(570) Old regions: 56->57
[2024-10-12T11:16:29.027+0800][info] GC(570) Archive regions: 2->2
[2024-10-12T11:16:29.027+0800][info] GC(570) Humongous regions: 3->3
[2024-10-12T11:16:29.027+0800][info] GC(570) Metaspace: 1695K(1856K)->1695K(1856K) NonClass: 1571K(1664K)->1571K(1664K) Class: 124K(192K)->124K(192K)
[2024-10-12T11:16:29.027+0800][info] GC(570) Pause Young (Concurrent Start) (G1 Preventive Collection) 111M->111M(128M) 1.813ms
[2024-10-12T11:16:29.027+0800][info] GC(570) User=0.00s Sys=0.00s Real=0.00s
[2024-10-12T11:16:29.027+0800][info] GC(571) Concurrent Mark Cycle
[2024-10-12T11:16:29.027+0800][info] GC(571) Concurrent Clear Claimed Marks
[2024-10-12T11:16:29.028+0800][info] GC(571) Concurrent Clear Claimed Marks 0.015ms
[2024-10-12T11:16:29.028+0800][info] GC(571) Concurrent Scan Root Regions
[2024-10-12T11:16:29.028+0800][info] GC(571) Concurrent Scan Root Regions 0.100ms
[2024-10-12T11:16:29.028+0800][info] GC(571) Concurrent Mark
[2024-10-12T11:16:29.028+0800][info] GC(571) Concurrent Mark From Roots
[2024-10-12T11:16:29.028+0800][info] GC(571) Using 12 workers of 12 for marking
[2024-10-12T11:16:29.031+0800][info] GC(571) Concurrent Mark From Roots 3.272ms
[2024-10-12T11:16:29.031+0800][info] GC(571) Concurrent Preclean
[2024-10-12T11:16:29.033+0800][info] GC(571) Concurrent Preclean 1.674ms
[2024-10-12T11:16:29.033+0800][info] GC(571) Pause Remark
[2024-10-12T11:16:29.034+0800][info] GC(571) Pause Remark 112M->112M(128M) 1.615ms
[2024-10-12T11:16:29.034+0800][info] GC(571) User=0.01s Sys=0.00s Real=0.01s
[2024-10-12T11:16:29.034+0800][info] GC(571) Concurrent Mark 6.758ms
[2024-10-12T11:16:29.034+0800][info] GC(571) Concurrent Rebuild Remembered Sets
[2024-10-12T11:16:29.036+0800][info] GC(571) Concurrent Rebuild Remembered Sets 1.160ms
[2024-10-12T11:16:29.036+0800][info] GC(571) Pause Cleanup
[2024-10-12T11:16:29.036+0800][info] GC(571) Pause Cleanup 112M->112M(128M) 0.193ms
[2024-10-12T11:16:29.036+0800][info] GC(571) User=0.00s Sys=0.00s Real=0.00s
[2024-10-12T11:16:29.036+0800][info] GC(571) Concurrent Cleanup for Next Mark
[2024-10-12T11:16:29.036+0800][info] GC(571) Concurrent Cleanup for Next Mark 0.420ms
[2024-10-12T11:16:29.036+0800][info] GC(571) Concurrent Mark Cycle 8.988ms
[2024-10-12T11:16:29.120+0800][info] GC(572) Pause Young (Prepare Mixed) (G1 Evacuation Pause)
[2024-10-12T11:16:29.120+0800][info] GC(572) Using 3 workers of 48 for evacuation
[2024-10-12T11:16:29.120+0800][info] GC(572) To-space exhausted
[2024-10-12T11:16:29.120+0800][info] GC(572)   Pre Evacuate Collection Set: 0.1ms
[2024-10-12T11:16:29.120+0800][info] GC(572)   Merge Heap Roots: 0.1ms
[2024-10-12T11:16:29.120+0800][info] GC(572)   Evacuate Collection Set: 0.2ms
[2024-10-12T11:16:29.120+0800][info] GC(572)   Post Evacuate Collection Set: 0.3ms
[2024-10-12T11:16:29.120+0800][info] GC(572)   Other: 0.2ms
[2024-10-12T11:16:29.120+0800][info] GC(572) Eden regions: 1->0(3)
[2024-10-12T11:16:29.121+0800][info] GC(572) Survivor regions: 1->0(0)
[2024-10-12T11:16:29.121+0800][info] GC(572) Old regions: 57->59
[2024-10-12T11:16:29.121+0800][info] GC(572) Archive regions: 2->2
[2024-10-12T11:16:29.121+0800][info] GC(572) Humongous regions: 3->3
[2024-10-12T11:16:29.121+0800][info] GC(572) Metaspace: 1695K(1856K)->1695K(1856K) NonClass: 1571K(1664K)->1571K(1664K) Class: 124K(192K)->124K(192K)
[2024-10-12T11:16:29.121+0800][info] GC(572) Pause Young (Prepare Mixed) (G1 Evacuation Pause) 113M->113M(128M) 1.019ms
[2024-10-12T11:16:29.121+0800][info] GC(572) User=0.01s Sys=0.00s Real=0.00s
[2024-10-12T11:16:29.121+0800][info] Attempting full compaction
[2024-10-12T11:16:29.121+0800][info] GC(573) Using 3 workers of 48 for full compaction
[2024-10-12T11:16:29.121+0800][info] GC(573) Pause Full (G1 Compaction Pause)
[2024-10-12T11:16:29.121+0800][info] GC(573) Phase 1: Mark live objects
[2024-10-12T11:16:29.124+0800][info] GC(573) Phase 1: Mark live objects 3.140ms
[2024-10-12T11:16:29.124+0800][info] GC(573) Phase 2: Prepare for compaction
[2024-10-12T11:16:29.124+0800][info] GC(573) Phase 2: Prepare for compaction 0.515ms
[2024-10-12T11:16:29.124+0800][info] GC(573) Phase 3: Adjust pointers
[2024-10-12T11:16:29.126+0800][info] GC(573) Phase 3: Adjust pointers 1.828ms
[2024-10-12T11:16:29.126+0800][info] GC(573) Phase 4: Compact heap
[2024-10-12T11:16:29.138+0800][info] GC(573) Phase 4: Compact heap 11.635ms
[2024-10-12T11:16:29.139+0800][info] GC(573) Eden regions: 0->0(4)
[2024-10-12T11:16:29.140+0800][info] GC(573) Survivor regions: 0->0(0)
[2024-10-12T11:16:29.140+0800][info] GC(573) Old regions: 59->38
[2024-10-12T11:16:29.140+0800][info] GC(573) Archive regions: 2->2
[2024-10-12T11:16:29.140+0800][info] GC(573) Humongous regions: 3->3
[2024-10-12T11:16:29.140+0800][info] GC(573) Metaspace: 1695K(1856K)->1695K(1856K) NonClass: 1571K(1664K)->1571K(1664K) Class: 124K(192K)->124K(192K)
[2024-10-12T11:16:29.140+0800][info] GC(573) Pause Full (G1 Compaction Pause) 113M->72M(128M) 18.915ms
[2024-10-12T11:16:29.140+0800][info] GC(573) User=0.04s Sys=0.00s Real=0.02s
[2024-10-12T11:16:29.365+0800][info] GC(574) Pause Young (Normal) (G1 Evacuation Pause)
[2024-10-12T11:16:29.365+0800][info] GC(574) Using 3 workers of 48 for evacuation
[2024-10-12T11:16:29.367+0800][info] GC(574)   Pre Evacuate Collection Set: 0.1ms
[2024-10-12T11:16:29.367+0800][info] GC(574)   Merge Heap Roots: 0.1ms
[2024-10-12T11:16:29.367+0800][info] GC(574)   Evacuate Collection Set: 1.3ms
[2024-10-12T11:16:29.367+0800][info] GC(574)   Post Evacuate Collection Set: 0.2ms
[2024-10-12T11:16:29.367+0800][info] GC(574)   Other: 0.3ms
[2024-10-12T11:16:29.367+0800][info] GC(574) Eden regions: 4->0(2)
[2024-10-12T11:16:29.367+0800][info] GC(574) Survivor regions: 0->1(1)
[2024-10-12T11:16:29.367+0800][info] GC(574) Old regions: 38->42
[2024-10-12T11:16:29.367+0800][info] GC(574) Archive regions: 2->2
[2024-10-12T11:16:29.367+0800][info] GC(574) Humongous regions: 3->3
[2024-10-12T11:16:29.367+0800][info] GC(574) Metaspace: 1695K(1856K)->1695K(1856K) NonClass: 1571K(1664K)->1571K(1664K) Class: 124K(192K)->124K(192K)
[2024-10-12T11:16:29.367+0800][info] GC(574) Pause Young (Normal) (G1 Evacuation Pause) 80M->80M(128M) 2.056ms
[2024-10-12T11:16:29.367+0800][info] GC(574) User=0.01s Sys=0.00s Real=0.01s
[2024-10-12T11:16:29.469+0800][info] GC(575) Pause Young (Normal) (G1 Evacuation Pause)
[2024-10-12T11:16:29.469+0800][info] GC(575) Using 3 workers of 48 for evacuation
[2024-10-12T11:16:29.471+0800][info] GC(575)   Pre Evacuate Collection Set: 0.1ms
[2024-10-12T11:16:29.471+0800][info] GC(575)   Merge Heap Roots: 0.1ms
[2024-10-12T11:16:29.471+0800][info] GC(575)   Evacuate Collection Set: 0.9ms
[2024-10-12T11:16:29.471+0800][info] GC(575)   Post Evacuate Collection Set: 0.2ms
[2024-10-12T11:16:29.471+0800][info] GC(575)   Other: 0.2ms
[2024-10-12T11:16:29.471+0800][info] GC(575) Eden regions: 2->0(2)
[2024-10-12T11:16:29.471+0800][info] GC(575) Survivor regions: 1->1(1)
[2024-10-12T11:16:29.471+0800][info] GC(575) Old regions: 42->44
[2024-10-12T11:16:29.471+0800][info] GC(575) Archive regions: 2->2
[2024-10-12T11:16:29.471+0800][info] GC(575) Humongous regions: 3->3
[2024-10-12T11:16:29.471+0800][info] GC(575) Metaspace: 1695K(1856K)->1695K(1856K) NonClass: 1571K(1664K)->1571K(1664K) Class: 124K(192K)->124K(192K)
[2024-10-12T11:16:29.471+0800][info] GC(575) Pause Young (Normal) (G1 Evacuation Pause) 84M->84M(128M) 1.545ms
[2024-10-12T11:16:29.471+0800][info] GC(575) User=0.00s Sys=0.00s Real=0.00s
[2024-10-12T11:16:29.573+0800][info] GC(576) Pause Young (Normal) (G1 Evacuation Pause)
[2024-10-12T11:16:29.573+0800][info] GC(576) Using 3 workers of 48 for evacuation
[2024-10-12T11:16:29.574+0800][info] GC(576)   Pre Evacuate Collection Set: 0.1ms
[2024-10-12T11:16:29.575+0800][info] GC(576)   Merge Heap Roots: 0.1ms
[2024-10-12T11:16:29.575+0800][info] GC(576)   Evacuate Collection Set: 0.8ms
[2024-10-12T11:16:29.575+0800][info] GC(576)   Post Evacuate Collection Set: 0.2ms
[2024-10-12T11:16:29.575+0800][info] GC(576)   Other: 0.2ms
[2024-10-12T11:16:29.575+0800][info] GC(576) Eden regions: 2->0(2)
[2024-10-12T11:16:29.575+0800][info] GC(576) Survivor regions: 1->1(1)
[2024-10-12T11:16:29.575+0800][info] GC(576) Old regions: 44->45
[2024-10-12T11:16:29.575+0800][info] GC(576) Archive regions: 2->2
[2024-10-12T11:16:29.575+0800][info] GC(576) Humongous regions: 3->3
[2024-10-12T11:16:29.575+0800][info] GC(576) Metaspace: 1695K(1856K)->1695K(1856K) NonClass: 1571K(1664K)->1571K(1664K) Class: 124K(192K)->124K(192K)
[2024-10-12T11:16:29.575+0800][info] GC(576) Pause Young (Normal) (G1 Evacuation Pause) 88M->88M(128M) 1.467ms
[2024-10-12T11:16:29.575+0800][info] GC(576) User=0.00s Sys=0.00s Real=0.00s
[2024-10-12T11:16:29.677+0800][info] GC(577) Pause Young (Normal) (G1 Evacuation Pause)
[2024-10-12T11:16:29.677+0800][info] GC(577) Using 3 workers of 48 for evacuation
[2024-10-12T11:16:29.678+0800][info] GC(577)   Pre Evacuate Collection Set: 0.1ms
[2024-10-12T11:16:29.678+0800][info] GC(577)   Merge Heap Roots: 0.0ms
[2024-10-12T11:16:29.678+0800][info] GC(577)   Evacuate Collection Set: 1.0ms
[2024-10-12T11:16:29.678+0800][info] GC(577)   Post Evacuate Collection Set: 0.2ms
[2024-10-12T11:16:29.678+0800][info] GC(577)   Other: 0.2ms
[2024-10-12T11:16:29.678+0800][info] GC(577) Eden regions: 2->0(2)
[2024-10-12T11:16:29.678+0800][info] GC(577) Survivor regions: 1->1(1)
[2024-10-12T11:16:29.678+0800][info] GC(577) Old regions: 45->47
[2024-10-12T11:16:29.678+0800][info] GC(577) Archive regions: 2->2
[2024-10-12T11:16:29.678+0800][info] GC(577) Humongous regions: 3->3
[2024-10-12T11:16:29.678+0800][info] GC(577) Metaspace: 1695K(1856K)->1695K(1856K) NonClass: 1571K(1664K)->1571K(1664K) Class: 124K(192K)->124K(192K)
[2024-10-12T11:16:29.678+0800][info] GC(577) Pause Young (Normal) (G1 Evacuation Pause) 91M->92M(128M) 1.619ms
[2024-10-12T11:16:29.678+0800][info] GC(577) User=0.00s Sys=0.00s Real=0.00s
[2024-10-12T11:16:29.781+0800][info] GC(578) Pause Young (Concurrent Start) (G1 Evacuation Pause)
[2024-10-12T11:16:29.781+0800][info] GC(578) Using 3 workers of 48 for evacuation
[2024-10-12T11:16:29.782+0800][info] GC(578)   Pre Evacuate Collection Set: 0.1ms
[2024-10-12T11:16:29.782+0800][info] GC(578)   Merge Heap Roots: 0.1ms
[2024-10-12T11:16:29.782+0800][info] GC(578)   Evacuate Collection Set: 0.9ms
[2024-10-12T11:16:29.782+0800][info] GC(578)   Post Evacuate Collection Set: 0.2ms
[2024-10-12T11:16:29.782+0800][info] GC(578)   Other: 0.4ms
[2024-10-12T11:16:29.783+0800][info] GC(578) Eden regions: 2->0(2)
[2024-10-12T11:16:29.783+0800][info] GC(578) Survivor regions: 1->1(1)
[2024-10-12T11:16:29.783+0800][info] GC(578) Old regions: 47->49
[2024-10-12T11:16:29.783+0800][info] GC(578) Archive regions: 2->2
[2024-10-12T11:16:29.783+0800][info] GC(578) Humongous regions: 3->3
[2024-10-12T11:16:29.783+0800][info] GC(578) Metaspace: 1695K(1856K)->1695K(1856K) NonClass: 1571K(1664K)->1571K(1664K) Class: 124K(192K)->124K(192K)
[2024-10-12T11:16:29.783+0800][info] GC(578) Pause Young (Concurrent Start) (G1 Evacuation Pause) 95M->96M(128M) 1.853ms
[2024-10-12T11:16:29.783+0800][info] GC(578) User=0.00s Sys=0.00s Real=0.00s
[2024-10-12T11:16:29.783+0800][info] GC(579) Concurrent Mark Cycle
[2024-10-12T11:16:29.783+0800][info] GC(579) Concurrent Clear Claimed Marks
[2024-10-12T11:16:29.783+0800][info] GC(579) Concurrent Clear Claimed Marks 0.015ms
[2024-10-12T11:16:29.783+0800][info] GC(579) Concurrent Scan Root Regions
[2024-10-12T11:16:29.783+0800][info] GC(579) Concurrent Scan Root Regions 0.167ms
[2024-10-12T11:16:29.783+0800][info] GC(579) Concurrent Mark
[2024-10-12T11:16:29.783+0800][info] GC(579) Concurrent Mark From Roots
[2024-10-12T11:16:29.783+0800][info] GC(579) Using 12 workers of 12 for marking
[2024-10-12T11:16:29.786+0800][info] GC(579) Concurrent Mark From Roots 3.101ms
[2024-10-12T11:16:29.786+0800][info] GC(579) Concurrent Preclean
[2024-10-12T11:16:29.788+0800][info] GC(579) Concurrent Preclean 1.662ms
[2024-10-12T11:16:29.788+0800][info] GC(579) Pause Remark
[2024-10-12T11:16:29.789+0800][info] GC(579) Pause Remark 96M->96M(128M) 1.590ms
[2024-10-12T11:16:29.789+0800][info] GC(579) User=0.00s Sys=0.00s Real=0.00s
[2024-10-12T11:16:29.789+0800][info] GC(579) Concurrent Mark 6.515ms
[2024-10-12T11:16:29.789+0800][info] GC(579) Concurrent Rebuild Remembered Sets
[2024-10-12T11:16:29.790+0800][info] GC(579) Concurrent Rebuild Remembered Sets 1.022ms
[2024-10-12T11:16:29.791+0800][info] GC(579) Pause Cleanup
[2024-10-12T11:16:29.791+0800][info] GC(579) Pause Cleanup 96M->96M(128M) 0.174ms
[2024-10-12T11:16:29.791+0800][info] GC(579) User=0.00s Sys=0.00s Real=0.00s
[2024-10-12T11:16:29.791+0800][info] GC(579) Concurrent Cleanup for Next Mark
[2024-10-12T11:16:29.791+0800][info] GC(579) Concurrent Cleanup for Next Mark 0.413ms
[2024-10-12T11:16:29.791+0800][info] GC(579) Concurrent Mark Cycle 8.633ms
[2024-10-12T11:16:29.935+0800][info] GC(580) Pause Young (Prepare Mixed) (G1 Evacuation Pause)
[2024-10-12T11:16:29.935+0800][info] GC(580) Using 3 workers of 48 for evacuation
[2024-10-12T11:16:29.937+0800][info] GC(580)   Pre Evacuate Collection Set: 0.1ms
[2024-10-12T11:16:29.937+0800][info] GC(580)   Merge Heap Roots: 0.1ms
[2024-10-12T11:16:29.937+0800][info] GC(580)   Evacuate Collection Set: 0.9ms
[2024-10-12T11:16:29.937+0800][info] GC(580)   Post Evacuate Collection Set: 0.2ms
[2024-10-12T11:16:29.937+0800][info] GC(580)   Other: 0.2ms
[2024-10-12T11:16:29.937+0800][info] GC(580) Eden regions: 2->0(2)
[2024-10-12T11:16:29.937+0800][info] GC(580) Survivor regions: 1->1(1)
[2024-10-12T11:16:29.937+0800][info] GC(580) Old regions: 49->51
[2024-10-12T11:16:29.937+0800][info] GC(580) Archive regions: 2->2
[2024-10-12T11:16:29.937+0800][info] GC(580) Humongous regions: 3->3
[2024-10-12T11:16:29.937+0800][info] GC(580) Metaspace: 1695K(1856K)->1695K(1856K) NonClass: 1571K(1664K)->1571K(1664K) Class: 124K(192K)->124K(192K)
[2024-10-12T11:16:29.937+0800][info] GC(580) Pause Young (Prepare Mixed) (G1 Evacuation Pause) 99M->100M(128M) 1.719ms
[2024-10-12T11:16:29.937+0800][info] GC(580) User=0.00s Sys=0.00s Real=0.00s
[2024-10-12T11:16:30.040+0800][info] GC(581) Pause Young (Mixed) (G1 Preventive Collection)
[2024-10-12T11:16:30.040+0800][info] GC(581) Using 3 workers of 48 for evacuation
[2024-10-12T11:16:30.045+0800][info] GC(581) To-space exhausted
[2024-10-12T11:16:30.045+0800][info] GC(581)   Pre Evacuate Collection Set: 0.2ms
[2024-10-12T11:16:30.045+0800][info] GC(581)   Merge Heap Roots: 0.1ms
[2024-10-12T11:16:30.045+0800][info] GC(581)   Evacuate Collection Set: 3.1ms
[2024-10-12T11:16:30.045+0800][info] GC(581)   Post Evacuate Collection Set: 1.5ms
[2024-10-12T11:16:30.045+0800][info] GC(581)   Other: 0.2ms
[2024-10-12T11:16:30.045+0800][info] GC(581) Eden regions: 2->0(2)
[2024-10-12T11:16:30.045+0800][info] GC(581) Survivor regions: 1->1(1)
[2024-10-12T11:16:30.045+0800][info] GC(581) Old regions: 51->58
[2024-10-12T11:16:30.045+0800][info] GC(581) Archive regions: 2->2
[2024-10-12T11:16:30.045+0800][info] GC(581) Humongous regions: 3->3
[2024-10-12T11:16:30.045+0800][info] GC(581) Metaspace: 1695K(1856K)->1695K(1856K) NonClass: 1571K(1664K)->1571K(1664K) Class: 124K(192K)->124K(192K)
[2024-10-12T11:16:30.045+0800][info] GC(581) Pause Young (Mixed) (G1 Preventive Collection) 103M->114M(128M) 5.228ms
[2024-10-12T11:16:30.045+0800][info] GC(581) User=0.01s Sys=0.00s Real=0.00s
[2024-10-12T11:16:30.045+0800][info] Attempting full compaction
[2024-10-12T11:16:30.045+0800][info] GC(582) Using 3 workers of 48 for full compaction
[2024-10-12T11:16:30.045+0800][info] GC(582) Pause Full (G1 Compaction Pause)
[2024-10-12T11:16:30.045+0800][info] GC(582) Phase 1: Mark live objects
[2024-10-12T11:16:30.048+0800][info] GC(582) Phase 1: Mark live objects 3.499ms
[2024-10-12T11:16:30.048+0800][info] GC(582) Phase 2: Prepare for compaction
[2024-10-12T11:16:30.049+0800][info] GC(582) Phase 2: Prepare for compaction 0.405ms
[2024-10-12T11:16:30.049+0800][info] GC(582) Phase 3: Adjust pointers
[2024-10-12T11:16:30.051+0800][info] GC(582) Phase 3: Adjust pointers 1.745ms
[2024-10-12T11:16:30.051+0800][info] GC(582) Phase 4: Compact heap
[2024-10-12T11:16:30.061+0800][info] GC(582) Phase 4: Compact heap 9.935ms
[2024-10-12T11:16:30.062+0800][info] GC(582) Eden regions: 0->0(4)
[2024-10-12T11:16:30.062+0800][info] GC(582) Survivor regions: 1->0(1)
[2024-10-12T11:16:30.062+0800][info] GC(582) Old regions: 58->38
[2024-10-12T11:16:30.062+0800][info] GC(582) Archive regions: 2->2
[2024-10-12T11:16:30.062+0800][info] GC(582) Humongous regions: 3->3
[2024-10-12T11:16:30.062+0800][info] GC(582) Metaspace: 1695K(1856K)->1695K(1856K) NonClass: 1571K(1664K)->1571K(1664K) Class: 124K(192K)->124K(192K)
[2024-10-12T11:16:30.062+0800][info] GC(582) Pause Full (G1 Compaction Pause) 114M->71M(128M) 17.271ms
[2024-10-12T11:16:30.062+0800][info] GC(582) User=0.05s Sys=0.00s Real=0.02s
[2024-10-12T11:16:30.288+0800][info] GC(583) Pause Young (Normal) (G1 Evacuation Pause)
[2024-10-12T11:16:30.288+0800][info] GC(583) Using 3 workers of 48 for evacuation
[2024-10-12T11:16:30.290+0800][info] GC(583)   Pre Evacuate Collection Set: 0.1ms
[2024-10-12T11:16:30.290+0800][info] GC(583)   Merge Heap Roots: 0.1ms
[2024-10-12T11:16:30.290+0800][info] GC(583)   Evacuate Collection Set: 1.4ms
[2024-10-12T11:16:30.290+0800][info] GC(583)   Post Evacuate Collection Set: 0.2ms
[2024-10-12T11:16:30.290+0800][info] GC(583)   Other: 0.2ms
[2024-10-12T11:16:30.290+0800][info] GC(583) Eden regions: 4->0(2)
[2024-10-12T11:16:30.290+0800][info] GC(583) Survivor regions: 0->1(1)
[2024-10-12T11:16:30.290+0800][info] GC(583) Old regions: 38->41
[2024-10-12T11:16:30.290+0800][info] GC(583) Archive regions: 2->2
[2024-10-12T11:16:30.290+0800][info] GC(583) Humongous regions: 4->4
[2024-10-12T11:16:30.290+0800][info] GC(583) Metaspace: 1695K(1856K)->1695K(1856K) NonClass: 1571K(1664K)->1571K(1664K) Class: 124K(192K)->124K(192K)
[2024-10-12T11:16:30.290+0800][info] GC(583) Pause Young (Normal) (G1 Evacuation Pause) 81M->81M(128M) 2.107ms
[2024-10-12T11:16:30.290+0800][info] GC(583) User=0.01s Sys=0.00s Real=0.00s
[2024-10-12T11:16:30.392+0800][info] GC(584) Pause Young (Normal) (G1 Evacuation Pause)
[2024-10-12T11:16:30.392+0800][info] GC(584) Using 3 workers of 48 for evacuation
[2024-10-12T11:16:30.394+0800][info] GC(584)   Pre Evacuate Collection Set: 0.1ms
[2024-10-12T11:16:30.394+0800][info] GC(584)   Merge Heap Roots: 0.1ms
[2024-10-12T11:16:30.394+0800][info] GC(584)   Evacuate Collection Set: 1.4ms
[2024-10-12T11:16:30.394+0800][info] GC(584)   Post Evacuate Collection Set: 0.2ms
[2024-10-12T11:16:30.394+0800][info] GC(584)   Other: 0.2ms
[2024-10-12T11:16:30.394+0800][info] GC(584) Eden regions: 2->0(2)
[2024-10-12T11:16:30.394+0800][info] GC(584) Survivor regions: 1->1(1)
[2024-10-12T11:16:30.394+0800][info] GC(584) Old regions: 41->43
[2024-10-12T11:16:30.394+0800][info] GC(584) Archive regions: 2->2
[2024-10-12T11:16:30.394+0800][info] GC(584) Humongous regions: 4->4
[2024-10-12T11:16:30.394+0800][info] GC(584) Metaspace: 1695K(1856K)->1695K(1856K) NonClass: 1571K(1664K)->1571K(1664K) Class: 124K(192K)->124K(192K)
[2024-10-12T11:16:30.394+0800][info] GC(584) Pause Young (Normal) (G1 Evacuation Pause) 85M->85M(128M) 2.113ms
[2024-10-12T11:16:30.394+0800][info] GC(584) User=0.00s Sys=0.00s Real=0.01s
[2024-10-12T11:16:30.497+0800][info] GC(585) Pause Young (Normal) (G1 Evacuation Pause)
[2024-10-12T11:16:30.497+0800][info] GC(585) Using 3 workers of 48 for evacuation
[2024-10-12T11:16:30.498+0800][info] GC(585)   Pre Evacuate Collection Set: 0.1ms
[2024-10-12T11:16:30.498+0800][info] GC(585)   Merge Heap Roots: 0.0ms
[2024-10-12T11:16:30.498+0800][info] GC(585)   Evacuate Collection Set: 1.1ms
[2024-10-12T11:16:30.498+0800][info] GC(585)   Post Evacuate Collection Set: 0.2ms
[2024-10-12T11:16:30.498+0800][info] GC(585)   Other: 0.2ms
[2024-10-12T11:16:30.498+0800][info] GC(585) Eden regions: 2->0(2)
[2024-10-12T11:16:30.498+0800][info] GC(585) Survivor regions: 1->1(1)
[2024-10-12T11:16:30.499+0800][info] GC(585) Old regions: 43->46
[2024-10-12T11:16:30.499+0800][info] GC(585) Archive regions: 2->2
[2024-10-12T11:16:30.499+0800][info] GC(585) Humongous regions: 4->4
[2024-10-12T11:16:30.499+0800][info] GC(585) Metaspace: 1695K(1856K)->1695K(1856K) NonClass: 1571K(1664K)->1571K(1664K) Class: 124K(192K)->124K(192K)
[2024-10-12T11:16:30.499+0800][info] GC(585) Pause Young (Normal) (G1 Evacuation Pause) 89M->90M(128M) 1.783ms
[2024-10-12T11:16:30.499+0800][info] GC(585) User=0.01s Sys=0.00s Real=0.00s
[2024-10-12T11:16:30.601+0800][info] GC(586) Pause Young (Concurrent Start) (G1 Evacuation Pause)
[2024-10-12T11:16:30.601+0800][info] GC(586) Using 3 workers of 48 for evacuation
[2024-10-12T11:16:30.603+0800][info] GC(586)   Pre Evacuate Collection Set: 0.1ms
[2024-10-12T11:16:30.603+0800][info] GC(586)   Merge Heap Roots: 0.1ms
[2024-10-12T11:16:30.603+0800][info] GC(586)   Evacuate Collection Set: 1.1ms
[2024-10-12T11:16:30.603+0800][info] GC(586)   Post Evacuate Collection Set: 0.2ms
[2024-10-12T11:16:30.603+0800][info] GC(586)   Other: 0.4ms
[2024-10-12T11:16:30.603+0800][info] GC(586) Eden regions: 2->0(2)
[2024-10-12T11:16:30.603+0800][info] GC(586) Survivor regions: 1->1(1)
[2024-10-12T11:16:30.603+0800][info] GC(586) Old regions: 46->48
[2024-10-12T11:16:30.603+0800][info] GC(586) Archive regions: 2->2
[2024-10-12T11:16:30.603+0800][info] GC(586) Humongous regions: 4->4
[2024-10-12T11:16:30.603+0800][info] GC(586) Metaspace: 1695K(1856K)->1695K(1856K) NonClass: 1571K(1664K)->1571K(1664K) Class: 124K(192K)->124K(192K)
[2024-10-12T11:16:30.603+0800][info] GC(586) Pause Young (Concurrent Start) (G1 Evacuation Pause) 93M->94M(128M) 2.018ms
[2024-10-12T11:16:30.603+0800][info] GC(586) User=0.00s Sys=0.00s Real=0.00s
[2024-10-12T11:16:30.603+0800][info] GC(587) Concurrent Mark Cycle
[2024-10-12T11:16:30.603+0800][info] GC(587) Concurrent Clear Claimed Marks
[2024-10-12T11:16:30.603+0800][info] GC(587) Concurrent Clear Claimed Marks 0.015ms
[2024-10-12T11:16:30.603+0800][info] GC(587) Concurrent Scan Root Regions
[2024-10-12T11:16:30.603+0800][info] GC(587) Concurrent Scan Root Regions 0.144ms
[2024-10-12T11:16:30.603+0800][info] GC(587) Concurrent Mark
[2024-10-12T11:16:30.603+0800][info] GC(587) Concurrent Mark From Roots
[2024-10-12T11:16:30.603+0800][info] GC(587) Using 12 workers of 12 for marking
[2024-10-12T11:16:30.606+0800][info] GC(587) Concurrent Mark From Roots 3.370ms
[2024-10-12T11:16:30.606+0800][info] GC(587) Concurrent Preclean
[2024-10-12T11:16:30.608+0800][info] GC(587) Concurrent Preclean 1.667ms
[2024-10-12T11:16:30.608+0800][info] GC(587) Pause Remark
[2024-10-12T11:16:30.610+0800][info] GC(587) Pause Remark 94M->92M(128M) 1.621ms
[2024-10-12T11:16:30.610+0800][info] GC(587) User=0.00s Sys=0.00s Real=0.00s
[2024-10-12T11:16:30.610+0800][info] GC(587) Concurrent Mark 6.921ms
[2024-10-12T11:16:30.610+0800][info] GC(587) Concurrent Rebuild Remembered Sets
[2024-10-12T11:16:30.611+0800][info] GC(587) Concurrent Rebuild Remembered Sets 1.102ms
[2024-10-12T11:16:30.611+0800][info] GC(587) Pause Cleanup
[2024-10-12T11:16:30.611+0800][info] GC(587) Pause Cleanup 92M->92M(128M) 0.167ms
[2024-10-12T11:16:30.611+0800][info] GC(587) User=0.00s Sys=0.00s Real=0.00s
[2024-10-12T11:16:30.611+0800][info] GC(587) Concurrent Cleanup for Next Mark
[2024-10-12T11:16:30.612+0800][info] GC(587) Concurrent Cleanup for Next Mark 0.354ms
[2024-10-12T11:16:30.612+0800][info] GC(587) Concurrent Mark Cycle 8.992ms
[2024-10-12T11:16:30.756+0800][info] GC(588) Pause Young (Prepare Mixed) (G1 Evacuation Pause)
[2024-10-12T11:16:30.756+0800][info] GC(588) Using 3 workers of 48 for evacuation
[2024-10-12T11:16:30.758+0800][info] GC(588)   Pre Evacuate Collection Set: 0.1ms
[2024-10-12T11:16:30.758+0800][info] GC(588)   Merge Heap Roots: 0.1ms
[2024-10-12T11:16:30.758+0800][info] GC(588)   Evacuate Collection Set: 1.1ms
[2024-10-12T11:16:30.758+0800][info] GC(588)   Post Evacuate Collection Set: 0.2ms
[2024-10-12T11:16:30.758+0800][info] GC(588)   Other: 0.2ms
[2024-10-12T11:16:30.758+0800][info] GC(588) Eden regions: 2->0(2)
[2024-10-12T11:16:30.758+0800][info] GC(588) Survivor regions: 1->1(1)
[2024-10-12T11:16:30.758+0800][info] GC(588) Old regions: 47->48
[2024-10-12T11:16:30.758+0800][info] GC(588) Archive regions: 2->2
[2024-10-12T11:16:30.758+0800][info] GC(588) Humongous regions: 3->3
[2024-10-12T11:16:30.758+0800][info] GC(588) Metaspace: 1695K(1856K)->1695K(1856K) NonClass: 1571K(1664K)->1571K(1664K) Class: 124K(192K)->124K(192K)
[2024-10-12T11:16:30.758+0800][info] GC(588) Pause Young (Prepare Mixed) (G1 Evacuation Pause) 95M->95M(128M) 1.807ms
[2024-10-12T11:16:30.758+0800][info] GC(588) User=0.00s Sys=0.00s Real=0.00s
[2024-10-12T11:16:30.860+0800][info] GC(589) Pause Young (Mixed) (G1 Evacuation Pause)
[2024-10-12T11:16:30.860+0800][info] GC(589) Using 3 workers of 48 for evacuation
[2024-10-12T11:16:30.866+0800][info] GC(589) To-space exhausted
[2024-10-12T11:16:30.866+0800][info] GC(589)   Pre Evacuate Collection Set: 0.2ms
[2024-10-12T11:16:30.866+0800][info] GC(589)   Merge Heap Roots: 0.1ms
[2024-10-12T11:16:30.866+0800][info] GC(589)   Evacuate Collection Set: 4.2ms
[2024-10-12T11:16:30.866+0800][info] GC(589)   Post Evacuate Collection Set: 1.6ms
[2024-10-12T11:16:30.866+0800][info] GC(589)   Other: 0.2ms
[2024-10-12T11:16:30.866+0800][info] GC(589) Eden regions: 2->0(2)
[2024-10-12T11:16:30.866+0800][info] GC(589) Survivor regions: 1->1(1)
[2024-10-12T11:16:30.866+0800][info] GC(589) Old regions: 48->57
[2024-10-12T11:16:30.866+0800][info] GC(589) Archive regions: 2->2
[2024-10-12T11:16:30.866+0800][info] GC(589) Humongous regions: 3->3
[2024-10-12T11:16:30.866+0800][info] GC(589) Metaspace: 1695K(1856K)->1695K(1856K) NonClass: 1571K(1664K)->1571K(1664K) Class: 124K(192K)->124K(192K)
[2024-10-12T11:16:30.866+0800][info] GC(589) Pause Young (Mixed) (G1 Evacuation Pause) 98M->112M(128M) 6.453ms
[2024-10-12T11:16:30.866+0800][info] GC(589) User=0.02s Sys=0.00s Real=0.01s
[2024-10-12T11:16:30.928+0800][info] GC(590) Pause Young (Concurrent Start) (G1 Evacuation Pause)
[2024-10-12T11:16:30.928+0800][info] GC(590) Using 3 workers of 48 for evacuation
[2024-10-12T11:16:30.929+0800][info] GC(590) To-space exhausted
[2024-10-12T11:16:30.929+0800][info] GC(590)   Pre Evacuate Collection Set: 0.1ms
[2024-10-12T11:16:30.929+0800][info] GC(590)   Merge Heap Roots: 0.1ms
[2024-10-12T11:16:30.929+0800][info] GC(590)   Evacuate Collection Set: 0.4ms
[2024-10-12T11:16:30.929+0800][info] GC(590)   Post Evacuate Collection Set: 0.3ms
[2024-10-12T11:16:30.929+0800][info] GC(590)   Other: 0.4ms
[2024-10-12T11:16:30.929+0800][info] GC(590) Eden regions: 1->0(3)
[2024-10-12T11:16:30.929+0800][info] GC(590) Survivor regions: 1->0(0)
[2024-10-12T11:16:30.929+0800][info] GC(590) Old regions: 57->59
[2024-10-12T11:16:30.929+0800][info] GC(590) Archive regions: 2->2
[2024-10-12T11:16:30.929+0800][info] GC(590) Humongous regions: 3->3
[2024-10-12T11:16:30.929+0800][info] GC(590) Metaspace: 1695K(1856K)->1695K(1856K) NonClass: 1571K(1664K)->1571K(1664K) Class: 124K(192K)->124K(192K)
[2024-10-12T11:16:30.929+0800][info] GC(590) Pause Young (Concurrent Start) (G1 Evacuation Pause) 114M->114M(128M) 1.388ms
[2024-10-12T11:16:30.929+0800][info] GC(590) User=0.00s Sys=0.00s Real=0.00s
[2024-10-12T11:16:30.929+0800][info] Attempting full compaction
[2024-10-12T11:16:30.930+0800][info] GC(591) Concurrent Mark Cycle
[2024-10-12T11:16:30.930+0800][info] GC(591) Concurrent Clear Claimed Marks
[2024-10-12T11:16:30.930+0800][info] GC(592) Using 3 workers of 48 for full compaction
[2024-10-12T11:16:30.930+0800][info] GC(591) Concurrent Clear Claimed Marks 0.018ms
[2024-10-12T11:16:30.930+0800][info] GC(591) Concurrent Scan Root Regions
[2024-10-12T11:16:30.930+0800][info] GC(591) Concurrent Scan Root Regions 0.010ms
[2024-10-12T11:16:30.930+0800][info] GC(591) Concurrent Mark
[2024-10-12T11:16:30.930+0800][info] GC(591) Concurrent Mark From Roots
[2024-10-12T11:16:30.930+0800][info] GC(591) Using 12 workers of 12 for marking
[2024-10-12T11:16:30.930+0800][info] GC(592) Pause Full (G1 Compaction Pause)
[2024-10-12T11:16:30.930+0800][info] GC(592) Phase 1: Mark live objects
[2024-10-12T11:16:30.933+0800][info] GC(592) Phase 1: Mark live objects 3.428ms
[2024-10-12T11:16:30.933+0800][info] GC(592) Phase 2: Prepare for compaction
[2024-10-12T11:16:30.934+0800][info] GC(592) Phase 2: Prepare for compaction 0.693ms
[2024-10-12T11:16:30.934+0800][info] GC(592) Phase 3: Adjust pointers
[2024-10-12T11:16:30.936+0800][info] GC(592) Phase 3: Adjust pointers 1.784ms
[2024-10-12T11:16:30.936+0800][info] GC(592) Phase 4: Compact heap
[2024-10-12T11:16:30.947+0800][info] GC(592) Phase 4: Compact heap 10.700ms
[2024-10-12T11:16:30.948+0800][info] GC(592) Eden regions: 0->0(4)
[2024-10-12T11:16:30.948+0800][info] GC(592) Survivor regions: 0->0(0)
[2024-10-12T11:16:30.948+0800][info] GC(592) Old regions: 59->38
[2024-10-12T11:16:30.948+0800][info] GC(592) Archive regions: 2->2
[2024-10-12T11:16:30.948+0800][info] GC(592) Humongous regions: 3->3
[2024-10-12T11:16:30.948+0800][info] GC(592) Metaspace: 1695K(1856K)->1695K(1856K) NonClass: 1571K(1664K)->1571K(1664K) Class: 124K(192K)->124K(192K)
[2024-10-12T11:16:30.948+0800][info] GC(592) Pause Full (G1 Compaction Pause) 114M->72M(128M) 18.506ms
[2024-10-12T11:16:30.948+0800][info] GC(592) User=0.05s Sys=0.00s Real=0.02s
[2024-10-12T11:16:30.948+0800][info] GC(591) Concurrent Mark From Roots 18.788ms
[2024-10-12T11:16:30.948+0800][info] GC(591) Concurrent Mark Abort
[2024-10-12T11:16:30.949+0800][info] GC(591) Concurrent Mark Cycle 18.997ms
[2024-10-12T11:16:31.153+0800][info] GC(593) Pause Young (Normal) (G1 Evacuation Pause)
[2024-10-12T11:16:31.153+0800][info] GC(593) Using 3 workers of 48 for evacuation
[2024-10-12T11:16:31.155+0800][info] GC(593)   Pre Evacuate Collection Set: 0.1ms
[2024-10-12T11:16:31.155+0800][info] GC(593)   Merge Heap Roots: 0.1ms
[2024-10-12T11:16:31.155+0800][info] GC(593)   Evacuate Collection Set: 1.3ms
[2024-10-12T11:16:31.155+0800][info] GC(593)   Post Evacuate Collection Set: 0.2ms
[2024-10-12T11:16:31.155+0800][info] GC(593)   Other: 0.2ms
[2024-10-12T11:16:31.155+0800][info] GC(593) Eden regions: 4->0(2)
[2024-10-12T11:16:31.155+0800][info] GC(593) Survivor regions: 0->1(1)
[2024-10-12T11:16:31.155+0800][info] GC(593) Old regions: 38->41
[2024-10-12T11:16:31.155+0800][info] GC(593) Archive regions: 2->2
[2024-10-12T11:16:31.155+0800][info] GC(593) Humongous regions: 3->3
[2024-10-12T11:16:31.155+0800][info] GC(593) Metaspace: 1695K(1856K)->1695K(1856K) NonClass: 1571K(1664K)->1571K(1664K) Class: 124K(192K)->124K(192K)
[2024-10-12T11:16:31.155+0800][info] GC(593) Pause Young (Normal) (G1 Evacuation Pause) 79M->79M(128M) 2.059ms
[2024-10-12T11:16:31.155+0800][info] GC(593) User=0.01s Sys=0.00s Real=0.01s
[2024-10-12T11:16:31.257+0800][info] GC(594) Pause Young (Normal) (G1 Evacuation Pause)
[2024-10-12T11:16:31.257+0800][info] GC(594) Using 3 workers of 48 for evacuation
[2024-10-12T11:16:31.258+0800][info] GC(594)   Pre Evacuate Collection Set: 0.1ms
[2024-10-12T11:16:31.259+0800][info] GC(594)   Merge Heap Roots: 0.0ms
[2024-10-12T11:16:31.259+0800][info] GC(594)   Evacuate Collection Set: 0.8ms
[2024-10-12T11:16:31.259+0800][info] GC(594)   Post Evacuate Collection Set: 0.2ms
[2024-10-12T11:16:31.259+0800][info] GC(594)   Other: 0.3ms
[2024-10-12T11:16:31.259+0800][info] GC(594) Eden regions: 2->0(2)
[2024-10-12T11:16:31.259+0800][info] GC(594) Survivor regions: 1->1(1)
[2024-10-12T11:16:31.259+0800][info] GC(594) Old regions: 41->43
[2024-10-12T11:16:31.259+0800][info] GC(594) Archive regions: 2->2
[2024-10-12T11:16:31.259+0800][info] GC(594) Humongous regions: 3->3
[2024-10-12T11:16:31.259+0800][info] GC(594) Metaspace: 1695K(1856K)->1695K(1856K) NonClass: 1571K(1664K)->1571K(1664K) Class: 124K(192K)->124K(192K)
[2024-10-12T11:16:31.259+0800][info] GC(594) Pause Young (Normal) (G1 Evacuation Pause) 82M->83M(128M) 1.595ms
[2024-10-12T11:16:31.259+0800][info] GC(594) User=0.00s Sys=0.00s Real=0.00s
[2024-10-12T11:16:31.361+0800][info] GC(595) Pause Young (Normal) (G1 Evacuation Pause)
[2024-10-12T11:16:31.361+0800][info] GC(595) Using 3 workers of 48 for evacuation
[2024-10-12T11:16:31.362+0800][info] GC(595)   Pre Evacuate Collection Set: 0.1ms
[2024-10-12T11:16:31.362+0800][info] GC(595)   Merge Heap Roots: 0.1ms
[2024-10-12T11:16:31.362+0800][info] GC(595)   Evacuate Collection Set: 1.0ms
[2024-10-12T11:16:31.362+0800][info] GC(595)   Post Evacuate Collection Set: 0.2ms
[2024-10-12T11:16:31.362+0800][info] GC(595)   Other: 0.2ms
[2024-10-12T11:16:31.362+0800][info] GC(595) Eden regions: 2->0(2)
[2024-10-12T11:16:31.362+0800][info] GC(595) Survivor regions: 1->1(1)
[2024-10-12T11:16:31.362+0800][info] GC(595) Old regions: 43->45
[2024-10-12T11:16:31.362+0800][info] GC(595) Archive regions: 2->2
[2024-10-12T11:16:31.362+0800][info] GC(595) Humongous regions: 3->3
[2024-10-12T11:16:31.362+0800][info] GC(595) Metaspace: 1695K(1856K)->1695K(1856K) NonClass: 1571K(1664K)->1571K(1664K) Class: 124K(192K)->124K(192K)
[2024-10-12T11:16:31.362+0800][info] GC(595) Pause Young (Normal) (G1 Evacuation Pause) 86M->87M(128M) 1.774ms
[2024-10-12T11:16:31.363+0800][info] GC(595) User=0.01s Sys=0.00s Real=0.00s
[2024-10-12T11:16:31.465+0800][info] GC(596) Pause Young (Normal) (G1 Evacuation Pause)
[2024-10-12T11:16:31.465+0800][info] GC(596) Using 3 workers of 48 for evacuation
[2024-10-12T11:16:31.466+0800][info] GC(596)   Pre Evacuate Collection Set: 0.1ms
[2024-10-12T11:16:31.466+0800][info] GC(596)   Merge Heap Roots: 0.0ms
[2024-10-12T11:16:31.466+0800][info] GC(596)   Evacuate Collection Set: 0.8ms
[2024-10-12T11:16:31.466+0800][info] GC(596)   Post Evacuate Collection Set: 0.2ms
[2024-10-12T11:16:31.466+0800][info] GC(596)   Other: 0.2ms
[2024-10-12T11:16:31.466+0800][info] GC(596) Eden regions: 2->0(2)
[2024-10-12T11:16:31.466+0800][info] GC(596) Survivor regions: 1->1(1)
[2024-10-12T11:16:31.466+0800][info] GC(596) Old regions: 45->47
[2024-10-12T11:16:31.466+0800][info] GC(596) Archive regions: 2->2
[2024-10-12T11:16:31.466+0800][info] GC(596) Humongous regions: 3->3
[2024-10-12T11:16:31.466+0800][info] GC(596) Metaspace: 1695K(1856K)->1695K(1856K) NonClass: 1571K(1664K)->1571K(1664K) Class: 124K(192K)->124K(192K)
[2024-10-12T11:16:31.466+0800][info] GC(596) Pause Young (Normal) (G1 Evacuation Pause) 90M->90M(128M) 1.443ms
[2024-10-12T11:16:31.466+0800][info] GC(596) User=0.00s Sys=0.00s Real=0.01s
[2024-10-12T11:16:31.569+0800][info] GC(597) Pause Young (Concurrent Start) (G1 Evacuation Pause)
[2024-10-12T11:16:31.569+0800][info] GC(597) Using 3 workers of 48 for evacuation
[2024-10-12T11:16:31.570+0800][info] GC(597)   Pre Evacuate Collection Set: 0.1ms
[2024-10-12T11:16:31.570+0800][info] GC(597)   Merge Heap Roots: 0.1ms
[2024-10-12T11:16:31.570+0800][info] GC(597)   Evacuate Collection Set: 1.1ms
[2024-10-12T11:16:31.570+0800][info] GC(597)   Post Evacuate Collection Set: 0.2ms
[2024-10-12T11:16:31.571+0800][info] GC(597)   Other: 0.4ms
[2024-10-12T11:16:31.571+0800][info] GC(597) Eden regions: 2->0(2)
[2024-10-12T11:16:31.571+0800][info] GC(597) Survivor regions: 1->1(1)
[2024-10-12T11:16:31.571+0800][info] GC(597) Old regions: 47->49
[2024-10-12T11:16:31.571+0800][info] GC(597) Archive regions: 2->2
[2024-10-12T11:16:31.571+0800][info] GC(597) Humongous regions: 3->3
[2024-10-12T11:16:31.571+0800][info] GC(597) Metaspace: 1695K(1856K)->1695K(1856K) NonClass: 1571K(1664K)->1571K(1664K) Class: 124K(192K)->124K(192K)
[2024-10-12T11:16:31.571+0800][info] GC(597) Pause Young (Concurrent Start) (G1 Evacuation Pause) 94M->94M(128M) 2.041ms
[2024-10-12T11:16:31.571+0800][info] GC(597) User=0.01s Sys=0.00s Real=0.00s
[2024-10-12T11:16:31.571+0800][info] GC(598) Concurrent Mark Cycle
[2024-10-12T11:16:31.571+0800][info] GC(598) Concurrent Clear Claimed Marks
[2024-10-12T11:16:31.571+0800][info] GC(598) Concurrent Clear Claimed Marks 0.016ms
[2024-10-12T11:16:31.571+0800][info] GC(598) Concurrent Scan Root Regions
[2024-10-12T11:16:31.571+0800][info] GC(598) Concurrent Scan Root Regions 0.150ms
[2024-10-12T11:16:31.571+0800][info] GC(598) Concurrent Mark
[2024-10-12T11:16:31.571+0800][info] GC(598) Concurrent Mark From Roots
[2024-10-12T11:16:31.571+0800][info] GC(598) Using 12 workers of 12 for marking
[2024-10-12T11:16:31.575+0800][info] GC(598) Concurrent Mark From Roots 3.713ms
[2024-10-12T11:16:31.575+0800][info] GC(598) Concurrent Preclean
[2024-10-12T11:16:31.576+0800][info] GC(598) Concurrent Preclean 1.669ms
[2024-10-12T11:16:31.576+0800][info] GC(598) Pause Remark
[2024-10-12T11:16:31.578+0800][info] GC(598) Pause Remark 95M->95M(128M) 1.717ms
[2024-10-12T11:16:31.578+0800][info] GC(598) User=0.00s Sys=0.00s Real=0.00s
[2024-10-12T11:16:31.578+0800][info] GC(598) Concurrent Mark 7.302ms
[2024-10-12T11:16:31.578+0800][info] GC(598) Concurrent Rebuild Remembered Sets
[2024-10-12T11:16:31.579+0800][info] GC(598) Concurrent Rebuild Remembered Sets 1.189ms
[2024-10-12T11:16:31.580+0800][info] GC(598) Pause Cleanup
[2024-10-12T11:16:31.580+0800][info] GC(598) Pause Cleanup 95M->95M(128M) 0.163ms
[2024-10-12T11:16:31.580+0800][info] GC(598) User=0.00s Sys=0.00s Real=0.00s
[2024-10-12T11:16:31.580+0800][info] GC(598) Concurrent Cleanup for Next Mark
[2024-10-12T11:16:31.580+0800][info] GC(598) Concurrent Cleanup for Next Mark 0.415ms
[2024-10-12T11:16:31.580+0800][info] GC(598) Concurrent Mark Cycle 9.573ms
[2024-10-12T11:16:31.724+0800][info] GC(599) Pause Young (Prepare Mixed) (G1 Evacuation Pause)
[2024-10-12T11:16:31.724+0800][info] GC(599) Using 3 workers of 48 for evacuation
[2024-10-12T11:16:31.726+0800][info] GC(599)   Pre Evacuate Collection Set: 0.1ms
[2024-10-12T11:16:31.726+0800][info] GC(599)   Merge Heap Roots: 0.1ms
[2024-10-12T11:16:31.726+0800][info] GC(599)   Evacuate Collection Set: 1.1ms
[2024-10-12T11:16:31.726+0800][info] GC(599)   Post Evacuate Collection Set: 0.2ms
[2024-10-12T11:16:31.726+0800][info] GC(599)   Other: 0.2ms
[2024-10-12T11:16:31.726+0800][info] GC(599) Eden regions: 2->0(2)
[2024-10-12T11:16:31.726+0800][info] GC(599) Survivor regions: 1->1(1)
[2024-10-12T11:16:31.726+0800][info] GC(599) Old regions: 49->51
[2024-10-12T11:16:31.726+0800][info] GC(599) Archive regions: 2->2
[2024-10-12T11:16:31.726+0800][info] GC(599) Humongous regions: 3->3
[2024-10-12T11:16:31.726+0800][info] GC(599) Metaspace: 1695K(1856K)->1695K(1856K) NonClass: 1571K(1664K)->1571K(1664K) Class: 124K(192K)->124K(192K)
[2024-10-12T11:16:31.726+0800][info] GC(599) Pause Young (Prepare Mixed) (G1 Evacuation Pause) 98M->98M(128M) 1.787ms
[2024-10-12T11:16:31.726+0800][info] GC(599) User=0.00s Sys=0.00s Real=0.01s
[2024-10-12T11:16:31.828+0800][info] GC(600) Pause Young (Mixed) (G1 Preventive Collection)
[2024-10-12T11:16:31.828+0800][info] GC(600) Using 3 workers of 48 for evacuation
[2024-10-12T11:16:31.833+0800][info] GC(600) To-space exhausted
[2024-10-12T11:16:31.833+0800][info] GC(600)   Pre Evacuate Collection Set: 0.2ms
[2024-10-12T11:16:31.833+0800][info] GC(600)   Merge Heap Roots: 0.1ms
[2024-10-12T11:16:31.833+0800][info] GC(600)   Evacuate Collection Set: 3.5ms
[2024-10-12T11:16:31.833+0800][info] GC(600)   Post Evacuate Collection Set: 1.0ms
[2024-10-12T11:16:31.833+0800][info] GC(600)   Other: 0.2ms
[2024-10-12T11:16:31.833+0800][info] GC(600) Eden regions: 2->0(2)
[2024-10-12T11:16:31.833+0800][info] GC(600) Survivor regions: 1->1(1)
[2024-10-12T11:16:31.833+0800][info] GC(600) Old regions: 51->58
[2024-10-12T11:16:31.833+0800][info] GC(600) Archive regions: 2->2
[2024-10-12T11:16:31.833+0800][info] GC(600) Humongous regions: 3->3
[2024-10-12T11:16:31.833+0800][info] GC(600) Metaspace: 1695K(1856K)->1695K(1856K) NonClass: 1571K(1664K)->1571K(1664K) Class: 124K(192K)->124K(192K)
[2024-10-12T11:16:31.833+0800][info] GC(600) Pause Young (Mixed) (G1 Preventive Collection) 102M->113M(128M) 5.143ms
[2024-10-12T11:16:31.833+0800][info] GC(600) User=0.02s Sys=0.00s Real=0.01s
[2024-10-12T11:16:31.833+0800][info] Attempting full compaction
[2024-10-12T11:16:31.833+0800][info] GC(601) Using 3 workers of 48 for full compaction
[2024-10-12T11:16:31.833+0800][info] GC(601) Pause Full (G1 Compaction Pause)
[2024-10-12T11:16:31.833+0800][info] GC(601) Phase 1: Mark live objects
[2024-10-12T11:16:31.837+0800][info] GC(601) Phase 1: Mark live objects 3.467ms
[2024-10-12T11:16:31.837+0800][info] GC(601) Phase 2: Prepare for compaction
[2024-10-12T11:16:31.837+0800][info] GC(601) Phase 2: Prepare for compaction 0.488ms
[2024-10-12T11:16:31.837+0800][info] GC(601) Phase 3: Adjust pointers
[2024-10-12T11:16:31.839+0800][info] GC(601) Phase 3: Adjust pointers 1.765ms
[2024-10-12T11:16:31.839+0800][info] GC(601) Phase 4: Compact heap
[2024-10-12T11:16:31.851+0800][info] GC(601) Phase 4: Compact heap 12.049ms
[2024-10-12T11:16:31.853+0800][info] GC(601) Eden regions: 0->0(4)
[2024-10-12T11:16:31.853+0800][info] GC(601) Survivor regions: 1->0(1)
[2024-10-12T11:16:31.853+0800][info] GC(601) Old regions: 58->37
[2024-10-12T11:16:31.853+0800][info] GC(601) Archive regions: 2->2
[2024-10-12T11:16:31.853+0800][info] GC(601) Humongous regions: 3->3
[2024-10-12T11:16:31.853+0800][info] GC(601) Metaspace: 1695K(1856K)->1695K(1856K) NonClass: 1571K(1664K)->1571K(1664K) Class: 124K(192K)->124K(192K)
[2024-10-12T11:16:31.853+0800][info] GC(601) Pause Full (G1 Compaction Pause) 113M->72M(128M) 19.468ms
[2024-10-12T11:16:31.853+0800][info] GC(601) User=0.04s Sys=0.00s Real=0.01s
[2024-10-12T11:16:32.078+0800][info] GC(602) Pause Young (Normal) (G1 Evacuation Pause)
[2024-10-12T11:16:32.078+0800][info] GC(602) Using 3 workers of 48 for evacuation
[2024-10-12T11:16:32.080+0800][info] GC(602)   Pre Evacuate Collection Set: 0.1ms
[2024-10-12T11:16:32.080+0800][info] GC(602)   Merge Heap Roots: 0.0ms
[2024-10-12T11:16:32.080+0800][info] GC(602)   Evacuate Collection Set: 1.3ms
[2024-10-12T11:16:32.080+0800][info] GC(602)   Post Evacuate Collection Set: 0.2ms
[2024-10-12T11:16:32.080+0800][info] GC(602)   Other: 0.2ms
[2024-10-12T11:16:32.080+0800][info] GC(602) Eden regions: 4->0(3)
[2024-10-12T11:16:32.080+0800][info] GC(602) Survivor regions: 0->1(1)
[2024-10-12T11:16:32.080+0800][info] GC(602) Old regions: 37->40
[2024-10-12T11:16:32.080+0800][info] GC(602) Archive regions: 2->2
[2024-10-12T11:16:32.080+0800][info] GC(602) Humongous regions: 3->3
[2024-10-12T11:16:32.080+0800][info] GC(602) Metaspace: 1695K(1856K)->1695K(1856K) NonClass: 1571K(1664K)->1571K(1664K) Class: 124K(192K)->124K(192K)
[2024-10-12T11:16:32.080+0800][info] GC(602) Pause Young (Normal) (G1 Evacuation Pause) 79M->79M(128M) 2.039ms
[2024-10-12T11:16:32.080+0800][info] GC(602) User=0.00s Sys=0.00s Real=0.00s
[2024-10-12T11:16:32.243+0800][info] GC(603) Pause Young (Normal) (G1 Evacuation Pause)
[2024-10-12T11:16:32.243+0800][info] GC(603) Using 3 workers of 48 for evacuation
[2024-10-12T11:16:32.245+0800][info] GC(603)   Pre Evacuate Collection Set: 0.1ms
[2024-10-12T11:16:32.245+0800][info] GC(603)   Merge Heap Roots: 0.0ms
[2024-10-12T11:16:32.245+0800][info] GC(603)   Evacuate Collection Set: 1.2ms
[2024-10-12T11:16:32.245+0800][info] GC(603)   Post Evacuate Collection Set: 0.2ms
[2024-10-12T11:16:32.245+0800][info] GC(603)   Other: 0.2ms
[2024-10-12T11:16:32.245+0800][info] GC(603) Eden regions: 3->0(2)
[2024-10-12T11:16:32.245+0800][info] GC(603) Survivor regions: 1->1(1)
[2024-10-12T11:16:32.245+0800][info] GC(603) Old regions: 40->43
[2024-10-12T11:16:32.245+0800][info] GC(603) Archive regions: 2->2
[2024-10-12T11:16:32.245+0800][info] GC(603) Humongous regions: 3->3
[2024-10-12T11:16:32.245+0800][info] GC(603) Metaspace: 1695K(1856K)->1695K(1856K) NonClass: 1571K(1664K)->1571K(1664K) Class: 124K(192K)->124K(192K)
[2024-10-12T11:16:32.245+0800][info] GC(603) Pause Young (Normal) (G1 Evacuation Pause) 85M->85M(128M) 1.903ms
[2024-10-12T11:16:32.245+0800][info] GC(603) User=0.01s Sys=0.00s Real=0.01s
[2024-10-12T11:16:32.348+0800][info] GC(604) Pause Young (Normal) (G1 Evacuation Pause)
[2024-10-12T11:16:32.348+0800][info] GC(604) Using 3 workers of 48 for evacuation
[2024-10-12T11:16:32.349+0800][info] GC(604)   Pre Evacuate Collection Set: 0.1ms
[2024-10-12T11:16:32.349+0800][info] GC(604)   Merge Heap Roots: 0.0ms
[2024-10-12T11:16:32.349+0800][info] GC(604)   Evacuate Collection Set: 1.1ms
[2024-10-12T11:16:32.349+0800][info] GC(604)   Post Evacuate Collection Set: 0.3ms
[2024-10-12T11:16:32.349+0800][info] GC(604)   Other: 0.2ms
[2024-10-12T11:16:32.349+0800][info] GC(604) Eden regions: 2->0(2)
[2024-10-12T11:16:32.349+0800][info] GC(604) Survivor regions: 1->1(1)
[2024-10-12T11:16:32.349+0800][info] GC(604) Old regions: 43->46
[2024-10-12T11:16:32.349+0800][info] GC(604) Archive regions: 2->2
[2024-10-12T11:16:32.349+0800][info] GC(604) Humongous regions: 3->3
[2024-10-12T11:16:32.349+0800][info] GC(604) Metaspace: 1695K(1856K)->1695K(1856K) NonClass: 1571K(1664K)->1571K(1664K) Class: 124K(192K)->124K(192K)
[2024-10-12T11:16:32.349+0800][info] GC(604) Pause Young (Normal) (G1 Evacuation Pause) 89M->90M(128M) 1.881ms
[2024-10-12T11:16:32.350+0800][info] GC(604) User=0.00s Sys=0.00s Real=0.00s
[2024-10-12T11:16:32.452+0800][info] GC(605) Pause Young (Concurrent Start) (G1 Evacuation Pause)
[2024-10-12T11:16:32.452+0800][info] GC(605) Using 3 workers of 48 for evacuation
[2024-10-12T11:16:32.453+0800][info] GC(605)   Pre Evacuate Collection Set: 0.1ms
[2024-10-12T11:16:32.453+0800][info] GC(605)   Merge Heap Roots: 0.1ms
[2024-10-12T11:16:32.453+0800][info] GC(605)   Evacuate Collection Set: 1.0ms
[2024-10-12T11:16:32.453+0800][info] GC(605)   Post Evacuate Collection Set: 0.2ms
[2024-10-12T11:16:32.453+0800][info] GC(605)   Other: 0.4ms
[2024-10-12T11:16:32.453+0800][info] GC(605) Eden regions: 2->0(2)
[2024-10-12T11:16:32.453+0800][info] GC(605) Survivor regions: 1->1(1)
[2024-10-12T11:16:32.453+0800][info] GC(605) Old regions: 46->47
[2024-10-12T11:16:32.453+0800][info] GC(605) Archive regions: 2->2
[2024-10-12T11:16:32.453+0800][info] GC(605) Humongous regions: 3->3
[2024-10-12T11:16:32.453+0800][info] GC(605) Metaspace: 1695K(1856K)->1695K(1856K) NonClass: 1571K(1664K)->1571K(1664K) Class: 124K(192K)->124K(192K)
[2024-10-12T11:16:32.453+0800][info] GC(605) Pause Young (Concurrent Start) (G1 Evacuation Pause) 94M->93M(128M) 1.805ms
[2024-10-12T11:16:32.453+0800][info] GC(605) User=0.01s Sys=0.00s Real=0.01s
[2024-10-12T11:16:32.453+0800][info] GC(606) Concurrent Mark Cycle
[2024-10-12T11:16:32.454+0800][info] GC(606) Concurrent Clear Claimed Marks
[2024-10-12T11:16:32.454+0800][info] GC(606) Concurrent Clear Claimed Marks 0.016ms
[2024-10-12T11:16:32.454+0800][info] GC(606) Concurrent Scan Root Regions
[2024-10-12T11:16:32.454+0800][info] GC(606) Concurrent Scan Root Regions 0.111ms
[2024-10-12T11:16:32.454+0800][info] GC(606) Concurrent Mark
[2024-10-12T11:16:32.454+0800][info] GC(606) Concurrent Mark From Roots
[2024-10-12T11:16:32.454+0800][info] GC(606) Using 12 workers of 12 for marking
[2024-10-12T11:16:32.457+0800][info] GC(606) Concurrent Mark From Roots 3.314ms
[2024-10-12T11:16:32.457+0800][info] GC(606) Concurrent Preclean
[2024-10-12T11:16:32.459+0800][info] GC(606) Concurrent Preclean 1.682ms
[2024-10-12T11:16:32.459+0800][info] GC(606) Pause Remark
[2024-10-12T11:16:32.461+0800][info] GC(606) Pause Remark 94M->94M(128M) 1.830ms
[2024-10-12T11:16:32.461+0800][info] GC(606) User=0.00s Sys=0.00s Real=0.00s
[2024-10-12T11:16:32.461+0800][info] GC(606) Concurrent Mark 7.057ms
[2024-10-12T11:16:32.461+0800][info] GC(606) Concurrent Rebuild Remembered Sets
[2024-10-12T11:16:32.462+0800][info] GC(606) Concurrent Rebuild Remembered Sets 1.260ms
[2024-10-12T11:16:32.462+0800][info] GC(606) Pause Cleanup
[2024-10-12T11:16:32.462+0800][info] GC(606) Pause Cleanup 94M->94M(128M) 0.170ms
[2024-10-12T11:16:32.462+0800][info] GC(606) User=0.00s Sys=0.00s Real=0.00s
[2024-10-12T11:16:32.462+0800][info] GC(606) Concurrent Cleanup for Next Mark
[2024-10-12T11:16:32.463+0800][info] GC(606) Concurrent Cleanup for Next Mark 0.419ms
[2024-10-12T11:16:32.463+0800][info] GC(606) Concurrent Mark Cycle 9.375ms
[2024-10-12T11:16:32.607+0800][info] GC(607) Pause Young (Prepare Mixed) (G1 Evacuation Pause)
[2024-10-12T11:16:32.607+0800][info] GC(607) Using 3 workers of 48 for evacuation
[2024-10-12T11:16:32.609+0800][info] GC(607)   Pre Evacuate Collection Set: 0.1ms
[2024-10-12T11:16:32.609+0800][info] GC(607)   Merge Heap Roots: 0.1ms
[2024-10-12T11:16:32.609+0800][info] GC(607)   Evacuate Collection Set: 1.1ms
[2024-10-12T11:16:32.609+0800][info] GC(607)   Post Evacuate Collection Set: 0.2ms
[2024-10-12T11:16:32.609+0800][info] GC(607)   Other: 0.2ms
[2024-10-12T11:16:32.609+0800][info] GC(607) Eden regions: 2->0(2)
[2024-10-12T11:16:32.609+0800][info] GC(607) Survivor regions: 1->1(1)
[2024-10-12T11:16:32.609+0800][info] GC(607) Old regions: 47->49
[2024-10-12T11:16:32.609+0800][info] GC(607) Archive regions: 2->2
[2024-10-12T11:16:32.609+0800][info] GC(607) Humongous regions: 4->3
[2024-10-12T11:16:32.609+0800][info] GC(607) Metaspace: 1695K(1856K)->1695K(1856K) NonClass: 1571K(1664K)->1571K(1664K) Class: 124K(192K)->124K(192K)
[2024-10-12T11:16:32.609+0800][info] GC(607) Pause Young (Prepare Mixed) (G1 Evacuation Pause) 99M->97M(128M) 1.833ms
[2024-10-12T11:16:32.609+0800][info] GC(607) User=0.00s Sys=0.00s Real=0.00s
[2024-10-12T11:16:32.711+0800][info] GC(608) Pause Young (Mixed) (G1 Evacuation Pause)
[2024-10-12T11:16:32.711+0800][info] GC(608) Using 3 workers of 48 for evacuation
[2024-10-12T11:16:32.717+0800][info] GC(608) To-space exhausted
[2024-10-12T11:16:32.717+0800][info] GC(608)   Pre Evacuate Collection Set: 0.2ms
[2024-10-12T11:16:32.717+0800][info] GC(608)   Merge Heap Roots: 0.1ms
[2024-10-12T11:16:32.717+0800][info] GC(608)   Evacuate Collection Set: 4.1ms
[2024-10-12T11:16:32.717+0800][info] GC(608)   Post Evacuate Collection Set: 1.0ms
[2024-10-12T11:16:32.717+0800][info] GC(608)   Other: 0.2ms
[2024-10-12T11:16:32.717+0800][info] GC(608) Eden regions: 2->0(2)
[2024-10-12T11:16:32.717+0800][info] GC(608) Survivor regions: 1->1(1)
[2024-10-12T11:16:32.717+0800][info] GC(608) Old regions: 49->54
[2024-10-12T11:16:32.717+0800][info] GC(608) Archive regions: 2->2
[2024-10-12T11:16:32.717+0800][info] GC(608) Humongous regions: 3->3
[2024-10-12T11:16:32.717+0800][info] GC(608) Metaspace: 1695K(1856K)->1695K(1856K) NonClass: 1571K(1664K)->1571K(1664K) Class: 124K(192K)->124K(192K)
[2024-10-12T11:16:32.717+0800][info] GC(608) Pause Young (Mixed) (G1 Evacuation Pause) 101M->108M(128M) 5.635ms
[2024-10-12T11:16:32.717+0800][info] GC(608) User=0.01s Sys=0.00s Real=0.01s
[2024-10-12T11:16:32.779+0800][info] GC(609) Pause Young (Concurrent Start) (G1 Preventive Collection)
[2024-10-12T11:16:32.779+0800][info] GC(609) Using 3 workers of 48 for evacuation
[2024-10-12T11:16:32.781+0800][info] GC(609)   Pre Evacuate Collection Set: 0.1ms
[2024-10-12T11:16:32.781+0800][info] GC(609)   Merge Heap Roots: 0.1ms
[2024-10-12T11:16:32.781+0800][info] GC(609)   Evacuate Collection Set: 1.2ms
[2024-10-12T11:16:32.781+0800][info] GC(609)   Post Evacuate Collection Set: 0.2ms
[2024-10-12T11:16:32.781+0800][info] GC(609)   Other: 0.4ms
[2024-10-12T11:16:32.781+0800][info] GC(609) Eden regions: 1->0(2)
[2024-10-12T11:16:32.781+0800][info] GC(609) Survivor regions: 1->1(1)
[2024-10-12T11:16:32.781+0800][info] GC(609) Old regions: 54->55
[2024-10-12T11:16:32.781+0800][info] GC(609) Archive regions: 2->2
[2024-10-12T11:16:32.781+0800][info] GC(609) Humongous regions: 3->3
[2024-10-12T11:16:32.781+0800][info] GC(609) Metaspace: 1695K(1856K)->1695K(1856K) NonClass: 1571K(1664K)->1571K(1664K) Class: 124K(192K)->124K(192K)
[2024-10-12T11:16:32.781+0800][info] GC(609) Pause Young (Concurrent Start) (G1 Preventive Collection) 110M->110M(128M) 2.102ms
[2024-10-12T11:16:32.781+0800][info] GC(609) User=0.01s Sys=0.00s Real=0.00s
[2024-10-12T11:16:32.781+0800][info] GC(610) Concurrent Mark Cycle
[2024-10-12T11:16:32.781+0800][info] GC(610) Concurrent Clear Claimed Marks
[2024-10-12T11:16:32.781+0800][info] GC(610) Concurrent Clear Claimed Marks 0.015ms
[2024-10-12T11:16:32.781+0800][info] GC(610) Concurrent Scan Root Regions
[2024-10-12T11:16:32.781+0800][info] GC(610) Concurrent Scan Root Regions 0.170ms
[2024-10-12T11:16:32.781+0800][info] GC(610) Concurrent Mark
[2024-10-12T11:16:32.781+0800][info] GC(610) Concurrent Mark From Roots
[2024-10-12T11:16:32.781+0800][info] GC(610) Using 12 workers of 12 for marking
[2024-10-12T11:16:32.784+0800][info] GC(610) Concurrent Mark From Roots 3.270ms
[2024-10-12T11:16:32.785+0800][info] GC(610) Concurrent Preclean
[2024-10-12T11:16:32.786+0800][info] GC(610) Concurrent Preclean 1.686ms
[2024-10-12T11:16:32.786+0800][info] GC(610) Pause Remark
[2024-10-12T11:16:32.788+0800][info] GC(610) Pause Remark 111M->111M(128M) 1.629ms
[2024-10-12T11:16:32.788+0800][info] GC(610) User=0.01s Sys=0.00s Real=0.00s
[2024-10-12T11:16:32.788+0800][info] GC(610) Concurrent Mark 6.846ms
[2024-10-12T11:16:32.788+0800][info] GC(610) Concurrent Rebuild Remembered Sets
[2024-10-12T11:16:32.789+0800][info] GC(610) Concurrent Rebuild Remembered Sets 1.028ms
[2024-10-12T11:16:32.789+0800][info] GC(610) Pause Cleanup
[2024-10-12T11:16:32.789+0800][info] GC(610) Pause Cleanup 111M->111M(128M) 0.235ms
[2024-10-12T11:16:32.789+0800][info] GC(610) User=0.00s Sys=0.00s Real=0.00s
[2024-10-12T11:16:32.790+0800][info] GC(610) Concurrent Cleanup for Next Mark
[2024-10-12T11:16:32.790+0800][info] GC(610) Concurrent Cleanup for Next Mark 0.365ms
[2024-10-12T11:16:32.790+0800][info] GC(610) Concurrent Mark Cycle 9.033ms
[2024-10-12T11:16:32.873+0800][info] GC(611) Pause Young (Prepare Mixed) (G1 Preventive Collection)
[2024-10-12T11:16:32.873+0800][info] GC(611) Using 3 workers of 48 for evacuation
[2024-10-12T11:16:32.874+0800][info] GC(611)   Pre Evacuate Collection Set: 0.1ms
[2024-10-12T11:16:32.874+0800][info] GC(611)   Merge Heap Roots: 0.1ms
[2024-10-12T11:16:32.874+0800][info] GC(611)   Evacuate Collection Set: 0.8ms
[2024-10-12T11:16:32.874+0800][info] GC(611)   Post Evacuate Collection Set: 0.2ms
[2024-10-12T11:16:32.874+0800][info] GC(611)   Other: 0.2ms
[2024-10-12T11:16:32.874+0800][info] GC(611) Eden regions: 1->0(2)
[2024-10-12T11:16:32.874+0800][info] GC(611) Survivor regions: 1->1(1)
[2024-10-12T11:16:32.874+0800][info] GC(611) Old regions: 55->56
[2024-10-12T11:16:32.874+0800][info] GC(611) Archive regions: 2->2
[2024-10-12T11:16:32.874+0800][info] GC(611) Humongous regions: 3->3
[2024-10-12T11:16:32.874+0800][info] GC(611) Metaspace: 1695K(1856K)->1695K(1856K) NonClass: 1571K(1664K)->1571K(1664K) Class: 124K(192K)->124K(192K)
[2024-10-12T11:16:32.874+0800][info] GC(611) Pause Young (Prepare Mixed) (G1 Preventive Collection) 112M->112M(128M) 1.546ms
[2024-10-12T11:16:32.874+0800][info] GC(611) User=0.00s Sys=0.01s Real=0.01s
[2024-10-12T11:16:32.936+0800][info] GC(612) Pause Young (Mixed) (G1 Preventive Collection)
[2024-10-12T11:16:32.936+0800][info] GC(612) Using 3 workers of 48 for evacuation
[2024-10-12T11:16:32.939+0800][info] GC(612) To-space exhausted
[2024-10-12T11:16:32.940+0800][info] GC(612)   Pre Evacuate Collection Set: 0.2ms
[2024-10-12T11:16:32.940+0800][info] GC(612)   Merge Heap Roots: 0.1ms
[2024-10-12T11:16:32.940+0800][info] GC(612)   Evacuate Collection Set: 1.6ms
[2024-10-12T11:16:32.940+0800][info] GC(612)   Post Evacuate Collection Set: 1.5ms
[2024-10-12T11:16:32.940+0800][info] GC(612)   Other: 0.2ms
[2024-10-12T11:16:32.940+0800][info] GC(612) Eden regions: 1->0(2)
[2024-10-12T11:16:32.940+0800][info] GC(612) Survivor regions: 1->1(1)
[2024-10-12T11:16:32.940+0800][info] GC(612) Old regions: 56->57
[2024-10-12T11:16:32.940+0800][info] GC(612) Archive regions: 2->2
[2024-10-12T11:16:32.940+0800][info] GC(612) Humongous regions: 3->3
[2024-10-12T11:16:32.940+0800][info] GC(612) Metaspace: 1695K(1856K)->1695K(1856K) NonClass: 1571K(1664K)->1571K(1664K) Class: 124K(192K)->124K(192K)
[2024-10-12T11:16:32.940+0800][info] GC(612) Pause Young (Mixed) (G1 Preventive Collection) 114M->114M(128M) 3.822ms
[2024-10-12T11:16:32.940+0800][info] GC(612) User=0.01s Sys=0.00s Real=0.00s
[2024-10-12T11:16:32.981+0800][info] GC(613) Pause Young (Concurrent Start) (G1 Evacuation Pause)
[2024-10-12T11:16:32.981+0800][info] GC(613) Using 3 workers of 48 for evacuation
[2024-10-12T11:16:32.982+0800][info] GC(613) To-space exhausted
[2024-10-12T11:16:32.982+0800][info] GC(613)   Pre Evacuate Collection Set: 0.1ms
[2024-10-12T11:16:32.982+0800][info] GC(613)   Merge Heap Roots: 0.1ms
[2024-10-12T11:16:32.982+0800][info] GC(613)   Evacuate Collection Set: 0.5ms
[2024-10-12T11:16:32.982+0800][info] GC(613)   Post Evacuate Collection Set: 0.2ms
[2024-10-12T11:16:32.982+0800][info] GC(613)   Other: 0.4ms
[2024-10-12T11:16:32.982+0800][info] GC(613) Eden regions: 1->0(3)
[2024-10-12T11:16:32.982+0800][info] GC(613) Survivor regions: 1->0(0)
[2024-10-12T11:16:32.982+0800][info] GC(613) Old regions: 57->59
[2024-10-12T11:16:32.982+0800][info] GC(613) Archive regions: 2->2
[2024-10-12T11:16:32.982+0800][info] GC(613) Humongous regions: 3->3
[2024-10-12T11:16:32.982+0800][info] GC(613) Metaspace: 1695K(1856K)->1695K(1856K) NonClass: 1571K(1664K)->1571K(1664K) Class: 124K(192K)->124K(192K)
[2024-10-12T11:16:32.982+0800][info] GC(613) Pause Young (Concurrent Start) (G1 Evacuation Pause) 115M->115M(128M) 1.383ms
[2024-10-12T11:16:32.982+0800][info] GC(613) User=0.00s Sys=0.00s Real=0.00s
[2024-10-12T11:16:32.982+0800][info] Attempting full compaction
[2024-10-12T11:16:32.982+0800][info] GC(614) Concurrent Mark Cycle
[2024-10-12T11:16:32.982+0800][info] GC(614) Concurrent Clear Claimed Marks
[2024-10-12T11:16:32.982+0800][info] GC(615) Using 3 workers of 48 for full compaction
[2024-10-12T11:16:32.982+0800][info] GC(614) Concurrent Clear Claimed Marks 0.018ms
[2024-10-12T11:16:32.982+0800][info] GC(614) Concurrent Scan Root Regions
[2024-10-12T11:16:32.982+0800][info] GC(614) Concurrent Scan Root Regions 0.014ms
[2024-10-12T11:16:32.982+0800][info] GC(614) Concurrent Mark
[2024-10-12T11:16:32.982+0800][info] GC(614) Concurrent Mark From Roots
[2024-10-12T11:16:32.982+0800][info] GC(614) Using 12 workers of 12 for marking
[2024-10-12T11:16:32.982+0800][info] GC(615) Pause Full (G1 Compaction Pause)
[2024-10-12T11:16:32.983+0800][info] GC(615) Phase 1: Mark live objects
[2024-10-12T11:16:32.986+0800][info] GC(615) Phase 1: Mark live objects 3.312ms
[2024-10-12T11:16:32.986+0800][info] GC(615) Phase 2: Prepare for compaction
[2024-10-12T11:16:32.987+0800][info] GC(615) Phase 2: Prepare for compaction 0.481ms
[2024-10-12T11:16:32.987+0800][info] GC(615) Phase 3: Adjust pointers
[2024-10-12T11:16:32.988+0800][info] GC(615) Phase 3: Adjust pointers 1.816ms
[2024-10-12T11:16:32.988+0800][info] GC(615) Phase 4: Compact heap
[2024-10-12T11:16:33.001+0800][info] GC(615) Phase 4: Compact heap 12.316ms
[2024-10-12T11:16:33.002+0800][info] GC(615) Eden regions: 0->0(4)
[2024-10-12T11:16:33.002+0800][info] GC(615) Survivor regions: 0->0(0)
[2024-10-12T11:16:33.002+0800][info] GC(615) Old regions: 59->39
[2024-10-12T11:16:33.002+0800][info] GC(615) Archive regions: 2->2
[2024-10-12T11:16:33.002+0800][info] GC(615) Humongous regions: 3->3
[2024-10-12T11:16:33.002+0800][info] GC(615) Metaspace: 1695K(1856K)->1695K(1856K) NonClass: 1571K(1664K)->1571K(1664K) Class: 124K(192K)->124K(192K)
[2024-10-12T11:16:33.002+0800][info] GC(615) Pause Full (G1 Compaction Pause) 115M->72M(128M) 20.129ms
[2024-10-12T11:16:33.003+0800][info] GC(615) User=0.05s Sys=0.00s Real=0.02s
[2024-10-12T11:16:33.003+0800][info] GC(614) Concurrent Mark From Roots 20.418ms
[2024-10-12T11:16:33.003+0800][info] GC(614) Concurrent Mark Abort
[2024-10-12T11:16:33.003+0800][info] GC(614) Concurrent Mark Cycle 20.636ms
[2024-10-12T11:16:33.228+0800][info] GC(616) Pause Young (Normal) (G1 Evacuation Pause)
[2024-10-12T11:16:33.228+0800][info] GC(616) Using 3 workers of 48 for evacuation
[2024-10-12T11:16:33.230+0800][info] GC(616)   Pre Evacuate Collection Set: 0.1ms
[2024-10-12T11:16:33.230+0800][info] GC(616)   Merge Heap Roots: 0.1ms
[2024-10-12T11:16:33.230+0800][info] GC(616)   Evacuate Collection Set: 1.3ms
[2024-10-12T11:16:33.230+0800][info] GC(616)   Post Evacuate Collection Set: 0.2ms
[2024-10-12T11:16:33.230+0800][info] GC(616)   Other: 0.3ms
[2024-10-12T11:16:33.230+0800][info] GC(616) Eden regions: 4->0(2)
[2024-10-12T11:16:33.230+0800][info] GC(616) Survivor regions: 0->1(1)
[2024-10-12T11:16:33.230+0800][info] GC(616) Old regions: 39->43
[2024-10-12T11:16:33.230+0800][info] GC(616) Archive regions: 2->2
[2024-10-12T11:16:33.230+0800][info] GC(616) Humongous regions: 3->3
[2024-10-12T11:16:33.230+0800][info] GC(616) Metaspace: 1695K(1856K)->1695K(1856K) NonClass: 1571K(1664K)->1571K(1664K) Class: 124K(192K)->124K(192K)
[2024-10-12T11:16:33.230+0800][info] GC(616) Pause Young (Normal) (G1 Evacuation Pause) 80M->81M(128M) 2.086ms
[2024-10-12T11:16:33.230+0800][info] GC(616) User=0.01s Sys=0.00s Real=0.00s
[2024-10-12T11:16:33.333+0800][info] GC(617) Pause Young (Normal) (G1 Evacuation Pause)
[2024-10-12T11:16:33.333+0800][info] GC(617) Using 3 workers of 48 for evacuation
[2024-10-12T11:16:33.334+0800][info] GC(617)   Pre Evacuate Collection Set: 0.1ms
[2024-10-12T11:16:33.334+0800][info] GC(617)   Merge Heap Roots: 0.0ms
[2024-10-12T11:16:33.334+0800][info] GC(617)   Evacuate Collection Set: 0.9ms
[2024-10-12T11:16:33.334+0800][info] GC(617)   Post Evacuate Collection Set: 0.2ms
[2024-10-12T11:16:33.334+0800][info] GC(617)   Other: 0.2ms
[2024-10-12T11:16:33.334+0800][info] GC(617) Eden regions: 2->0(2)
[2024-10-12T11:16:33.334+0800][info] GC(617) Survivor regions: 1->1(1)
[2024-10-12T11:16:33.334+0800][info] GC(617) Old regions: 43->45
[2024-10-12T11:16:33.334+0800][info] GC(617) Archive regions: 2->2
[2024-10-12T11:16:33.334+0800][info] GC(617) Humongous regions: 3->3
[2024-10-12T11:16:33.334+0800][info] GC(617) Metaspace: 1695K(1856K)->1695K(1856K) NonClass: 1571K(1664K)->1571K(1664K) Class: 124K(192K)->124K(192K)
[2024-10-12T11:16:33.334+0800][info] GC(617) Pause Young (Normal) (G1 Evacuation Pause) 85M->85M(128M) 1.560ms
[2024-10-12T11:16:33.334+0800][info] GC(617) User=0.00s Sys=0.00s Real=0.01s
[2024-10-12T11:16:33.436+0800][info] GC(618) Pause Young (Normal) (G1 Evacuation Pause)
[2024-10-12T11:16:33.436+0800][info] GC(618) Using 3 workers of 48 for evacuation
[2024-10-12T11:16:33.438+0800][info] GC(618)   Pre Evacuate Collection Set: 0.1ms
[2024-10-12T11:16:33.438+0800][info] GC(618)   Merge Heap Roots: 0.0ms
[2024-10-12T11:16:33.438+0800][info] GC(618)   Evacuate Collection Set: 1.1ms
[2024-10-12T11:16:33.438+0800][info] GC(618)   Post Evacuate Collection Set: 0.2ms
[2024-10-12T11:16:33.438+0800][info] GC(618)   Other: 0.2ms
[2024-10-12T11:16:33.438+0800][info] GC(618) Eden regions: 2->0(2)
[2024-10-12T11:16:33.438+0800][info] GC(618) Survivor regions: 1->1(1)
[2024-10-12T11:16:33.438+0800][info] GC(618) Old regions: 45->47
[2024-10-12T11:16:33.438+0800][info] GC(618) Archive regions: 2->2
[2024-10-12T11:16:33.438+0800][info] GC(618) Humongous regions: 3->3
[2024-10-12T11:16:33.438+0800][info] GC(618) Metaspace: 1695K(1856K)->1695K(1856K) NonClass: 1571K(1664K)->1571K(1664K) Class: 124K(192K)->124K(192K)
[2024-10-12T11:16:33.438+0800][info] GC(618) Pause Young (Normal) (G1 Evacuation Pause) 89M->89M(128M) 1.788ms
[2024-10-12T11:16:33.438+0800][info] GC(618) User=0.00s Sys=0.00s Real=0.00s
[2024-10-12T11:16:33.541+0800][info] GC(619) Pause Young (Concurrent Start) (G1 Evacuation Pause)
[2024-10-12T11:16:33.541+0800][info] GC(619) Using 3 workers of 48 for evacuation
[2024-10-12T11:16:33.542+0800][info] GC(619)   Pre Evacuate Collection Set: 0.1ms
[2024-10-12T11:16:33.542+0800][info] GC(619)   Merge Heap Roots: 0.1ms
[2024-10-12T11:16:33.542+0800][info] GC(619)   Evacuate Collection Set: 1.0ms
[2024-10-12T11:16:33.542+0800][info] GC(619)   Post Evacuate Collection Set: 0.2ms
[2024-10-12T11:16:33.542+0800][info] GC(619)   Other: 0.4ms
[2024-10-12T11:16:33.542+0800][info] GC(619) Eden regions: 2->0(2)
[2024-10-12T11:16:33.542+0800][info] GC(619) Survivor regions: 1->1(1)
[2024-10-12T11:16:33.542+0800][info] GC(619) Old regions: 47->49
[2024-10-12T11:16:33.542+0800][info] GC(619) Archive regions: 2->2
[2024-10-12T11:16:33.542+0800][info] GC(619) Humongous regions: 3->3
[2024-10-12T11:16:33.542+0800][info] GC(619) Metaspace: 1695K(1856K)->1695K(1856K) NonClass: 1571K(1664K)->1571K(1664K) Class: 124K(192K)->124K(192K)
[2024-10-12T11:16:33.542+0800][info] GC(619) Pause Young (Concurrent Start) (G1 Evacuation Pause) 92M->93M(128M) 1.835ms
[2024-10-12T11:16:33.542+0800][info] GC(619) User=0.01s Sys=0.00s Real=0.00s
[2024-10-12T11:16:33.542+0800][info] GC(620) Concurrent Mark Cycle
[2024-10-12T11:16:33.542+0800][info] GC(620) Concurrent Clear Claimed Marks
[2024-10-12T11:16:33.543+0800][info] GC(620) Concurrent Clear Claimed Marks 0.015ms
[2024-10-12T11:16:33.543+0800][info] GC(620) Concurrent Scan Root Regions
[2024-10-12T11:16:33.543+0800][info] GC(620) Concurrent Scan Root Regions 0.155ms
[2024-10-12T11:16:33.543+0800][info] GC(620) Concurrent Mark
[2024-10-12T11:16:33.543+0800][info] GC(620) Concurrent Mark From Roots
[2024-10-12T11:16:33.543+0800][info] GC(620) Using 12 workers of 12 for marking
[2024-10-12T11:16:33.546+0800][info] GC(620) Concurrent Mark From Roots 3.614ms
[2024-10-12T11:16:33.546+0800][info] GC(620) Concurrent Preclean
[2024-10-12T11:16:33.548+0800][info] GC(620) Concurrent Preclean 1.662ms
[2024-10-12T11:16:33.548+0800][info] GC(620) Pause Remark
[2024-10-12T11:16:33.550+0800][info] GC(620) Pause Remark 93M->93M(128M) 1.576ms
[2024-10-12T11:16:33.550+0800][info] GC(620) User=0.00s Sys=0.00s Real=0.00s
[2024-10-12T11:16:33.550+0800][info] GC(620) Concurrent Mark 7.014ms
[2024-10-12T11:16:33.550+0800][info] GC(620) Concurrent Rebuild Remembered Sets
[2024-10-12T11:16:33.551+0800][info] GC(620) Concurrent Rebuild Remembered Sets 1.092ms
[2024-10-12T11:16:33.551+0800][info] GC(620) Pause Cleanup
[2024-10-12T11:16:33.551+0800][info] GC(620) Pause Cleanup 93M->93M(128M) 0.134ms
[2024-10-12T11:16:33.551+0800][info] GC(620) User=0.00s Sys=0.00s Real=0.00s
[2024-10-12T11:16:33.551+0800][info] GC(620) Concurrent Cleanup for Next Mark
[2024-10-12T11:16:33.551+0800][info] GC(620) Concurrent Cleanup for Next Mark 0.414ms
[2024-10-12T11:16:33.552+0800][info] GC(620) Concurrent Mark Cycle 9.067ms
[2024-10-12T11:16:33.695+0800][info] GC(621) Pause Young (Prepare Mixed) (G1 Evacuation Pause)
[2024-10-12T11:16:33.695+0800][info] GC(621) Using 3 workers of 48 for evacuation
[2024-10-12T11:16:33.697+0800][info] GC(621)   Pre Evacuate Collection Set: 0.1ms
[2024-10-12T11:16:33.697+0800][info] GC(621)   Merge Heap Roots: 0.1ms
[2024-10-12T11:16:33.697+0800][info] GC(621)   Evacuate Collection Set: 1.1ms
[2024-10-12T11:16:33.697+0800][info] GC(621)   Post Evacuate Collection Set: 0.2ms
[2024-10-12T11:16:33.697+0800][info] GC(621)   Other: 0.2ms
[2024-10-12T11:16:33.697+0800][info] GC(621) Eden regions: 2->0(2)
[2024-10-12T11:16:33.697+0800][info] GC(621) Survivor regions: 1->1(1)
[2024-10-12T11:16:33.697+0800][info] GC(621) Old regions: 49->51
[2024-10-12T11:16:33.697+0800][info] GC(621) Archive regions: 2->2
[2024-10-12T11:16:33.697+0800][info] GC(621) Humongous regions: 3->3
[2024-10-12T11:16:33.697+0800][info] GC(621) Metaspace: 1695K(1856K)->1695K(1856K) NonClass: 1571K(1664K)->1571K(1664K) Class: 124K(192K)->124K(192K)
[2024-10-12T11:16:33.697+0800][info] GC(621) Pause Young (Prepare Mixed) (G1 Evacuation Pause) 96M->97M(128M) 1.876ms
[2024-10-12T11:16:33.697+0800][info] GC(621) User=0.00s Sys=0.01s Real=0.00s
[2024-10-12T11:16:33.800+0800][info] GC(622) Pause Young (Mixed) (G1 Preventive Collection)
[2024-10-12T11:16:33.800+0800][info] GC(622) Using 3 workers of 48 for evacuation
[2024-10-12T11:16:33.804+0800][info] GC(622) To-space exhausted
[2024-10-12T11:16:33.804+0800][info] GC(622)   Pre Evacuate Collection Set: 0.2ms
[2024-10-12T11:16:33.804+0800][info] GC(622)   Merge Heap Roots: 0.1ms
[2024-10-12T11:16:33.804+0800][info] GC(622)   Evacuate Collection Set: 2.9ms
[2024-10-12T11:16:33.804+0800][info] GC(622)   Post Evacuate Collection Set: 0.8ms
[2024-10-12T11:16:33.804+0800][info] GC(622)   Other: 0.2ms
[2024-10-12T11:16:33.804+0800][info] GC(622) Eden regions: 2->0(2)
[2024-10-12T11:16:33.804+0800][info] GC(622) Survivor regions: 1->1(1)
[2024-10-12T11:16:33.804+0800][info] GC(622) Old regions: 51->58
[2024-10-12T11:16:33.804+0800][info] GC(622) Archive regions: 2->2
[2024-10-12T11:16:33.804+0800][info] GC(622) Humongous regions: 3->3
[2024-10-12T11:16:33.804+0800][info] GC(622) Metaspace: 1695K(1856K)->1695K(1856K) NonClass: 1571K(1664K)->1571K(1664K) Class: 124K(192K)->124K(192K)
[2024-10-12T11:16:33.804+0800][info] GC(622) Pause Young (Mixed) (G1 Preventive Collection) 101M->112M(128M) 4.201ms
[2024-10-12T11:16:33.804+0800][info] GC(622) User=0.01s Sys=0.00s Real=0.00s
[2024-10-12T11:16:33.804+0800][info] Attempting full compaction
[2024-10-12T11:16:33.804+0800][info] GC(623) Using 3 workers of 48 for full compaction
[2024-10-12T11:16:33.804+0800][info] GC(623) Pause Full (G1 Compaction Pause)
[2024-10-12T11:16:33.804+0800][info] GC(623) Phase 1: Mark live objects
[2024-10-12T11:16:33.808+0800][info] GC(623) Phase 1: Mark live objects 3.588ms
[2024-10-12T11:16:33.808+0800][info] GC(623) Phase 2: Prepare for compaction
[2024-10-12T11:16:33.808+0800][info] GC(623) Phase 2: Prepare for compaction 0.667ms
[2024-10-12T11:16:33.808+0800][info] GC(623) Phase 3: Adjust pointers
[2024-10-12T11:16:33.810+0800][info] GC(623) Phase 3: Adjust pointers 1.857ms
[2024-10-12T11:16:33.810+0800][info] GC(623) Phase 4: Compact heap
[2024-10-12T11:16:33.824+0800][info] GC(623) Phase 4: Compact heap 13.658ms
[2024-10-12T11:16:33.826+0800][info] GC(623) Eden regions: 0->0(3)
[2024-10-12T11:16:33.826+0800][info] GC(623) Survivor regions: 1->0(1)
[2024-10-12T11:16:33.826+0800][info] GC(623) Old regions: 58->39
[2024-10-12T11:16:33.826+0800][info] GC(623) Archive regions: 2->2
[2024-10-12T11:16:33.826+0800][info] GC(623) Humongous regions: 3->3
[2024-10-12T11:16:33.826+0800][info] GC(623) Metaspace: 1695K(1856K)->1695K(1856K) NonClass: 1571K(1664K)->1571K(1664K) Class: 124K(192K)->124K(192K)
[2024-10-12T11:16:33.826+0800][info] GC(623) Pause Full (G1 Compaction Pause) 112M->72M(128M) 21.612ms
[2024-10-12T11:16:33.826+0800][info] GC(623) User=0.05s Sys=0.00s Real=0.03s
[2024-10-12T11:16:33.990+0800][info] GC(624) Pause Young (Normal) (G1 Evacuation Pause)
[2024-10-12T11:16:33.990+0800][info] GC(624) Using 3 workers of 48 for evacuation
[2024-10-12T11:16:33.991+0800][info] GC(624)   Pre Evacuate Collection Set: 0.1ms
[2024-10-12T11:16:33.991+0800][info] GC(624)   Merge Heap Roots: 0.0ms
[2024-10-12T11:16:33.991+0800][info] GC(624)   Evacuate Collection Set: 1.0ms
[2024-10-12T11:16:33.991+0800][info] GC(624)   Post Evacuate Collection Set: 0.2ms
[2024-10-12T11:16:33.991+0800][info] GC(624)   Other: 0.3ms
[2024-10-12T11:16:33.991+0800][info] GC(624) Eden regions: 3->0(2)
[2024-10-12T11:16:33.991+0800][info] GC(624) Survivor regions: 0->1(1)
[2024-10-12T11:16:33.991+0800][info] GC(624) Old regions: 39->42
[2024-10-12T11:16:33.991+0800][info] GC(624) Archive regions: 2->2
[2024-10-12T11:16:33.991+0800][info] GC(624) Humongous regions: 3->3
[2024-10-12T11:16:33.991+0800][info] GC(624) Metaspace: 1695K(1856K)->1695K(1856K) NonClass: 1571K(1664K)->1571K(1664K) Class: 124K(192K)->124K(192K)
[2024-10-12T11:16:33.992+0800][info] GC(624) Pause Young (Normal) (G1 Evacuation Pause) 78M->78M(128M) 1.804ms
[2024-10-12T11:16:33.992+0800][info] GC(624) User=0.01s Sys=0.00s Real=0.00s
[2024-10-12T11:16:34.094+0800][info] GC(625) Pause Young (Normal) (G1 Evacuation Pause)
[2024-10-12T11:16:34.094+0800][info] GC(625) Using 3 workers of 48 for evacuation
[2024-10-12T11:16:34.095+0800][info] GC(625)   Pre Evacuate Collection Set: 0.1ms
[2024-10-12T11:16:34.095+0800][info] GC(625)   Merge Heap Roots: 0.0ms
[2024-10-12T11:16:34.095+0800][info] GC(625)   Evacuate Collection Set: 0.9ms
[2024-10-12T11:16:34.095+0800][info] GC(625)   Post Evacuate Collection Set: 0.2ms
[2024-10-12T11:16:34.095+0800][info] GC(625)   Other: 0.2ms
[2024-10-12T11:16:34.095+0800][info] GC(625) Eden regions: 2->0(2)
[2024-10-12T11:16:34.095+0800][info] GC(625) Survivor regions: 1->1(1)
[2024-10-12T11:16:34.095+0800][info] GC(625) Old regions: 42->44
[2024-10-12T11:16:34.095+0800][info] GC(625) Archive regions: 2->2
[2024-10-12T11:16:34.095+0800][info] GC(625) Humongous regions: 3->3
[2024-10-12T11:16:34.095+0800][info] GC(625) Metaspace: 1695K(1856K)->1695K(1856K) NonClass: 1571K(1664K)->1571K(1664K) Class: 124K(192K)->124K(192K)
[2024-10-12T11:16:34.095+0800][info] GC(625) Pause Young (Normal) (G1 Evacuation Pause) 82M->82M(128M) 1.521ms
[2024-10-12T11:16:34.095+0800][info] GC(625) User=0.00s Sys=0.00s Real=0.00s
[2024-10-12T11:16:34.198+0800][info] GC(626) Pause Young (Normal) (G1 Evacuation Pause)
[2024-10-12T11:16:34.198+0800][info] GC(626) Using 3 workers of 48 for evacuation
[2024-10-12T11:16:34.199+0800][info] GC(626)   Pre Evacuate Collection Set: 0.1ms
[2024-10-12T11:16:34.199+0800][info] GC(626)   Merge Heap Roots: 0.1ms
[2024-10-12T11:16:34.199+0800][info] GC(626)   Evacuate Collection Set: 1.0ms
[2024-10-12T11:16:34.199+0800][info] GC(626)   Post Evacuate Collection Set: 0.2ms
[2024-10-12T11:16:34.199+0800][info] GC(626)   Other: 0.2ms
[2024-10-12T11:16:34.199+0800][info] GC(626) Eden regions: 2->0(2)
[2024-10-12T11:16:34.199+0800][info] GC(626) Survivor regions: 1->1(1)
[2024-10-12T11:16:34.199+0800][info] GC(626) Old regions: 44->45
[2024-10-12T11:16:34.199+0800][info] GC(626) Archive regions: 2->2
[2024-10-12T11:16:34.199+0800][info] GC(626) Humongous regions: 3->3
[2024-10-12T11:16:34.199+0800][info] GC(626) Metaspace: 1695K(1856K)->1695K(1856K) NonClass: 1571K(1664K)->1571K(1664K) Class: 124K(192K)->124K(192K)
[2024-10-12T11:16:34.199+0800][info] GC(626) Pause Young (Normal) (G1 Evacuation Pause) 86M->86M(128M) 1.638ms
[2024-10-12T11:16:34.199+0800][info] GC(626) User=0.00s Sys=0.00s Real=0.00s
[2024-10-12T11:16:34.301+0800][info] GC(627) Pause Young (Normal) (G1 Evacuation Pause)
[2024-10-12T11:16:34.301+0800][info] GC(627) Using 3 workers of 48 for evacuation
[2024-10-12T11:16:34.303+0800][info] GC(627)   Pre Evacuate Collection Set: 0.1ms
[2024-10-12T11:16:34.303+0800][info] GC(627)   Merge Heap Roots: 0.1ms
[2024-10-12T11:16:34.303+0800][info] GC(627)   Evacuate Collection Set: 0.9ms
[2024-10-12T11:16:34.303+0800][info] GC(627)   Post Evacuate Collection Set: 0.2ms
[2024-10-12T11:16:34.303+0800][info] GC(627)   Other: 0.2ms
[2024-10-12T11:16:34.303+0800][info] GC(627) Eden regions: 2->0(2)
[2024-10-12T11:16:34.303+0800][info] GC(627) Survivor regions: 1->1(1)
[2024-10-12T11:16:34.303+0800][info] GC(627) Old regions: 45->47
[2024-10-12T11:16:34.303+0800][info] GC(627) Archive regions: 2->2
[2024-10-12T11:16:34.303+0800][info] GC(627) Humongous regions: 3->3
[2024-10-12T11:16:34.303+0800][info] GC(627) Metaspace: 1695K(1856K)->1695K(1856K) NonClass: 1571K(1664K)->1571K(1664K) Class: 124K(192K)->124K(192K)
[2024-10-12T11:16:34.303+0800][info] GC(627) Pause Young (Normal) (G1 Evacuation Pause) 89M->90M(128M) 1.560ms
[2024-10-12T11:16:34.303+0800][info] GC(627) User=0.00s Sys=0.00s Real=0.00s
[2024-10-12T11:16:34.405+0800][info] GC(628) Pause Young (Concurrent Start) (G1 Evacuation Pause)
[2024-10-12T11:16:34.405+0800][info] GC(628) Using 3 workers of 48 for evacuation
[2024-10-12T11:16:34.407+0800][info] GC(628)   Pre Evacuate Collection Set: 0.1ms
[2024-10-12T11:16:34.407+0800][info] GC(628)   Merge Heap Roots: 0.1ms
[2024-10-12T11:16:34.407+0800][info] GC(628)   Evacuate Collection Set: 1.1ms
[2024-10-12T11:16:34.407+0800][info] GC(628)   Post Evacuate Collection Set: 0.2ms
[2024-10-12T11:16:34.407+0800][info] GC(628)   Other: 0.3ms
[2024-10-12T11:16:34.407+0800][info] GC(628) Eden regions: 2->0(2)
[2024-10-12T11:16:34.407+0800][info] GC(628) Survivor regions: 1->1(1)
[2024-10-12T11:16:34.407+0800][info] GC(628) Old regions: 47->49
[2024-10-12T11:16:34.407+0800][info] GC(628) Archive regions: 2->2
[2024-10-12T11:16:34.407+0800][info] GC(628) Humongous regions: 3->3
[2024-10-12T11:16:34.407+0800][info] GC(628) Metaspace: 1695K(1856K)->1695K(1856K) NonClass: 1571K(1664K)->1571K(1664K) Class: 124K(192K)->124K(192K)
[2024-10-12T11:16:34.407+0800][info] GC(628) Pause Young (Concurrent Start) (G1 Evacuation Pause) 93M->94M(128M) 1.930ms
[2024-10-12T11:16:34.407+0800][info] GC(628) User=0.00s Sys=0.00s Real=0.00s
[2024-10-12T11:16:34.407+0800][info] GC(629) Concurrent Mark Cycle
[2024-10-12T11:16:34.407+0800][info] GC(629) Concurrent Clear Claimed Marks
[2024-10-12T11:16:34.407+0800][info] GC(629) Concurrent Clear Claimed Marks 0.015ms
[2024-10-12T11:16:34.407+0800][info] GC(629) Concurrent Scan Root Regions
[2024-10-12T11:16:34.408+0800][info] GC(629) Concurrent Scan Root Regions 0.155ms
[2024-10-12T11:16:34.408+0800][info] GC(629) Concurrent Mark
[2024-10-12T11:16:34.408+0800][info] GC(629) Concurrent Mark From Roots
[2024-10-12T11:16:34.408+0800][info] GC(629) Using 12 workers of 12 for marking
[2024-10-12T11:16:34.411+0800][info] GC(629) Concurrent Mark From Roots 3.823ms
[2024-10-12T11:16:34.411+0800][info] GC(629) Concurrent Preclean
[2024-10-12T11:16:34.413+0800][info] GC(629) Concurrent Preclean 1.689ms
[2024-10-12T11:16:34.413+0800][info] GC(629) Pause Remark
[2024-10-12T11:16:34.415+0800][info] GC(629) Pause Remark 94M->94M(128M) 1.777ms
[2024-10-12T11:16:34.415+0800][info] GC(629) User=0.00s Sys=0.00s Real=0.00s
[2024-10-12T11:16:34.415+0800][info] GC(629) Concurrent Mark 7.493ms
[2024-10-12T11:16:34.415+0800][info] GC(629) Concurrent Rebuild Remembered Sets
[2024-10-12T11:16:34.416+0800][info] GC(629) Concurrent Rebuild Remembered Sets 1.204ms
[2024-10-12T11:16:34.416+0800][info] GC(629) Pause Cleanup
[2024-10-12T11:16:34.417+0800][info] GC(629) Pause Cleanup 94M->94M(128M) 0.149ms
[2024-10-12T11:16:34.417+0800][info] GC(629) User=0.00s Sys=0.00s Real=0.00s
[2024-10-12T11:16:34.417+0800][info] GC(629) Concurrent Cleanup for Next Mark
[2024-10-12T11:16:34.417+0800][info] GC(629) Concurrent Cleanup for Next Mark 0.402ms
[2024-10-12T11:16:34.417+0800][info] GC(629) Concurrent Mark Cycle 9.674ms
[2024-10-12T11:16:34.560+0800][info] GC(630) Pause Young (Prepare Mixed) (G1 Evacuation Pause)
[2024-10-12T11:16:34.560+0800][info] GC(630) Using 3 workers of 48 for evacuation
[2024-10-12T11:16:34.562+0800][info] GC(630)   Pre Evacuate Collection Set: 0.1ms
[2024-10-12T11:16:34.562+0800][info] GC(630)   Merge Heap Roots: 0.1ms
[2024-10-12T11:16:34.562+0800][info] GC(630)   Evacuate Collection Set: 1.2ms
[2024-10-12T11:16:34.562+0800][info] GC(630)   Post Evacuate Collection Set: 0.2ms
[2024-10-12T11:16:34.562+0800][info] GC(630)   Other: 0.2ms
[2024-10-12T11:16:34.562+0800][info] GC(630) Eden regions: 2->0(2)
[2024-10-12T11:16:34.562+0800][info] GC(630) Survivor regions: 1->1(1)
[2024-10-12T11:16:34.562+0800][info] GC(630) Old regions: 49->51
[2024-10-12T11:16:34.562+0800][info] GC(630) Archive regions: 2->2
[2024-10-12T11:16:34.562+0800][info] GC(630) Humongous regions: 3->3
[2024-10-12T11:16:34.562+0800][info] GC(630) Metaspace: 1695K(1856K)->1695K(1856K) NonClass: 1571K(1664K)->1571K(1664K) Class: 124K(192K)->124K(192K)
[2024-10-12T11:16:34.562+0800][info] GC(630) Pause Young (Prepare Mixed) (G1 Evacuation Pause) 97M->97M(128M) 1.901ms
[2024-10-12T11:16:34.562+0800][info] GC(630) User=0.01s Sys=0.00s Real=0.00s
[2024-10-12T11:16:34.665+0800][info] GC(631) Pause Young (Mixed) (G1 Preventive Collection)
[2024-10-12T11:16:34.665+0800][info] GC(631) Using 3 workers of 48 for evacuation
[2024-10-12T11:16:34.671+0800][info] GC(631) To-space exhausted
[2024-10-12T11:16:34.671+0800][info] GC(631)   Pre Evacuate Collection Set: 0.2ms
[2024-10-12T11:16:34.671+0800][info] GC(631)   Merge Heap Roots: 0.1ms
[2024-10-12T11:16:34.671+0800][info] GC(631)   Evacuate Collection Set: 3.5ms
[2024-10-12T11:16:34.671+0800][info] GC(631)   Post Evacuate Collection Set: 2.0ms
[2024-10-12T11:16:34.671+0800][info] GC(631)   Other: 0.3ms
[2024-10-12T11:16:34.671+0800][info] GC(631) Eden regions: 2->0(2)
[2024-10-12T11:16:34.671+0800][info] GC(631) Survivor regions: 1->1(1)
[2024-10-12T11:16:34.671+0800][info] GC(631) Old regions: 51->58
[2024-10-12T11:16:34.671+0800][info] GC(631) Archive regions: 2->2
[2024-10-12T11:16:34.671+0800][info] GC(631) Humongous regions: 3->3
[2024-10-12T11:16:34.671+0800][info] GC(631) Metaspace: 1695K(1856K)->1695K(1856K) NonClass: 1571K(1664K)->1571K(1664K) Class: 124K(192K)->124K(192K)
[2024-10-12T11:16:34.671+0800][info] GC(631) Pause Young (Mixed) (G1 Preventive Collection) 101M->112M(128M) 6.145ms
[2024-10-12T11:16:34.671+0800][info] GC(631) User=0.01s Sys=0.00s Real=0.01s
[2024-10-12T11:16:34.671+0800][info] Attempting full compaction
[2024-10-12T11:16:34.671+0800][info] GC(632) Using 3 workers of 48 for full compaction
[2024-10-12T11:16:34.671+0800][info] GC(632) Pause Full (G1 Compaction Pause)
[2024-10-12T11:16:34.671+0800][info] GC(632) Phase 1: Mark live objects
[2024-10-12T11:16:34.674+0800][info] GC(632) Phase 1: Mark live objects 3.442ms
[2024-10-12T11:16:34.675+0800][info] GC(632) Phase 2: Prepare for compaction
[2024-10-12T11:16:34.675+0800][info] GC(632) Phase 2: Prepare for compaction 0.666ms
[2024-10-12T11:16:34.675+0800][info] GC(632) Phase 3: Adjust pointers
[2024-10-12T11:16:34.677+0800][info] GC(632) Phase 3: Adjust pointers 1.739ms
[2024-10-12T11:16:34.677+0800][info] GC(632) Phase 4: Compact heap
[2024-10-12T11:16:34.689+0800][info] GC(632) Phase 4: Compact heap 11.903ms
[2024-10-12T11:16:34.690+0800][info] GC(632) Eden regions: 0->0(4)
[2024-10-12T11:16:34.690+0800][info] GC(632) Survivor regions: 1->0(1)
[2024-10-12T11:16:34.690+0800][info] GC(632) Old regions: 58->38
[2024-10-12T11:16:34.690+0800][info] GC(632) Archive regions: 2->2
[2024-10-12T11:16:34.690+0800][info] GC(632) Humongous regions: 3->3
[2024-10-12T11:16:34.690+0800][info] GC(632) Metaspace: 1695K(1856K)->1695K(1856K) NonClass: 1571K(1664K)->1571K(1664K) Class: 124K(192K)->124K(192K)
[2024-10-12T11:16:34.691+0800][info] GC(632) Pause Full (G1 Compaction Pause) 112M->71M(128M) 19.535ms
[2024-10-12T11:16:34.691+0800][info] GC(632) User=0.04s Sys=0.00s Real=0.02s
[2024-10-12T11:16:34.916+0800][info] GC(633) Pause Young (Normal) (G1 Evacuation Pause)
[2024-10-12T11:16:34.916+0800][info] GC(633) Using 3 workers of 48 for evacuation
[2024-10-12T11:16:34.918+0800][info] GC(633)   Pre Evacuate Collection Set: 0.1ms
[2024-10-12T11:16:34.918+0800][info] GC(633)   Merge Heap Roots: 0.1ms
[2024-10-12T11:16:34.918+0800][info] GC(633)   Evacuate Collection Set: 1.3ms
[2024-10-12T11:16:34.918+0800][info] GC(633)   Post Evacuate Collection Set: 0.2ms
[2024-10-12T11:16:34.918+0800][info] GC(633)   Other: 0.3ms
[2024-10-12T11:16:34.918+0800][info] GC(633) Eden regions: 4->0(2)
[2024-10-12T11:16:34.918+0800][info] GC(633) Survivor regions: 0->1(1)
[2024-10-12T11:16:34.918+0800][info] GC(633) Old regions: 38->41
[2024-10-12T11:16:34.918+0800][info] GC(633) Archive regions: 2->2
[2024-10-12T11:16:34.918+0800][info] GC(633) Humongous regions: 4->4
[2024-10-12T11:16:34.918+0800][info] GC(633) Metaspace: 1695K(1856K)->1695K(1856K) NonClass: 1571K(1664K)->1571K(1664K) Class: 124K(192K)->124K(192K)
[2024-10-12T11:16:34.918+0800][info] GC(633) Pause Young (Normal) (G1 Evacuation Pause) 81M->80M(128M) 2.084ms
[2024-10-12T11:16:34.918+0800][info] GC(633) User=0.00s Sys=0.00s Real=0.00s
[2024-10-12T11:16:35.021+0800][info] GC(634) Pause Young (Normal) (G1 Evacuation Pause)
[2024-10-12T11:16:35.021+0800][info] GC(634) Using 3 workers of 48 for evacuation
[2024-10-12T11:16:35.022+0800][info] GC(634)   Pre Evacuate Collection Set: 0.1ms
[2024-10-12T11:16:35.022+0800][info] GC(634)   Merge Heap Roots: 0.1ms
[2024-10-12T11:16:35.022+0800][info] GC(634)   Evacuate Collection Set: 1.1ms
[2024-10-12T11:16:35.022+0800][info] GC(634)   Post Evacuate Collection Set: 0.2ms
[2024-10-12T11:16:35.022+0800][info] GC(634)   Other: 0.2ms
[2024-10-12T11:16:35.022+0800][info] GC(634) Eden regions: 2->0(2)
[2024-10-12T11:16:35.022+0800][info] GC(634) Survivor regions: 1->1(1)
[2024-10-12T11:16:35.022+0800][info] GC(634) Old regions: 41->43
[2024-10-12T11:16:35.022+0800][info] GC(634) Archive regions: 2->2
[2024-10-12T11:16:35.022+0800][info] GC(634) Humongous regions: 4->4
[2024-10-12T11:16:35.022+0800][info] GC(634) Metaspace: 1695K(1856K)->1695K(1856K) NonClass: 1571K(1664K)->1571K(1664K) Class: 124K(192K)->124K(192K)
[2024-10-12T11:16:35.022+0800][info] GC(634) Pause Young (Normal) (G1 Evacuation Pause) 84M->84M(128M) 1.850ms
[2024-10-12T11:16:35.022+0800][info] GC(634) User=0.00s Sys=0.00s Real=0.00s
[2024-10-12T11:16:35.125+0800][info] GC(635) Pause Young (Normal) (G1 Evacuation Pause)
[2024-10-12T11:16:35.125+0800][info] GC(635) Using 3 workers of 48 for evacuation
[2024-10-12T11:16:35.127+0800][info] GC(635)   Pre Evacuate Collection Set: 0.1ms
[2024-10-12T11:16:35.127+0800][info] GC(635)   Merge Heap Roots: 0.1ms
[2024-10-12T11:16:35.127+0800][info] GC(635)   Evacuate Collection Set: 1.1ms
[2024-10-12T11:16:35.127+0800][info] GC(635)   Post Evacuate Collection Set: 0.2ms
[2024-10-12T11:16:35.127+0800][info] GC(635)   Other: 0.3ms
[2024-10-12T11:16:35.127+0800][info] GC(635) Eden regions: 2->0(2)
[2024-10-12T11:16:35.127+0800][info] GC(635) Survivor regions: 1->1(1)
[2024-10-12T11:16:35.127+0800][info] GC(635) Old regions: 43->45
[2024-10-12T11:16:35.127+0800][info] GC(635) Archive regions: 2->2
[2024-10-12T11:16:35.127+0800][info] GC(635) Humongous regions: 4->4
[2024-10-12T11:16:35.127+0800][info] GC(635) Metaspace: 1695K(1856K)->1695K(1856K) NonClass: 1571K(1664K)->1571K(1664K) Class: 124K(192K)->124K(192K)
[2024-10-12T11:16:35.127+0800][info] GC(635) Pause Young (Normal) (G1 Evacuation Pause) 88M->88M(128M) 1.808ms
[2024-10-12T11:16:35.127+0800][info] GC(635) User=0.01s Sys=0.00s Real=0.01s
[2024-10-12T11:16:35.229+0800][info] GC(636) Pause Young (Concurrent Start) (G1 Evacuation Pause)
[2024-10-12T11:16:35.229+0800][info] GC(636) Using 3 workers of 48 for evacuation
[2024-10-12T11:16:35.231+0800][info] GC(636)   Pre Evacuate Collection Set: 0.1ms
[2024-10-12T11:16:35.231+0800][info] GC(636)   Merge Heap Roots: 0.1ms
[2024-10-12T11:16:35.231+0800][info] GC(636)   Evacuate Collection Set: 1.1ms
[2024-10-12T11:16:35.231+0800][info] GC(636)   Post Evacuate Collection Set: 0.2ms
[2024-10-12T11:16:35.231+0800][info] GC(636)   Other: 0.4ms
[2024-10-12T11:16:35.231+0800][info] GC(636) Eden regions: 2->0(2)
[2024-10-12T11:16:35.231+0800][info] GC(636) Survivor regions: 1->1(1)
[2024-10-12T11:16:35.231+0800][info] GC(636) Old regions: 45->47
[2024-10-12T11:16:35.231+0800][info] GC(636) Archive regions: 2->2
[2024-10-12T11:16:35.231+0800][info] GC(636) Humongous regions: 4->4
[2024-10-12T11:16:35.231+0800][info] GC(636) Metaspace: 1695K(1856K)->1695K(1856K) NonClass: 1571K(1664K)->1571K(1664K) Class: 124K(192K)->124K(192K)
[2024-10-12T11:16:35.231+0800][info] GC(636) Pause Young (Concurrent Start) (G1 Evacuation Pause) 92M->92M(128M) 2.014ms
[2024-10-12T11:16:35.231+0800][info] GC(636) User=0.00s Sys=0.00s Real=0.00s
[2024-10-12T11:16:35.231+0800][info] GC(637) Concurrent Mark Cycle
[2024-10-12T11:16:35.231+0800][info] GC(637) Concurrent Clear Claimed Marks
[2024-10-12T11:16:35.231+0800][info] GC(637) Concurrent Clear Claimed Marks 0.016ms
[2024-10-12T11:16:35.231+0800][info] GC(637) Concurrent Scan Root Regions
[2024-10-12T11:16:35.231+0800][info] GC(637) Concurrent Scan Root Regions 0.179ms
[2024-10-12T11:16:35.231+0800][info] GC(637) Concurrent Mark
[2024-10-12T11:16:35.231+0800][info] GC(637) Concurrent Mark From Roots
[2024-10-12T11:16:35.231+0800][info] GC(637) Using 12 workers of 12 for marking
[2024-10-12T11:16:35.235+0800][info] GC(637) Concurrent Mark From Roots 3.399ms
[2024-10-12T11:16:35.235+0800][info] GC(637) Concurrent Preclean
[2024-10-12T11:16:35.236+0800][info] GC(637) Concurrent Preclean 1.669ms
[2024-10-12T11:16:35.237+0800][info] GC(637) Pause Remark
[2024-10-12T11:16:35.238+0800][info] GC(637) Pause Remark 93M->91M(128M) 1.651ms
[2024-10-12T11:16:35.238+0800][info] GC(637) User=0.00s Sys=0.00s Real=0.00s
[2024-10-12T11:16:35.238+0800][info] GC(637) Concurrent Mark 6.940ms
[2024-10-12T11:16:35.238+0800][info] GC(637) Concurrent Rebuild Remembered Sets
[2024-10-12T11:16:35.240+0800][info] GC(637) Concurrent Rebuild Remembered Sets 1.237ms
[2024-10-12T11:16:35.240+0800][info] GC(637) Pause Cleanup
[2024-10-12T11:16:35.240+0800][info] GC(637) Pause Cleanup 91M->91M(128M) 0.179ms
[2024-10-12T11:16:35.240+0800][info] GC(637) User=0.00s Sys=0.00s Real=0.00s
[2024-10-12T11:16:35.240+0800][info] GC(637) Concurrent Cleanup for Next Mark
[2024-10-12T11:16:35.240+0800][info] GC(637) Concurrent Cleanup for Next Mark 0.405ms
[2024-10-12T11:16:35.240+0800][info] GC(637) Concurrent Mark Cycle 9.300ms
[2024-10-12T11:16:35.384+0800][info] GC(638) Pause Young (Prepare Mixed) (G1 Evacuation Pause)
[2024-10-12T11:16:35.384+0800][info] GC(638) Using 3 workers of 48 for evacuation
[2024-10-12T11:16:35.386+0800][info] GC(638)   Pre Evacuate Collection Set: 0.1ms
[2024-10-12T11:16:35.386+0800][info] GC(638)   Merge Heap Roots: 0.1ms
[2024-10-12T11:16:35.386+0800][info] GC(638)   Evacuate Collection Set: 1.1ms
[2024-10-12T11:16:35.386+0800][info] GC(638)   Post Evacuate Collection Set: 0.2ms
[2024-10-12T11:16:35.386+0800][info] GC(638)   Other: 0.2ms
[2024-10-12T11:16:35.386+0800][info] GC(638) Eden regions: 2->0(2)
[2024-10-12T11:16:35.386+0800][info] GC(638) Survivor regions: 1->1(1)
[2024-10-12T11:16:35.386+0800][info] GC(638) Old regions: 47->49
[2024-10-12T11:16:35.386+0800][info] GC(638) Archive regions: 2->2
[2024-10-12T11:16:35.386+0800][info] GC(638) Humongous regions: 3->3
[2024-10-12T11:16:35.386+0800][info] GC(638) Metaspace: 1695K(1856K)->1695K(1856K) NonClass: 1571K(1664K)->1571K(1664K) Class: 124K(192K)->124K(192K)
[2024-10-12T11:16:35.386+0800][info] GC(638) Pause Young (Prepare Mixed) (G1 Evacuation Pause) 94M->94M(128M) 1.869ms
[2024-10-12T11:16:35.386+0800][info] GC(638) User=0.00s Sys=0.00s Real=0.01s
[2024-10-12T11:16:35.488+0800][info] GC(639) Pause Young (Mixed) (G1 Evacuation Pause)
[2024-10-12T11:16:35.488+0800][info] GC(639) Using 3 workers of 48 for evacuation
[2024-10-12T11:16:35.494+0800][info] GC(639) To-space exhausted
[2024-10-12T11:16:35.494+0800][info] GC(639)   Pre Evacuate Collection Set: 0.2ms
[2024-10-12T11:16:35.494+0800][info] GC(639)   Merge Heap Roots: 0.1ms
[2024-10-12T11:16:35.494+0800][info] GC(639)   Evacuate Collection Set: 3.6ms
[2024-10-12T11:16:35.494+0800][info] GC(639)   Post Evacuate Collection Set: 1.1ms
[2024-10-12T11:16:35.494+0800][info] GC(639)   Other: 0.2ms
[2024-10-12T11:16:35.494+0800][info] GC(639) Eden regions: 2->0(2)
[2024-10-12T11:16:35.494+0800][info] GC(639) Survivor regions: 1->1(1)
[2024-10-12T11:16:35.494+0800][info] GC(639) Old regions: 49->57
[2024-10-12T11:16:35.494+0800][info] GC(639) Archive regions: 2->2
[2024-10-12T11:16:35.494+0800][info] GC(639) Humongous regions: 3->3
[2024-10-12T11:16:35.494+0800][info] GC(639) Metaspace: 1695K(1856K)->1695K(1856K) NonClass: 1571K(1664K)->1571K(1664K) Class: 124K(192K)->124K(192K)
[2024-10-12T11:16:35.494+0800][info] GC(639) Pause Young (Mixed) (G1 Evacuation Pause) 98M->111M(128M) 5.330ms
[2024-10-12T11:16:35.494+0800][info] GC(639) User=0.01s Sys=0.00s Real=0.01s
[2024-10-12T11:16:35.555+0800][info] GC(640) Pause Young (Concurrent Start) (G1 Evacuation Pause)
[2024-10-12T11:16:35.555+0800][info] GC(640) Using 3 workers of 48 for evacuation
[2024-10-12T11:16:35.557+0800][info] GC(640) To-space exhausted
[2024-10-12T11:16:35.557+0800][info] GC(640)   Pre Evacuate Collection Set: 0.1ms
[2024-10-12T11:16:35.557+0800][info] GC(640)   Merge Heap Roots: 0.1ms
[2024-10-12T11:16:35.557+0800][info] GC(640)   Evacuate Collection Set: 0.4ms
[2024-10-12T11:16:35.557+0800][info] GC(640)   Post Evacuate Collection Set: 0.3ms
[2024-10-12T11:16:35.557+0800][info] GC(640)   Other: 0.4ms
[2024-10-12T11:16:35.557+0800][info] GC(640) Eden regions: 1->0(3)
[2024-10-12T11:16:35.557+0800][info] GC(640) Survivor regions: 1->0(0)
[2024-10-12T11:16:35.557+0800][info] GC(640) Old regions: 57->59
[2024-10-12T11:16:35.557+0800][info] GC(640) Archive regions: 2->2
[2024-10-12T11:16:35.557+0800][info] GC(640) Humongous regions: 3->3
[2024-10-12T11:16:35.557+0800][info] GC(640) Metaspace: 1695K(1856K)->1695K(1856K) NonClass: 1571K(1664K)->1571K(1664K) Class: 124K(192K)->124K(192K)
[2024-10-12T11:16:35.557+0800][info] GC(640) Pause Young (Concurrent Start) (G1 Evacuation Pause) 113M->113M(128M) 1.318ms
[2024-10-12T11:16:35.557+0800][info] GC(640) User=0.00s Sys=0.00s Real=0.00s
[2024-10-12T11:16:35.557+0800][info] Attempting full compaction
[2024-10-12T11:16:35.557+0800][info] GC(641) Concurrent Mark Cycle
[2024-10-12T11:16:35.557+0800][info] GC(642) Using 3 workers of 48 for full compaction
[2024-10-12T11:16:35.557+0800][info] GC(641) Concurrent Clear Claimed Marks
[2024-10-12T11:16:35.557+0800][info] GC(641) Concurrent Clear Claimed Marks 0.042ms
[2024-10-12T11:16:35.557+0800][info] GC(641) Concurrent Scan Root Regions
[2024-10-12T11:16:35.557+0800][info] GC(641) Concurrent Scan Root Regions 0.014ms
[2024-10-12T11:16:35.557+0800][info] GC(641) Concurrent Mark
[2024-10-12T11:16:35.557+0800][info] GC(641) Concurrent Mark From Roots
[2024-10-12T11:16:35.557+0800][info] GC(641) Using 12 workers of 12 for marking
[2024-10-12T11:16:35.557+0800][info] GC(642) Pause Full (G1 Compaction Pause)
[2024-10-12T11:16:35.557+0800][info] GC(642) Phase 1: Mark live objects
[2024-10-12T11:16:35.561+0800][info] GC(642) Phase 1: Mark live objects 3.588ms
[2024-10-12T11:16:35.561+0800][info] GC(642) Phase 2: Prepare for compaction
[2024-10-12T11:16:35.562+0800][info] GC(642) Phase 2: Prepare for compaction 0.608ms
[2024-10-12T11:16:35.562+0800][info] GC(642) Phase 3: Adjust pointers
[2024-10-12T11:16:35.563+0800][info] GC(642) Phase 3: Adjust pointers 1.857ms
[2024-10-12T11:16:35.563+0800][info] GC(642) Phase 4: Compact heap
[2024-10-12T11:16:35.575+0800][info] GC(642) Phase 4: Compact heap 11.854ms
[2024-10-12T11:16:35.577+0800][info] GC(642) Eden regions: 0->0(4)
[2024-10-12T11:16:35.577+0800][info] GC(642) Survivor regions: 0->0(0)
[2024-10-12T11:16:35.577+0800][info] GC(642) Old regions: 59->37
[2024-10-12T11:16:35.577+0800][info] GC(642) Archive regions: 2->2
[2024-10-12T11:16:35.577+0800][info] GC(642) Humongous regions: 3->3
[2024-10-12T11:16:35.577+0800][info] GC(642) Metaspace: 1695K(1856K)->1695K(1856K) NonClass: 1571K(1664K)->1571K(1664K) Class: 124K(192K)->124K(192K)
[2024-10-12T11:16:35.577+0800][info] GC(642) Pause Full (G1 Compaction Pause) 113M->71M(128M) 20.092ms
[2024-10-12T11:16:35.577+0800][info] GC(642) User=0.05s Sys=0.00s Real=0.02s
[2024-10-12T11:16:35.577+0800][info] GC(641) Concurrent Mark From Roots 20.334ms
[2024-10-12T11:16:35.577+0800][info] GC(641) Concurrent Mark Abort
[2024-10-12T11:16:35.577+0800][info] GC(641) Concurrent Mark Cycle 20.544ms
[2024-10-12T11:16:35.782+0800][info] GC(643) Pause Young (Normal) (G1 Evacuation Pause)
[2024-10-12T11:16:35.782+0800][info] GC(643) Using 3 workers of 48 for evacuation
[2024-10-12T11:16:35.784+0800][info] GC(643)   Pre Evacuate Collection Set: 0.1ms
[2024-10-12T11:16:35.784+0800][info] GC(643)   Merge Heap Roots: 0.1ms
[2024-10-12T11:16:35.784+0800][info] GC(643)   Evacuate Collection Set: 1.2ms
[2024-10-12T11:16:35.784+0800][info] GC(643)   Post Evacuate Collection Set: 0.2ms
[2024-10-12T11:16:35.784+0800][info] GC(643)   Other: 0.2ms
[2024-10-12T11:16:35.784+0800][info] GC(643) Eden regions: 4->0(3)
[2024-10-12T11:16:35.784+0800][info] GC(643) Survivor regions: 0->1(1)
[2024-10-12T11:16:35.784+0800][info] GC(643) Old regions: 37->40
[2024-10-12T11:16:35.784+0800][info] GC(643) Archive regions: 2->2
[2024-10-12T11:16:35.784+0800][info] GC(643) Humongous regions: 3->3
[2024-10-12T11:16:35.784+0800][info] GC(643) Metaspace: 1695K(1856K)->1695K(1856K) NonClass: 1571K(1664K)->1571K(1664K) Class: 124K(192K)->124K(192K)
[2024-10-12T11:16:35.784+0800][info] GC(643) Pause Young (Normal) (G1 Evacuation Pause) 78M->78M(128M) 1.998ms
[2024-10-12T11:16:35.784+0800][info] GC(643) User=0.00s Sys=0.00s Real=0.00s
[2024-10-12T11:16:35.947+0800][info] GC(644) Pause Young (Normal) (G1 Evacuation Pause)
[2024-10-12T11:16:35.947+0800][info] GC(644) Using 3 workers of 48 for evacuation
[2024-10-12T11:16:35.949+0800][info] GC(644)   Pre Evacuate Collection Set: 0.1ms
[2024-10-12T11:16:35.949+0800][info] GC(644)   Merge Heap Roots: 0.1ms
[2024-10-12T11:16:35.949+0800][info] GC(644)   Evacuate Collection Set: 1.2ms
[2024-10-12T11:16:35.949+0800][info] GC(644)   Post Evacuate Collection Set: 0.2ms
[2024-10-12T11:16:35.949+0800][info] GC(644)   Other: 0.2ms
[2024-10-12T11:16:35.949+0800][info] GC(644) Eden regions: 3->0(2)
[2024-10-12T11:16:35.949+0800][info] GC(644) Survivor regions: 1->1(1)
[2024-10-12T11:16:35.949+0800][info] GC(644) Old regions: 40->43
[2024-10-12T11:16:35.949+0800][info] GC(644) Archive regions: 2->2
[2024-10-12T11:16:35.949+0800][info] GC(644) Humongous regions: 3->3
[2024-10-12T11:16:35.949+0800][info] GC(644) Metaspace: 1695K(1856K)->1695K(1856K) NonClass: 1571K(1664K)->1571K(1664K) Class: 124K(192K)->124K(192K)
[2024-10-12T11:16:35.949+0800][info] GC(644) Pause Young (Normal) (G1 Evacuation Pause) 84M->84M(128M) 1.898ms
[2024-10-12T11:16:35.949+0800][info] GC(644) User=0.01s Sys=0.00s Real=0.00s
[2024-10-12T11:16:36.051+0800][info] GC(645) Pause Young (Normal) (G1 Evacuation Pause)
[2024-10-12T11:16:36.051+0800][info] GC(645) Using 3 workers of 48 for evacuation
[2024-10-12T11:16:36.053+0800][info] GC(645)   Pre Evacuate Collection Set: 0.1ms
[2024-10-12T11:16:36.053+0800][info] GC(645)   Merge Heap Roots: 0.1ms
[2024-10-12T11:16:36.053+0800][info] GC(645)   Evacuate Collection Set: 1.0ms
[2024-10-12T11:16:36.053+0800][info] GC(645)   Post Evacuate Collection Set: 0.2ms
[2024-10-12T11:16:36.053+0800][info] GC(645)   Other: 0.2ms
[2024-10-12T11:16:36.053+0800][info] GC(645) Eden regions: 2->0(2)
[2024-10-12T11:16:36.053+0800][info] GC(645) Survivor regions: 1->1(1)
[2024-10-12T11:16:36.053+0800][info] GC(645) Old regions: 43->45
[2024-10-12T11:16:36.053+0800][info] GC(645) Archive regions: 2->2
[2024-10-12T11:16:36.053+0800][info] GC(645) Humongous regions: 3->3
[2024-10-12T11:16:36.053+0800][info] GC(645) Metaspace: 1695K(1856K)->1695K(1856K) NonClass: 1571K(1664K)->1571K(1664K) Class: 124K(192K)->124K(192K)
[2024-10-12T11:16:36.053+0800][info] GC(645) Pause Young (Normal) (G1 Evacuation Pause) 88M->88M(128M) 1.694ms
[2024-10-12T11:16:36.053+0800][info] GC(645) User=0.00s Sys=0.00s Real=0.01s
[2024-10-12T11:16:36.155+0800][info] GC(646) Pause Young (Normal) (G1 Evacuation Pause)
[2024-10-12T11:16:36.155+0800][info] GC(646) Using 3 workers of 48 for evacuation
[2024-10-12T11:16:36.157+0800][info] GC(646)   Pre Evacuate Collection Set: 0.1ms
[2024-10-12T11:16:36.157+0800][info] GC(646)   Merge Heap Roots: 0.1ms
[2024-10-12T11:16:36.157+0800][info] GC(646)   Evacuate Collection Set: 1.1ms
[2024-10-12T11:16:36.157+0800][info] GC(646)   Post Evacuate Collection Set: 0.2ms
[2024-10-12T11:16:36.157+0800][info] GC(646)   Other: 0.2ms
[2024-10-12T11:16:36.157+0800][info] GC(646) Eden regions: 2->0(2)
[2024-10-12T11:16:36.157+0800][info] GC(646) Survivor regions: 1->1(1)
[2024-10-12T11:16:36.157+0800][info] GC(646) Old regions: 45->48
[2024-10-12T11:16:36.157+0800][info] GC(646) Archive regions: 2->2
[2024-10-12T11:16:36.157+0800][info] GC(646) Humongous regions: 3->3
[2024-10-12T11:16:36.157+0800][info] GC(646) Metaspace: 1695K(1856K)->1695K(1856K) NonClass: 1571K(1664K)->1571K(1664K) Class: 124K(192K)->124K(192K)
[2024-10-12T11:16:36.157+0800][info] GC(646) Pause Young (Normal) (G1 Evacuation Pause) 92M->93M(128M) 1.759ms
[2024-10-12T11:16:36.157+0800][info] GC(646) User=0.00s Sys=0.01s Real=0.00s
[2024-10-12T11:16:36.259+0800][info] GC(647) Pause Young (Concurrent Start) (G1 Evacuation Pause)
[2024-10-12T11:16:36.260+0800][info] GC(647) Using 3 workers of 48 for evacuation
[2024-10-12T11:16:36.261+0800][info] GC(647)   Pre Evacuate Collection Set: 0.1ms
[2024-10-12T11:16:36.261+0800][info] GC(647)   Merge Heap Roots: 0.1ms
[2024-10-12T11:16:36.261+0800][info] GC(647)   Evacuate Collection Set: 1.0ms
[2024-10-12T11:16:36.261+0800][info] GC(647)   Post Evacuate Collection Set: 0.2ms
[2024-10-12T11:16:36.261+0800][info] GC(647)   Other: 0.4ms
[2024-10-12T11:16:36.261+0800][info] GC(647) Eden regions: 2->0(2)
[2024-10-12T11:16:36.261+0800][info] GC(647) Survivor regions: 1->1(1)
[2024-10-12T11:16:36.261+0800][info] GC(647) Old regions: 48->50
[2024-10-12T11:16:36.261+0800][info] GC(647) Archive regions: 2->2
[2024-10-12T11:16:36.261+0800][info] GC(647) Humongous regions: 3->3
[2024-10-12T11:16:36.261+0800][info] GC(647) Metaspace: 1695K(1856K)->1695K(1856K) NonClass: 1571K(1664K)->1571K(1664K) Class: 124K(192K)->124K(192K)
[2024-10-12T11:16:36.261+0800][info] GC(647) Pause Young (Concurrent Start) (G1 Evacuation Pause) 97M->97M(128M) 1.879ms
[2024-10-12T11:16:36.261+0800][info] GC(647) User=0.00s Sys=0.00s Real=0.00s
[2024-10-12T11:16:36.261+0800][info] GC(648) Concurrent Mark Cycle
[2024-10-12T11:16:36.261+0800][info] GC(648) Concurrent Clear Claimed Marks
[2024-10-12T11:16:36.261+0800][info] GC(648) Concurrent Clear Claimed Marks 0.015ms
[2024-10-12T11:16:36.261+0800][info] GC(648) Concurrent Scan Root Regions
[2024-10-12T11:16:36.262+0800][info] GC(648) Concurrent Scan Root Regions 0.148ms
[2024-10-12T11:16:36.262+0800][info] GC(648) Concurrent Mark
[2024-10-12T11:16:36.262+0800][info] GC(648) Concurrent Mark From Roots
[2024-10-12T11:16:36.262+0800][info] GC(648) Using 12 workers of 12 for marking
[2024-10-12T11:16:36.265+0800][info] GC(648) Concurrent Mark From Roots 3.594ms
[2024-10-12T11:16:36.265+0800][info] GC(648) Concurrent Preclean
[2024-10-12T11:16:36.267+0800][info] GC(648) Concurrent Preclean 1.666ms
[2024-10-12T11:16:36.267+0800][info] GC(648) Pause Remark
[2024-10-12T11:16:36.269+0800][info] GC(648) Pause Remark 98M->98M(128M) 1.592ms
[2024-10-12T11:16:36.269+0800][info] GC(648) User=0.01s Sys=0.00s Real=0.00s
[2024-10-12T11:16:36.269+0800][info] GC(648) Concurrent Mark 7.042ms
[2024-10-12T11:16:36.269+0800][info] GC(648) Concurrent Rebuild Remembered Sets
[2024-10-12T11:16:36.270+0800][info] GC(648) Concurrent Rebuild Remembered Sets 1.283ms
[2024-10-12T11:16:36.270+0800][info] GC(648) Pause Cleanup
[2024-10-12T11:16:36.270+0800][info] GC(648) Pause Cleanup 98M->98M(128M) 0.174ms
[2024-10-12T11:16:36.270+0800][info] GC(648) User=0.00s Sys=0.00s Real=0.00s
[2024-10-12T11:16:36.270+0800][info] GC(648) Concurrent Cleanup for Next Mark
[2024-10-12T11:16:36.271+0800][info] GC(648) Concurrent Cleanup for Next Mark 0.367ms
[2024-10-12T11:16:36.271+0800][info] GC(648) Concurrent Mark Cycle 9.354ms
[2024-10-12T11:16:36.414+0800][info] GC(649) Pause Young (Prepare Mixed) (G1 Evacuation Pause)
[2024-10-12T11:16:36.414+0800][info] GC(649) Using 3 workers of 48 for evacuation
[2024-10-12T11:16:36.416+0800][info] GC(649)   Pre Evacuate Collection Set: 0.1ms
[2024-10-12T11:16:36.416+0800][info] GC(649)   Merge Heap Roots: 0.1ms
[2024-10-12T11:16:36.416+0800][info] GC(649)   Evacuate Collection Set: 1.1ms
[2024-10-12T11:16:36.416+0800][info] GC(649)   Post Evacuate Collection Set: 0.2ms
[2024-10-12T11:16:36.416+0800][info] GC(649)   Other: 0.2ms
[2024-10-12T11:16:36.416+0800][info] GC(649) Eden regions: 2->0(2)
[2024-10-12T11:16:36.416+0800][info] GC(649) Survivor regions: 1->1(1)
[2024-10-12T11:16:36.416+0800][info] GC(649) Old regions: 50->52
[2024-10-12T11:16:36.416+0800][info] GC(649) Archive regions: 2->2
[2024-10-12T11:16:36.416+0800][info] GC(649) Humongous regions: 3->3
[2024-10-12T11:16:36.416+0800][info] GC(649) Metaspace: 1695K(1856K)->1695K(1856K) NonClass: 1571K(1664K)->1571K(1664K) Class: 124K(192K)->124K(192K)
[2024-10-12T11:16:36.416+0800][info] GC(649) Pause Young (Prepare Mixed) (G1 Evacuation Pause) 101M->101M(128M) 1.771ms
[2024-10-12T11:16:36.416+0800][info] GC(649) User=0.00s Sys=0.00s Real=0.00s
[2024-10-12T11:16:36.478+0800][info] GC(650) Pause Young (Mixed) (G1 Preventive Collection)
[2024-10-12T11:16:36.478+0800][info] GC(650) Using 3 workers of 48 for evacuation
[2024-10-12T11:16:36.483+0800][info] GC(650) To-space exhausted
[2024-10-12T11:16:36.483+0800][info] GC(650)   Pre Evacuate Collection Set: 0.2ms
[2024-10-12T11:16:36.483+0800][info] GC(650)   Merge Heap Roots: 0.1ms
[2024-10-12T11:16:36.483+0800][info] GC(650)   Evacuate Collection Set: 3.6ms
[2024-10-12T11:16:36.483+0800][info] GC(650)   Post Evacuate Collection Set: 1.2ms
[2024-10-12T11:16:36.483+0800][info] GC(650)   Other: 0.3ms
[2024-10-12T11:16:36.483+0800][info] GC(650) Eden regions: 1->0(2)
[2024-10-12T11:16:36.483+0800][info] GC(650) Survivor regions: 1->1(1)
[2024-10-12T11:16:36.483+0800][info] GC(650) Old regions: 52->57
[2024-10-12T11:16:36.483+0800][info] GC(650) Archive regions: 2->2
[2024-10-12T11:16:36.483+0800][info] GC(650) Humongous regions: 3->3
[2024-10-12T11:16:36.483+0800][info] GC(650) Metaspace: 1695K(1856K)->1695K(1856K) NonClass: 1571K(1664K)->1571K(1664K) Class: 124K(192K)->124K(192K)
[2024-10-12T11:16:36.483+0800][info] GC(650) Pause Young (Mixed) (G1 Preventive Collection) 103M->112M(128M) 5.371ms
[2024-10-12T11:16:36.483+0800][info] GC(650) User=0.01s Sys=0.00s Real=0.00s
[2024-10-12T11:16:36.524+0800][info] GC(651) Pause Young (Concurrent Start) (G1 Evacuation Pause)
[2024-10-12T11:16:36.524+0800][info] GC(651) Using 3 workers of 48 for evacuation
[2024-10-12T11:16:36.526+0800][info] GC(651) To-space exhausted
[2024-10-12T11:16:36.526+0800][info] GC(651)   Pre Evacuate Collection Set: 0.1ms
[2024-10-12T11:16:36.526+0800][info] GC(651)   Merge Heap Roots: 0.1ms
[2024-10-12T11:16:36.526+0800][info] GC(651)   Evacuate Collection Set: 0.5ms
[2024-10-12T11:16:36.526+0800][info] GC(651)   Post Evacuate Collection Set: 0.2ms
[2024-10-12T11:16:36.526+0800][info] GC(651)   Other: 0.3ms
[2024-10-12T11:16:36.526+0800][info] GC(651) Eden regions: 1->0(3)
[2024-10-12T11:16:36.526+0800][info] GC(651) Survivor regions: 1->0(0)
[2024-10-12T11:16:36.526+0800][info] GC(651) Old regions: 57->59
[2024-10-12T11:16:36.526+0800][info] GC(651) Archive regions: 2->2
[2024-10-12T11:16:36.526+0800][info] GC(651) Humongous regions: 3->3
[2024-10-12T11:16:36.526+0800][info] GC(651) Metaspace: 1695K(1856K)->1695K(1856K) NonClass: 1571K(1664K)->1571K(1664K) Class: 124K(192K)->124K(192K)
[2024-10-12T11:16:36.526+0800][info] GC(651) Pause Young (Concurrent Start) (G1 Evacuation Pause) 114M->114M(128M) 1.408ms
[2024-10-12T11:16:36.526+0800][info] GC(651) User=0.00s Sys=0.00s Real=0.01s
[2024-10-12T11:16:36.526+0800][info] Attempting full compaction
[2024-10-12T11:16:36.526+0800][info] GC(652) Concurrent Mark Cycle
[2024-10-12T11:16:36.526+0800][info] GC(653) Using 3 workers of 48 for full compaction
[2024-10-12T11:16:36.526+0800][info] GC(652) Concurrent Clear Claimed Marks
[2024-10-12T11:16:36.526+0800][info] GC(652) Concurrent Clear Claimed Marks 0.042ms
[2024-10-12T11:16:36.526+0800][info] GC(652) Concurrent Scan Root Regions
[2024-10-12T11:16:36.526+0800][info] GC(652) Concurrent Scan Root Regions 0.014ms
[2024-10-12T11:16:36.526+0800][info] GC(652) Concurrent Mark
[2024-10-12T11:16:36.526+0800][info] GC(652) Concurrent Mark From Roots
[2024-10-12T11:16:36.526+0800][info] GC(652) Using 12 workers of 12 for marking
[2024-10-12T11:16:36.526+0800][info] GC(653) Pause Full (G1 Compaction Pause)
[2024-10-12T11:16:36.526+0800][info] GC(653) Phase 1: Mark live objects
[2024-10-12T11:16:36.530+0800][info] GC(653) Phase 1: Mark live objects 3.404ms
[2024-10-12T11:16:36.530+0800][info] GC(653) Phase 2: Prepare for compaction
[2024-10-12T11:16:36.531+0800][info] GC(653) Phase 2: Prepare for compaction 0.744ms
[2024-10-12T11:16:36.531+0800][info] GC(653) Phase 3: Adjust pointers
[2024-10-12T11:16:36.532+0800][info] GC(653) Phase 3: Adjust pointers 1.780ms
[2024-10-12T11:16:36.532+0800][info] GC(653) Phase 4: Compact heap
[2024-10-12T11:16:36.547+0800][info] GC(653) Phase 4: Compact heap 14.999ms
[2024-10-12T11:16:36.549+0800][info] GC(653) Eden regions: 0->0(4)
[2024-10-12T11:16:36.549+0800][info] GC(653) Survivor regions: 0->0(0)
[2024-10-12T11:16:36.549+0800][info] GC(653) Old regions: 59->37
[2024-10-12T11:16:36.549+0800][info] GC(653) Archive regions: 2->2
[2024-10-12T11:16:36.549+0800][info] GC(653) Humongous regions: 3->3
[2024-10-12T11:16:36.549+0800][info] GC(653) Metaspace: 1695K(1856K)->1695K(1856K) NonClass: 1571K(1664K)->1571K(1664K) Class: 124K(192K)->124K(192K)
[2024-10-12T11:16:36.549+0800][info] GC(653) Pause Full (G1 Compaction Pause) 114M->70M(128M) 23.145ms
[2024-10-12T11:16:36.549+0800][info] GC(653) User=0.05s Sys=0.00s Real=0.02s
[2024-10-12T11:16:36.549+0800][info] GC(652) Concurrent Mark From Roots 23.419ms
[2024-10-12T11:16:36.549+0800][info] GC(652) Concurrent Mark Abort
[2024-10-12T11:16:36.549+0800][info] GC(652) Concurrent Mark Cycle 23.634ms
[2024-10-12T11:16:36.775+0800][info] GC(654) Pause Young (Normal) (G1 Evacuation Pause)
[2024-10-12T11:16:36.775+0800][info] GC(654) Using 3 workers of 48 for evacuation
[2024-10-12T11:16:36.777+0800][info] GC(654)   Pre Evacuate Collection Set: 0.1ms
[2024-10-12T11:16:36.777+0800][info] GC(654)   Merge Heap Roots: 0.0ms
[2024-10-12T11:16:36.777+0800][info] GC(654)   Evacuate Collection Set: 1.4ms
[2024-10-12T11:16:36.777+0800][info] GC(654)   Post Evacuate Collection Set: 0.2ms
[2024-10-12T11:16:36.777+0800][info] GC(654)   Other: 0.2ms
[2024-10-12T11:16:36.777+0800][info] GC(654) Eden regions: 4->0(2)
[2024-10-12T11:16:36.777+0800][info] GC(654) Survivor regions: 0->1(1)
[2024-10-12T11:16:36.777+0800][info] GC(654) Old regions: 37->41
[2024-10-12T11:16:36.777+0800][info] GC(654) Archive regions: 2->2
[2024-10-12T11:16:36.777+0800][info] GC(654) Humongous regions: 3->3
[2024-10-12T11:16:36.777+0800][info] GC(654) Metaspace: 1695K(1856K)->1695K(1856K) NonClass: 1571K(1664K)->1571K(1664K) Class: 124K(192K)->124K(192K)
[2024-10-12T11:16:36.777+0800][info] GC(654) Pause Young (Normal) (G1 Evacuation Pause) 78M->79M(128M) 2.132ms
[2024-10-12T11:16:36.777+0800][info] GC(654) User=0.00s Sys=0.00s Real=0.00s
[2024-10-12T11:16:36.879+0800][info] GC(655) Pause Young (Normal) (G1 Evacuation Pause)
[2024-10-12T11:16:36.879+0800][info] GC(655) Using 3 workers of 48 for evacuation
[2024-10-12T11:16:36.881+0800][info] GC(655)   Pre Evacuate Collection Set: 0.1ms
[2024-10-12T11:16:36.881+0800][info] GC(655)   Merge Heap Roots: 0.1ms
[2024-10-12T11:16:36.881+0800][info] GC(655)   Evacuate Collection Set: 1.0ms
[2024-10-12T11:16:36.881+0800][info] GC(655)   Post Evacuate Collection Set: 0.2ms
[2024-10-12T11:16:36.881+0800][info] GC(655)   Other: 0.2ms
[2024-10-12T11:16:36.881+0800][info] GC(655) Eden regions: 2->0(2)
[2024-10-12T11:16:36.881+0800][info] GC(655) Survivor regions: 1->1(1)
[2024-10-12T11:16:36.881+0800][info] GC(655) Old regions: 41->43
[2024-10-12T11:16:36.881+0800][info] GC(655) Archive regions: 2->2
[2024-10-12T11:16:36.881+0800][info] GC(655) Humongous regions: 3->3
[2024-10-12T11:16:36.881+0800][info] GC(655) Metaspace: 1695K(1856K)->1695K(1856K) NonClass: 1571K(1664K)->1571K(1664K) Class: 124K(192K)->124K(192K)
[2024-10-12T11:16:36.881+0800][info] GC(655) Pause Young (Normal) (G1 Evacuation Pause) 83M->83M(128M) 1.637ms
[2024-10-12T11:16:36.881+0800][info] GC(655) User=0.00s Sys=0.00s Real=0.00s
[2024-10-12T11:16:36.983+0800][info] GC(656) Pause Young (Normal) (G1 Evacuation Pause)
[2024-10-12T11:16:36.983+0800][info] GC(656) Using 3 workers of 48 for evacuation
[2024-10-12T11:16:36.985+0800][info] GC(656)   Pre Evacuate Collection Set: 0.1ms
[2024-10-12T11:16:36.985+0800][info] GC(656)   Merge Heap Roots: 0.0ms
[2024-10-12T11:16:36.985+0800][info] GC(656)   Evacuate Collection Set: 0.9ms
[2024-10-12T11:16:36.985+0800][info] GC(656)   Post Evacuate Collection Set: 0.2ms
[2024-10-12T11:16:36.985+0800][info] GC(656)   Other: 0.2ms
[2024-10-12T11:16:36.985+0800][info] GC(656) Eden regions: 2->0(2)
[2024-10-12T11:16:36.985+0800][info] GC(656) Survivor regions: 1->1(1)
[2024-10-12T11:16:36.985+0800][info] GC(656) Old regions: 43->45
[2024-10-12T11:16:36.985+0800][info] GC(656) Archive regions: 2->2
[2024-10-12T11:16:36.985+0800][info] GC(656) Humongous regions: 3->3
[2024-10-12T11:16:36.985+0800][info] GC(656) Metaspace: 1695K(1856K)->1695K(1856K) NonClass: 1571K(1664K)->1571K(1664K) Class: 124K(192K)->124K(192K)
[2024-10-12T11:16:36.985+0800][info] GC(656) Pause Young (Normal) (G1 Evacuation Pause) 86M->87M(128M) 1.538ms
[2024-10-12T11:16:36.985+0800][info] GC(656) User=0.00s Sys=0.00s Real=0.00s
[2024-10-12T11:16:37.066+0800][info] GC(657) Pause Young (Concurrent Start) (G1 Humongous Allocation)
[2024-10-12T11:16:37.066+0800][info] GC(657) Using 3 workers of 48 for evacuation
[2024-10-12T11:16:37.068+0800][info] GC(657)   Pre Evacuate Collection Set: 0.1ms
[2024-10-12T11:16:37.068+0800][info] GC(657)   Merge Heap Roots: 0.1ms
[2024-10-12T11:16:37.068+0800][info] GC(657)   Evacuate Collection Set: 0.9ms
[2024-10-12T11:16:37.068+0800][info] GC(657)   Post Evacuate Collection Set: 0.2ms
[2024-10-12T11:16:37.068+0800][info] GC(657)   Other: 0.4ms
[2024-10-12T11:16:37.068+0800][info] GC(657) Eden regions: 2->0(2)
[2024-10-12T11:16:37.068+0800][info] GC(657) Survivor regions: 1->1(1)
[2024-10-12T11:16:37.068+0800][info] GC(657) Old regions: 45->47
[2024-10-12T11:16:37.068+0800][info] GC(657) Archive regions: 2->2
[2024-10-12T11:16:37.068+0800][info] GC(657) Humongous regions: 3->3
[2024-10-12T11:16:37.068+0800][info] GC(657) Metaspace: 1695K(1856K)->1695K(1856K) NonClass: 1571K(1664K)->1571K(1664K) Class: 124K(192K)->124K(192K)
[2024-10-12T11:16:37.068+0800][info] GC(657) Pause Young (Concurrent Start) (G1 Humongous Allocation) 90M->91M(128M) 1.732ms
[2024-10-12T11:16:37.068+0800][info] GC(657) User=0.00s Sys=0.00s Real=0.00s
[2024-10-12T11:16:37.068+0800][info] GC(658) Concurrent Mark Cycle
[2024-10-12T11:16:37.068+0800][info] GC(658) Concurrent Clear Claimed Marks
[2024-10-12T11:16:37.068+0800][info] GC(658) Concurrent Clear Claimed Marks 0.015ms
[2024-10-12T11:16:37.068+0800][info] GC(658) Concurrent Scan Root Regions
[2024-10-12T11:16:37.068+0800][info] GC(658) Concurrent Scan Root Regions 0.149ms
[2024-10-12T11:16:37.068+0800][info] GC(658) Concurrent Mark
[2024-10-12T11:16:37.068+0800][info] GC(658) Concurrent Mark From Roots
[2024-10-12T11:16:37.069+0800][info] GC(658) Using 12 workers of 12 for marking
[2024-10-12T11:16:37.072+0800][info] GC(658) Concurrent Mark From Roots 3.653ms
[2024-10-12T11:16:37.072+0800][info] GC(658) Concurrent Preclean
[2024-10-12T11:16:37.074+0800][info] GC(658) Concurrent Preclean 1.676ms
[2024-10-12T11:16:37.074+0800][info] GC(658) Pause Remark
[2024-10-12T11:16:37.075+0800][info] GC(658) Pause Remark 93M->93M(128M) 1.597ms
[2024-10-12T11:16:37.076+0800][info] GC(658) User=0.00s Sys=0.00s Real=0.00s
[2024-10-12T11:16:37.076+0800][info] GC(658) Concurrent Mark 7.087ms
[2024-10-12T11:16:37.076+0800][info] GC(658) Concurrent Rebuild Remembered Sets
[2024-10-12T11:16:37.077+0800][info] GC(658) Concurrent Rebuild Remembered Sets 1.119ms
[2024-10-12T11:16:37.077+0800][info] GC(658) Pause Cleanup
[2024-10-12T11:16:37.077+0800][info] GC(658) Pause Cleanup 93M->93M(128M) 0.172ms
[2024-10-12T11:16:37.077+0800][info] GC(658) User=0.00s Sys=0.00s Real=0.00s
[2024-10-12T11:16:37.077+0800][info] GC(658) Concurrent Cleanup for Next Mark
[2024-10-12T11:16:37.077+0800][info] GC(658) Concurrent Cleanup for Next Mark 0.377ms
[2024-10-12T11:16:37.078+0800][info] GC(658) Concurrent Mark Cycle 9.256ms
[2024-10-12T11:16:37.242+0800][info] GC(659) Pause Young (Prepare Mixed) (G1 Evacuation Pause)
[2024-10-12T11:16:37.242+0800][info] GC(659) Using 3 workers of 48 for evacuation
[2024-10-12T11:16:37.244+0800][info] GC(659)   Pre Evacuate Collection Set: 0.1ms
[2024-10-12T11:16:37.244+0800][info] GC(659)   Merge Heap Roots: 0.1ms
[2024-10-12T11:16:37.244+0800][info] GC(659)   Evacuate Collection Set: 1.1ms
[2024-10-12T11:16:37.244+0800][info] GC(659)   Post Evacuate Collection Set: 0.2ms
[2024-10-12T11:16:37.244+0800][info] GC(659)   Other: 0.2ms
[2024-10-12T11:16:37.244+0800][info] GC(659) Eden regions: 2->0(2)
[2024-10-12T11:16:37.244+0800][info] GC(659) Survivor regions: 1->1(1)
[2024-10-12T11:16:37.244+0800][info] GC(659) Old regions: 47->49
[2024-10-12T11:16:37.244+0800][info] GC(659) Archive regions: 2->2
[2024-10-12T11:16:37.244+0800][info] GC(659) Humongous regions: 4->3
[2024-10-12T11:16:37.244+0800][info] GC(659) Metaspace: 1695K(1856K)->1695K(1856K) NonClass: 1571K(1664K)->1571K(1664K) Class: 124K(192K)->124K(192K)
[2024-10-12T11:16:37.244+0800][info] GC(659) Pause Young (Prepare Mixed) (G1 Evacuation Pause) 97M->95M(128M) 1.902ms
[2024-10-12T11:16:37.244+0800][info] GC(659) User=0.00s Sys=0.00s Real=0.00s
[2024-10-12T11:16:37.347+0800][info] GC(660) Pause Young (Mixed) (G1 Evacuation Pause)
[2024-10-12T11:16:37.347+0800][info] GC(660) Using 3 workers of 48 for evacuation
[2024-10-12T11:16:37.353+0800][info] GC(660) To-space exhausted
[2024-10-12T11:16:37.353+0800][info] GC(660)   Pre Evacuate Collection Set: 0.2ms
[2024-10-12T11:16:37.353+0800][info] GC(660)   Merge Heap Roots: 0.1ms
[2024-10-12T11:16:37.353+0800][info] GC(660)   Evacuate Collection Set: 4.4ms
[2024-10-12T11:16:37.353+0800][info] GC(660)   Post Evacuate Collection Set: 1.0ms
[2024-10-12T11:16:37.353+0800][info] GC(660)   Other: 0.2ms
[2024-10-12T11:16:37.353+0800][info] GC(660) Eden regions: 2->0(2)
[2024-10-12T11:16:37.353+0800][info] GC(660) Survivor regions: 1->1(1)
[2024-10-12T11:16:37.353+0800][info] GC(660) Old regions: 49->54
[2024-10-12T11:16:37.353+0800][info] GC(660) Archive regions: 2->2
[2024-10-12T11:16:37.353+0800][info] GC(660) Humongous regions: 3->3
[2024-10-12T11:16:37.353+0800][info] GC(660) Metaspace: 1695K(1856K)->1695K(1856K) NonClass: 1571K(1664K)->1571K(1664K) Class: 124K(192K)->124K(192K)
[2024-10-12T11:16:37.353+0800][info] GC(660) Pause Young (Mixed) (G1 Evacuation Pause) 98M->108M(128M) 6.022ms
[2024-10-12T11:16:37.353+0800][info] GC(660) User=0.02s Sys=0.00s Real=0.00s
[2024-10-12T11:16:37.414+0800][info] GC(661) Pause Young (Concurrent Start) (G1 Preventive Collection)
[2024-10-12T11:16:37.414+0800][info] GC(661) Using 3 workers of 48 for evacuation
[2024-10-12T11:16:37.416+0800][info] GC(661)   Pre Evacuate Collection Set: 0.1ms
[2024-10-12T11:16:37.416+0800][info] GC(661)   Merge Heap Roots: 0.1ms
[2024-10-12T11:16:37.416+0800][info] GC(661)   Evacuate Collection Set: 1.1ms
[2024-10-12T11:16:37.416+0800][info] GC(661)   Post Evacuate Collection Set: 0.2ms
[2024-10-12T11:16:37.416+0800][info] GC(661)   Other: 0.4ms
[2024-10-12T11:16:37.416+0800][info] GC(661) Eden regions: 1->0(2)
[2024-10-12T11:16:37.416+0800][info] GC(661) Survivor regions: 1->1(1)
[2024-10-12T11:16:37.416+0800][info] GC(661) Old regions: 54->55
[2024-10-12T11:16:37.416+0800][info] GC(661) Archive regions: 2->2
[2024-10-12T11:16:37.416+0800][info] GC(661) Humongous regions: 3->3
[2024-10-12T11:16:37.416+0800][info] GC(661) Metaspace: 1695K(1856K)->1695K(1856K) NonClass: 1571K(1664K)->1571K(1664K) Class: 124K(192K)->124K(192K)
[2024-10-12T11:16:37.416+0800][info] GC(661) Pause Young (Concurrent Start) (G1 Preventive Collection) 110M->109M(128M) 2.049ms
[2024-10-12T11:16:37.416+0800][info] GC(661) User=0.00s Sys=0.00s Real=0.00s
[2024-10-12T11:16:37.416+0800][info] GC(662) Concurrent Mark Cycle
[2024-10-12T11:16:37.416+0800][info] GC(662) Concurrent Clear Claimed Marks
[2024-10-12T11:16:37.416+0800][info] GC(662) Concurrent Clear Claimed Marks 0.016ms
[2024-10-12T11:16:37.416+0800][info] GC(662) Concurrent Scan Root Regions
[2024-10-12T11:16:37.416+0800][info] GC(662) Concurrent Scan Root Regions 0.140ms
[2024-10-12T11:16:37.416+0800][info] GC(662) Concurrent Mark
[2024-10-12T11:16:37.416+0800][info] GC(662) Concurrent Mark From Roots
[2024-10-12T11:16:37.416+0800][info] GC(662) Using 12 workers of 12 for marking
[2024-10-12T11:16:37.420+0800][info] GC(662) Concurrent Mark From Roots 3.215ms
[2024-10-12T11:16:37.420+0800][info] GC(662) Concurrent Preclean
[2024-10-12T11:16:37.421+0800][info] GC(662) Concurrent Preclean 1.686ms
[2024-10-12T11:16:37.421+0800][info] GC(662) Pause Remark
[2024-10-12T11:16:37.423+0800][info] GC(662) Pause Remark 110M->110M(128M) 1.642ms
[2024-10-12T11:16:37.423+0800][info] GC(662) User=0.00s Sys=0.00s Real=0.00s
[2024-10-12T11:16:37.423+0800][info] GC(662) Concurrent Mark 6.744ms
[2024-10-12T11:16:37.423+0800][info] GC(662) Concurrent Rebuild Remembered Sets
[2024-10-12T11:16:37.425+0800][info] GC(662) Concurrent Rebuild Remembered Sets 1.444ms
[2024-10-12T11:16:37.425+0800][info] GC(662) Pause Cleanup
[2024-10-12T11:16:37.425+0800][info] GC(662) Pause Cleanup 110M->110M(128M) 0.184ms
[2024-10-12T11:16:37.425+0800][info] GC(662) User=0.00s Sys=0.00s Real=0.00s
[2024-10-12T11:16:37.425+0800][info] GC(662) Concurrent Cleanup for Next Mark
[2024-10-12T11:16:37.426+0800][info] GC(662) Concurrent Cleanup for Next Mark 0.425ms
[2024-10-12T11:16:37.426+0800][info] GC(662) Concurrent Mark Cycle 9.287ms
[2024-10-12T11:16:37.508+0800][info] GC(663) Pause Young (Prepare Mixed) (G1 Preventive Collection)
[2024-10-12T11:16:37.508+0800][info] GC(663) Using 3 workers of 48 for evacuation
[2024-10-12T11:16:37.510+0800][info] GC(663)   Pre Evacuate Collection Set: 0.1ms
[2024-10-12T11:16:37.510+0800][info] GC(663)   Merge Heap Roots: 0.1ms
[2024-10-12T11:16:37.510+0800][info] GC(663)   Evacuate Collection Set: 0.8ms
[2024-10-12T11:16:37.510+0800][info] GC(663)   Post Evacuate Collection Set: 0.2ms
[2024-10-12T11:16:37.510+0800][info] GC(663)   Other: 0.2ms
[2024-10-12T11:16:37.510+0800][info] GC(663) Eden regions: 1->0(2)
[2024-10-12T11:16:37.510+0800][info] GC(663) Survivor regions: 1->1(1)
[2024-10-12T11:16:37.510+0800][info] GC(663) Old regions: 55->56
[2024-10-12T11:16:37.510+0800][info] GC(663) Archive regions: 2->2
[2024-10-12T11:16:37.510+0800][info] GC(663) Humongous regions: 3->3
[2024-10-12T11:16:37.510+0800][info] GC(663) Metaspace: 1695K(1856K)->1695K(1856K) NonClass: 1571K(1664K)->1571K(1664K) Class: 124K(192K)->124K(192K)
[2024-10-12T11:16:37.510+0800][info] GC(663) Pause Young (Prepare Mixed) (G1 Preventive Collection) 111M->111M(128M) 1.484ms
[2024-10-12T11:16:37.510+0800][info] GC(663) User=0.00s Sys=0.00s Real=0.00s
[2024-10-12T11:16:37.571+0800][info] GC(664) Pause Young (Mixed) (G1 Preventive Collection)
[2024-10-12T11:16:37.571+0800][info] GC(664) Using 3 workers of 48 for evacuation
[2024-10-12T11:16:37.577+0800][info] GC(664) To-space exhausted
[2024-10-12T11:16:37.577+0800][info] GC(664)   Pre Evacuate Collection Set: 0.2ms
[2024-10-12T11:16:37.577+0800][info] GC(664)   Merge Heap Roots: 0.1ms
[2024-10-12T11:16:37.577+0800][info] GC(664)   Evacuate Collection Set: 3.0ms
[2024-10-12T11:16:37.577+0800][info] GC(664)   Post Evacuate Collection Set: 2.0ms
[2024-10-12T11:16:37.577+0800][info] GC(664)   Other: 0.2ms
[2024-10-12T11:16:37.577+0800][info] GC(664) Eden regions: 1->0(2)
[2024-10-12T11:16:37.577+0800][info] GC(664) Survivor regions: 1->1(1)
[2024-10-12T11:16:37.577+0800][info] GC(664) Old regions: 56->57
[2024-10-12T11:16:37.577+0800][info] GC(664) Archive regions: 2->2
[2024-10-12T11:16:37.577+0800][info] GC(664) Humongous regions: 3->3
[2024-10-12T11:16:37.577+0800][info] GC(664) Metaspace: 1695K(1856K)->1695K(1856K) NonClass: 1571K(1664K)->1571K(1664K) Class: 124K(192K)->124K(192K)
[2024-10-12T11:16:37.577+0800][info] GC(664) Pause Young (Mixed) (G1 Preventive Collection) 113M->113M(128M) 5.539ms
[2024-10-12T11:16:37.577+0800][info] GC(664) User=0.01s Sys=0.00s Real=0.01s
[2024-10-12T11:16:37.618+0800][info] GC(665) Pause Young (Concurrent Start) (G1 Evacuation Pause)
[2024-10-12T11:16:37.618+0800][info] GC(665) Using 3 workers of 48 for evacuation
[2024-10-12T11:16:37.620+0800][info] GC(665) To-space exhausted
[2024-10-12T11:16:37.620+0800][info] GC(665)   Pre Evacuate Collection Set: 0.1ms
[2024-10-12T11:16:37.620+0800][info] GC(665)   Merge Heap Roots: 0.1ms
[2024-10-12T11:16:37.620+0800][info] GC(665)   Evacuate Collection Set: 0.7ms
[2024-10-12T11:16:37.620+0800][info] GC(665)   Post Evacuate Collection Set: 0.3ms
[2024-10-12T11:16:37.620+0800][info] GC(665)   Other: 0.4ms
[2024-10-12T11:16:37.620+0800][info] GC(665) Eden regions: 1->0(3)
[2024-10-12T11:16:37.620+0800][info] GC(665) Survivor regions: 1->0(0)
[2024-10-12T11:16:37.620+0800][info] GC(665) Old regions: 57->59
[2024-10-12T11:16:37.620+0800][info] GC(665) Archive regions: 2->2
[2024-10-12T11:16:37.620+0800][info] GC(665) Humongous regions: 3->3
[2024-10-12T11:16:37.620+0800][info] GC(665) Metaspace: 1695K(1856K)->1695K(1856K) NonClass: 1571K(1664K)->1571K(1664K) Class: 124K(192K)->124K(192K)
[2024-10-12T11:16:37.620+0800][info] GC(665) Pause Young (Concurrent Start) (G1 Evacuation Pause) 114M->114M(128M) 1.682ms
[2024-10-12T11:16:37.620+0800][info] GC(665) User=0.00s Sys=0.00s Real=0.00s
[2024-10-12T11:16:37.620+0800][info] Attempting full compaction
[2024-10-12T11:16:37.620+0800][info] GC(666) Concurrent Mark Cycle
[2024-10-12T11:16:37.620+0800][info] GC(666) Concurrent Clear Claimed Marks
[2024-10-12T11:16:37.620+0800][info] GC(667) Using 3 workers of 48 for full compaction
[2024-10-12T11:16:37.620+0800][info] GC(666) Concurrent Clear Claimed Marks 0.019ms
[2024-10-12T11:16:37.620+0800][info] GC(666) Concurrent Scan Root Regions
[2024-10-12T11:16:37.620+0800][info] GC(666) Concurrent Scan Root Regions 0.014ms
[2024-10-12T11:16:37.620+0800][info] GC(666) Concurrent Mark
[2024-10-12T11:16:37.620+0800][info] GC(666) Concurrent Mark From Roots
[2024-10-12T11:16:37.620+0800][info] GC(666) Using 12 workers of 12 for marking
[2024-10-12T11:16:37.620+0800][info] GC(667) Pause Full (G1 Compaction Pause)
[2024-10-12T11:16:37.620+0800][info] GC(667) Phase 1: Mark live objects
[2024-10-12T11:16:37.624+0800][info] GC(667) Phase 1: Mark live objects 3.468ms
[2024-10-12T11:16:37.624+0800][info] GC(667) Phase 2: Prepare for compaction
[2024-10-12T11:16:37.625+0800][info] GC(667) Phase 2: Prepare for compaction 0.725ms
[2024-10-12T11:16:37.625+0800][info] GC(667) Phase 3: Adjust pointers
[2024-10-12T11:16:37.626+0800][info] GC(667) Phase 3: Adjust pointers 1.761ms
[2024-10-12T11:16:37.626+0800][info] GC(667) Phase 4: Compact heap
[2024-10-12T11:16:37.637+0800][info] GC(667) Phase 4: Compact heap 10.425ms
[2024-10-12T11:16:37.638+0800][info] GC(667) Eden regions: 0->0(4)
[2024-10-12T11:16:37.638+0800][info] GC(667) Survivor regions: 0->0(0)
[2024-10-12T11:16:37.638+0800][info] GC(667) Old regions: 59->38
[2024-10-12T11:16:37.638+0800][info] GC(667) Archive regions: 2->2
[2024-10-12T11:16:37.638+0800][info] GC(667) Humongous regions: 3->3
[2024-10-12T11:16:37.638+0800][info] GC(667) Metaspace: 1695K(1856K)->1695K(1856K) NonClass: 1571K(1664K)->1571K(1664K) Class: 124K(192K)->124K(192K)
[2024-10-12T11:16:37.638+0800][info] GC(667) Pause Full (G1 Compaction Pause) 114M->71M(128M) 18.503ms
[2024-10-12T11:16:37.639+0800][info] GC(667) User=0.04s Sys=0.01s Real=0.02s
[2024-10-12T11:16:37.639+0800][info] GC(666) Concurrent Mark From Roots 18.777ms
[2024-10-12T11:16:37.639+0800][info] GC(666) Concurrent Mark Abort
[2024-10-12T11:16:37.639+0800][info] GC(666) Concurrent Mark Cycle 18.991ms
[2024-10-12T11:16:37.864+0800][info] GC(668) Pause Young (Normal) (G1 Evacuation Pause)
[2024-10-12T11:16:37.864+0800][info] GC(668) Using 3 workers of 48 for evacuation
[2024-10-12T11:16:37.866+0800][info] GC(668)   Pre Evacuate Collection Set: 0.1ms
[2024-10-12T11:16:37.866+0800][info] GC(668)   Merge Heap Roots: 0.0ms
[2024-10-12T11:16:37.866+0800][info] GC(668)   Evacuate Collection Set: 1.4ms
[2024-10-12T11:16:37.866+0800][info] GC(668)   Post Evacuate Collection Set: 0.2ms
[2024-10-12T11:16:37.866+0800][info] GC(668)   Other: 0.3ms
[2024-10-12T11:16:37.866+0800][info] GC(668) Eden regions: 4->0(2)
[2024-10-12T11:16:37.866+0800][info] GC(668) Survivor regions: 0->1(1)
[2024-10-12T11:16:37.866+0800][info] GC(668) Old regions: 38->42
[2024-10-12T11:16:37.866+0800][info] GC(668) Archive regions: 2->2
[2024-10-12T11:16:37.866+0800][info] GC(668) Humongous regions: 3->3
[2024-10-12T11:16:37.866+0800][info] GC(668) Metaspace: 1695K(1856K)->1695K(1856K) NonClass: 1571K(1664K)->1571K(1664K) Class: 124K(192K)->124K(192K)
[2024-10-12T11:16:37.866+0800][info] GC(668) Pause Young (Normal) (G1 Evacuation Pause) 78M->79M(128M) 2.166ms
[2024-10-12T11:16:37.866+0800][info] GC(668) User=0.01s Sys=0.00s Real=0.01s
[2024-10-12T11:16:37.969+0800][info] GC(669) Pause Young (Normal) (G1 Evacuation Pause)
[2024-10-12T11:16:37.969+0800][info] GC(669) Using 3 workers of 48 for evacuation
[2024-10-12T11:16:37.970+0800][info] GC(669)   Pre Evacuate Collection Set: 0.1ms
[2024-10-12T11:16:37.970+0800][info] GC(669)   Merge Heap Roots: 0.1ms
[2024-10-12T11:16:37.970+0800][info] GC(669)   Evacuate Collection Set: 1.0ms
[2024-10-12T11:16:37.970+0800][info] GC(669)   Post Evacuate Collection Set: 0.2ms
[2024-10-12T11:16:37.970+0800][info] GC(669)   Other: 0.2ms
[2024-10-12T11:16:37.970+0800][info] GC(669) Eden regions: 2->0(2)
[2024-10-12T11:16:37.970+0800][info] GC(669) Survivor regions: 1->1(1)
[2024-10-12T11:16:37.970+0800][info] GC(669) Old regions: 42->44
[2024-10-12T11:16:37.970+0800][info] GC(669) Archive regions: 2->2
[2024-10-12T11:16:37.970+0800][info] GC(669) Humongous regions: 3->3
[2024-10-12T11:16:37.970+0800][info] GC(669) Metaspace: 1695K(1856K)->1695K(1856K) NonClass: 1571K(1664K)->1571K(1664K) Class: 124K(192K)->124K(192K)
[2024-10-12T11:16:37.970+0800][info] GC(669) Pause Young (Normal) (G1 Evacuation Pause) 83M->83M(128M) 1.730ms
[2024-10-12T11:16:37.970+0800][info] GC(669) User=0.00s Sys=0.00s Real=0.00s
[2024-10-12T11:16:38.073+0800][info] GC(670) Pause Young (Normal) (G1 Evacuation Pause)
[2024-10-12T11:16:38.073+0800][info] GC(670) Using 3 workers of 48 for evacuation
[2024-10-12T11:16:38.074+0800][info] GC(670)   Pre Evacuate Collection Set: 0.1ms
[2024-10-12T11:16:38.074+0800][info] GC(670)   Merge Heap Roots: 0.1ms
[2024-10-12T11:16:38.074+0800][info] GC(670)   Evacuate Collection Set: 0.9ms
[2024-10-12T11:16:38.074+0800][info] GC(670)   Post Evacuate Collection Set: 0.2ms
[2024-10-12T11:16:38.074+0800][info] GC(670)   Other: 0.2ms
[2024-10-12T11:16:38.074+0800][info] GC(670) Eden regions: 2->0(2)
[2024-10-12T11:16:38.074+0800][info] GC(670) Survivor regions: 1->1(1)
[2024-10-12T11:16:38.074+0800][info] GC(670) Old regions: 44->46
[2024-10-12T11:16:38.074+0800][info] GC(670) Archive regions: 2->2
[2024-10-12T11:16:38.074+0800][info] GC(670) Humongous regions: 3->3
[2024-10-12T11:16:38.074+0800][info] GC(670) Metaspace: 1695K(1856K)->1695K(1856K) NonClass: 1571K(1664K)->1571K(1664K) Class: 124K(192K)->124K(192K)
[2024-10-12T11:16:38.074+0800][info] GC(670) Pause Young (Normal) (G1 Evacuation Pause) 87M->87M(128M) 1.605ms
[2024-10-12T11:16:38.074+0800][info] GC(670) User=0.01s Sys=0.00s Real=0.01s
[2024-10-12T11:16:38.177+0800][info] GC(671) Pause Young (Concurrent Start) (G1 Evacuation Pause)
[2024-10-12T11:16:38.177+0800][info] GC(671) Using 3 workers of 48 for evacuation
[2024-10-12T11:16:38.178+0800][info] GC(671)   Pre Evacuate Collection Set: 0.1ms
[2024-10-12T11:16:38.178+0800][info] GC(671)   Merge Heap Roots: 0.1ms
[2024-10-12T11:16:38.178+0800][info] GC(671)   Evacuate Collection Set: 0.9ms
[2024-10-12T11:16:38.178+0800][info] GC(671)   Post Evacuate Collection Set: 0.2ms
[2024-10-12T11:16:38.178+0800][info] GC(671)   Other: 0.4ms
[2024-10-12T11:16:38.178+0800][info] GC(671) Eden regions: 2->0(2)
[2024-10-12T11:16:38.178+0800][info] GC(671) Survivor regions: 1->1(1)
[2024-10-12T11:16:38.178+0800][info] GC(671) Old regions: 46->48
[2024-10-12T11:16:38.178+0800][info] GC(671) Archive regions: 2->2
[2024-10-12T11:16:38.178+0800][info] GC(671) Humongous regions: 3->3
[2024-10-12T11:16:38.178+0800][info] GC(671) Metaspace: 1695K(1856K)->1695K(1856K) NonClass: 1571K(1664K)->1571K(1664K) Class: 124K(192K)->124K(192K)
[2024-10-12T11:16:38.178+0800][info] GC(671) Pause Young (Concurrent Start) (G1 Evacuation Pause) 91M->91M(128M) 1.741ms
[2024-10-12T11:16:38.178+0800][info] GC(671) User=0.00s Sys=0.00s Real=0.00s
[2024-10-12T11:16:38.178+0800][info] GC(672) Concurrent Mark Cycle
[2024-10-12T11:16:38.178+0800][info] GC(672) Concurrent Clear Claimed Marks
[2024-10-12T11:16:38.178+0800][info] GC(672) Concurrent Clear Claimed Marks 0.015ms
[2024-10-12T11:16:38.178+0800][info] GC(672) Concurrent Scan Root Regions
[2024-10-12T11:16:38.179+0800][info] GC(672) Concurrent Scan Root Regions 0.155ms
[2024-10-12T11:16:38.179+0800][info] GC(672) Concurrent Mark
[2024-10-12T11:16:38.179+0800][info] GC(672) Concurrent Mark From Roots
[2024-10-12T11:16:38.179+0800][info] GC(672) Using 12 workers of 12 for marking
[2024-10-12T11:16:38.182+0800][info] GC(672) Concurrent Mark From Roots 3.352ms
[2024-10-12T11:16:38.182+0800][info] GC(672) Concurrent Preclean
[2024-10-12T11:16:38.184+0800][info] GC(672) Concurrent Preclean 1.664ms
[2024-10-12T11:16:38.184+0800][info] GC(672) Pause Remark
[2024-10-12T11:16:38.185+0800][info] GC(672) Pause Remark 91M->91M(128M) 1.769ms
[2024-10-12T11:16:38.185+0800][info] GC(672) User=0.00s Sys=0.00s Real=0.01s
[2024-10-12T11:16:38.186+0800][info] GC(672) Concurrent Mark 6.953ms
[2024-10-12T11:16:38.186+0800][info] GC(672) Concurrent Rebuild Remembered Sets
[2024-10-12T11:16:38.187+0800][info] GC(672) Concurrent Rebuild Remembered Sets 1.087ms
[2024-10-12T11:16:38.187+0800][info] GC(672) Pause Cleanup
[2024-10-12T11:16:38.187+0800][info] GC(672) Pause Cleanup 91M->91M(128M) 0.181ms
[2024-10-12T11:16:38.187+0800][info] GC(672) User=0.00s Sys=0.00s Real=0.00s
[2024-10-12T11:16:38.187+0800][info] GC(672) Concurrent Cleanup for Next Mark
[2024-10-12T11:16:38.187+0800][info] GC(672) Concurrent Cleanup for Next Mark 0.416ms
[2024-10-12T11:16:38.187+0800][info] GC(672) Concurrent Mark Cycle 9.095ms
[2024-10-12T11:16:38.331+0800][info] GC(673) Pause Young (Prepare Mixed) (G1 Evacuation Pause)
[2024-10-12T11:16:38.331+0800][info] GC(673) Using 3 workers of 48 for evacuation
[2024-10-12T11:16:38.333+0800][info] GC(673)   Pre Evacuate Collection Set: 0.1ms
[2024-10-12T11:16:38.333+0800][info] GC(673)   Merge Heap Roots: 0.1ms
[2024-10-12T11:16:38.333+0800][info] GC(673)   Evacuate Collection Set: 1.1ms
[2024-10-12T11:16:38.333+0800][info] GC(673)   Post Evacuate Collection Set: 0.2ms
[2024-10-12T11:16:38.333+0800][info] GC(673)   Other: 0.3ms
[2024-10-12T11:16:38.333+0800][info] GC(673) Eden regions: 2->0(2)
[2024-10-12T11:16:38.333+0800][info] GC(673) Survivor regions: 1->1(1)
[2024-10-12T11:16:38.333+0800][info] GC(673) Old regions: 48->50
[2024-10-12T11:16:38.333+0800][info] GC(673) Archive regions: 2->2
[2024-10-12T11:16:38.333+0800][info] GC(673) Humongous regions: 3->3
[2024-10-12T11:16:38.333+0800][info] GC(673) Metaspace: 1695K(1856K)->1695K(1856K) NonClass: 1571K(1664K)->1571K(1664K) Class: 124K(192K)->124K(192K)
[2024-10-12T11:16:38.333+0800][info] GC(673) Pause Young (Prepare Mixed) (G1 Evacuation Pause) 95M->95M(128M) 1.872ms
[2024-10-12T11:16:38.333+0800][info] GC(673) User=0.00s Sys=0.00s Real=0.01s
[2024-10-12T11:16:38.435+0800][info] GC(674) Pause Young (Mixed) (G1 Preventive Collection)
[2024-10-12T11:16:38.435+0800][info] GC(674) Using 3 workers of 48 for evacuation
[2024-10-12T11:16:38.441+0800][info] GC(674) To-space exhausted
[2024-10-12T11:16:38.441+0800][info] GC(674)   Pre Evacuate Collection Set: 0.2ms
[2024-10-12T11:16:38.441+0800][info] GC(674)   Merge Heap Roots: 0.1ms
[2024-10-12T11:16:38.441+0800][info] GC(674)   Evacuate Collection Set: 4.0ms
[2024-10-12T11:16:38.441+0800][info] GC(674)   Post Evacuate Collection Set: 1.1ms
[2024-10-12T11:16:38.441+0800][info] GC(674)   Other: 0.2ms
[2024-10-12T11:16:38.441+0800][info] GC(674) Eden regions: 2->0(2)
[2024-10-12T11:16:38.441+0800][info] GC(674) Survivor regions: 1->1(1)
[2024-10-12T11:16:38.441+0800][info] GC(674) Old regions: 50->58
[2024-10-12T11:16:38.441+0800][info] GC(674) Archive regions: 2->2
[2024-10-12T11:16:38.441+0800][info] GC(674) Humongous regions: 3->3
[2024-10-12T11:16:38.441+0800][info] GC(674) Metaspace: 1695K(1856K)->1695K(1856K) NonClass: 1571K(1664K)->1571K(1664K) Class: 124K(192K)->124K(192K)
[2024-10-12T11:16:38.441+0800][info] GC(674) Pause Young (Mixed) (G1 Preventive Collection) 98M->112M(128M) 5.692ms
[2024-10-12T11:16:38.441+0800][info] GC(674) User=0.01s Sys=0.00s Real=0.00s
[2024-10-12T11:16:38.441+0800][info] Attempting full compaction
[2024-10-12T11:16:38.441+0800][info] GC(675) Using 3 workers of 48 for full compaction
[2024-10-12T11:16:38.441+0800][info] GC(675) Pause Full (G1 Compaction Pause)
[2024-10-12T11:16:38.441+0800][info] GC(675) Phase 1: Mark live objects
[2024-10-12T11:16:38.445+0800][info] GC(675) Phase 1: Mark live objects 3.387ms
[2024-10-12T11:16:38.445+0800][info] GC(675) Phase 2: Prepare for compaction
[2024-10-12T11:16:38.445+0800][info] GC(675) Phase 2: Prepare for compaction 0.511ms
[2024-10-12T11:16:38.445+0800][info] GC(675) Phase 3: Adjust pointers
[2024-10-12T11:16:38.447+0800][info] GC(675) Phase 3: Adjust pointers 1.804ms
[2024-10-12T11:16:38.447+0800][info] GC(675) Phase 4: Compact heap
[2024-10-12T11:16:38.459+0800][info] GC(675) Phase 4: Compact heap 11.377ms
[2024-10-12T11:16:38.460+0800][info] GC(675) Eden regions: 0->0(4)
[2024-10-12T11:16:38.460+0800][info] GC(675) Survivor regions: 1->0(1)
[2024-10-12T11:16:38.460+0800][info] GC(675) Old regions: 58->38
[2024-10-12T11:16:38.460+0800][info] GC(675) Archive regions: 2->2
[2024-10-12T11:16:38.460+0800][info] GC(675) Humongous regions: 3->3
[2024-10-12T11:16:38.460+0800][info] GC(675) Metaspace: 1695K(1856K)->1695K(1856K) NonClass: 1571K(1664K)->1571K(1664K) Class: 124K(192K)->124K(192K)
[2024-10-12T11:16:38.460+0800][info] GC(675) Pause Full (G1 Compaction Pause) 112M->71M(128M) 18.881ms
[2024-10-12T11:16:38.460+0800][info] GC(675) User=0.04s Sys=0.01s Real=0.02s
[2024-10-12T11:16:38.685+0800][info] GC(676) Pause Young (Normal) (G1 Evacuation Pause)
[2024-10-12T11:16:38.685+0800][info] GC(676) Using 3 workers of 48 for evacuation
[2024-10-12T11:16:38.687+0800][info] GC(676)   Pre Evacuate Collection Set: 0.1ms
[2024-10-12T11:16:38.687+0800][info] GC(676)   Merge Heap Roots: 0.1ms
[2024-10-12T11:16:38.687+0800][info] GC(676)   Evacuate Collection Set: 1.3ms
[2024-10-12T11:16:38.687+0800][info] GC(676)   Post Evacuate Collection Set: 0.2ms
[2024-10-12T11:16:38.687+0800][info] GC(676)   Other: 0.2ms
[2024-10-12T11:16:38.687+0800][info] GC(676) Eden regions: 4->0(2)
[2024-10-12T11:16:38.687+0800][info] GC(676) Survivor regions: 0->1(1)
[2024-10-12T11:16:38.687+0800][info] GC(676) Old regions: 38->41
[2024-10-12T11:16:38.687+0800][info] GC(676) Archive regions: 2->2
[2024-10-12T11:16:38.687+0800][info] GC(676) Humongous regions: 3->3
[2024-10-12T11:16:38.687+0800][info] GC(676) Metaspace: 1695K(1856K)->1695K(1856K) NonClass: 1571K(1664K)->1571K(1664K) Class: 124K(192K)->124K(192K)
[2024-10-12T11:16:38.687+0800][info] GC(676) Pause Young (Normal) (G1 Evacuation Pause) 78M->78M(128M) 2.040ms
[2024-10-12T11:16:38.687+0800][info] GC(676) User=0.01s Sys=0.00s Real=0.00s
[2024-10-12T11:16:38.790+0800][info] GC(677) Pause Young (Normal) (G1 Evacuation Pause)
[2024-10-12T11:16:38.790+0800][info] GC(677) Using 3 workers of 48 for evacuation
[2024-10-12T11:16:38.791+0800][info] GC(677)   Pre Evacuate Collection Set: 0.1ms
[2024-10-12T11:16:38.791+0800][info] GC(677)   Merge Heap Roots: 0.0ms
[2024-10-12T11:16:38.791+0800][info] GC(677)   Evacuate Collection Set: 0.9ms
[2024-10-12T11:16:38.791+0800][info] GC(677)   Post Evacuate Collection Set: 0.2ms
[2024-10-12T11:16:38.791+0800][info] GC(677)   Other: 0.2ms
[2024-10-12T11:16:38.791+0800][info] GC(677) Eden regions: 2->0(2)
[2024-10-12T11:16:38.791+0800][info] GC(677) Survivor regions: 1->1(1)
[2024-10-12T11:16:38.791+0800][info] GC(677) Old regions: 41->43
[2024-10-12T11:16:38.791+0800][info] GC(677) Archive regions: 2->2
[2024-10-12T11:16:38.791+0800][info] GC(677) Humongous regions: 3->3
[2024-10-12T11:16:38.791+0800][info] GC(677) Metaspace: 1695K(1856K)->1695K(1856K) NonClass: 1571K(1664K)->1571K(1664K) Class: 124K(192K)->124K(192K)
[2024-10-12T11:16:38.791+0800][info] GC(677) Pause Young (Normal) (G1 Evacuation Pause) 82M->82M(128M) 1.557ms
[2024-10-12T11:16:38.791+0800][info] GC(677) User=0.00s Sys=0.00s Real=0.00s
[2024-10-12T11:16:38.893+0800][info] GC(678) Pause Young (Normal) (G1 Evacuation Pause)
[2024-10-12T11:16:38.893+0800][info] GC(678) Using 3 workers of 48 for evacuation
[2024-10-12T11:16:38.895+0800][info] GC(678)   Pre Evacuate Collection Set: 0.1ms
[2024-10-12T11:16:38.895+0800][info] GC(678)   Merge Heap Roots: 0.1ms
[2024-10-12T11:16:38.895+0800][info] GC(678)   Evacuate Collection Set: 0.9ms
[2024-10-12T11:16:38.895+0800][info] GC(678)   Post Evacuate Collection Set: 0.2ms
[2024-10-12T11:16:38.895+0800][info] GC(678)   Other: 0.2ms
[2024-10-12T11:16:38.895+0800][info] GC(678) Eden regions: 2->0(2)
[2024-10-12T11:16:38.895+0800][info] GC(678) Survivor regions: 1->1(1)
[2024-10-12T11:16:38.895+0800][info] GC(678) Old regions: 43->45
[2024-10-12T11:16:38.895+0800][info] GC(678) Archive regions: 2->2
[2024-10-12T11:16:38.895+0800][info] GC(678) Humongous regions: 3->3
[2024-10-12T11:16:38.895+0800][info] GC(678) Metaspace: 1695K(1856K)->1695K(1856K) NonClass: 1571K(1664K)->1571K(1664K) Class: 124K(192K)->124K(192K)
[2024-10-12T11:16:38.895+0800][info] GC(678) Pause Young (Normal) (G1 Evacuation Pause) 86M->86M(128M) 1.557ms
[2024-10-12T11:16:38.895+0800][info] GC(678) User=0.01s Sys=0.00s Real=0.00s
[2024-10-12T11:16:38.998+0800][info] GC(679) Pause Young (Normal) (G1 Evacuation Pause)
[2024-10-12T11:16:38.998+0800][info] GC(679) Using 3 workers of 48 for evacuation
[2024-10-12T11:16:38.999+0800][info] GC(679)   Pre Evacuate Collection Set: 0.1ms
[2024-10-12T11:16:38.999+0800][info] GC(679)   Merge Heap Roots: 0.0ms
[2024-10-12T11:16:38.999+0800][info] GC(679)   Evacuate Collection Set: 1.1ms
[2024-10-12T11:16:38.999+0800][info] GC(679)   Post Evacuate Collection Set: 0.2ms
[2024-10-12T11:16:38.999+0800][info] GC(679)   Other: 0.2ms
[2024-10-12T11:16:38.999+0800][info] GC(679) Eden regions: 2->0(2)
[2024-10-12T11:16:38.999+0800][info] GC(679) Survivor regions: 1->1(1)
[2024-10-12T11:16:38.999+0800][info] GC(679) Old regions: 45->47
[2024-10-12T11:16:38.999+0800][info] GC(679) Archive regions: 2->2
[2024-10-12T11:16:38.999+0800][info] GC(679) Humongous regions: 3->3
[2024-10-12T11:16:38.999+0800][info] GC(679) Metaspace: 1695K(1856K)->1695K(1856K) NonClass: 1571K(1664K)->1571K(1664K) Class: 124K(192K)->124K(192K)
[2024-10-12T11:16:38.999+0800][info] GC(679) Pause Young (Normal) (G1 Evacuation Pause) 89M->90M(128M) 1.742ms
[2024-10-12T11:16:39.000+0800][info] GC(679) User=0.01s Sys=0.00s Real=0.00s
[2024-10-12T11:16:39.102+0800][info] GC(680) Pause Young (Concurrent Start) (G1 Evacuation Pause)
[2024-10-12T11:16:39.102+0800][info] GC(680) Using 3 workers of 48 for evacuation
[2024-10-12T11:16:39.104+0800][info] GC(680)   Pre Evacuate Collection Set: 0.1ms
[2024-10-12T11:16:39.104+0800][info] GC(680)   Merge Heap Roots: 0.1ms
[2024-10-12T11:16:39.104+0800][info] GC(680)   Evacuate Collection Set: 1.0ms
[2024-10-12T11:16:39.104+0800][info] GC(680)   Post Evacuate Collection Set: 0.2ms
[2024-10-12T11:16:39.104+0800][info] GC(680)   Other: 0.4ms
[2024-10-12T11:16:39.104+0800][info] GC(680) Eden regions: 2->0(2)
[2024-10-12T11:16:39.104+0800][info] GC(680) Survivor regions: 1->1(1)
[2024-10-12T11:16:39.104+0800][info] GC(680) Old regions: 47->49
[2024-10-12T11:16:39.104+0800][info] GC(680) Archive regions: 2->2
[2024-10-12T11:16:39.104+0800][info] GC(680) Humongous regions: 3->3
[2024-10-12T11:16:39.104+0800][info] GC(680) Metaspace: 1695K(1856K)->1695K(1856K) NonClass: 1571K(1664K)->1571K(1664K) Class: 124K(192K)->124K(192K)
[2024-10-12T11:16:39.104+0800][info] GC(680) Pause Young (Concurrent Start) (G1 Evacuation Pause) 94M->94M(128M) 1.903ms
[2024-10-12T11:16:39.104+0800][info] GC(680) User=0.00s Sys=0.01s Real=0.00s
[2024-10-12T11:16:39.104+0800][info] GC(681) Concurrent Mark Cycle
[2024-10-12T11:16:39.104+0800][info] GC(681) Concurrent Clear Claimed Marks
[2024-10-12T11:16:39.104+0800][info] GC(681) Concurrent Clear Claimed Marks 0.015ms
[2024-10-12T11:16:39.104+0800][info] GC(681) Concurrent Scan Root Regions
[2024-10-12T11:16:39.104+0800][info] GC(681) Concurrent Scan Root Regions 0.112ms
[2024-10-12T11:16:39.104+0800][info] GC(681) Concurrent Mark
[2024-10-12T11:16:39.104+0800][info] GC(681) Concurrent Mark From Roots
[2024-10-12T11:16:39.104+0800][info] GC(681) Using 12 workers of 12 for marking
[2024-10-12T11:16:39.107+0800][info] GC(681) Concurrent Mark From Roots 3.464ms
[2024-10-12T11:16:39.108+0800][info] GC(681) Concurrent Preclean
[2024-10-12T11:16:39.109+0800][info] GC(681) Concurrent Preclean 1.696ms
[2024-10-12T11:16:39.109+0800][info] GC(681) Pause Remark
[2024-10-12T11:16:39.111+0800][info] GC(681) Pause Remark 95M->95M(128M) 1.637ms
[2024-10-12T11:16:39.111+0800][info] GC(681) User=0.01s Sys=0.01s Real=0.00s
[2024-10-12T11:16:39.111+0800][info] GC(681) Concurrent Mark 7.045ms
[2024-10-12T11:16:39.111+0800][info] GC(681) Concurrent Rebuild Remembered Sets
[2024-10-12T11:16:39.112+0800][info] GC(681) Concurrent Rebuild Remembered Sets 0.993ms
[2024-10-12T11:16:39.112+0800][info] GC(681) Pause Cleanup
[2024-10-12T11:16:39.112+0800][info] GC(681) Pause Cleanup 95M->95M(128M) 0.146ms
[2024-10-12T11:16:39.112+0800][info] GC(681) User=0.00s Sys=0.00s Real=0.00s
[2024-10-12T11:16:39.112+0800][info] GC(681) Concurrent Cleanup for Next Mark
[2024-10-12T11:16:39.113+0800][info] GC(681) Concurrent Cleanup for Next Mark 0.383ms
[2024-10-12T11:16:39.113+0800][info] GC(681) Concurrent Mark Cycle 8.968ms
[2024-10-12T11:16:39.257+0800][info] GC(682) Pause Young (Prepare Mixed) (G1 Evacuation Pause)
[2024-10-12T11:16:39.257+0800][info] GC(682) Using 3 workers of 48 for evacuation
[2024-10-12T11:16:39.259+0800][info] GC(682)   Pre Evacuate Collection Set: 0.1ms
[2024-10-12T11:16:39.259+0800][info] GC(682)   Merge Heap Roots: 0.1ms
[2024-10-12T11:16:39.259+0800][info] GC(682)   Evacuate Collection Set: 1.1ms
[2024-10-12T11:16:39.259+0800][info] GC(682)   Post Evacuate Collection Set: 0.2ms
[2024-10-12T11:16:39.259+0800][info] GC(682)   Other: 0.3ms
[2024-10-12T11:16:39.259+0800][info] GC(682) Eden regions: 2->0(2)
[2024-10-12T11:16:39.259+0800][info] GC(682) Survivor regions: 1->1(1)
[2024-10-12T11:16:39.259+0800][info] GC(682) Old regions: 49->51
[2024-10-12T11:16:39.259+0800][info] GC(682) Archive regions: 2->2
[2024-10-12T11:16:39.259+0800][info] GC(682) Humongous regions: 3->3
[2024-10-12T11:16:39.259+0800][info] GC(682) Metaspace: 1695K(1856K)->1695K(1856K) NonClass: 1571K(1664K)->1571K(1664K) Class: 124K(192K)->124K(192K)
[2024-10-12T11:16:39.259+0800][info] GC(682) Pause Young (Prepare Mixed) (G1 Evacuation Pause) 98M->98M(128M) 1.850ms
[2024-10-12T11:16:39.259+0800][info] GC(682) User=0.01s Sys=0.00s Real=0.00s
[2024-10-12T11:16:39.361+0800][info] GC(683) Pause Young (Mixed) (G1 Preventive Collection)
[2024-10-12T11:16:39.361+0800][info] GC(683) Using 3 workers of 48 for evacuation
[2024-10-12T11:16:39.366+0800][info] GC(683) To-space exhausted
[2024-10-12T11:16:39.366+0800][info] GC(683)   Pre Evacuate Collection Set: 0.2ms
[2024-10-12T11:16:39.366+0800][info] GC(683)   Merge Heap Roots: 0.1ms
[2024-10-12T11:16:39.366+0800][info] GC(683)   Evacuate Collection Set: 3.5ms
[2024-10-12T11:16:39.366+0800][info] GC(683)   Post Evacuate Collection Set: 1.4ms
[2024-10-12T11:16:39.366+0800][info] GC(683)   Other: 0.2ms
[2024-10-12T11:16:39.366+0800][info] GC(683) Eden regions: 2->0(2)
[2024-10-12T11:16:39.367+0800][info] GC(683) Survivor regions: 1->1(1)
[2024-10-12T11:16:39.367+0800][info] GC(683) Old regions: 51->57
[2024-10-12T11:16:39.367+0800][info] GC(683) Archive regions: 2->2
[2024-10-12T11:16:39.367+0800][info] GC(683) Humongous regions: 3->3
[2024-10-12T11:16:39.367+0800][info] GC(683) Metaspace: 1695K(1856K)->1695K(1856K) NonClass: 1571K(1664K)->1571K(1664K) Class: 124K(192K)->124K(192K)
[2024-10-12T11:16:39.367+0800][info] GC(683) Pause Young (Mixed) (G1 Preventive Collection) 102M->110M(128M) 5.419ms
[2024-10-12T11:16:39.367+0800][info] GC(683) User=0.00s Sys=0.01s Real=0.01s
[2024-10-12T11:16:39.408+0800][info] GC(684) Pause Young (Concurrent Start) (G1 Humongous Allocation)
[2024-10-12T11:16:39.408+0800][info] GC(684) Using 3 workers of 48 for evacuation
[2024-10-12T11:16:39.410+0800][info] GC(684) To-space exhausted
[2024-10-12T11:16:39.410+0800][info] GC(684)   Pre Evacuate Collection Set: 0.1ms
[2024-10-12T11:16:39.410+0800][info] GC(684)   Merge Heap Roots: 0.1ms
[2024-10-12T11:16:39.410+0800][info] GC(684)   Evacuate Collection Set: 0.7ms
[2024-10-12T11:16:39.410+0800][info] GC(684)   Post Evacuate Collection Set: 0.3ms
[2024-10-12T11:16:39.410+0800][info] GC(684)   Other: 0.4ms
[2024-10-12T11:16:39.410+0800][info] GC(684) Eden regions: 1->0(3)
[2024-10-12T11:16:39.410+0800][info] GC(684) Survivor regions: 1->0(0)
[2024-10-12T11:16:39.410+0800][info] GC(684) Old regions: 57->59
[2024-10-12T11:16:39.410+0800][info] GC(684) Archive regions: 2->2
[2024-10-12T11:16:39.410+0800][info] GC(684) Humongous regions: 3->3
[2024-10-12T11:16:39.410+0800][info] GC(684) Metaspace: 1695K(1856K)->1695K(1856K) NonClass: 1571K(1664K)->1571K(1664K) Class: 124K(192K)->124K(192K)
[2024-10-12T11:16:39.410+0800][info] GC(684) Pause Young (Concurrent Start) (G1 Humongous Allocation) 112M->112M(128M) 1.647ms
[2024-10-12T11:16:39.410+0800][info] GC(684) User=0.01s Sys=0.00s Real=0.00s
[2024-10-12T11:16:39.410+0800][info] Attempting full compaction clearing soft references
[2024-10-12T11:16:39.410+0800][info] GC(685) Concurrent Mark Cycle
[2024-10-12T11:16:39.410+0800][info] GC(685) Concurrent Clear Claimed Marks
[2024-10-12T11:16:39.410+0800][info] GC(686) Using 3 workers of 48 for full compaction
[2024-10-12T11:16:39.410+0800][info] GC(685) Concurrent Clear Claimed Marks 0.019ms
[2024-10-12T11:16:39.410+0800][info] GC(685) Concurrent Scan Root Regions
[2024-10-12T11:16:39.410+0800][info] GC(685) Concurrent Scan Root Regions 0.014ms
[2024-10-12T11:16:39.410+0800][info] GC(685) Concurrent Mark
[2024-10-12T11:16:39.410+0800][info] GC(685) Concurrent Mark From Roots
[2024-10-12T11:16:39.410+0800][info] GC(685) Using 12 workers of 12 for marking
[2024-10-12T11:16:39.410+0800][info] GC(686) Pause Full (G1 Compaction Pause)
[2024-10-12T11:16:39.410+0800][info] GC(686) Phase 1: Mark live objects
[2024-10-12T11:16:39.414+0800][info] GC(686) Phase 1: Mark live objects 3.494ms
[2024-10-12T11:16:39.414+0800][info] GC(686) Phase 2: Prepare for compaction
[2024-10-12T11:16:39.415+0800][info] GC(686) Phase 2: Prepare for compaction 0.582ms
[2024-10-12T11:16:39.415+0800][info] GC(686) Phase 3: Adjust pointers
[2024-10-12T11:16:39.416+0800][info] GC(686) Phase 3: Adjust pointers 1.859ms
[2024-10-12T11:16:39.417+0800][info] GC(686) Phase 4: Compact heap
[2024-10-12T11:16:39.432+0800][info] GC(686) Phase 4: Compact heap 15.333ms
[2024-10-12T11:16:39.434+0800][info] GC(686) Eden regions: 0->0(4)
[2024-10-12T11:16:39.434+0800][info] GC(686) Survivor regions: 0->0(0)
[2024-10-12T11:16:39.434+0800][info] GC(686) Old regions: 59->38
[2024-10-12T11:16:39.434+0800][info] GC(686) Archive regions: 2->2
[2024-10-12T11:16:39.434+0800][info] GC(686) Humongous regions: 3->3
[2024-10-12T11:16:39.434+0800][info] GC(686) Metaspace: 1695K(1856K)->1695K(1856K) NonClass: 1571K(1664K)->1571K(1664K) Class: 124K(192K)->124K(192K)
[2024-10-12T11:16:39.434+0800][info] GC(686) Pause Full (G1 Compaction Pause) 112M->71M(128M) 23.695ms
[2024-10-12T11:16:39.434+0800][info] GC(686) User=0.04s Sys=0.00s Real=0.03s
[2024-10-12T11:16:39.434+0800][info] GC(685) Concurrent Mark From Roots 23.963ms
[2024-10-12T11:16:39.434+0800][info] GC(685) Concurrent Mark Abort
[2024-10-12T11:16:39.434+0800][info] GC(685) Concurrent Mark Cycle 24.180ms
[2024-10-12T11:16:39.660+0800][info] GC(687) Pause Young (Normal) (G1 Evacuation Pause)
[2024-10-12T11:16:39.660+0800][info] GC(687) Using 3 workers of 48 for evacuation
[2024-10-12T11:16:39.662+0800][info] GC(687)   Pre Evacuate Collection Set: 0.1ms
[2024-10-12T11:16:39.662+0800][info] GC(687)   Merge Heap Roots: 0.1ms
[2024-10-12T11:16:39.662+0800][info] GC(687)   Evacuate Collection Set: 1.4ms
[2024-10-12T11:16:39.662+0800][info] GC(687)   Post Evacuate Collection Set: 0.3ms
[2024-10-12T11:16:39.662+0800][info] GC(687)   Other: 0.2ms
[2024-10-12T11:16:39.662+0800][info] GC(687) Eden regions: 4->0(2)
[2024-10-12T11:16:39.662+0800][info] GC(687) Survivor regions: 0->1(1)
[2024-10-12T11:16:39.662+0800][info] GC(687) Old regions: 38->41
[2024-10-12T11:16:39.662+0800][info] GC(687) Archive regions: 2->2
[2024-10-12T11:16:39.662+0800][info] GC(687) Humongous regions: 4->4
[2024-10-12T11:16:39.662+0800][info] GC(687) Metaspace: 1695K(1856K)->1695K(1856K) NonClass: 1571K(1664K)->1571K(1664K) Class: 124K(192K)->124K(192K)
[2024-10-12T11:16:39.662+0800][info] GC(687) Pause Young (Normal) (G1 Evacuation Pause) 81M->81M(128M) 2.192ms
[2024-10-12T11:16:39.662+0800][info] GC(687) User=0.00s Sys=0.00s Real=0.00s
[2024-10-12T11:16:39.764+0800][info] GC(688) Pause Young (Normal) (G1 Evacuation Pause)
[2024-10-12T11:16:39.764+0800][info] GC(688) Using 3 workers of 48 for evacuation
[2024-10-12T11:16:39.766+0800][info] GC(688)   Pre Evacuate Collection Set: 0.1ms
[2024-10-12T11:16:39.766+0800][info] GC(688)   Merge Heap Roots: 0.0ms
[2024-10-12T11:16:39.766+0800][info] GC(688)   Evacuate Collection Set: 0.9ms
[2024-10-12T11:16:39.766+0800][info] GC(688)   Post Evacuate Collection Set: 0.2ms
[2024-10-12T11:16:39.766+0800][info] GC(688)   Other: 0.2ms
[2024-10-12T11:16:39.766+0800][info] GC(688) Eden regions: 2->0(2)
[2024-10-12T11:16:39.766+0800][info] GC(688) Survivor regions: 1->1(1)
[2024-10-12T11:16:39.766+0800][info] GC(688) Old regions: 41->43
[2024-10-12T11:16:39.766+0800][info] GC(688) Archive regions: 2->2
[2024-10-12T11:16:39.766+0800][info] GC(688) Humongous regions: 4->4
[2024-10-12T11:16:39.766+0800][info] GC(688) Metaspace: 1695K(1856K)->1695K(1856K) NonClass: 1571K(1664K)->1571K(1664K) Class: 124K(192K)->124K(192K)
[2024-10-12T11:16:39.766+0800][info] GC(688) Pause Young (Normal) (G1 Evacuation Pause) 84M->85M(128M) 1.610ms
[2024-10-12T11:16:39.766+0800][info] GC(688) User=0.00s Sys=0.00s Real=0.01s
[2024-10-12T11:16:39.868+0800][info] GC(689) Pause Young (Normal) (G1 Evacuation Pause)
[2024-10-12T11:16:39.868+0800][info] GC(689) Using 3 workers of 48 for evacuation
[2024-10-12T11:16:39.870+0800][info] GC(689)   Pre Evacuate Collection Set: 0.1ms
[2024-10-12T11:16:39.870+0800][info] GC(689)   Merge Heap Roots: 0.0ms
[2024-10-12T11:16:39.870+0800][info] GC(689)   Evacuate Collection Set: 1.0ms
[2024-10-12T11:16:39.870+0800][info] GC(689)   Post Evacuate Collection Set: 0.2ms
[2024-10-12T11:16:39.870+0800][info] GC(689)   Other: 0.2ms
[2024-10-12T11:16:39.870+0800][info] GC(689) Eden regions: 2->0(2)
[2024-10-12T11:16:39.870+0800][info] GC(689) Survivor regions: 1->1(1)
[2024-10-12T11:16:39.870+0800][info] GC(689) Old regions: 43->45
[2024-10-12T11:16:39.870+0800][info] GC(689) Archive regions: 2->2
[2024-10-12T11:16:39.870+0800][info] GC(689) Humongous regions: 4->4
[2024-10-12T11:16:39.870+0800][info] GC(689) Metaspace: 1695K(1856K)->1695K(1856K) NonClass: 1571K(1664K)->1571K(1664K) Class: 124K(192K)->124K(192K)
[2024-10-12T11:16:39.870+0800][info] GC(689) Pause Young (Normal) (G1 Evacuation Pause) 88M->88M(128M) 1.662ms
[2024-10-12T11:16:39.870+0800][info] GC(689) User=0.01s Sys=0.00s Real=0.00s
[2024-10-12T11:16:39.972+0800][info] GC(690) Pause Young (Concurrent Start) (G1 Evacuation Pause)
[2024-10-12T11:16:39.972+0800][info] GC(690) Using 3 workers of 48 for evacuation
[2024-10-12T11:16:39.974+0800][info] GC(690)   Pre Evacuate Collection Set: 0.1ms
[2024-10-12T11:16:39.974+0800][info] GC(690)   Merge Heap Roots: 0.1ms
[2024-10-12T11:16:39.974+0800][info] GC(690)   Evacuate Collection Set: 1.1ms
[2024-10-12T11:16:39.974+0800][info] GC(690)   Post Evacuate Collection Set: 0.2ms
[2024-10-12T11:16:39.974+0800][info] GC(690)   Other: 0.4ms
[2024-10-12T11:16:39.974+0800][info] GC(690) Eden regions: 2->0(2)
[2024-10-12T11:16:39.974+0800][info] GC(690) Survivor regions: 1->1(1)
[2024-10-12T11:16:39.974+0800][info] GC(690) Old regions: 45->47
[2024-10-12T11:16:39.974+0800][info] GC(690) Archive regions: 2->2
[2024-10-12T11:16:39.974+0800][info] GC(690) Humongous regions: 4->4
[2024-10-12T11:16:39.974+0800][info] GC(690) Metaspace: 1695K(1856K)->1695K(1856K) NonClass: 1571K(1664K)->1571K(1664K) Class: 124K(192K)->124K(192K)
[2024-10-12T11:16:39.974+0800][info] GC(690) Pause Young (Concurrent Start) (G1 Evacuation Pause) 92M->92M(128M) 1.977ms
[2024-10-12T11:16:39.974+0800][info] GC(690) User=0.00s Sys=0.00s Real=0.01s
[2024-10-12T11:16:39.974+0800][info] GC(691) Concurrent Mark Cycle
[2024-10-12T11:16:39.974+0800][info] GC(691) Concurrent Clear Claimed Marks
[2024-10-12T11:16:39.974+0800][info] GC(691) Concurrent Clear Claimed Marks 0.015ms
[2024-10-12T11:16:39.974+0800][info] GC(691) Concurrent Scan Root Regions
[2024-10-12T11:16:39.974+0800][info] GC(691) Concurrent Scan Root Regions 0.163ms
[2024-10-12T11:16:39.974+0800][info] GC(691) Concurrent Mark
[2024-10-12T11:16:39.974+0800][info] GC(691) Concurrent Mark From Roots
[2024-10-12T11:16:39.974+0800][info] GC(691) Using 12 workers of 12 for marking
[2024-10-12T11:16:39.978+0800][info] GC(691) Concurrent Mark From Roots 3.539ms
[2024-10-12T11:16:39.978+0800][info] GC(691) Concurrent Preclean
[2024-10-12T11:16:39.979+0800][info] GC(691) Concurrent Preclean 1.679ms
[2024-10-12T11:16:39.979+0800][info] GC(691) Pause Remark
[2024-10-12T11:16:39.981+0800][info] GC(691) Pause Remark 93M->91M(128M) 1.582ms
[2024-10-12T11:16:39.981+0800][info] GC(691) User=0.00s Sys=0.00s Real=0.00s
[2024-10-12T11:16:39.981+0800][info] GC(691) Concurrent Mark 6.973ms
[2024-10-12T11:16:39.981+0800][info] GC(691) Concurrent Rebuild Remembered Sets
[2024-10-12T11:16:39.982+0800][info] GC(691) Concurrent Rebuild Remembered Sets 1.097ms
[2024-10-12T11:16:39.982+0800][info] GC(691) Pause Cleanup
[2024-10-12T11:16:39.982+0800][info] GC(691) Pause Cleanup 91M->91M(128M) 0.168ms
[2024-10-12T11:16:39.982+0800][info] GC(691) User=0.00s Sys=0.00s Real=0.00s
[2024-10-12T11:16:39.983+0800][info] GC(691) Concurrent Cleanup for Next Mark
[2024-10-12T11:16:39.983+0800][info] GC(691) Concurrent Cleanup for Next Mark 0.367ms
[2024-10-12T11:16:39.983+0800][info] GC(691) Concurrent Mark Cycle 9.100ms
[2024-10-12T11:16:40.127+0800][info] GC(692) Pause Young (Prepare Mixed) (G1 Evacuation Pause)
[2024-10-12T11:16:40.127+0800][info] GC(692) Using 3 workers of 48 for evacuation
[2024-10-12T11:16:40.128+0800][info] GC(692)   Pre Evacuate Collection Set: 0.1ms
[2024-10-12T11:16:40.129+0800][info] GC(692)   Merge Heap Roots: 0.1ms
[2024-10-12T11:16:40.129+0800][info] GC(692)   Evacuate Collection Set: 0.9ms
[2024-10-12T11:16:40.129+0800][info] GC(692)   Post Evacuate Collection Set: 0.2ms
[2024-10-12T11:16:40.129+0800][info] GC(692)   Other: 0.2ms
[2024-10-12T11:16:40.129+0800][info] GC(692) Eden regions: 2->0(2)
[2024-10-12T11:16:40.129+0800][info] GC(692) Survivor regions: 1->1(1)
[2024-10-12T11:16:40.129+0800][info] GC(692) Old regions: 47->49
[2024-10-12T11:16:40.129+0800][info] GC(692) Archive regions: 2->2
[2024-10-12T11:16:40.129+0800][info] GC(692) Humongous regions: 3->3
[2024-10-12T11:16:40.129+0800][info] GC(692) Metaspace: 1695K(1856K)->1695K(1856K) NonClass: 1571K(1664K)->1571K(1664K) Class: 124K(192K)->124K(192K)
[2024-10-12T11:16:40.129+0800][info] GC(692) Pause Young (Prepare Mixed) (G1 Evacuation Pause) 94M->93M(128M) 1.656ms
[2024-10-12T11:16:40.129+0800][info] GC(692) User=0.01s Sys=0.00s Real=0.00s
[2024-10-12T11:16:40.231+0800][info] GC(693) Pause Young (Mixed) (G1 Evacuation Pause)
[2024-10-12T11:16:40.231+0800][info] GC(693) Using 3 workers of 48 for evacuation
[2024-10-12T11:16:40.237+0800][info] GC(693) To-space exhausted
[2024-10-12T11:16:40.237+0800][info] GC(693)   Pre Evacuate Collection Set: 0.2ms
[2024-10-12T11:16:40.237+0800][info] GC(693)   Merge Heap Roots: 0.1ms
[2024-10-12T11:16:40.237+0800][info] GC(693)   Evacuate Collection Set: 4.4ms
[2024-10-12T11:16:40.237+0800][info] GC(693)   Post Evacuate Collection Set: 1.3ms
[2024-10-12T11:16:40.237+0800][info] GC(693)   Other: 0.2ms
[2024-10-12T11:16:40.237+0800][info] GC(693) Eden regions: 2->0(2)
[2024-10-12T11:16:40.237+0800][info] GC(693) Survivor regions: 1->1(1)
[2024-10-12T11:16:40.237+0800][info] GC(693) Old regions: 49->55
[2024-10-12T11:16:40.237+0800][info] GC(693) Archive regions: 2->2
[2024-10-12T11:16:40.237+0800][info] GC(693) Humongous regions: 3->3
[2024-10-12T11:16:40.237+0800][info] GC(693) Metaspace: 1695K(1856K)->1695K(1856K) NonClass: 1571K(1664K)->1571K(1664K) Class: 124K(192K)->124K(192K)
[2024-10-12T11:16:40.237+0800][info] GC(693) Pause Young (Mixed) (G1 Evacuation Pause) 97M->107M(128M) 6.214ms
[2024-10-12T11:16:40.237+0800][info] GC(693) User=0.02s Sys=0.00s Real=0.01s
[2024-10-12T11:16:40.298+0800][info] GC(694) Pause Young (Concurrent Start) (G1 Preventive Collection)
[2024-10-12T11:16:40.298+0800][info] GC(694) Using 3 workers of 48 for evacuation
[2024-10-12T11:16:40.300+0800][info] GC(694)   Pre Evacuate Collection Set: 0.1ms
[2024-10-12T11:16:40.300+0800][info] GC(694)   Merge Heap Roots: 0.1ms
[2024-10-12T11:16:40.300+0800][info] GC(694)   Evacuate Collection Set: 1.1ms
[2024-10-12T11:16:40.300+0800][info] GC(694)   Post Evacuate Collection Set: 0.2ms
[2024-10-12T11:16:40.300+0800][info] GC(694)   Other: 0.4ms
[2024-10-12T11:16:40.300+0800][info] GC(694) Eden regions: 1->0(2)
[2024-10-12T11:16:40.300+0800][info] GC(694) Survivor regions: 1->1(1)
[2024-10-12T11:16:40.300+0800][info] GC(694) Old regions: 55->56
[2024-10-12T11:16:40.300+0800][info] GC(694) Archive regions: 2->2
[2024-10-12T11:16:40.300+0800][info] GC(694) Humongous regions: 3->3
[2024-10-12T11:16:40.300+0800][info] GC(694) Metaspace: 1695K(1856K)->1695K(1856K) NonClass: 1571K(1664K)->1571K(1664K) Class: 124K(192K)->124K(192K)
[2024-10-12T11:16:40.300+0800][info] GC(694) Pause Young (Concurrent Start) (G1 Preventive Collection) 109M->109M(128M) 2.000ms
[2024-10-12T11:16:40.300+0800][info] GC(694) User=0.00s Sys=0.00s Real=0.00s
[2024-10-12T11:16:40.300+0800][info] GC(695) Concurrent Mark Cycle
[2024-10-12T11:16:40.300+0800][info] GC(695) Concurrent Clear Claimed Marks
[2024-10-12T11:16:40.300+0800][info] GC(695) Concurrent Clear Claimed Marks 0.016ms
[2024-10-12T11:16:40.300+0800][info] GC(695) Concurrent Scan Root Regions
[2024-10-12T11:16:40.300+0800][info] GC(695) Concurrent Scan Root Regions 0.151ms
[2024-10-12T11:16:40.300+0800][info] GC(695) Concurrent Mark
[2024-10-12T11:16:40.301+0800][info] GC(695) Concurrent Mark From Roots
[2024-10-12T11:16:40.301+0800][info] GC(695) Using 12 workers of 12 for marking
[2024-10-12T11:16:40.304+0800][info] GC(695) Concurrent Mark From Roots 3.163ms
[2024-10-12T11:16:40.304+0800][info] GC(695) Concurrent Preclean
[2024-10-12T11:16:40.305+0800][info] GC(695) Concurrent Preclean 1.683ms
[2024-10-12T11:16:40.305+0800][info] GC(695) Pause Remark
[2024-10-12T11:16:40.307+0800][info] GC(695) Pause Remark 109M->109M(128M) 1.561ms
[2024-10-12T11:16:40.307+0800][info] GC(695) User=0.00s Sys=0.00s Real=0.00s
[2024-10-12T11:16:40.307+0800][info] GC(695) Concurrent Mark 6.598ms
[2024-10-12T11:16:40.307+0800][info] GC(695) Concurrent Rebuild Remembered Sets
[2024-10-12T11:16:40.308+0800][info] GC(695) Concurrent Rebuild Remembered Sets 1.077ms
[2024-10-12T11:16:40.308+0800][info] GC(695) Pause Cleanup
[2024-10-12T11:16:40.309+0800][info] GC(695) Pause Cleanup 109M->109M(128M) 0.190ms
[2024-10-12T11:16:40.309+0800][info] GC(695) User=0.00s Sys=0.00s Real=0.00s
[2024-10-12T11:16:40.309+0800][info] GC(695) Concurrent Cleanup for Next Mark
[2024-10-12T11:16:40.309+0800][info] GC(695) Concurrent Cleanup for Next Mark 0.394ms
[2024-10-12T11:16:40.309+0800][info] GC(695) Concurrent Mark Cycle 8.751ms
[2024-10-12T11:16:40.392+0800][info] GC(696) Pause Young (Prepare Mixed) (G1 Preventive Collection)
[2024-10-12T11:16:40.393+0800][info] GC(696) Using 3 workers of 48 for evacuation
[2024-10-12T11:16:40.393+0800][info] GC(696) To-space exhausted
[2024-10-12T11:16:40.394+0800][info] GC(696)   Pre Evacuate Collection Set: 0.1ms
[2024-10-12T11:16:40.394+0800][info] GC(696)   Merge Heap Roots: 0.1ms
[2024-10-12T11:16:40.394+0800][info] GC(696)   Evacuate Collection Set: 0.5ms
[2024-10-12T11:16:40.394+0800][info] GC(696)   Post Evacuate Collection Set: 0.2ms
[2024-10-12T11:16:40.394+0800][info] GC(696)   Other: 0.2ms
[2024-10-12T11:16:40.394+0800][info] GC(696) Eden regions: 1->0(2)
[2024-10-12T11:16:40.394+0800][info] GC(696) Survivor regions: 1->1(1)
[2024-10-12T11:16:40.394+0800][info] GC(696) Old regions: 56->57
[2024-10-12T11:16:40.394+0800][info] GC(696) Archive regions: 2->2
[2024-10-12T11:16:40.394+0800][info] GC(696) Humongous regions: 3->3
[2024-10-12T11:16:40.394+0800][info] GC(696) Metaspace: 1695K(1856K)->1695K(1856K) NonClass: 1571K(1664K)->1571K(1664K) Class: 124K(192K)->124K(192K)
[2024-10-12T11:16:40.394+0800][info] GC(696) Pause Young (Prepare Mixed) (G1 Preventive Collection) 110M->110M(128M) 1.180ms
[2024-10-12T11:16:40.394+0800][info] GC(696) User=0.00s Sys=0.00s Real=0.01s
[2024-10-12T11:16:40.455+0800][info] GC(697) Pause Young (Mixed) (G1 Evacuation Pause)
[2024-10-12T11:16:40.455+0800][info] GC(697) Using 3 workers of 48 for evacuation
[2024-10-12T11:16:40.459+0800][info] GC(697) To-space exhausted
[2024-10-12T11:16:40.459+0800][info] GC(697)   Pre Evacuate Collection Set: 0.2ms
[2024-10-12T11:16:40.459+0800][info] GC(697)   Merge Heap Roots: 0.1ms
[2024-10-12T11:16:40.459+0800][info] GC(697)   Evacuate Collection Set: 1.7ms
[2024-10-12T11:16:40.459+0800][info] GC(697)   Post Evacuate Collection Set: 1.8ms
[2024-10-12T11:16:40.459+0800][info] GC(697)   Other: 0.2ms
[2024-10-12T11:16:40.459+0800][info] GC(697) Eden regions: 1->0(3)
[2024-10-12T11:16:40.459+0800][info] GC(697) Survivor regions: 1->0(0)
[2024-10-12T11:16:40.459+0800][info] GC(697) Old regions: 57->59
[2024-10-12T11:16:40.459+0800][info] GC(697) Archive regions: 2->2
[2024-10-12T11:16:40.459+0800][info] GC(697) Humongous regions: 3->3
[2024-10-12T11:16:40.459+0800][info] GC(697) Metaspace: 1695K(1856K)->1695K(1856K) NonClass: 1571K(1664K)->1571K(1664K) Class: 124K(192K)->124K(192K)
[2024-10-12T11:16:40.459+0800][info] GC(697) Pause Young (Mixed) (G1 Evacuation Pause) 112M->112M(128M) 4.098ms
[2024-10-12T11:16:40.459+0800][info] GC(697) User=0.00s Sys=0.01s Real=0.00s
[2024-10-12T11:16:40.459+0800][info] Attempting full compaction
[2024-10-12T11:16:40.459+0800][info] GC(698) Using 3 workers of 48 for full compaction
[2024-10-12T11:16:40.459+0800][info] GC(698) Pause Full (G1 Compaction Pause)
[2024-10-12T11:16:40.459+0800][info] GC(698) Phase 1: Mark live objects
[2024-10-12T11:16:40.463+0800][info] GC(698) Phase 1: Mark live objects 3.391ms
[2024-10-12T11:16:40.463+0800][info] GC(698) Phase 2: Prepare for compaction
[2024-10-12T11:16:40.463+0800][info] GC(698) Phase 2: Prepare for compaction 0.557ms
[2024-10-12T11:16:40.463+0800][info] GC(698) Phase 3: Adjust pointers
[2024-10-12T11:16:40.465+0800][info] GC(698) Phase 3: Adjust pointers 1.701ms
[2024-10-12T11:16:40.465+0800][info] GC(698) Phase 4: Compact heap
[2024-10-12T11:16:40.479+0800][info] GC(698) Phase 4: Compact heap 14.452ms
[2024-10-12T11:16:40.481+0800][info] GC(698) Eden regions: 0->0(4)
[2024-10-12T11:16:40.481+0800][info] GC(698) Survivor regions: 0->0(0)
[2024-10-12T11:16:40.481+0800][info] GC(698) Old regions: 59->38
[2024-10-12T11:16:40.481+0800][info] GC(698) Archive regions: 2->2
[2024-10-12T11:16:40.481+0800][info] GC(698) Humongous regions: 3->3
[2024-10-12T11:16:40.481+0800][info] GC(698) Metaspace: 1695K(1856K)->1695K(1856K) NonClass: 1571K(1664K)->1571K(1664K) Class: 124K(192K)->124K(192K)
[2024-10-12T11:16:40.481+0800][info] GC(698) Pause Full (G1 Compaction Pause) 112M->71M(128M) 21.658ms
[2024-10-12T11:16:40.481+0800][info] GC(698) User=0.04s Sys=0.00s Real=0.02s
[2024-10-12T11:16:40.686+0800][info] GC(699) Pause Young (Normal) (G1 Evacuation Pause)
[2024-10-12T11:16:40.686+0800][info] GC(699) Using 3 workers of 48 for evacuation
[2024-10-12T11:16:40.688+0800][info] GC(699)   Pre Evacuate Collection Set: 0.1ms
[2024-10-12T11:16:40.688+0800][info] GC(699)   Merge Heap Roots: 0.1ms
[2024-10-12T11:16:40.688+0800][info] GC(699)   Evacuate Collection Set: 1.3ms
[2024-10-12T11:16:40.688+0800][info] GC(699)   Post Evacuate Collection Set: 0.2ms
[2024-10-12T11:16:40.688+0800][info] GC(699)   Other: 0.2ms
[2024-10-12T11:16:40.688+0800][info] GC(699) Eden regions: 4->0(2)
[2024-10-12T11:16:40.688+0800][info] GC(699) Survivor regions: 0->1(1)
[2024-10-12T11:16:40.688+0800][info] GC(699) Old regions: 38->41
[2024-10-12T11:16:40.688+0800][info] GC(699) Archive regions: 2->2
[2024-10-12T11:16:40.688+0800][info] GC(699) Humongous regions: 3->3
[2024-10-12T11:16:40.688+0800][info] GC(699) Metaspace: 1695K(1856K)->1695K(1856K) NonClass: 1571K(1664K)->1571K(1664K) Class: 124K(192K)->124K(192K)
[2024-10-12T11:16:40.688+0800][info] GC(699) Pause Young (Normal) (G1 Evacuation Pause) 79M->78M(128M) 2.009ms
[2024-10-12T11:16:40.688+0800][info] GC(699) User=0.01s Sys=0.00s Real=0.00s
[2024-10-12T11:16:40.790+0800][info] GC(700) Pause Young (Normal) (G1 Evacuation Pause)
[2024-10-12T11:16:40.790+0800][info] GC(700) Using 3 workers of 48 for evacuation
[2024-10-12T11:16:40.792+0800][info] GC(700)   Pre Evacuate Collection Set: 0.1ms
[2024-10-12T11:16:40.792+0800][info] GC(700)   Merge Heap Roots: 0.0ms
[2024-10-12T11:16:40.792+0800][info] GC(700)   Evacuate Collection Set: 1.1ms
[2024-10-12T11:16:40.792+0800][info] GC(700)   Post Evacuate Collection Set: 0.2ms
[2024-10-12T11:16:40.792+0800][info] GC(700)   Other: 0.2ms
[2024-10-12T11:16:40.792+0800][info] GC(700) Eden regions: 2->0(2)
[2024-10-12T11:16:40.792+0800][info] GC(700) Survivor regions: 1->1(1)
[2024-10-12T11:16:40.792+0800][info] GC(700) Old regions: 41->43
[2024-10-12T11:16:40.792+0800][info] GC(700) Archive regions: 2->2
[2024-10-12T11:16:40.792+0800][info] GC(700) Humongous regions: 3->3
[2024-10-12T11:16:40.792+0800][info] GC(700) Metaspace: 1695K(1856K)->1695K(1856K) NonClass: 1571K(1664K)->1571K(1664K) Class: 124K(192K)->124K(192K)
[2024-10-12T11:16:40.792+0800][info] GC(700) Pause Young (Normal) (G1 Evacuation Pause) 82M->82M(128M) 1.775ms
[2024-10-12T11:16:40.792+0800][info] GC(700) User=0.00s Sys=0.00s Real=0.00s
[2024-10-12T11:16:40.894+0800][info] GC(701) Pause Young (Normal) (G1 Evacuation Pause)
[2024-10-12T11:16:40.894+0800][info] GC(701) Using 3 workers of 48 for evacuation
[2024-10-12T11:16:40.896+0800][info] GC(701)   Pre Evacuate Collection Set: 0.1ms
[2024-10-12T11:16:40.896+0800][info] GC(701)   Merge Heap Roots: 0.1ms
[2024-10-12T11:16:40.896+0800][info] GC(701)   Evacuate Collection Set: 0.8ms
[2024-10-12T11:16:40.896+0800][info] GC(701)   Post Evacuate Collection Set: 0.2ms
[2024-10-12T11:16:40.896+0800][info] GC(701)   Other: 0.2ms
[2024-10-12T11:16:40.896+0800][info] GC(701) Eden regions: 2->0(2)
[2024-10-12T11:16:40.896+0800][info] GC(701) Survivor regions: 1->1(1)
[2024-10-12T11:16:40.896+0800][info] GC(701) Old regions: 43->45
[2024-10-12T11:16:40.896+0800][info] GC(701) Archive regions: 2->2
[2024-10-12T11:16:40.896+0800][info] GC(701) Humongous regions: 3->3
[2024-10-12T11:16:40.896+0800][info] GC(701) Metaspace: 1695K(1856K)->1695K(1856K) NonClass: 1571K(1664K)->1571K(1664K) Class: 124K(192K)->124K(192K)
[2024-10-12T11:16:40.896+0800][info] GC(701) Pause Young (Normal) (G1 Evacuation Pause) 86M->86M(128M) 1.441ms
[2024-10-12T11:16:40.896+0800][info] GC(701) User=0.00s Sys=0.00s Real=0.00s
[2024-10-12T11:16:40.998+0800][info] GC(702) Pause Young (Normal) (G1 Evacuation Pause)
[2024-10-12T11:16:40.998+0800][info] GC(702) Using 3 workers of 48 for evacuation
[2024-10-12T11:16:40.999+0800][info] GC(702)   Pre Evacuate Collection Set: 0.1ms
[2024-10-12T11:16:40.999+0800][info] GC(702)   Merge Heap Roots: 0.1ms
[2024-10-12T11:16:40.999+0800][info] GC(702)   Evacuate Collection Set: 0.9ms
[2024-10-12T11:16:40.999+0800][info] GC(702)   Post Evacuate Collection Set: 0.2ms
[2024-10-12T11:16:40.999+0800][info] GC(702)   Other: 0.2ms
[2024-10-12T11:16:40.999+0800][info] GC(702) Eden regions: 2->0(2)
[2024-10-12T11:16:40.999+0800][info] GC(702) Survivor regions: 1->1(1)
[2024-10-12T11:16:40.999+0800][info] GC(702) Old regions: 45->47
[2024-10-12T11:16:40.999+0800][info] GC(702) Archive regions: 2->2
[2024-10-12T11:16:40.999+0800][info] GC(702) Humongous regions: 3->3
[2024-10-12T11:16:40.999+0800][info] GC(702) Metaspace: 1695K(1856K)->1695K(1856K) NonClass: 1571K(1664K)->1571K(1664K) Class: 124K(192K)->124K(192K)
[2024-10-12T11:16:40.999+0800][info] GC(702) Pause Young (Normal) (G1 Evacuation Pause) 90M->90M(128M) 1.565ms
[2024-10-12T11:16:40.999+0800][info] GC(702) User=0.00s Sys=0.00s Real=0.00s
[2024-10-12T11:16:41.102+0800][info] GC(703) Pause Young (Concurrent Start) (G1 Evacuation Pause)
[2024-10-12T11:16:41.102+0800][info] GC(703) Using 3 workers of 48 for evacuation
[2024-10-12T11:16:41.103+0800][info] GC(703)   Pre Evacuate Collection Set: 0.1ms
[2024-10-12T11:16:41.104+0800][info] GC(703)   Merge Heap Roots: 0.1ms
[2024-10-12T11:16:41.104+0800][info] GC(703)   Evacuate Collection Set: 1.1ms
[2024-10-12T11:16:41.104+0800][info] GC(703)   Post Evacuate Collection Set: 0.2ms
[2024-10-12T11:16:41.104+0800][info] GC(703)   Other: 0.3ms
[2024-10-12T11:16:41.104+0800][info] GC(703) Eden regions: 2->0(2)
[2024-10-12T11:16:41.104+0800][info] GC(703) Survivor regions: 1->1(1)
[2024-10-12T11:16:41.104+0800][info] GC(703) Old regions: 47->49
[2024-10-12T11:16:41.104+0800][info] GC(703) Archive regions: 2->2
[2024-10-12T11:16:41.104+0800][info] GC(703) Humongous regions: 3->3
[2024-10-12T11:16:41.104+0800][info] GC(703) Metaspace: 1695K(1856K)->1695K(1856K) NonClass: 1571K(1664K)->1571K(1664K) Class: 124K(192K)->124K(192K)
[2024-10-12T11:16:41.104+0800][info] GC(703) Pause Young (Concurrent Start) (G1 Evacuation Pause) 94M->94M(128M) 1.975ms
[2024-10-12T11:16:41.104+0800][info] GC(703) User=0.00s Sys=0.00s Real=0.00s
[2024-10-12T11:16:41.104+0800][info] GC(704) Concurrent Mark Cycle
[2024-10-12T11:16:41.104+0800][info] GC(704) Concurrent Clear Claimed Marks
[2024-10-12T11:16:41.104+0800][info] GC(704) Concurrent Clear Claimed Marks 0.015ms
[2024-10-12T11:16:41.104+0800][info] GC(704) Concurrent Scan Root Regions
[2024-10-12T11:16:41.104+0800][info] GC(704) Concurrent Scan Root Regions 0.145ms
[2024-10-12T11:16:41.104+0800][info] GC(704) Concurrent Mark
[2024-10-12T11:16:41.104+0800][info] GC(704) Concurrent Mark From Roots
[2024-10-12T11:16:41.104+0800][info] GC(704) Using 12 workers of 12 for marking
[2024-10-12T11:16:41.108+0800][info] GC(704) Concurrent Mark From Roots 3.973ms
[2024-10-12T11:16:41.108+0800][info] GC(704) Concurrent Preclean
[2024-10-12T11:16:41.110+0800][info] GC(704) Concurrent Preclean 1.687ms
[2024-10-12T11:16:41.110+0800][info] GC(704) Pause Remark
[2024-10-12T11:16:41.112+0800][info] GC(704) Pause Remark 95M->95M(128M) 1.718ms
[2024-10-12T11:16:41.112+0800][info] GC(704) User=0.00s Sys=0.00s Real=0.00s
[2024-10-12T11:16:41.112+0800][info] GC(704) Concurrent Mark 7.639ms
[2024-10-12T11:16:41.112+0800][info] GC(704) Concurrent Rebuild Remembered Sets
[2024-10-12T11:16:41.113+0800][info] GC(704) Concurrent Rebuild Remembered Sets 1.123ms
[2024-10-12T11:16:41.113+0800][info] GC(704) Pause Cleanup
[2024-10-12T11:16:41.113+0800][info] GC(704) Pause Cleanup 95M->95M(128M) 0.137ms
[2024-10-12T11:16:41.113+0800][info] GC(704) User=0.00s Sys=0.00s Real=0.00s
[2024-10-12T11:16:41.113+0800][info] GC(704) Concurrent Cleanup for Next Mark
[2024-10-12T11:16:41.113+0800][info] GC(704) Concurrent Cleanup for Next Mark 0.404ms
[2024-10-12T11:16:41.113+0800][info] GC(704) Concurrent Mark Cycle 9.719ms
[2024-10-12T11:16:41.257+0800][info] GC(705) Pause Young (Prepare Mixed) (G1 Evacuation Pause)
[2024-10-12T11:16:41.257+0800][info] GC(705) Using 3 workers of 48 for evacuation
[2024-10-12T11:16:41.258+0800][info] GC(705)   Pre Evacuate Collection Set: 0.1ms
[2024-10-12T11:16:41.258+0800][info] GC(705)   Merge Heap Roots: 0.1ms
[2024-10-12T11:16:41.258+0800][info] GC(705)   Evacuate Collection Set: 1.0ms
[2024-10-12T11:16:41.258+0800][info] GC(705)   Post Evacuate Collection Set: 0.2ms
[2024-10-12T11:16:41.258+0800][info] GC(705)   Other: 0.2ms
[2024-10-12T11:16:41.258+0800][info] GC(705) Eden regions: 2->0(2)
[2024-10-12T11:16:41.258+0800][info] GC(705) Survivor regions: 1->1(1)
[2024-10-12T11:16:41.258+0800][info] GC(705) Old regions: 49->51
[2024-10-12T11:16:41.258+0800][info] GC(705) Archive regions: 2->2
[2024-10-12T11:16:41.258+0800][info] GC(705) Humongous regions: 3->3
[2024-10-12T11:16:41.258+0800][info] GC(705) Metaspace: 1695K(1856K)->1695K(1856K) NonClass: 1571K(1664K)->1571K(1664K) Class: 124K(192K)->124K(192K)
[2024-10-12T11:16:41.258+0800][info] GC(705) Pause Young (Prepare Mixed) (G1 Evacuation Pause) 98M->98M(128M) 1.781ms
[2024-10-12T11:16:41.258+0800][info] GC(705) User=0.00s Sys=0.00s Real=0.00s
[2024-10-12T11:16:41.361+0800][info] GC(706) Pause Young (Mixed) (G1 Preventive Collection)
[2024-10-12T11:16:41.361+0800][info] GC(706) Using 3 workers of 48 for evacuation
[2024-10-12T11:16:41.366+0800][info] GC(706) To-space exhausted
[2024-10-12T11:16:41.366+0800][info] GC(706)   Pre Evacuate Collection Set: 0.2ms
[2024-10-12T11:16:41.366+0800][info] GC(706)   Merge Heap Roots: 0.1ms
[2024-10-12T11:16:41.366+0800][info] GC(706)   Evacuate Collection Set: 3.2ms
[2024-10-12T11:16:41.366+0800][info] GC(706)   Post Evacuate Collection Set: 1.3ms
[2024-10-12T11:16:41.366+0800][info] GC(706)   Other: 0.2ms
[2024-10-12T11:16:41.366+0800][info] GC(706) Eden regions: 2->0(2)
[2024-10-12T11:16:41.366+0800][info] GC(706) Survivor regions: 1->1(1)
[2024-10-12T11:16:41.366+0800][info] GC(706) Old regions: 51->55
[2024-10-12T11:16:41.366+0800][info] GC(706) Archive regions: 2->2
[2024-10-12T11:16:41.366+0800][info] GC(706) Humongous regions: 3->3
[2024-10-12T11:16:41.366+0800][info] GC(706) Metaspace: 1695K(1856K)->1695K(1856K) NonClass: 1571K(1664K)->1571K(1664K) Class: 124K(192K)->124K(192K)
[2024-10-12T11:16:41.366+0800][info] GC(706) Pause Young (Mixed) (G1 Preventive Collection) 101M->108M(128M) 5.108ms
[2024-10-12T11:16:41.366+0800][info] GC(706) User=0.01s Sys=0.00s Real=0.01s
[2024-10-12T11:16:41.428+0800][info] GC(707) Pause Young (Concurrent Start) (G1 Preventive Collection)
[2024-10-12T11:16:41.428+0800][info] GC(707) Using 3 workers of 48 for evacuation
[2024-10-12T11:16:41.430+0800][info] GC(707)   Pre Evacuate Collection Set: 0.1ms
[2024-10-12T11:16:41.430+0800][info] GC(707)   Merge Heap Roots: 0.1ms
[2024-10-12T11:16:41.430+0800][info] GC(707)   Evacuate Collection Set: 1.1ms
[2024-10-12T11:16:41.430+0800][info] GC(707)   Post Evacuate Collection Set: 0.2ms
[2024-10-12T11:16:41.430+0800][info] GC(707)   Other: 0.4ms
[2024-10-12T11:16:41.430+0800][info] GC(707) Eden regions: 1->0(2)
[2024-10-12T11:16:41.430+0800][info] GC(707) Survivor regions: 1->1(1)
[2024-10-12T11:16:41.430+0800][info] GC(707) Old regions: 55->56
[2024-10-12T11:16:41.430+0800][info] GC(707) Archive regions: 2->2
[2024-10-12T11:16:41.430+0800][info] GC(707) Humongous regions: 3->3
[2024-10-12T11:16:41.430+0800][info] GC(707) Metaspace: 1695K(1856K)->1695K(1856K) NonClass: 1571K(1664K)->1571K(1664K) Class: 124K(192K)->124K(192K)
[2024-10-12T11:16:41.430+0800][info] GC(707) Pause Young (Concurrent Start) (G1 Preventive Collection) 110M->110M(128M) 2.044ms
[2024-10-12T11:16:41.430+0800][info] GC(707) User=0.00s Sys=0.00s Real=0.00s
[2024-10-12T11:16:41.430+0800][info] GC(708) Concurrent Mark Cycle
[2024-10-12T11:16:41.430+0800][info] GC(708) Concurrent Clear Claimed Marks
[2024-10-12T11:16:41.430+0800][info] GC(708) Concurrent Clear Claimed Marks 0.016ms
[2024-10-12T11:16:41.430+0800][info] GC(708) Concurrent Scan Root Regions
[2024-10-12T11:16:41.430+0800][info] GC(708) Concurrent Scan Root Regions 0.149ms
[2024-10-12T11:16:41.430+0800][info] GC(708) Concurrent Mark
[2024-10-12T11:16:41.430+0800][info] GC(708) Concurrent Mark From Roots
[2024-10-12T11:16:41.430+0800][info] GC(708) Using 12 workers of 12 for marking
[2024-10-12T11:16:41.433+0800][info] GC(708) Concurrent Mark From Roots 3.182ms
[2024-10-12T11:16:41.433+0800][info] GC(708) Concurrent Preclean
[2024-10-12T11:16:41.435+0800][info] GC(708) Concurrent Preclean 1.676ms
[2024-10-12T11:16:41.435+0800][info] GC(708) Pause Remark
[2024-10-12T11:16:41.437+0800][info] GC(708) Pause Remark 111M->111M(128M) 1.648ms
[2024-10-12T11:16:41.437+0800][info] GC(708) User=0.00s Sys=0.00s Real=0.00s
[2024-10-12T11:16:41.437+0800][info] GC(708) Concurrent Mark 6.706ms
[2024-10-12T11:16:41.437+0800][info] GC(708) Concurrent Rebuild Remembered Sets
[2024-10-12T11:16:41.438+0800][info] GC(708) Concurrent Rebuild Remembered Sets 1.229ms
[2024-10-12T11:16:41.438+0800][info] GC(708) Pause Cleanup
[2024-10-12T11:16:41.438+0800][info] GC(708) Pause Cleanup 111M->111M(128M) 0.194ms
[2024-10-12T11:16:41.438+0800][info] GC(708) User=0.00s Sys=0.00s Real=0.00s
[2024-10-12T11:16:41.438+0800][info] GC(708) Concurrent Cleanup for Next Mark
[2024-10-12T11:16:41.439+0800][info] GC(708) Concurrent Cleanup for Next Mark 0.329ms
[2024-10-12T11:16:41.439+0800][info] GC(708) Concurrent Mark Cycle 8.948ms
[2024-10-12T11:16:41.522+0800][info] GC(709) Pause Young (Prepare Mixed) (G1 Preventive Collection)
[2024-10-12T11:16:41.522+0800][info] GC(709) Using 3 workers of 48 for evacuation
[2024-10-12T11:16:41.523+0800][info] GC(709) To-space exhausted
[2024-10-12T11:16:41.523+0800][info] GC(709)   Pre Evacuate Collection Set: 0.1ms
[2024-10-12T11:16:41.523+0800][info] GC(709)   Merge Heap Roots: 0.1ms
[2024-10-12T11:16:41.523+0800][info] GC(709)   Evacuate Collection Set: 0.5ms
[2024-10-12T11:16:41.523+0800][info] GC(709)   Post Evacuate Collection Set: 0.2ms
[2024-10-12T11:16:41.523+0800][info] GC(709)   Other: 0.2ms
[2024-10-12T11:16:41.523+0800][info] GC(709) Eden regions: 1->0(2)
[2024-10-12T11:16:41.523+0800][info] GC(709) Survivor regions: 1->1(1)
[2024-10-12T11:16:41.523+0800][info] GC(709) Old regions: 56->57
[2024-10-12T11:16:41.523+0800][info] GC(709) Archive regions: 2->2
[2024-10-12T11:16:41.523+0800][info] GC(709) Humongous regions: 3->3
[2024-10-12T11:16:41.523+0800][info] GC(709) Metaspace: 1695K(1856K)->1695K(1856K) NonClass: 1571K(1664K)->1571K(1664K) Class: 124K(192K)->124K(192K)
[2024-10-12T11:16:41.523+0800][info] GC(709) Pause Young (Prepare Mixed) (G1 Preventive Collection) 111M->112M(128M) 1.214ms
[2024-10-12T11:16:41.523+0800][info] GC(709) User=0.00s Sys=0.00s Real=0.00s
[2024-10-12T11:16:41.585+0800][info] GC(710) Pause Young (Mixed) (G1 Evacuation Pause)
[2024-10-12T11:16:41.585+0800][info] GC(710) Using 3 workers of 48 for evacuation
[2024-10-12T11:16:41.592+0800][info] GC(710) To-space exhausted
[2024-10-12T11:16:41.592+0800][info] GC(710)   Pre Evacuate Collection Set: 0.2ms
[2024-10-12T11:16:41.592+0800][info] GC(710)   Merge Heap Roots: 0.1ms
[2024-10-12T11:16:41.592+0800][info] GC(710)   Evacuate Collection Set: 4.6ms
[2024-10-12T11:16:41.592+0800][info] GC(710)   Post Evacuate Collection Set: 2.2ms
[2024-10-12T11:16:41.592+0800][info] GC(710)   Other: 0.2ms
[2024-10-12T11:16:41.592+0800][info] GC(710) Eden regions: 1->0(3)
[2024-10-12T11:16:41.592+0800][info] GC(710) Survivor regions: 1->0(0)
[2024-10-12T11:16:41.592+0800][info] GC(710) Old regions: 57->59
[2024-10-12T11:16:41.592+0800][info] GC(710) Archive regions: 2->2
[2024-10-12T11:16:41.592+0800][info] GC(710) Humongous regions: 3->3
[2024-10-12T11:16:41.592+0800][info] GC(710) Metaspace: 1695K(1856K)->1695K(1856K) NonClass: 1571K(1664K)->1571K(1664K) Class: 124K(192K)->124K(192K)
[2024-10-12T11:16:41.592+0800][info] GC(710) Pause Young (Mixed) (G1 Evacuation Pause) 114M->114M(128M) 7.394ms
[2024-10-12T11:16:41.592+0800][info] GC(710) User=0.02s Sys=0.00s Real=0.01s
[2024-10-12T11:16:41.592+0800][info] Attempting full compaction
[2024-10-12T11:16:41.592+0800][info] GC(711) Using 3 workers of 48 for full compaction
[2024-10-12T11:16:41.592+0800][info] GC(711) Pause Full (G1 Compaction Pause)
[2024-10-12T11:16:41.592+0800][info] GC(711) Phase 1: Mark live objects
[2024-10-12T11:16:41.596+0800][info] GC(711) Phase 1: Mark live objects 3.341ms
[2024-10-12T11:16:41.596+0800][info] GC(711) Phase 2: Prepare for compaction
[2024-10-12T11:16:41.596+0800][info] GC(711) Phase 2: Prepare for compaction 0.605ms
[2024-10-12T11:16:41.596+0800][info] GC(711) Phase 3: Adjust pointers
[2024-10-12T11:16:41.598+0800][info] GC(711) Phase 3: Adjust pointers 1.867ms
[2024-10-12T11:16:41.598+0800][info] GC(711) Phase 4: Compact heap
[2024-10-12T11:16:41.611+0800][info] GC(711) Phase 4: Compact heap 12.763ms
[2024-10-12T11:16:41.612+0800][info] GC(711) Eden regions: 0->0(4)
[2024-10-12T11:16:41.612+0800][info] GC(711) Survivor regions: 0->0(0)
[2024-10-12T11:16:41.612+0800][info] GC(711) Old regions: 59->38
[2024-10-12T11:16:41.612+0800][info] GC(711) Archive regions: 2->2
[2024-10-12T11:16:41.613+0800][info] GC(711) Humongous regions: 3->3
[2024-10-12T11:16:41.613+0800][info] GC(711) Metaspace: 1695K(1856K)->1695K(1856K) NonClass: 1571K(1664K)->1571K(1664K) Class: 124K(192K)->124K(192K)
[2024-10-12T11:16:41.613+0800][info] GC(711) Pause Full (G1 Compaction Pause) 114M->72M(128M) 20.336ms
[2024-10-12T11:16:41.613+0800][info] GC(711) User=0.05s Sys=0.00s Real=0.02s
[2024-10-12T11:16:41.818+0800][info] GC(712) Pause Young (Normal) (G1 Evacuation Pause)
[2024-10-12T11:16:41.818+0800][info] GC(712) Using 3 workers of 48 for evacuation
[2024-10-12T11:16:41.820+0800][info] GC(712)   Pre Evacuate Collection Set: 0.1ms
[2024-10-12T11:16:41.820+0800][info] GC(712)   Merge Heap Roots: 0.1ms
[2024-10-12T11:16:41.820+0800][info] GC(712)   Evacuate Collection Set: 1.2ms
[2024-10-12T11:16:41.820+0800][info] GC(712)   Post Evacuate Collection Set: 0.2ms
[2024-10-12T11:16:41.820+0800][info] GC(712)   Other: 0.3ms
[2024-10-12T11:16:41.820+0800][info] GC(712) Eden regions: 4->0(2)
[2024-10-12T11:16:41.820+0800][info] GC(712) Survivor regions: 0->1(1)
[2024-10-12T11:16:41.820+0800][info] GC(712) Old regions: 38->41
[2024-10-12T11:16:41.820+0800][info] GC(712) Archive regions: 2->2
[2024-10-12T11:16:41.820+0800][info] GC(712) Humongous regions: 4->4
[2024-10-12T11:16:41.820+0800][info] GC(712) Metaspace: 1695K(1856K)->1695K(1856K) NonClass: 1571K(1664K)->1571K(1664K) Class: 124K(192K)->124K(192K)
[2024-10-12T11:16:41.820+0800][info] GC(712) Pause Young (Normal) (G1 Evacuation Pause) 81M->81M(128M) 1.968ms
[2024-10-12T11:16:41.820+0800][info] GC(712) User=0.01s Sys=0.00s Real=0.00s
[2024-10-12T11:16:41.922+0800][info] GC(713) Pause Young (Normal) (G1 Evacuation Pause)
[2024-10-12T11:16:41.922+0800][info] GC(713) Using 3 workers of 48 for evacuation
[2024-10-12T11:16:41.923+0800][info] GC(713)   Pre Evacuate Collection Set: 0.1ms
[2024-10-12T11:16:41.923+0800][info] GC(713)   Merge Heap Roots: 0.1ms
[2024-10-12T11:16:41.923+0800][info] GC(713)   Evacuate Collection Set: 1.0ms
[2024-10-12T11:16:41.923+0800][info] GC(713)   Post Evacuate Collection Set: 0.2ms
[2024-10-12T11:16:41.923+0800][info] GC(713)   Other: 0.2ms
[2024-10-12T11:16:41.923+0800][info] GC(713) Eden regions: 2->0(2)
[2024-10-12T11:16:41.923+0800][info] GC(713) Survivor regions: 1->1(1)
[2024-10-12T11:16:41.923+0800][info] GC(713) Old regions: 41->43
[2024-10-12T11:16:41.923+0800][info] GC(713) Archive regions: 2->2
[2024-10-12T11:16:41.923+0800][info] GC(713) Humongous regions: 4->4
[2024-10-12T11:16:41.923+0800][info] GC(713) Metaspace: 1695K(1856K)->1695K(1856K) NonClass: 1571K(1664K)->1571K(1664K) Class: 124K(192K)->124K(192K)
[2024-10-12T11:16:41.924+0800][info] GC(713) Pause Young (Normal) (G1 Evacuation Pause) 84M->85M(128M) 1.698ms
[2024-10-12T11:16:41.924+0800][info] GC(713) User=0.00s Sys=0.00s Real=0.00s
[2024-10-12T11:16:42.026+0800][info] GC(714) Pause Young (Normal) (G1 Evacuation Pause)
[2024-10-12T11:16:42.026+0800][info] GC(714) Using 3 workers of 48 for evacuation
[2024-10-12T11:16:42.027+0800][info] GC(714)   Pre Evacuate Collection Set: 0.1ms
[2024-10-12T11:16:42.027+0800][info] GC(714)   Merge Heap Roots: 0.1ms
[2024-10-12T11:16:42.027+0800][info] GC(714)   Evacuate Collection Set: 1.0ms
[2024-10-12T11:16:42.027+0800][info] GC(714)   Post Evacuate Collection Set: 0.2ms
[2024-10-12T11:16:42.027+0800][info] GC(714)   Other: 0.2ms
[2024-10-12T11:16:42.027+0800][info] GC(714) Eden regions: 2->0(2)
[2024-10-12T11:16:42.027+0800][info] GC(714) Survivor regions: 1->1(1)
[2024-10-12T11:16:42.027+0800][info] GC(714) Old regions: 43->45
[2024-10-12T11:16:42.027+0800][info] GC(714) Archive regions: 2->2
[2024-10-12T11:16:42.028+0800][info] GC(714) Humongous regions: 4->4
[2024-10-12T11:16:42.028+0800][info] GC(714) Metaspace: 1695K(1856K)->1695K(1856K) NonClass: 1571K(1664K)->1571K(1664K) Class: 124K(192K)->124K(192K)
[2024-10-12T11:16:42.028+0800][info] GC(714) Pause Young (Normal) (G1 Evacuation Pause) 88M->88M(128M) 1.667ms
[2024-10-12T11:16:42.028+0800][info] GC(714) User=0.01s Sys=0.00s Real=0.00s
[2024-10-12T11:16:42.130+0800][info] GC(715) Pause Young (Concurrent Start) (G1 Evacuation Pause)
[2024-10-12T11:16:42.130+0800][info] GC(715) Using 3 workers of 48 for evacuation
[2024-10-12T11:16:42.131+0800][info] GC(715)   Pre Evacuate Collection Set: 0.1ms
[2024-10-12T11:16:42.131+0800][info] GC(715)   Merge Heap Roots: 0.1ms
[2024-10-12T11:16:42.131+0800][info] GC(715)   Evacuate Collection Set: 1.0ms
[2024-10-12T11:16:42.131+0800][info] GC(715)   Post Evacuate Collection Set: 0.2ms
[2024-10-12T11:16:42.131+0800][info] GC(715)   Other: 0.4ms
[2024-10-12T11:16:42.131+0800][info] GC(715) Eden regions: 2->0(2)
[2024-10-12T11:16:42.131+0800][info] GC(715) Survivor regions: 1->1(1)
[2024-10-12T11:16:42.131+0800][info] GC(715) Old regions: 45->46
[2024-10-12T11:16:42.131+0800][info] GC(715) Archive regions: 2->2
[2024-10-12T11:16:42.131+0800][info] GC(715) Humongous regions: 4->4
[2024-10-12T11:16:42.131+0800][info] GC(715) Metaspace: 1695K(1856K)->1695K(1856K) NonClass: 1571K(1664K)->1571K(1664K) Class: 124K(192K)->124K(192K)
[2024-10-12T11:16:42.131+0800][info] GC(715) Pause Young (Concurrent Start) (G1 Evacuation Pause) 92M->91M(128M) 1.849ms
[2024-10-12T11:16:42.132+0800][info] GC(715) User=0.00s Sys=0.00s Real=0.00s
[2024-10-12T11:16:42.132+0800][info] GC(716) Concurrent Mark Cycle
[2024-10-12T11:16:42.132+0800][info] GC(716) Concurrent Clear Claimed Marks
[2024-10-12T11:16:42.132+0800][info] GC(716) Concurrent Clear Claimed Marks 0.015ms
[2024-10-12T11:16:42.132+0800][info] GC(716) Concurrent Scan Root Regions
[2024-10-12T11:16:42.132+0800][info] GC(716) Concurrent Scan Root Regions 0.143ms
[2024-10-12T11:16:42.132+0800][info] GC(716) Concurrent Mark
[2024-10-12T11:16:42.132+0800][info] GC(716) Concurrent Mark From Roots
[2024-10-12T11:16:42.132+0800][info] GC(716) Using 12 workers of 12 for marking
[2024-10-12T11:16:42.135+0800][info] GC(716) Concurrent Mark From Roots 3.464ms
[2024-10-12T11:16:42.135+0800][info] GC(716) Concurrent Preclean
[2024-10-12T11:16:42.137+0800][info] GC(716) Concurrent Preclean 1.667ms
[2024-10-12T11:16:42.137+0800][info] GC(716) Pause Remark
[2024-10-12T11:16:42.139+0800][info] GC(716) Pause Remark 92M->90M(128M) 1.631ms
[2024-10-12T11:16:42.139+0800][info] GC(716) User=0.00s Sys=0.00s Real=0.00s
[2024-10-12T11:16:42.139+0800][info] GC(716) Concurrent Mark 6.956ms
[2024-10-12T11:16:42.139+0800][info] GC(716) Concurrent Rebuild Remembered Sets
[2024-10-12T11:16:42.140+0800][info] GC(716) Concurrent Rebuild Remembered Sets 1.278ms
[2024-10-12T11:16:42.140+0800][info] GC(716) Pause Cleanup
[2024-10-12T11:16:42.140+0800][info] GC(716) Pause Cleanup 90M->90M(128M) 0.180ms
[2024-10-12T11:16:42.140+0800][info] GC(716) User=0.00s Sys=0.00s Real=0.00s
[2024-10-12T11:16:42.140+0800][info] GC(716) Concurrent Cleanup for Next Mark
[2024-10-12T11:16:42.141+0800][info] GC(716) Concurrent Cleanup for Next Mark 0.386ms
[2024-10-12T11:16:42.141+0800][info] GC(716) Concurrent Mark Cycle 9.299ms
[2024-10-12T11:16:42.285+0800][info] GC(717) Pause Young (Prepare Mixed) (G1 Evacuation Pause)
[2024-10-12T11:16:42.285+0800][info] GC(717) Using 3 workers of 48 for evacuation
[2024-10-12T11:16:42.286+0800][info] GC(717)   Pre Evacuate Collection Set: 0.1ms
[2024-10-12T11:16:42.286+0800][info] GC(717)   Merge Heap Roots: 0.1ms
[2024-10-12T11:16:42.286+0800][info] GC(717)   Evacuate Collection Set: 1.1ms
[2024-10-12T11:16:42.286+0800][info] GC(717)   Post Evacuate Collection Set: 0.2ms
[2024-10-12T11:16:42.286+0800][info] GC(717)   Other: 0.2ms
[2024-10-12T11:16:42.286+0800][info] GC(717) Eden regions: 2->0(2)
[2024-10-12T11:16:42.286+0800][info] GC(717) Survivor regions: 1->1(1)
[2024-10-12T11:16:42.287+0800][info] GC(717) Old regions: 46->48
[2024-10-12T11:16:42.287+0800][info] GC(717) Archive regions: 2->2
[2024-10-12T11:16:42.287+0800][info] GC(717) Humongous regions: 3->3
[2024-10-12T11:16:42.287+0800][info] GC(717) Metaspace: 1695K(1856K)->1695K(1856K) NonClass: 1571K(1664K)->1571K(1664K) Class: 124K(192K)->124K(192K)
[2024-10-12T11:16:42.287+0800][info] GC(717) Pause Young (Prepare Mixed) (G1 Evacuation Pause) 93M->93M(128M) 1.903ms
[2024-10-12T11:16:42.287+0800][info] GC(717) User=0.00s Sys=0.00s Real=0.01s
[2024-10-12T11:16:42.389+0800][info] GC(718) Pause Young (Mixed) (G1 Evacuation Pause)
[2024-10-12T11:16:42.389+0800][info] GC(718) Using 3 workers of 48 for evacuation
[2024-10-12T11:16:42.395+0800][info] GC(718) To-space exhausted
[2024-10-12T11:16:42.395+0800][info] GC(718)   Pre Evacuate Collection Set: 0.2ms
[2024-10-12T11:16:42.395+0800][info] GC(718)   Merge Heap Roots: 0.1ms
[2024-10-12T11:16:42.395+0800][info] GC(718)   Evacuate Collection Set: 4.7ms
[2024-10-12T11:16:42.395+0800][info] GC(718)   Post Evacuate Collection Set: 1.1ms
[2024-10-12T11:16:42.395+0800][info] GC(718)   Other: 0.2ms
[2024-10-12T11:16:42.395+0800][info] GC(718) Eden regions: 2->0(2)
[2024-10-12T11:16:42.395+0800][info] GC(718) Survivor regions: 1->1(1)
[2024-10-12T11:16:42.395+0800][info] GC(718) Old regions: 48->53
[2024-10-12T11:16:42.395+0800][info] GC(718) Archive regions: 2->2
[2024-10-12T11:16:42.395+0800][info] GC(718) Humongous regions: 3->3
[2024-10-12T11:16:42.395+0800][info] GC(718) Metaspace: 1695K(1856K)->1695K(1856K) NonClass: 1571K(1664K)->1571K(1664K) Class: 124K(192K)->124K(192K)
[2024-10-12T11:16:42.395+0800][info] GC(718) Pause Young (Mixed) (G1 Evacuation Pause) 97M->105M(128M) 6.332ms
[2024-10-12T11:16:42.395+0800][info] GC(718) User=0.01s Sys=0.00s Real=0.01s
[2024-10-12T11:16:42.498+0800][info] GC(719) Pause Young (Concurrent Start) (G1 Preventive Collection)
[2024-10-12T11:16:42.498+0800][info] GC(719) Using 3 workers of 48 for evacuation
[2024-10-12T11:16:42.500+0800][info] GC(719)   Pre Evacuate Collection Set: 0.1ms
[2024-10-12T11:16:42.500+0800][info] GC(719)   Merge Heap Roots: 0.1ms
[2024-10-12T11:16:42.500+0800][info] GC(719)   Evacuate Collection Set: 1.2ms
[2024-10-12T11:16:42.500+0800][info] GC(719)   Post Evacuate Collection Set: 0.2ms
[2024-10-12T11:16:42.500+0800][info] GC(719)   Other: 0.4ms
[2024-10-12T11:16:42.500+0800][info] GC(719) Eden regions: 2->0(2)
[2024-10-12T11:16:42.500+0800][info] GC(719) Survivor regions: 1->1(1)
[2024-10-12T11:16:42.500+0800][info] GC(719) Old regions: 53->55
[2024-10-12T11:16:42.500+0800][info] GC(719) Archive regions: 2->2
[2024-10-12T11:16:42.500+0800][info] GC(719) Humongous regions: 3->3
[2024-10-12T11:16:42.500+0800][info] GC(719) Metaspace: 1695K(1856K)->1695K(1856K) NonClass: 1571K(1664K)->1571K(1664K) Class: 124K(192K)->124K(192K)
[2024-10-12T11:16:42.500+0800][info] GC(719) Pause Young (Concurrent Start) (G1 Preventive Collection) 109M->109M(128M) 2.161ms
[2024-10-12T11:16:42.500+0800][info] GC(719) User=0.00s Sys=0.00s Real=0.00s
[2024-10-12T11:16:42.500+0800][info] GC(720) Concurrent Mark Cycle
[2024-10-12T11:16:42.500+0800][info] GC(720) Concurrent Clear Claimed Marks
[2024-10-12T11:16:42.500+0800][info] GC(720) Concurrent Clear Claimed Marks 0.015ms
[2024-10-12T11:16:42.500+0800][info] GC(720) Concurrent Scan Root Regions
[2024-10-12T11:16:42.500+0800][info] GC(720) Concurrent Scan Root Regions 0.154ms
[2024-10-12T11:16:42.500+0800][info] GC(720) Concurrent Mark
[2024-10-12T11:16:42.500+0800][info] GC(720) Concurrent Mark From Roots
[2024-10-12T11:16:42.500+0800][info] GC(720) Using 12 workers of 12 for marking
[2024-10-12T11:16:42.503+0800][info] GC(720) Concurrent Mark From Roots 3.231ms
[2024-10-12T11:16:42.504+0800][info] GC(720) Concurrent Preclean
[2024-10-12T11:16:42.505+0800][info] GC(720) Concurrent Preclean 1.701ms
[2024-10-12T11:16:42.505+0800][info] GC(720) Pause Remark
[2024-10-12T11:16:42.507+0800][info] GC(720) Pause Remark 109M->108M(128M) 1.639ms
[2024-10-12T11:16:42.507+0800][info] GC(720) User=0.00s Sys=0.00s Real=0.00s
[2024-10-12T11:16:42.507+0800][info] GC(720) Concurrent Mark 6.773ms
[2024-10-12T11:16:42.507+0800][info] GC(720) Concurrent Rebuild Remembered Sets
[2024-10-12T11:16:42.508+0800][info] GC(720) Concurrent Rebuild Remembered Sets 0.948ms
[2024-10-12T11:16:42.508+0800][info] GC(720) Pause Cleanup
[2024-10-12T11:16:42.508+0800][info] GC(720) Pause Cleanup 108M->108M(128M) 0.164ms
[2024-10-12T11:16:42.508+0800][info] GC(720) User=0.00s Sys=0.00s Real=0.00s
[2024-10-12T11:16:42.508+0800][info] GC(720) Concurrent Cleanup for Next Mark
[2024-10-12T11:16:42.509+0800][info] GC(720) Concurrent Cleanup for Next Mark 0.362ms
[2024-10-12T11:16:42.509+0800][info] GC(720) Concurrent Mark Cycle 8.633ms
[2024-10-12T11:16:42.612+0800][info] GC(721) Pause Young (Prepare Mixed) (G1 Preventive Collection)
[2024-10-12T11:16:42.612+0800][info] GC(721) Using 3 workers of 48 for evacuation
[2024-10-12T11:16:42.613+0800][info] GC(721)   Pre Evacuate Collection Set: 0.1ms
[2024-10-12T11:16:42.613+0800][info] GC(721)   Merge Heap Roots: 0.1ms
[2024-10-12T11:16:42.613+0800][info] GC(721)   Evacuate Collection Set: 0.8ms
[2024-10-12T11:16:42.613+0800][info] GC(721)   Post Evacuate Collection Set: 0.2ms
[2024-10-12T11:16:42.613+0800][info] GC(721)   Other: 0.2ms
[2024-10-12T11:16:42.614+0800][info] GC(721) Eden regions: 1->0(2)
[2024-10-12T11:16:42.614+0800][info] GC(721) Survivor regions: 1->1(1)
[2024-10-12T11:16:42.614+0800][info] GC(721) Old regions: 54->55
[2024-10-12T11:16:42.614+0800][info] GC(721) Archive regions: 2->2
[2024-10-12T11:16:42.614+0800][info] GC(721) Humongous regions: 3->3
[2024-10-12T11:16:42.614+0800][info] GC(721) Metaspace: 1695K(1856K)->1695K(1856K) NonClass: 1571K(1664K)->1571K(1664K) Class: 124K(192K)->124K(192K)
[2024-10-12T11:16:42.614+0800][info] GC(721) Pause Young (Prepare Mixed) (G1 Preventive Collection) 109M->109M(128M) 1.453ms
[2024-10-12T11:16:42.614+0800][info] GC(721) User=0.00s Sys=0.00s Real=0.01s
[2024-10-12T11:16:42.654+0800][info] GC(722) Pause Young (Mixed) (G1 Preventive Collection)
[2024-10-12T11:16:42.655+0800][info] GC(722) Using 3 workers of 48 for evacuation
[2024-10-12T11:16:42.657+0800][info] GC(722) To-space exhausted
[2024-10-12T11:16:42.657+0800][info] GC(722)   Pre Evacuate Collection Set: 0.2ms
[2024-10-12T11:16:42.657+0800][info] GC(722)   Merge Heap Roots: 0.1ms
[2024-10-12T11:16:42.657+0800][info] GC(722)   Evacuate Collection Set: 1.1ms
[2024-10-12T11:16:42.657+0800][info] GC(722)   Post Evacuate Collection Set: 0.5ms
[2024-10-12T11:16:42.657+0800][info] GC(722)   Other: 0.2ms
[2024-10-12T11:16:42.657+0800][info] GC(722) Eden regions: 1->0(2)
[2024-10-12T11:16:42.657+0800][info] GC(722) Survivor regions: 1->1(1)
[2024-10-12T11:16:42.657+0800][info] GC(722) Old regions: 55->57
[2024-10-12T11:16:42.657+0800][info] GC(722) Archive regions: 2->2
[2024-10-12T11:16:42.657+0800][info] GC(722) Humongous regions: 3->3
[2024-10-12T11:16:42.657+0800][info] GC(722) Metaspace: 1695K(1856K)->1695K(1856K) NonClass: 1571K(1664K)->1571K(1664K) Class: 124K(192K)->124K(192K)
[2024-10-12T11:16:42.657+0800][info] GC(722) Pause Young (Mixed) (G1 Preventive Collection) 110M->113M(128M) 2.267ms
[2024-10-12T11:16:42.657+0800][info] GC(722) User=0.00s Sys=0.00s Real=0.00s
[2024-10-12T11:16:42.718+0800][info] GC(723) Pause Young (Concurrent Start) (G1 Evacuation Pause)
[2024-10-12T11:16:42.718+0800][info] GC(723) Using 3 workers of 48 for evacuation
[2024-10-12T11:16:42.719+0800][info] GC(723) To-space exhausted
[2024-10-12T11:16:42.719+0800][info] GC(723)   Pre Evacuate Collection Set: 0.1ms
[2024-10-12T11:16:42.719+0800][info] GC(723)   Merge Heap Roots: 0.1ms
[2024-10-12T11:16:42.719+0800][info] GC(723)   Evacuate Collection Set: 0.4ms
[2024-10-12T11:16:42.719+0800][info] GC(723)   Post Evacuate Collection Set: 0.2ms
[2024-10-12T11:16:42.719+0800][info] GC(723)   Other: 0.3ms
[2024-10-12T11:16:42.719+0800][info] GC(723) Eden regions: 1->0(3)
[2024-10-12T11:16:42.719+0800][info] GC(723) Survivor regions: 1->0(0)
[2024-10-12T11:16:42.719+0800][info] GC(723) Old regions: 57->59
[2024-10-12T11:16:42.719+0800][info] GC(723) Archive regions: 2->2
[2024-10-12T11:16:42.719+0800][info] GC(723) Humongous regions: 3->3
[2024-10-12T11:16:42.719+0800][info] GC(723) Metaspace: 1695K(1856K)->1695K(1856K) NonClass: 1571K(1664K)->1571K(1664K) Class: 124K(192K)->124K(192K)
[2024-10-12T11:16:42.719+0800][info] GC(723) Pause Young (Concurrent Start) (G1 Evacuation Pause) 115M->115M(128M) 1.238ms
[2024-10-12T11:16:42.719+0800][info] GC(723) User=0.01s Sys=0.00s Real=0.00s
[2024-10-12T11:16:42.719+0800][info] Attempting full compaction
[2024-10-12T11:16:42.719+0800][info] GC(724) Concurrent Mark Cycle
[2024-10-12T11:16:42.719+0800][info] GC(725) Using 3 workers of 48 for full compaction
[2024-10-12T11:16:42.719+0800][info] GC(724) Concurrent Clear Claimed Marks
[2024-10-12T11:16:42.719+0800][info] GC(724) Concurrent Clear Claimed Marks 0.042ms
[2024-10-12T11:16:42.719+0800][info] GC(724) Concurrent Scan Root Regions
[2024-10-12T11:16:42.719+0800][info] GC(724) Concurrent Scan Root Regions 0.014ms
[2024-10-12T11:16:42.719+0800][info] GC(724) Concurrent Mark
[2024-10-12T11:16:42.719+0800][info] GC(724) Concurrent Mark From Roots
[2024-10-12T11:16:42.719+0800][info] GC(724) Using 12 workers of 12 for marking
[2024-10-12T11:16:42.719+0800][info] GC(725) Pause Full (G1 Compaction Pause)
[2024-10-12T11:16:42.720+0800][info] GC(725) Phase 1: Mark live objects
[2024-10-12T11:16:42.723+0800][info] GC(725) Phase 1: Mark live objects 3.289ms
[2024-10-12T11:16:42.723+0800][info] GC(725) Phase 2: Prepare for compaction
[2024-10-12T11:16:42.724+0800][info] GC(725) Phase 2: Prepare for compaction 0.542ms
[2024-10-12T11:16:42.724+0800][info] GC(725) Phase 3: Adjust pointers
[2024-10-12T11:16:42.725+0800][info] GC(725) Phase 3: Adjust pointers 1.721ms
[2024-10-12T11:16:42.725+0800][info] GC(725) Phase 4: Compact heap
[2024-10-12T11:16:42.737+0800][info] GC(725) Phase 4: Compact heap 11.785ms
[2024-10-12T11:16:42.739+0800][info] GC(725) Eden regions: 0->0(4)
[2024-10-12T11:16:42.739+0800][info] GC(725) Survivor regions: 0->0(0)
[2024-10-12T11:16:42.739+0800][info] GC(725) Old regions: 59->39
[2024-10-12T11:16:42.739+0800][info] GC(725) Archive regions: 2->2
[2024-10-12T11:16:42.739+0800][info] GC(725) Humongous regions: 3->3
[2024-10-12T11:16:42.739+0800][info] GC(725) Metaspace: 1695K(1856K)->1695K(1856K) NonClass: 1571K(1664K)->1571K(1664K) Class: 124K(192K)->124K(192K)
[2024-10-12T11:16:42.739+0800][info] GC(725) Pause Full (G1 Compaction Pause) 115M->73M(128M) 19.462ms
[2024-10-12T11:16:42.739+0800][info] GC(725) User=0.04s Sys=0.00s Real=0.02s
[2024-10-12T11:16:42.739+0800][info] GC(724) Concurrent Mark From Roots 19.720ms
[2024-10-12T11:16:42.739+0800][info] GC(724) Concurrent Mark Abort
[2024-10-12T11:16:42.739+0800][info] GC(724) Concurrent Mark Cycle 19.942ms
[2024-10-12T11:16:42.943+0800][info] GC(726) Pause Young (Normal) (G1 Evacuation Pause)
[2024-10-12T11:16:42.943+0800][info] GC(726) Using 3 workers of 48 for evacuation
[2024-10-12T11:16:42.945+0800][info] GC(726)   Pre Evacuate Collection Set: 0.1ms
[2024-10-12T11:16:42.945+0800][info] GC(726)   Merge Heap Roots: 0.1ms
[2024-10-12T11:16:42.945+0800][info] GC(726)   Evacuate Collection Set: 1.3ms
[2024-10-12T11:16:42.945+0800][info] GC(726)   Post Evacuate Collection Set: 0.3ms
[2024-10-12T11:16:42.945+0800][info] GC(726)   Other: 0.2ms
[2024-10-12T11:16:42.945+0800][info] GC(726) Eden regions: 4->0(2)
[2024-10-12T11:16:42.945+0800][info] GC(726) Survivor regions: 0->1(1)
[2024-10-12T11:16:42.945+0800][info] GC(726) Old regions: 39->42
[2024-10-12T11:16:42.945+0800][info] GC(726) Archive regions: 2->2
[2024-10-12T11:16:42.945+0800][info] GC(726) Humongous regions: 3->3
[2024-10-12T11:16:42.945+0800][info] GC(726) Metaspace: 1695K(1856K)->1695K(1856K) NonClass: 1571K(1664K)->1571K(1664K) Class: 124K(192K)->124K(192K)
[2024-10-12T11:16:42.946+0800][info] GC(726) Pause Young (Normal) (G1 Evacuation Pause) 80M->80M(128M) 2.107ms
[2024-10-12T11:16:42.946+0800][info] GC(726) User=0.00s Sys=0.01s Real=0.01s
[2024-10-12T11:16:43.048+0800][info] GC(727) Pause Young (Normal) (G1 Evacuation Pause)
[2024-10-12T11:16:43.048+0800][info] GC(727) Using 3 workers of 48 for evacuation
[2024-10-12T11:16:43.049+0800][info] GC(727)   Pre Evacuate Collection Set: 0.1ms
[2024-10-12T11:16:43.049+0800][info] GC(727)   Merge Heap Roots: 0.1ms
[2024-10-12T11:16:43.049+0800][info] GC(727)   Evacuate Collection Set: 0.9ms
[2024-10-12T11:16:43.049+0800][info] GC(727)   Post Evacuate Collection Set: 0.2ms
[2024-10-12T11:16:43.049+0800][info] GC(727)   Other: 0.2ms
[2024-10-12T11:16:43.049+0800][info] GC(727) Eden regions: 2->0(2)
[2024-10-12T11:16:43.049+0800][info] GC(727) Survivor regions: 1->1(1)
[2024-10-12T11:16:43.049+0800][info] GC(727) Old regions: 42->44
[2024-10-12T11:16:43.049+0800][info] GC(727) Archive regions: 2->2
[2024-10-12T11:16:43.050+0800][info] GC(727) Humongous regions: 3->3
[2024-10-12T11:16:43.050+0800][info] GC(727) Metaspace: 1695K(1856K)->1695K(1856K) NonClass: 1571K(1664K)->1571K(1664K) Class: 124K(192K)->124K(192K)
[2024-10-12T11:16:43.050+0800][info] GC(727) Pause Young (Normal) (G1 Evacuation Pause) 84M->84M(128M) 1.593ms
[2024-10-12T11:16:43.050+0800][info] GC(727) User=0.01s Sys=0.00s Real=0.00s
[2024-10-12T11:16:43.151+0800][info] GC(728) Pause Young (Normal) (G1 Evacuation Pause)
[2024-10-12T11:16:43.152+0800][info] GC(728) Using 3 workers of 48 for evacuation
[2024-10-12T11:16:43.153+0800][info] GC(728)   Pre Evacuate Collection Set: 0.1ms
[2024-10-12T11:16:43.153+0800][info] GC(728)   Merge Heap Roots: 0.1ms
[2024-10-12T11:16:43.153+0800][info] GC(728)   Evacuate Collection Set: 1.0ms
[2024-10-12T11:16:43.153+0800][info] GC(728)   Post Evacuate Collection Set: 0.2ms
[2024-10-12T11:16:43.153+0800][info] GC(728)   Other: 0.2ms
[2024-10-12T11:16:43.153+0800][info] GC(728) Eden regions: 2->0(2)
[2024-10-12T11:16:43.153+0800][info] GC(728) Survivor regions: 1->1(1)
[2024-10-12T11:16:43.153+0800][info] GC(728) Old regions: 44->46
[2024-10-12T11:16:43.153+0800][info] GC(728) Archive regions: 2->2
[2024-10-12T11:16:43.153+0800][info] GC(728) Humongous regions: 3->3
[2024-10-12T11:16:43.153+0800][info] GC(728) Metaspace: 1695K(1856K)->1695K(1856K) NonClass: 1571K(1664K)->1571K(1664K) Class: 124K(192K)->124K(192K)
[2024-10-12T11:16:43.153+0800][info] GC(728) Pause Young (Normal) (G1 Evacuation Pause) 87M->88M(128M) 1.732ms
[2024-10-12T11:16:43.153+0800][info] GC(728) User=0.00s Sys=0.00s Real=0.01s
[2024-10-12T11:16:43.255+0800][info] GC(729) Pause Young (Concurrent Start) (G1 Evacuation Pause)
[2024-10-12T11:16:43.255+0800][info] GC(729) Using 3 workers of 48 for evacuation
[2024-10-12T11:16:43.257+0800][info] GC(729)   Pre Evacuate Collection Set: 0.1ms
[2024-10-12T11:16:43.257+0800][info] GC(729)   Merge Heap Roots: 0.1ms
[2024-10-12T11:16:43.257+0800][info] GC(729)   Evacuate Collection Set: 1.1ms
[2024-10-12T11:16:43.257+0800][info] GC(729)   Post Evacuate Collection Set: 0.2ms
[2024-10-12T11:16:43.257+0800][info] GC(729)   Other: 0.4ms
[2024-10-12T11:16:43.257+0800][info] GC(729) Eden regions: 2->0(2)
[2024-10-12T11:16:43.257+0800][info] GC(729) Survivor regions: 1->1(1)
[2024-10-12T11:16:43.257+0800][info] GC(729) Old regions: 46->48
[2024-10-12T11:16:43.257+0800][info] GC(729) Archive regions: 2->2
[2024-10-12T11:16:43.257+0800][info] GC(729) Humongous regions: 3->3
[2024-10-12T11:16:43.257+0800][info] GC(729) Metaspace: 1695K(1856K)->1695K(1856K) NonClass: 1571K(1664K)->1571K(1664K) Class: 124K(192K)->124K(192K)
[2024-10-12T11:16:43.257+0800][info] GC(729) Pause Young (Concurrent Start) (G1 Evacuation Pause) 91M->91M(128M) 1.931ms
[2024-10-12T11:16:43.257+0800][info] GC(729) User=0.00s Sys=0.00s Real=0.00s
[2024-10-12T11:16:43.257+0800][info] GC(730) Concurrent Mark Cycle
[2024-10-12T11:16:43.257+0800][info] GC(730) Concurrent Clear Claimed Marks
[2024-10-12T11:16:43.258+0800][info] GC(730) Concurrent Clear Claimed Marks 0.015ms
[2024-10-12T11:16:43.258+0800][info] GC(730) Concurrent Scan Root Regions
[2024-10-12T11:16:43.258+0800][info] GC(730) Concurrent Scan Root Regions 0.097ms
[2024-10-12T11:16:43.258+0800][info] GC(730) Concurrent Mark
[2024-10-12T11:16:43.258+0800][info] GC(730) Concurrent Mark From Roots
[2024-10-12T11:16:43.258+0800][info] GC(730) Using 12 workers of 12 for marking
[2024-10-12T11:16:43.261+0800][info] GC(730) Concurrent Mark From Roots 3.370ms
[2024-10-12T11:16:43.261+0800][info] GC(730) Concurrent Preclean
[2024-10-12T11:16:43.263+0800][info] GC(730) Concurrent Preclean 1.689ms
[2024-10-12T11:16:43.263+0800][info] GC(730) Pause Remark
[2024-10-12T11:16:43.264+0800][info] GC(730) Pause Remark 92M->92M(128M) 1.617ms
[2024-10-12T11:16:43.264+0800][info] GC(730) User=0.00s Sys=0.00s Real=0.00s
[2024-10-12T11:16:43.264+0800][info] GC(730) Concurrent Mark 6.835ms
[2024-10-12T11:16:43.264+0800][info] GC(730) Concurrent Rebuild Remembered Sets
[2024-10-12T11:16:43.266+0800][info] GC(730) Concurrent Rebuild Remembered Sets 1.097ms
[2024-10-12T11:16:43.266+0800][info] GC(730) Pause Cleanup
[2024-10-12T11:16:43.266+0800][info] GC(730) Pause Cleanup 92M->92M(128M) 0.193ms
[2024-10-12T11:16:43.266+0800][info] GC(730) User=0.00s Sys=0.00s Real=0.00s
[2024-10-12T11:16:43.266+0800][info] GC(730) Concurrent Cleanup for Next Mark
[2024-10-12T11:16:43.266+0800][info] GC(730) Concurrent Cleanup for Next Mark 0.335ms
[2024-10-12T11:16:43.266+0800][info] GC(730) Concurrent Mark Cycle 8.893ms
[2024-10-12T11:16:43.411+0800][info] GC(731) Pause Young (Prepare Mixed) (G1 Evacuation Pause)
[2024-10-12T11:16:43.411+0800][info] GC(731) Using 3 workers of 48 for evacuation
[2024-10-12T11:16:43.412+0800][info] GC(731)   Pre Evacuate Collection Set: 0.1ms
[2024-10-12T11:16:43.412+0800][info] GC(731)   Merge Heap Roots: 0.1ms
[2024-10-12T11:16:43.412+0800][info] GC(731)   Evacuate Collection Set: 0.9ms
[2024-10-12T11:16:43.412+0800][info] GC(731)   Post Evacuate Collection Set: 0.2ms
[2024-10-12T11:16:43.412+0800][info] GC(731)   Other: 0.2ms
[2024-10-12T11:16:43.412+0800][info] GC(731) Eden regions: 2->0(2)
[2024-10-12T11:16:43.412+0800][info] GC(731) Survivor regions: 1->1(1)
[2024-10-12T11:16:43.412+0800][info] GC(731) Old regions: 48->50
[2024-10-12T11:16:43.412+0800][info] GC(731) Archive regions: 2->2
[2024-10-12T11:16:43.412+0800][info] GC(731) Humongous regions: 3->3
[2024-10-12T11:16:43.412+0800][info] GC(731) Metaspace: 1695K(1856K)->1695K(1856K) NonClass: 1571K(1664K)->1571K(1664K) Class: 124K(192K)->124K(192K)
[2024-10-12T11:16:43.412+0800][info] GC(731) Pause Young (Prepare Mixed) (G1 Evacuation Pause) 95M->95M(128M) 1.680ms
[2024-10-12T11:16:43.412+0800][info] GC(731) User=0.00s Sys=0.00s Real=0.00s
[2024-10-12T11:16:43.515+0800][info] GC(732) Pause Young (Mixed) (G1 Evacuation Pause)
[2024-10-12T11:16:43.515+0800][info] GC(732) Using 3 workers of 48 for evacuation
[2024-10-12T11:16:43.520+0800][info] GC(732) To-space exhausted
[2024-10-12T11:16:43.520+0800][info] GC(732)   Pre Evacuate Collection Set: 0.2ms
[2024-10-12T11:16:43.520+0800][info] GC(732)   Merge Heap Roots: 0.1ms
[2024-10-12T11:16:43.520+0800][info] GC(732)   Evacuate Collection Set: 3.4ms
[2024-10-12T11:16:43.520+0800][info] GC(732)   Post Evacuate Collection Set: 0.9ms
[2024-10-12T11:16:43.520+0800][info] GC(732)   Other: 0.2ms
[2024-10-12T11:16:43.520+0800][info] GC(732) Eden regions: 2->0(2)
[2024-10-12T11:16:43.520+0800][info] GC(732) Survivor regions: 1->1(1)
[2024-10-12T11:16:43.520+0800][info] GC(732) Old regions: 50->57
[2024-10-12T11:16:43.520+0800][info] GC(732) Archive regions: 2->2
[2024-10-12T11:16:43.520+0800][info] GC(732) Humongous regions: 3->3
[2024-10-12T11:16:43.520+0800][info] GC(732) Metaspace: 1695K(1856K)->1695K(1856K) NonClass: 1571K(1664K)->1571K(1664K) Class: 124K(192K)->124K(192K)
[2024-10-12T11:16:43.520+0800][info] GC(732) Pause Young (Mixed) (G1 Evacuation Pause) 99M->112M(128M) 4.927ms
[2024-10-12T11:16:43.520+0800][info] GC(732) User=0.01s Sys=0.00s Real=0.00s
[2024-10-12T11:16:43.581+0800][info] GC(733) Pause Young (Concurrent Start) (G1 Evacuation Pause)
[2024-10-12T11:16:43.581+0800][info] GC(733) Using 3 workers of 48 for evacuation
[2024-10-12T11:16:43.582+0800][info] GC(733) To-space exhausted
[2024-10-12T11:16:43.582+0800][info] GC(733)   Pre Evacuate Collection Set: 0.1ms
[2024-10-12T11:16:43.582+0800][info] GC(733)   Merge Heap Roots: 0.1ms
[2024-10-12T11:16:43.582+0800][info] GC(733)   Evacuate Collection Set: 0.3ms
[2024-10-12T11:16:43.582+0800][info] GC(733)   Post Evacuate Collection Set: 0.2ms
[2024-10-12T11:16:43.582+0800][info] GC(733)   Other: 0.4ms
[2024-10-12T11:16:43.582+0800][info] GC(733) Eden regions: 1->0(3)
[2024-10-12T11:16:43.582+0800][info] GC(733) Survivor regions: 1->0(0)
[2024-10-12T11:16:43.582+0800][info] GC(733) Old regions: 57->59
[2024-10-12T11:16:43.582+0800][info] GC(733) Archive regions: 2->2
[2024-10-12T11:16:43.582+0800][info] GC(733) Humongous regions: 3->3
[2024-10-12T11:16:43.582+0800][info] GC(733) Metaspace: 1695K(1856K)->1695K(1856K) NonClass: 1571K(1664K)->1571K(1664K) Class: 124K(192K)->124K(192K)
[2024-10-12T11:16:43.582+0800][info] GC(733) Pause Young (Concurrent Start) (G1 Evacuation Pause) 113M->113M(128M) 1.170ms
[2024-10-12T11:16:43.583+0800][info] GC(733) User=0.00s Sys=0.00s Real=0.00s
[2024-10-12T11:16:43.583+0800][info] Attempting full compaction
[2024-10-12T11:16:43.583+0800][info] GC(734) Concurrent Mark Cycle
[2024-10-12T11:16:43.583+0800][info] GC(735) Using 3 workers of 48 for full compaction
[2024-10-12T11:16:43.583+0800][info] GC(734) Concurrent Clear Claimed Marks
[2024-10-12T11:16:43.583+0800][info] GC(734) Concurrent Clear Claimed Marks 0.043ms
[2024-10-12T11:16:43.583+0800][info] GC(734) Concurrent Scan Root Regions
[2024-10-12T11:16:43.583+0800][info] GC(734) Concurrent Scan Root Regions 0.014ms
[2024-10-12T11:16:43.583+0800][info] GC(734) Concurrent Mark
[2024-10-12T11:16:43.583+0800][info] GC(734) Concurrent Mark From Roots
[2024-10-12T11:16:43.583+0800][info] GC(734) Using 12 workers of 12 for marking
[2024-10-12T11:16:43.583+0800][info] GC(735) Pause Full (G1 Compaction Pause)
[2024-10-12T11:16:43.583+0800][info] GC(735) Phase 1: Mark live objects
[2024-10-12T11:16:43.586+0800][info] GC(735) Phase 1: Mark live objects 3.344ms
[2024-10-12T11:16:43.586+0800][info] GC(735) Phase 2: Prepare for compaction
[2024-10-12T11:16:43.587+0800][info] GC(735) Phase 2: Prepare for compaction 0.669ms
[2024-10-12T11:16:43.587+0800][info] GC(735) Phase 3: Adjust pointers
[2024-10-12T11:16:43.589+0800][info] GC(735) Phase 3: Adjust pointers 1.823ms
[2024-10-12T11:16:43.589+0800][info] GC(735) Phase 4: Compact heap
[2024-10-12T11:16:43.600+0800][info] GC(735) Phase 4: Compact heap 10.780ms
[2024-10-12T11:16:43.601+0800][info] GC(735) Eden regions: 0->0(4)
[2024-10-12T11:16:43.601+0800][info] GC(735) Survivor regions: 0->0(0)
[2024-10-12T11:16:43.601+0800][info] GC(735) Old regions: 59->38
[2024-10-12T11:16:43.601+0800][info] GC(735) Archive regions: 2->2
[2024-10-12T11:16:43.601+0800][info] GC(735) Humongous regions: 3->3
[2024-10-12T11:16:43.601+0800][info] GC(735) Metaspace: 1695K(1856K)->1695K(1856K) NonClass: 1571K(1664K)->1571K(1664K) Class: 124K(192K)->124K(192K)
[2024-10-12T11:16:43.602+0800][info] GC(735) Pause Full (G1 Compaction Pause) 113M->72M(128M) 18.866ms
[2024-10-12T11:16:43.602+0800][info] GC(735) User=0.05s Sys=0.00s Real=0.02s
[2024-10-12T11:16:43.602+0800][info] GC(734) Concurrent Mark From Roots 19.114ms
[2024-10-12T11:16:43.602+0800][info] GC(734) Concurrent Mark Abort
[2024-10-12T11:16:43.602+0800][info] GC(734) Concurrent Mark Cycle 19.350ms
[2024-10-12T11:16:43.807+0800][info] GC(736) Pause Young (Normal) (G1 Evacuation Pause)
[2024-10-12T11:16:43.807+0800][info] GC(736) Using 3 workers of 48 for evacuation
[2024-10-12T11:16:43.809+0800][info] GC(736)   Pre Evacuate Collection Set: 0.1ms
[2024-10-12T11:16:43.809+0800][info] GC(736)   Merge Heap Roots: 0.0ms
[2024-10-12T11:16:43.809+0800][info] GC(736)   Evacuate Collection Set: 1.3ms
[2024-10-12T11:16:43.809+0800][info] GC(736)   Post Evacuate Collection Set: 0.2ms
[2024-10-12T11:16:43.809+0800][info] GC(736)   Other: 0.2ms
[2024-10-12T11:16:43.809+0800][info] GC(736) Eden regions: 4->0(2)
[2024-10-12T11:16:43.809+0800][info] GC(736) Survivor regions: 0->1(1)
[2024-10-12T11:16:43.809+0800][info] GC(736) Old regions: 38->41
[2024-10-12T11:16:43.809+0800][info] GC(736) Archive regions: 2->2
[2024-10-12T11:16:43.809+0800][info] GC(736) Humongous regions: 3->3
[2024-10-12T11:16:43.809+0800][info] GC(736) Metaspace: 1695K(1856K)->1695K(1856K) NonClass: 1571K(1664K)->1571K(1664K) Class: 124K(192K)->124K(192K)
[2024-10-12T11:16:43.809+0800][info] GC(736) Pause Young (Normal) (G1 Evacuation Pause) 79M->80M(128M) 2.023ms
[2024-10-12T11:16:43.809+0800][info] GC(736) User=0.01s Sys=0.00s Real=0.00s
[2024-10-12T11:16:43.911+0800][info] GC(737) Pause Young (Normal) (G1 Evacuation Pause)
[2024-10-12T11:16:43.911+0800][info] GC(737) Using 3 workers of 48 for evacuation
[2024-10-12T11:16:43.912+0800][info] GC(737)   Pre Evacuate Collection Set: 0.1ms
[2024-10-12T11:16:43.912+0800][info] GC(737)   Merge Heap Roots: 0.1ms
[2024-10-12T11:16:43.912+0800][info] GC(737)   Evacuate Collection Set: 0.8ms
[2024-10-12T11:16:43.912+0800][info] GC(737)   Post Evacuate Collection Set: 0.2ms
[2024-10-12T11:16:43.912+0800][info] GC(737)   Other: 0.2ms
[2024-10-12T11:16:43.912+0800][info] GC(737) Eden regions: 2->0(2)
[2024-10-12T11:16:43.912+0800][info] GC(737) Survivor regions: 1->1(1)
[2024-10-12T11:16:43.913+0800][info] GC(737) Old regions: 41->43
[2024-10-12T11:16:43.913+0800][info] GC(737) Archive regions: 2->2
[2024-10-12T11:16:43.913+0800][info] GC(737) Humongous regions: 3->3
[2024-10-12T11:16:43.913+0800][info] GC(737) Metaspace: 1695K(1856K)->1695K(1856K) NonClass: 1571K(1664K)->1571K(1664K) Class: 124K(192K)->124K(192K)
[2024-10-12T11:16:43.913+0800][info] GC(737) Pause Young (Normal) (G1 Evacuation Pause) 83M->83M(128M) 1.471ms
[2024-10-12T11:16:43.913+0800][info] GC(737) User=0.00s Sys=0.00s Real=0.00s
[2024-10-12T11:16:44.015+0800][info] GC(738) Pause Young (Normal) (G1 Evacuation Pause)
[2024-10-12T11:16:44.015+0800][info] GC(738) Using 3 workers of 48 for evacuation
[2024-10-12T11:16:44.016+0800][info] GC(738)   Pre Evacuate Collection Set: 0.1ms
[2024-10-12T11:16:44.016+0800][info] GC(738)   Merge Heap Roots: 0.0ms
[2024-10-12T11:16:44.016+0800][info] GC(738)   Evacuate Collection Set: 0.8ms
[2024-10-12T11:16:44.016+0800][info] GC(738)   Post Evacuate Collection Set: 0.2ms
[2024-10-12T11:16:44.016+0800][info] GC(738)   Other: 0.2ms
[2024-10-12T11:16:44.016+0800][info] GC(738) Eden regions: 2->0(2)
[2024-10-12T11:16:44.016+0800][info] GC(738) Survivor regions: 1->1(1)
[2024-10-12T11:16:44.016+0800][info] GC(738) Old regions: 43->45
[2024-10-12T11:16:44.016+0800][info] GC(738) Archive regions: 2->2
[2024-10-12T11:16:44.016+0800][info] GC(738) Humongous regions: 3->3
[2024-10-12T11:16:44.016+0800][info] GC(738) Metaspace: 1695K(1856K)->1695K(1856K) NonClass: 1571K(1664K)->1571K(1664K) Class: 124K(192K)->124K(192K)
[2024-10-12T11:16:44.016+0800][info] GC(738) Pause Young (Normal) (G1 Evacuation Pause) 87M->87M(128M) 1.518ms
[2024-10-12T11:16:44.016+0800][info] GC(738) User=0.01s Sys=0.00s Real=0.00s
[2024-10-12T11:16:44.057+0800][info] GC(739) Pause Young (Concurrent Start) (G1 Humongous Allocation)
[2024-10-12T11:16:44.057+0800][info] GC(739) Using 3 workers of 48 for evacuation
[2024-10-12T11:16:44.059+0800][info] GC(739)   Pre Evacuate Collection Set: 0.1ms
[2024-10-12T11:16:44.059+0800][info] GC(739)   Merge Heap Roots: 0.1ms
[2024-10-12T11:16:44.059+0800][info] GC(739)   Evacuate Collection Set: 0.8ms
[2024-10-12T11:16:44.059+0800][info] GC(739)   Post Evacuate Collection Set: 0.2ms
[2024-10-12T11:16:44.059+0800][info] GC(739)   Other: 0.4ms
[2024-10-12T11:16:44.059+0800][info] GC(739) Eden regions: 1->0(2)
[2024-10-12T11:16:44.059+0800][info] GC(739) Survivor regions: 1->1(1)
[2024-10-12T11:16:44.059+0800][info] GC(739) Old regions: 45->46
[2024-10-12T11:16:44.059+0800][info] GC(739) Archive regions: 2->2
[2024-10-12T11:16:44.059+0800][info] GC(739) Humongous regions: 3->3
[2024-10-12T11:16:44.059+0800][info] GC(739) Metaspace: 1695K(1856K)->1695K(1856K) NonClass: 1571K(1664K)->1571K(1664K) Class: 124K(192K)->124K(192K)
[2024-10-12T11:16:44.059+0800][info] GC(739) Pause Young (Concurrent Start) (G1 Humongous Allocation) 89M->89M(128M) 1.638ms
[2024-10-12T11:16:44.059+0800][info] GC(739) User=0.00s Sys=0.00s Real=0.00s
[2024-10-12T11:16:44.059+0800][info] GC(740) Concurrent Mark Cycle
[2024-10-12T11:16:44.059+0800][info] GC(740) Concurrent Clear Claimed Marks
[2024-10-12T11:16:44.059+0800][info] GC(740) Concurrent Clear Claimed Marks 0.015ms
[2024-10-12T11:16:44.059+0800][info] GC(740) Concurrent Scan Root Regions
[2024-10-12T11:16:44.059+0800][info] GC(740) Concurrent Scan Root Regions 0.091ms
[2024-10-12T11:16:44.059+0800][info] GC(740) Concurrent Mark
[2024-10-12T11:16:44.059+0800][info] GC(740) Concurrent Mark From Roots
[2024-10-12T11:16:44.059+0800][info] GC(740) Using 12 workers of 12 for marking
[2024-10-12T11:16:44.062+0800][info] GC(740) Concurrent Mark From Roots 3.251ms
[2024-10-12T11:16:44.062+0800][info] GC(740) Concurrent Preclean
[2024-10-12T11:16:44.064+0800][info] GC(740) Concurrent Preclean 1.681ms
[2024-10-12T11:16:44.064+0800][info] GC(740) Pause Remark
[2024-10-12T11:16:44.066+0800][info] GC(740) Pause Remark 91M->91M(128M) 1.589ms
[2024-10-12T11:16:44.066+0800][info] GC(740) User=0.00s Sys=0.00s Real=0.01s
[2024-10-12T11:16:44.066+0800][info] GC(740) Concurrent Mark 6.764ms
[2024-10-12T11:16:44.066+0800][info] GC(740) Concurrent Rebuild Remembered Sets
[2024-10-12T11:16:44.067+0800][info] GC(740) Concurrent Rebuild Remembered Sets 1.080ms
[2024-10-12T11:16:44.067+0800][info] GC(740) Pause Cleanup
[2024-10-12T11:16:44.067+0800][info] GC(740) Pause Cleanup 91M->91M(128M) 0.161ms
[2024-10-12T11:16:44.067+0800][info] GC(740) User=0.00s Sys=0.00s Real=0.00s
[2024-10-12T11:16:44.067+0800][info] GC(740) Concurrent Cleanup for Next Mark
[2024-10-12T11:16:44.068+0800][info] GC(740) Concurrent Cleanup for Next Mark 0.348ms
[2024-10-12T11:16:44.068+0800][info] GC(740) Concurrent Mark Cycle 8.681ms
[2024-10-12T11:16:44.233+0800][info] GC(741) Pause Young (Prepare Mixed) (G1 Evacuation Pause)
[2024-10-12T11:16:44.233+0800][info] GC(741) Using 3 workers of 48 for evacuation
[2024-10-12T11:16:44.235+0800][info] GC(741)   Pre Evacuate Collection Set: 0.2ms
[2024-10-12T11:16:44.235+0800][info] GC(741)   Merge Heap Roots: 0.1ms
[2024-10-12T11:16:44.235+0800][info] GC(741)   Evacuate Collection Set: 1.1ms
[2024-10-12T11:16:44.235+0800][info] GC(741)   Post Evacuate Collection Set: 0.2ms
[2024-10-12T11:16:44.235+0800][info] GC(741)   Other: 0.2ms
[2024-10-12T11:16:44.235+0800][info] GC(741) Eden regions: 2->0(2)
[2024-10-12T11:16:44.235+0800][info] GC(741) Survivor regions: 1->1(1)
[2024-10-12T11:16:44.235+0800][info] GC(741) Old regions: 46->48
[2024-10-12T11:16:44.235+0800][info] GC(741) Archive regions: 2->2
[2024-10-12T11:16:44.235+0800][info] GC(741) Humongous regions: 4->3
[2024-10-12T11:16:44.235+0800][info] GC(741) Metaspace: 1695K(1856K)->1695K(1856K) NonClass: 1571K(1664K)->1571K(1664K) Class: 124K(192K)->124K(192K)
[2024-10-12T11:16:44.235+0800][info] GC(741) Pause Young (Prepare Mixed) (G1 Evacuation Pause) 95M->93M(128M) 1.878ms
[2024-10-12T11:16:44.235+0800][info] GC(741) User=0.00s Sys=0.01s Real=0.01s
[2024-10-12T11:16:44.345+0800][info] GC(742) Pause Young (Mixed) (G1 Evacuation Pause)
[2024-10-12T11:16:44.345+0800][info] GC(742) Using 3 workers of 48 for evacuation
[2024-10-12T11:16:44.373+0800][info] GC(742) To-space exhausted
[2024-10-12T11:16:44.373+0800][info] GC(742)   Pre Evacuate Collection Set: 0.3ms
[2024-10-12T11:16:44.373+0800][info] GC(742)   Merge Heap Roots: 0.2ms
[2024-10-12T11:16:44.373+0800][info] GC(742)   Evacuate Collection Set: 25.5ms
[2024-10-12T11:16:44.373+0800][info] GC(742)   Post Evacuate Collection Set: 1.6ms
[2024-10-12T11:16:44.373+0800][info] GC(742)   Other: 0.3ms
[2024-10-12T11:16:44.373+0800][info] GC(742) Eden regions: 2->0(2)
[2024-10-12T11:16:44.373+0800][info] GC(742) Survivor regions: 1->1(1)
[2024-10-12T11:16:44.373+0800][info] GC(742) Old regions: 48->58
[2024-10-12T11:16:44.373+0800][info] GC(742) Archive regions: 2->2
[2024-10-12T11:16:44.373+0800][info] GC(742) Humongous regions: 3->3
[2024-10-12T11:16:44.373+0800][info] GC(742) Metaspace: 1695K(1856K)->1695K(1856K) NonClass: 1571K(1664K)->1571K(1664K) Class: 124K(192K)->124K(192K)
[2024-10-12T11:16:44.373+0800][info] GC(742) Pause Young (Mixed) (G1 Evacuation Pause) 97M->113M(128M) 27.960ms
[2024-10-12T11:16:44.373+0800][info] GC(742) User=0.03s Sys=0.05s Real=0.03s
[2024-10-12T11:16:44.373+0800][info] Attempting full compaction
[2024-10-12T11:16:44.373+0800][info] GC(743) Using 3 workers of 48 for full compaction
[2024-10-12T11:16:44.373+0800][info] GC(743) Pause Full (G1 Compaction Pause)
[2024-10-12T11:16:44.373+0800][info] GC(743) Phase 1: Mark live objects
[2024-10-12T11:16:44.378+0800][info] GC(743) Phase 1: Mark live objects 5.142ms
[2024-10-12T11:16:44.378+0800][info] GC(743) Phase 2: Prepare for compaction
[2024-10-12T11:16:44.379+0800][info] GC(743) Phase 2: Prepare for compaction 0.982ms
[2024-10-12T11:16:44.379+0800][info] GC(743) Phase 3: Adjust pointers
[2024-10-12T11:16:44.381+0800][info] GC(743) Phase 3: Adjust pointers 1.882ms
[2024-10-12T11:16:44.381+0800][info] GC(743) Phase 4: Compact heap
[2024-10-12T11:16:44.458+0800][info] GC(743) Phase 4: Compact heap 76.778ms
[2024-10-12T11:16:44.460+0800][info] GC(743) Eden regions: 0->0(4)
[2024-10-12T11:16:44.460+0800][info] GC(743) Survivor regions: 1->0(1)
[2024-10-12T11:16:44.460+0800][info] GC(743) Old regions: 58->38
[2024-10-12T11:16:44.460+0800][info] GC(743) Archive regions: 2->2
[2024-10-12T11:16:44.460+0800][info] GC(743) Humongous regions: 3->3
[2024-10-12T11:16:44.460+0800][info] GC(743) Metaspace: 1695K(1856K)->1695K(1856K) NonClass: 1571K(1664K)->1571K(1664K) Class: 124K(192K)->124K(192K)
[2024-10-12T11:16:44.460+0800][info] GC(743) Pause Full (G1 Compaction Pause) 113M->71M(128M) 86.731ms
[2024-10-12T11:16:44.460+0800][info] GC(743) User=0.07s Sys=0.13s Real=0.09s
[2024-10-12T11:16:44.686+0800][info] GC(744) Pause Young (Normal) (G1 Evacuation Pause)
[2024-10-12T11:16:44.686+0800][info] GC(744) Using 3 workers of 48 for evacuation
[2024-10-12T11:16:44.690+0800][info] GC(744)   Pre Evacuate Collection Set: 0.1ms
[2024-10-12T11:16:44.690+0800][info] GC(744)   Merge Heap Roots: 0.1ms
[2024-10-12T11:16:44.690+0800][info] GC(744)   Evacuate Collection Set: 3.4ms
[2024-10-12T11:16:44.690+0800][info] GC(744)   Post Evacuate Collection Set: 0.2ms
[2024-10-12T11:16:44.690+0800][info] GC(744)   Other: 0.2ms
[2024-10-12T11:16:44.690+0800][info] GC(744) Eden regions: 4->0(2)
[2024-10-12T11:16:44.690+0800][info] GC(744) Survivor regions: 0->1(1)
[2024-10-12T11:16:44.690+0800][info] GC(744) Old regions: 38->42
[2024-10-12T11:16:44.690+0800][info] GC(744) Archive regions: 2->2
[2024-10-12T11:16:44.690+0800][info] GC(744) Humongous regions: 3->3
[2024-10-12T11:16:44.690+0800][info] GC(744) Metaspace: 1695K(1856K)->1695K(1856K) NonClass: 1571K(1664K)->1571K(1664K) Class: 124K(192K)->124K(192K)
[2024-10-12T11:16:44.690+0800][info] GC(744) Pause Young (Normal) (G1 Evacuation Pause) 78M->79M(128M) 4.218ms
[2024-10-12T11:16:44.690+0800][info] GC(744) User=0.00s Sys=0.00s Real=0.00s
[2024-10-12T11:16:44.792+0800][info] GC(745) Pause Young (Normal) (G1 Evacuation Pause)
[2024-10-12T11:16:44.792+0800][info] GC(745) Using 3 workers of 48 for evacuation
[2024-10-12T11:16:44.794+0800][info] GC(745)   Pre Evacuate Collection Set: 0.1ms
[2024-10-12T11:16:44.794+0800][info] GC(745)   Merge Heap Roots: 0.1ms
[2024-10-12T11:16:44.794+0800][info] GC(745)   Evacuate Collection Set: 1.7ms
[2024-10-12T11:16:44.794+0800][info] GC(745)   Post Evacuate Collection Set: 0.2ms
[2024-10-12T11:16:44.794+0800][info] GC(745)   Other: 0.2ms
[2024-10-12T11:16:44.794+0800][info] GC(745) Eden regions: 2->0(2)
[2024-10-12T11:16:44.794+0800][info] GC(745) Survivor regions: 1->1(1)
[2024-10-12T11:16:44.794+0800][info] GC(745) Old regions: 42->44
[2024-10-12T11:16:44.794+0800][info] GC(745) Archive regions: 2->2
[2024-10-12T11:16:44.794+0800][info] GC(745) Humongous regions: 3->3
[2024-10-12T11:16:44.794+0800][info] GC(745) Metaspace: 1695K(1856K)->1695K(1856K) NonClass: 1571K(1664K)->1571K(1664K) Class: 124K(192K)->124K(192K)
[2024-10-12T11:16:44.794+0800][info] GC(745) Pause Young (Normal) (G1 Evacuation Pause) 83M->83M(128M) 2.395ms
[2024-10-12T11:16:44.794+0800][info] GC(745) User=0.00s Sys=0.00s Real=0.01s
[2024-10-12T11:16:44.897+0800][info] GC(746) Pause Young (Normal) (G1 Evacuation Pause)
[2024-10-12T11:16:44.897+0800][info] GC(746) Using 3 workers of 48 for evacuation
[2024-10-12T11:16:44.900+0800][info] GC(746)   Pre Evacuate Collection Set: 0.1ms
[2024-10-12T11:16:44.901+0800][info] GC(746)   Merge Heap Roots: 0.0ms
[2024-10-12T11:16:44.901+0800][info] GC(746)   Evacuate Collection Set: 3.1ms
[2024-10-12T11:16:44.901+0800][info] GC(746)   Post Evacuate Collection Set: 0.2ms
[2024-10-12T11:16:44.901+0800][info] GC(746)   Other: 0.2ms
[2024-10-12T11:16:44.901+0800][info] GC(746) Eden regions: 2->0(2)
[2024-10-12T11:16:44.901+0800][info] GC(746) Survivor regions: 1->1(1)
[2024-10-12T11:16:44.901+0800][info] GC(746) Old regions: 44->46
[2024-10-12T11:16:44.901+0800][info] GC(746) Archive regions: 2->2
[2024-10-12T11:16:44.901+0800][info] GC(746) Humongous regions: 3->3
[2024-10-12T11:16:44.901+0800][info] GC(746) Metaspace: 1695K(1856K)->1695K(1856K) NonClass: 1571K(1664K)->1571K(1664K) Class: 124K(192K)->124K(192K)
[2024-10-12T11:16:44.901+0800][info] GC(746) Pause Young (Normal) (G1 Evacuation Pause) 87M->87M(128M) 3.827ms
[2024-10-12T11:16:44.901+0800][info] GC(746) User=0.01s Sys=0.00s Real=0.00s
[2024-10-12T11:16:45.003+0800][info] GC(747) Pause Young (Concurrent Start) (G1 Evacuation Pause)
[2024-10-12T11:16:45.003+0800][info] GC(747) Using 3 workers of 48 for evacuation
[2024-10-12T11:16:45.005+0800][info] GC(747)   Pre Evacuate Collection Set: 0.1ms
[2024-10-12T11:16:45.005+0800][info] GC(747)   Merge Heap Roots: 0.1ms
[2024-10-12T11:16:45.005+0800][info] GC(747)   Evacuate Collection Set: 1.3ms
[2024-10-12T11:16:45.005+0800][info] GC(747)   Post Evacuate Collection Set: 0.2ms
[2024-10-12T11:16:45.005+0800][info] GC(747)   Other: 0.4ms
[2024-10-12T11:16:45.005+0800][info] GC(747) Eden regions: 2->0(2)
[2024-10-12T11:16:45.005+0800][info] GC(747) Survivor regions: 1->1(1)
[2024-10-12T11:16:45.005+0800][info] GC(747) Old regions: 46->47
[2024-10-12T11:16:45.005+0800][info] GC(747) Archive regions: 2->2
[2024-10-12T11:16:45.005+0800][info] GC(747) Humongous regions: 3->3
[2024-10-12T11:16:45.005+0800][info] GC(747) Metaspace: 1695K(1856K)->1695K(1856K) NonClass: 1571K(1664K)->1571K(1664K) Class: 124K(192K)->124K(192K)
[2024-10-12T11:16:45.005+0800][info] GC(747) Pause Young (Concurrent Start) (G1 Evacuation Pause) 91M->90M(128M) 2.159ms
[2024-10-12T11:16:45.005+0800][info] GC(747) User=0.01s Sys=0.00s Real=0.00s
[2024-10-12T11:16:45.005+0800][info] GC(748) Concurrent Mark Cycle
[2024-10-12T11:16:45.005+0800][info] GC(748) Concurrent Clear Claimed Marks
[2024-10-12T11:16:45.005+0800][info] GC(748) Concurrent Clear Claimed Marks 0.019ms
[2024-10-12T11:16:45.005+0800][info] GC(748) Concurrent Scan Root Regions
[2024-10-12T11:16:45.005+0800][info] GC(748) Concurrent Scan Root Regions 0.160ms
[2024-10-12T11:16:45.005+0800][info] GC(748) Concurrent Mark
[2024-10-12T11:16:45.005+0800][info] GC(748) Concurrent Mark From Roots
[2024-10-12T11:16:45.005+0800][info] GC(748) Using 12 workers of 12 for marking
[2024-10-12T11:16:45.009+0800][info] GC(748) Concurrent Mark From Roots 3.355ms
[2024-10-12T11:16:45.009+0800][info] GC(748) Concurrent Preclean
[2024-10-12T11:16:45.010+0800][info] GC(748) Concurrent Preclean 1.689ms
[2024-10-12T11:16:45.010+0800][info] GC(748) Pause Remark
[2024-10-12T11:16:45.012+0800][info] GC(748) Pause Remark 91M->89M(128M) 1.683ms
[2024-10-12T11:16:45.012+0800][info] GC(748) User=0.00s Sys=0.00s Real=0.00s
[2024-10-12T11:16:45.012+0800][info] GC(748) Concurrent Mark 6.927ms
[2024-10-12T11:16:45.012+0800][info] GC(748) Concurrent Rebuild Remembered Sets
[2024-10-12T11:16:45.013+0800][info] GC(748) Concurrent Rebuild Remembered Sets 1.191ms
[2024-10-12T11:16:45.014+0800][info] GC(748) Pause Cleanup
[2024-10-12T11:16:45.014+0800][info] GC(748) Pause Cleanup 89M->89M(128M) 0.177ms
[2024-10-12T11:16:45.014+0800][info] GC(748) User=0.00s Sys=0.00s Real=0.00s
[2024-10-12T11:16:45.014+0800][info] GC(748) Concurrent Cleanup for Next Mark
[2024-10-12T11:16:45.014+0800][info] GC(748) Concurrent Cleanup for Next Mark 0.368ms
[2024-10-12T11:16:45.014+0800][info] GC(748) Concurrent Mark Cycle 9.204ms
[2024-10-12T11:16:45.158+0800][info] GC(749) Pause Young (Prepare Mixed) (G1 Evacuation Pause)
[2024-10-12T11:16:45.158+0800][info] GC(749) Using 3 workers of 48 for evacuation
[2024-10-12T11:16:45.161+0800][info] GC(749)   Pre Evacuate Collection Set: 0.1ms
[2024-10-12T11:16:45.161+0800][info] GC(749)   Merge Heap Roots: 0.1ms
[2024-10-12T11:16:45.161+0800][info] GC(749)   Evacuate Collection Set: 2.6ms
[2024-10-12T11:16:45.161+0800][info] GC(749)   Post Evacuate Collection Set: 0.2ms
[2024-10-12T11:16:45.161+0800][info] GC(749)   Other: 0.2ms
[2024-10-12T11:16:45.161+0800][info] GC(749) Eden regions: 2->0(2)
[2024-10-12T11:16:45.161+0800][info] GC(749) Survivor regions: 1->1(1)
[2024-10-12T11:16:45.161+0800][info] GC(749) Old regions: 46->48
[2024-10-12T11:16:45.161+0800][info] GC(749) Archive regions: 2->2
[2024-10-12T11:16:45.161+0800][info] GC(749) Humongous regions: 3->3
[2024-10-12T11:16:45.161+0800][info] GC(749) Metaspace: 1695K(1856K)->1695K(1856K) NonClass: 1571K(1664K)->1571K(1664K) Class: 124K(192K)->124K(192K)
[2024-10-12T11:16:45.161+0800][info] GC(749) Pause Young (Prepare Mixed) (G1 Evacuation Pause) 92M->93M(128M) 3.343ms
[2024-10-12T11:16:45.161+0800][info] GC(749) User=0.01s Sys=0.00s Real=0.00s
[2024-10-12T11:16:45.263+0800][info] GC(750) Pause Young (Mixed) (G1 Evacuation Pause)
[2024-10-12T11:16:45.264+0800][info] GC(750) Using 3 workers of 48 for evacuation
[2024-10-12T11:16:45.271+0800][info] GC(750) To-space exhausted
[2024-10-12T11:16:45.271+0800][info] GC(750)   Pre Evacuate Collection Set: 0.2ms
[2024-10-12T11:16:45.271+0800][info] GC(750)   Merge Heap Roots: 0.1ms
[2024-10-12T11:16:45.271+0800][info] GC(750)   Evacuate Collection Set: 5.9ms
[2024-10-12T11:16:45.271+0800][info] GC(750)   Post Evacuate Collection Set: 1.0ms
[2024-10-12T11:16:45.271+0800][info] GC(750)   Other: 0.2ms
[2024-10-12T11:16:45.271+0800][info] GC(750) Eden regions: 2->0(2)
[2024-10-12T11:16:45.271+0800][info] GC(750) Survivor regions: 1->1(1)
[2024-10-12T11:16:45.271+0800][info] GC(750) Old regions: 48->56
[2024-10-12T11:16:45.271+0800][info] GC(750) Archive regions: 2->2
[2024-10-12T11:16:45.271+0800][info] GC(750) Humongous regions: 3->3
[2024-10-12T11:16:45.271+0800][info] GC(750) Metaspace: 1695K(1856K)->1695K(1856K) NonClass: 1571K(1664K)->1571K(1664K) Class: 124K(192K)->124K(192K)
[2024-10-12T11:16:45.271+0800][info] GC(750) Pause Young (Mixed) (G1 Evacuation Pause) 96M->109M(128M) 7.569ms
[2024-10-12T11:16:45.271+0800][info] GC(750) User=0.02s Sys=0.00s Real=0.01s
[2024-10-12T11:16:45.332+0800][info] GC(751) Pause Young (Concurrent Start) (G1 Preventive Collection)
[2024-10-12T11:16:45.332+0800][info] GC(751) Using 3 workers of 48 for evacuation
[2024-10-12T11:16:45.334+0800][info] GC(751) To-space exhausted
[2024-10-12T11:16:45.334+0800][info] GC(751)   Pre Evacuate Collection Set: 0.1ms
[2024-10-12T11:16:45.334+0800][info] GC(751)   Merge Heap Roots: 0.1ms
[2024-10-12T11:16:45.334+0800][info] GC(751)   Evacuate Collection Set: 0.7ms
[2024-10-12T11:16:45.334+0800][info] GC(751)   Post Evacuate Collection Set: 0.2ms
[2024-10-12T11:16:45.334+0800][info] GC(751)   Other: 0.4ms
[2024-10-12T11:16:45.334+0800][info] GC(751) Eden regions: 1->0(2)
[2024-10-12T11:16:45.334+0800][info] GC(751) Survivor regions: 1->1(1)
[2024-10-12T11:16:45.334+0800][info] GC(751) Old regions: 56->57
[2024-10-12T11:16:45.334+0800][info] GC(751) Archive regions: 2->2
[2024-10-12T11:16:45.334+0800][info] GC(751) Humongous regions: 3->3
[2024-10-12T11:16:45.334+0800][info] GC(751) Metaspace: 1695K(1856K)->1695K(1856K) NonClass: 1571K(1664K)->1571K(1664K) Class: 124K(192K)->124K(192K)
[2024-10-12T11:16:45.334+0800][info] GC(751) Pause Young (Concurrent Start) (G1 Preventive Collection) 111M->111M(128M) 1.585ms
[2024-10-12T11:16:45.334+0800][info] GC(751) User=0.00s Sys=0.00s Real=0.01s
[2024-10-12T11:16:45.334+0800][info] GC(752) Concurrent Mark Cycle
[2024-10-12T11:16:45.334+0800][info] GC(752) Concurrent Clear Claimed Marks
[2024-10-12T11:16:45.334+0800][info] GC(752) Concurrent Clear Claimed Marks 0.015ms
[2024-10-12T11:16:45.334+0800][info] GC(752) Concurrent Scan Root Regions
[2024-10-12T11:16:45.334+0800][info] GC(752) Concurrent Scan Root Regions 0.146ms
[2024-10-12T11:16:45.334+0800][info] GC(752) Concurrent Mark
[2024-10-12T11:16:45.334+0800][info] GC(752) Concurrent Mark From Roots
[2024-10-12T11:16:45.334+0800][info] GC(752) Using 12 workers of 12 for marking
[2024-10-12T11:16:45.338+0800][info] GC(752) Concurrent Mark From Roots 3.163ms
[2024-10-12T11:16:45.338+0800][info] GC(752) Concurrent Preclean
[2024-10-12T11:16:45.339+0800][info] GC(752) Concurrent Preclean 1.672ms
[2024-10-12T11:16:45.339+0800][info] GC(752) Pause Remark
[2024-10-12T11:16:45.341+0800][info] GC(752) Pause Remark 112M->110M(128M) 1.576ms
[2024-10-12T11:16:45.341+0800][info] GC(752) User=0.01s Sys=0.00s Real=0.00s
[2024-10-12T11:16:45.341+0800][info] GC(752) Concurrent Mark 6.554ms
[2024-10-12T11:16:45.341+0800][info] GC(752) Concurrent Rebuild Remembered Sets
[2024-10-12T11:16:45.342+0800][info] GC(752) Concurrent Rebuild Remembered Sets 1.298ms
[2024-10-12T11:16:45.342+0800][info] GC(752) Pause Cleanup
[2024-10-12T11:16:45.343+0800][info] GC(752) Pause Cleanup 110M->110M(128M) 0.190ms
[2024-10-12T11:16:45.343+0800][info] GC(752) User=0.00s Sys=0.00s Real=0.00s
[2024-10-12T11:16:45.343+0800][info] GC(752) Concurrent Cleanup for Next Mark
[2024-10-12T11:16:45.343+0800][info] GC(752) Concurrent Cleanup for Next Mark 0.399ms
[2024-10-12T11:16:45.343+0800][info] GC(752) Concurrent Mark Cycle 8.943ms
[2024-10-12T11:16:45.426+0800][info] GC(753) Pause Young (Prepare Mixed) (G1 Preventive Collection)
[2024-10-12T11:16:45.426+0800][info] GC(753) Using 3 workers of 48 for evacuation
[2024-10-12T11:16:45.427+0800][info] GC(753) To-space exhausted
[2024-10-12T11:16:45.427+0800][info] GC(753)   Pre Evacuate Collection Set: 0.1ms
[2024-10-12T11:16:45.427+0800][info] GC(753)   Merge Heap Roots: 0.1ms
[2024-10-12T11:16:45.427+0800][info] GC(753)   Evacuate Collection Set: 0.5ms
[2024-10-12T11:16:45.427+0800][info] GC(753)   Post Evacuate Collection Set: 0.2ms
[2024-10-12T11:16:45.427+0800][info] GC(753)   Other: 0.2ms
[2024-10-12T11:16:45.427+0800][info] GC(753) Eden regions: 1->0(2)
[2024-10-12T11:16:45.428+0800][info] GC(753) Survivor regions: 1->1(1)
[2024-10-12T11:16:45.428+0800][info] GC(753) Old regions: 56->57
[2024-10-12T11:16:45.428+0800][info] GC(753) Archive regions: 2->2
[2024-10-12T11:16:45.428+0800][info] GC(753) Humongous regions: 3->3
[2024-10-12T11:16:45.428+0800][info] GC(753) Metaspace: 1695K(1856K)->1695K(1856K) NonClass: 1571K(1664K)->1571K(1664K) Class: 124K(192K)->124K(192K)
[2024-10-12T11:16:45.428+0800][info] GC(753) Pause Young (Prepare Mixed) (G1 Preventive Collection) 111M->111M(128M) 1.176ms
[2024-10-12T11:16:45.428+0800][info] GC(753) User=0.01s Sys=0.00s Real=0.00s
[2024-10-12T11:16:45.489+0800][info] GC(754) Pause Young (Mixed) (G1 Evacuation Pause)
[2024-10-12T11:16:45.489+0800][info] GC(754) Using 3 workers of 48 for evacuation
[2024-10-12T11:16:45.491+0800][info] GC(754) To-space exhausted
[2024-10-12T11:16:45.491+0800][info] GC(754)   Pre Evacuate Collection Set: 0.2ms
[2024-10-12T11:16:45.491+0800][info] GC(754)   Merge Heap Roots: 0.1ms
[2024-10-12T11:16:45.491+0800][info] GC(754)   Evacuate Collection Set: 1.0ms
[2024-10-12T11:16:45.491+0800][info] GC(754)   Post Evacuate Collection Set: 0.9ms
[2024-10-12T11:16:45.491+0800][info] GC(754)   Other: 0.2ms
[2024-10-12T11:16:45.491+0800][info] GC(754) Eden regions: 1->0(3)
[2024-10-12T11:16:45.491+0800][info] GC(754) Survivor regions: 1->0(0)
[2024-10-12T11:16:45.491+0800][info] GC(754) Old regions: 57->59
[2024-10-12T11:16:45.491+0800][info] GC(754) Archive regions: 2->2
[2024-10-12T11:16:45.491+0800][info] GC(754) Humongous regions: 3->3
[2024-10-12T11:16:45.491+0800][info] GC(754) Metaspace: 1695K(1856K)->1695K(1856K) NonClass: 1571K(1664K)->1571K(1664K) Class: 124K(192K)->124K(192K)
[2024-10-12T11:16:45.491+0800][info] GC(754) Pause Young (Mixed) (G1 Evacuation Pause) 113M->113M(128M) 2.461ms
[2024-10-12T11:16:45.491+0800][info] GC(754) User=0.00s Sys=0.00s Real=0.00s
[2024-10-12T11:16:45.491+0800][info] Attempting full compaction
[2024-10-12T11:16:45.491+0800][info] GC(755) Using 3 workers of 48 for full compaction
[2024-10-12T11:16:45.491+0800][info] GC(755) Pause Full (G1 Compaction Pause)
[2024-10-12T11:16:45.491+0800][info] GC(755) Phase 1: Mark live objects
[2024-10-12T11:16:45.495+0800][info] GC(755) Phase 1: Mark live objects 3.116ms
[2024-10-12T11:16:45.495+0800][info] GC(755) Phase 2: Prepare for compaction
[2024-10-12T11:16:45.495+0800][info] GC(755) Phase 2: Prepare for compaction 0.353ms
[2024-10-12T11:16:45.495+0800][info] GC(755) Phase 3: Adjust pointers
[2024-10-12T11:16:45.497+0800][info] GC(755) Phase 3: Adjust pointers 1.667ms
[2024-10-12T11:16:45.497+0800][info] GC(755) Phase 4: Compact heap
[2024-10-12T11:16:45.509+0800][info] GC(755) Phase 4: Compact heap 12.001ms
[2024-10-12T11:16:45.510+0800][info] GC(755) Eden regions: 0->0(4)
[2024-10-12T11:16:45.510+0800][info] GC(755) Survivor regions: 0->0(0)
[2024-10-12T11:16:45.510+0800][info] GC(755) Old regions: 59->38
[2024-10-12T11:16:45.510+0800][info] GC(755) Archive regions: 2->2
[2024-10-12T11:16:45.510+0800][info] GC(755) Humongous regions: 3->3
[2024-10-12T11:16:45.510+0800][info] GC(755) Metaspace: 1695K(1856K)->1695K(1856K) NonClass: 1571K(1664K)->1571K(1664K) Class: 124K(192K)->124K(192K)
[2024-10-12T11:16:45.510+0800][info] GC(755) Pause Full (G1 Compaction Pause) 113M->72M(128M) 18.839ms
[2024-10-12T11:16:45.510+0800][info] GC(755) User=0.05s Sys=0.00s Real=0.02s
[2024-10-12T11:16:45.715+0800][info] GC(756) Pause Young (Normal) (G1 Evacuation Pause)
[2024-10-12T11:16:45.715+0800][info] GC(756) Using 3 workers of 48 for evacuation
[2024-10-12T11:16:45.717+0800][info] GC(756)   Pre Evacuate Collection Set: 0.1ms
[2024-10-12T11:16:45.717+0800][info] GC(756)   Merge Heap Roots: 0.0ms
[2024-10-12T11:16:45.717+0800][info] GC(756)   Evacuate Collection Set: 1.3ms
[2024-10-12T11:16:45.717+0800][info] GC(756)   Post Evacuate Collection Set: 0.2ms
[2024-10-12T11:16:45.717+0800][info] GC(756)   Other: 0.2ms
[2024-10-12T11:16:45.717+0800][info] GC(756) Eden regions: 4->0(2)
[2024-10-12T11:16:45.717+0800][info] GC(756) Survivor regions: 0->1(1)
[2024-10-12T11:16:45.717+0800][info] GC(756) Old regions: 38->42
[2024-10-12T11:16:45.717+0800][info] GC(756) Archive regions: 2->2
[2024-10-12T11:16:45.717+0800][info] GC(756) Humongous regions: 3->3
[2024-10-12T11:16:45.717+0800][info] GC(756) Metaspace: 1695K(1856K)->1695K(1856K) NonClass: 1571K(1664K)->1571K(1664K) Class: 124K(192K)->124K(192K)
[2024-10-12T11:16:45.717+0800][info] GC(756) Pause Young (Normal) (G1 Evacuation Pause) 79M->80M(128M) 2.091ms
[2024-10-12T11:16:45.717+0800][info] GC(756) User=0.01s Sys=0.00s Real=0.00s
[2024-10-12T11:16:45.819+0800][info] GC(757) Pause Young (Normal) (G1 Evacuation Pause)
[2024-10-12T11:16:45.819+0800][info] GC(757) Using 3 workers of 48 for evacuation
[2024-10-12T11:16:45.822+0800][info] GC(757)   Pre Evacuate Collection Set: 0.1ms
[2024-10-12T11:16:45.822+0800][info] GC(757)   Merge Heap Roots: 0.1ms
[2024-10-12T11:16:45.822+0800][info] GC(757)   Evacuate Collection Set: 1.9ms
[2024-10-12T11:16:45.822+0800][info] GC(757)   Post Evacuate Collection Set: 0.2ms
[2024-10-12T11:16:45.822+0800][info] GC(757)   Other: 0.2ms
[2024-10-12T11:16:45.822+0800][info] GC(757) Eden regions: 2->0(2)
[2024-10-12T11:16:45.822+0800][info] GC(757) Survivor regions: 1->1(1)
[2024-10-12T11:16:45.822+0800][info] GC(757) Old regions: 42->43
[2024-10-12T11:16:45.822+0800][info] GC(757) Archive regions: 2->2
[2024-10-12T11:16:45.822+0800][info] GC(757) Humongous regions: 3->3
[2024-10-12T11:16:45.822+0800][info] GC(757) Metaspace: 1695K(1856K)->1695K(1856K) NonClass: 1571K(1664K)->1571K(1664K) Class: 124K(192K)->124K(192K)
[2024-10-12T11:16:45.822+0800][info] GC(757) Pause Young (Normal) (G1 Evacuation Pause) 84M->84M(128M) 2.597ms
[2024-10-12T11:16:45.822+0800][info] GC(757) User=0.00s Sys=0.00s Real=0.00s
[2024-10-12T11:16:45.924+0800][info] GC(758) Pause Young (Normal) (G1 Evacuation Pause)
[2024-10-12T11:16:45.924+0800][info] GC(758) Using 3 workers of 48 for evacuation
[2024-10-12T11:16:45.926+0800][info] GC(758)   Pre Evacuate Collection Set: 0.1ms
[2024-10-12T11:16:45.926+0800][info] GC(758)   Merge Heap Roots: 0.0ms
[2024-10-12T11:16:45.926+0800][info] GC(758)   Evacuate Collection Set: 1.2ms
[2024-10-12T11:16:45.926+0800][info] GC(758)   Post Evacuate Collection Set: 0.2ms
[2024-10-12T11:16:45.926+0800][info] GC(758)   Other: 0.2ms
[2024-10-12T11:16:45.926+0800][info] GC(758) Eden regions: 2->0(2)
[2024-10-12T11:16:45.926+0800][info] GC(758) Survivor regions: 1->1(1)
[2024-10-12T11:16:45.926+0800][info] GC(758) Old regions: 43->45
[2024-10-12T11:16:45.926+0800][info] GC(758) Archive regions: 2->2
[2024-10-12T11:16:45.926+0800][info] GC(758) Humongous regions: 3->3
[2024-10-12T11:16:45.926+0800][info] GC(758) Metaspace: 1695K(1856K)->1695K(1856K) NonClass: 1571K(1664K)->1571K(1664K) Class: 124K(192K)->124K(192K)
[2024-10-12T11:16:45.926+0800][info] GC(758) Pause Young (Normal) (G1 Evacuation Pause) 87M->87M(128M) 1.880ms
[2024-10-12T11:16:45.926+0800][info] GC(758) User=0.01s Sys=0.00s Real=0.01s
[2024-10-12T11:16:46.028+0800][info] GC(759) Pause Young (Normal) (G1 Evacuation Pause)
[2024-10-12T11:16:46.028+0800][info] GC(759) Using 3 workers of 48 for evacuation
[2024-10-12T11:16:46.030+0800][info] GC(759)   Pre Evacuate Collection Set: 0.1ms
[2024-10-12T11:16:46.030+0800][info] GC(759)   Merge Heap Roots: 0.1ms
[2024-10-12T11:16:46.030+0800][info] GC(759)   Evacuate Collection Set: 1.0ms
[2024-10-12T11:16:46.030+0800][info] GC(759)   Post Evacuate Collection Set: 0.2ms
[2024-10-12T11:16:46.030+0800][info] GC(759)   Other: 0.2ms
[2024-10-12T11:16:46.030+0800][info] GC(759) Eden regions: 2->0(2)
[2024-10-12T11:16:46.030+0800][info] GC(759) Survivor regions: 1->1(1)
[2024-10-12T11:16:46.030+0800][info] GC(759) Old regions: 45->47
[2024-10-12T11:16:46.030+0800][info] GC(759) Archive regions: 2->2
[2024-10-12T11:16:46.030+0800][info] GC(759) Humongous regions: 3->3
[2024-10-12T11:16:46.030+0800][info] GC(759) Metaspace: 1695K(1856K)->1695K(1856K) NonClass: 1571K(1664K)->1571K(1664K) Class: 124K(192K)->124K(192K)
[2024-10-12T11:16:46.030+0800][info] GC(759) Pause Young (Normal) (G1 Evacuation Pause) 91M->91M(128M) 1.660ms
[2024-10-12T11:16:46.030+0800][info] GC(759) User=0.00s Sys=0.00s Real=0.00s
[2024-10-12T11:16:46.132+0800][info] GC(760) Pause Young (Concurrent Start) (G1 Evacuation Pause)
[2024-10-12T11:16:46.132+0800][info] GC(760) Using 3 workers of 48 for evacuation
[2024-10-12T11:16:46.134+0800][info] GC(760)   Pre Evacuate Collection Set: 0.1ms
[2024-10-12T11:16:46.134+0800][info] GC(760)   Merge Heap Roots: 0.1ms
[2024-10-12T11:16:46.134+0800][info] GC(760)   Evacuate Collection Set: 0.9ms
[2024-10-12T11:16:46.134+0800][info] GC(760)   Post Evacuate Collection Set: 0.2ms
[2024-10-12T11:16:46.134+0800][info] GC(760)   Other: 0.4ms
[2024-10-12T11:16:46.134+0800][info] GC(760) Eden regions: 2->0(2)
[2024-10-12T11:16:46.134+0800][info] GC(760) Survivor regions: 1->1(1)
[2024-10-12T11:16:46.134+0800][info] GC(760) Old regions: 47->49
[2024-10-12T11:16:46.134+0800][info] GC(760) Archive regions: 2->2
[2024-10-12T11:16:46.134+0800][info] GC(760) Humongous regions: 3->3
[2024-10-12T11:16:46.134+0800][info] GC(760) Metaspace: 1695K(1856K)->1695K(1856K) NonClass: 1571K(1664K)->1571K(1664K) Class: 124K(192K)->124K(192K)
[2024-10-12T11:16:46.134+0800][info] GC(760) Pause Young (Concurrent Start) (G1 Evacuation Pause) 95M->95M(128M) 1.750ms
[2024-10-12T11:16:46.134+0800][info] GC(760) User=0.01s Sys=0.00s Real=0.01s
[2024-10-12T11:16:46.134+0800][info] GC(761) Concurrent Mark Cycle
[2024-10-12T11:16:46.134+0800][info] GC(761) Concurrent Clear Claimed Marks
[2024-10-12T11:16:46.134+0800][info] GC(761) Concurrent Clear Claimed Marks 0.015ms
[2024-10-12T11:16:46.134+0800][info] GC(761) Concurrent Scan Root Regions
[2024-10-12T11:16:46.134+0800][info] GC(761) Concurrent Scan Root Regions 0.158ms
[2024-10-12T11:16:46.134+0800][info] GC(761) Concurrent Mark
[2024-10-12T11:16:46.134+0800][info] GC(761) Concurrent Mark From Roots
[2024-10-12T11:16:46.134+0800][info] GC(761) Using 12 workers of 12 for marking
[2024-10-12T11:16:46.137+0800][info] GC(761) Concurrent Mark From Roots 3.164ms
[2024-10-12T11:16:46.137+0800][info] GC(761) Concurrent Preclean
[2024-10-12T11:16:46.139+0800][info] GC(761) Concurrent Preclean 1.671ms
[2024-10-12T11:16:46.139+0800][info] GC(761) Pause Remark
[2024-10-12T11:16:46.141+0800][info] GC(761) Pause Remark 95M->95M(128M) 1.760ms
[2024-10-12T11:16:46.141+0800][info] GC(761) User=0.00s Sys=0.00s Real=0.00s
[2024-10-12T11:16:46.141+0800][info] GC(761) Concurrent Mark 6.739ms
[2024-10-12T11:16:46.141+0800][info] GC(761) Concurrent Rebuild Remembered Sets
[2024-10-12T11:16:46.142+0800][info] GC(761) Concurrent Rebuild Remembered Sets 1.351ms
[2024-10-12T11:16:46.142+0800][info] GC(761) Pause Cleanup
[2024-10-12T11:16:46.143+0800][info] GC(761) Pause Cleanup 95M->95M(128M) 0.181ms
[2024-10-12T11:16:46.143+0800][info] GC(761) User=0.00s Sys=0.00s Real=0.00s
[2024-10-12T11:16:46.143+0800][info] GC(761) Concurrent Cleanup for Next Mark
[2024-10-12T11:16:46.143+0800][info] GC(761) Concurrent Cleanup for Next Mark 0.410ms
[2024-10-12T11:16:46.143+0800][info] GC(761) Concurrent Mark Cycle 9.178ms
[2024-10-12T11:16:46.287+0800][info] GC(762) Pause Young (Prepare Mixed) (G1 Evacuation Pause)
[2024-10-12T11:16:46.287+0800][info] GC(762) Using 3 workers of 48 for evacuation
[2024-10-12T11:16:46.288+0800][info] GC(762)   Pre Evacuate Collection Set: 0.1ms
[2024-10-12T11:16:46.288+0800][info] GC(762)   Merge Heap Roots: 0.1ms
[2024-10-12T11:16:46.288+0800][info] GC(762)   Evacuate Collection Set: 0.9ms
[2024-10-12T11:16:46.288+0800][info] GC(762)   Post Evacuate Collection Set: 0.2ms
[2024-10-12T11:16:46.288+0800][info] GC(762)   Other: 0.3ms
[2024-10-12T11:16:46.288+0800][info] GC(762) Eden regions: 2->0(2)
[2024-10-12T11:16:46.288+0800][info] GC(762) Survivor regions: 1->1(1)
[2024-10-12T11:16:46.288+0800][info] GC(762) Old regions: 49->50
[2024-10-12T11:16:46.288+0800][info] GC(762) Archive regions: 2->2
[2024-10-12T11:16:46.288+0800][info] GC(762) Humongous regions: 3->3
[2024-10-12T11:16:46.288+0800][info] GC(762) Metaspace: 1695K(1856K)->1695K(1856K) NonClass: 1571K(1664K)->1571K(1664K) Class: 124K(192K)->124K(192K)
[2024-10-12T11:16:46.288+0800][info] GC(762) Pause Young (Prepare Mixed) (G1 Evacuation Pause) 98M->98M(128M) 1.656ms
[2024-10-12T11:16:46.288+0800][info] GC(762) User=0.00s Sys=0.00s Real=0.00s
[2024-10-12T11:16:46.391+0800][info] GC(763) Pause Young (Mixed) (G1 Preventive Collection)
[2024-10-12T11:16:46.391+0800][info] GC(763) Using 3 workers of 48 for evacuation
[2024-10-12T11:16:46.395+0800][info] GC(763) To-space exhausted
[2024-10-12T11:16:46.395+0800][info] GC(763)   Pre Evacuate Collection Set: 0.2ms
[2024-10-12T11:16:46.395+0800][info] GC(763)   Merge Heap Roots: 0.1ms
[2024-10-12T11:16:46.395+0800][info] GC(763)   Evacuate Collection Set: 3.5ms
[2024-10-12T11:16:46.395+0800][info] GC(763)   Post Evacuate Collection Set: 0.8ms
[2024-10-12T11:16:46.395+0800][info] GC(763)   Other: 0.2ms
[2024-10-12T11:16:46.395+0800][info] GC(763) Eden regions: 2->0(2)
[2024-10-12T11:16:46.395+0800][info] GC(763) Survivor regions: 1->1(1)
[2024-10-12T11:16:46.395+0800][info] GC(763) Old regions: 50->55
[2024-10-12T11:16:46.395+0800][info] GC(763) Archive regions: 2->2
[2024-10-12T11:16:46.395+0800][info] GC(763) Humongous regions: 3->3
[2024-10-12T11:16:46.395+0800][info] GC(763) Metaspace: 1695K(1856K)->1695K(1856K) NonClass: 1571K(1664K)->1571K(1664K) Class: 124K(192K)->124K(192K)
[2024-10-12T11:16:46.395+0800][info] GC(763) Pause Young (Mixed) (G1 Preventive Collection) 101M->109M(128M) 4.821ms
[2024-10-12T11:16:46.395+0800][info] GC(763) User=0.01s Sys=0.00s Real=0.01s
[2024-10-12T11:16:46.457+0800][info] GC(764) Pause Young (Concurrent Start) (G1 Preventive Collection)
[2024-10-12T11:16:46.457+0800][info] GC(764) Using 3 workers of 48 for evacuation
[2024-10-12T11:16:46.458+0800][info] GC(764)   Pre Evacuate Collection Set: 0.1ms
[2024-10-12T11:16:46.458+0800][info] GC(764)   Merge Heap Roots: 0.1ms
[2024-10-12T11:16:46.458+0800][info] GC(764)   Evacuate Collection Set: 1.0ms
[2024-10-12T11:16:46.458+0800][info] GC(764)   Post Evacuate Collection Set: 0.2ms
[2024-10-12T11:16:46.458+0800][info] GC(764)   Other: 0.4ms
[2024-10-12T11:16:46.458+0800][info] GC(764) Eden regions: 1->0(2)
[2024-10-12T11:16:46.458+0800][info] GC(764) Survivor regions: 1->1(1)
[2024-10-12T11:16:46.458+0800][info] GC(764) Old regions: 55->56
[2024-10-12T11:16:46.459+0800][info] GC(764) Archive regions: 2->2
[2024-10-12T11:16:46.459+0800][info] GC(764) Humongous regions: 3->3
[2024-10-12T11:16:46.459+0800][info] GC(764) Metaspace: 1695K(1856K)->1695K(1856K) NonClass: 1571K(1664K)->1571K(1664K) Class: 124K(192K)->124K(192K)
[2024-10-12T11:16:46.459+0800][info] GC(764) Pause Young (Concurrent Start) (G1 Preventive Collection) 110M->110M(128M) 1.932ms
[2024-10-12T11:16:46.459+0800][info] GC(764) User=0.01s Sys=0.00s Real=0.00s
[2024-10-12T11:16:46.459+0800][info] GC(765) Concurrent Mark Cycle
[2024-10-12T11:16:46.459+0800][info] GC(765) Concurrent Clear Claimed Marks
[2024-10-12T11:16:46.459+0800][info] GC(765) Concurrent Clear Claimed Marks 0.015ms
[2024-10-12T11:16:46.459+0800][info] GC(765) Concurrent Scan Root Regions
[2024-10-12T11:16:46.459+0800][info] GC(765) Concurrent Scan Root Regions 0.145ms
[2024-10-12T11:16:46.459+0800][info] GC(765) Concurrent Mark
[2024-10-12T11:16:46.459+0800][info] GC(765) Concurrent Mark From Roots
[2024-10-12T11:16:46.459+0800][info] GC(765) Using 12 workers of 12 for marking
[2024-10-12T11:16:46.462+0800][info] GC(765) Concurrent Mark From Roots 3.158ms
[2024-10-12T11:16:46.462+0800][info] GC(765) Concurrent Preclean
[2024-10-12T11:16:46.464+0800][info] GC(765) Concurrent Preclean 1.676ms
[2024-10-12T11:16:46.464+0800][info] GC(765) Pause Remark
[2024-10-12T11:16:46.466+0800][info] GC(765) Pause Remark 111M->111M(128M) 1.703ms
[2024-10-12T11:16:46.466+0800][info] GC(765) User=0.00s Sys=0.00s Real=0.01s
[2024-10-12T11:16:46.466+0800][info] GC(765) Concurrent Mark 6.719ms
[2024-10-12T11:16:46.466+0800][info] GC(765) Concurrent Rebuild Remembered Sets
[2024-10-12T11:16:46.467+0800][info] GC(765) Concurrent Rebuild Remembered Sets 1.165ms
[2024-10-12T11:16:46.467+0800][info] GC(765) Pause Cleanup
[2024-10-12T11:16:46.467+0800][info] GC(765) Pause Cleanup 111M->111M(128M) 0.177ms
[2024-10-12T11:16:46.467+0800][info] GC(765) User=0.00s Sys=0.00s Real=0.00s
[2024-10-12T11:16:46.467+0800][info] GC(765) Concurrent Cleanup for Next Mark
[2024-10-12T11:16:46.468+0800][info] GC(765) Concurrent Cleanup for Next Mark 0.383ms
[2024-10-12T11:16:46.468+0800][info] GC(765) Concurrent Mark Cycle 8.941ms
[2024-10-12T11:16:46.552+0800][info] Heap
[2024-10-12T11:16:46.552+0800][info]  garbage-first heap   total 131072K, used 114833K [0x00000000f8000000, 0x0000000100000000)
[2024-10-12T11:16:46.552+0800][info]   region size 2048K, 2 young (4096K), 1 survivors (2048K)
[2024-10-12T11:16:46.552+0800][info]  Metaspace       used 1696K, committed 1856K, reserved 1114112K
[2024-10-12T11:16:46.552+0800][info]   class space    used 124K, committed 192K, reserved 1048576K
